Archive member included to satisfy reference by file (symbol)

/root/ti-tools/part2/msp430-gcc-6.2.1.16_linux64/bin/../lib/gcc/msp430-elf/6.2.1/../../../../msp430-elf/lib/large/libcrt.a(crt_main_minrt.o)
                              /root/ti-tools/part2/msp430-gcc-6.2.1.16_linux64/bin/../lib/gcc/msp430-elf/6.2.1/../../../../msp430-elf/lib/large/crt0-minrt.o (__crt0_call_just_main)
/root/ti-tools/part2/msp430-gcc-6.2.1.16_linux64/bin/../lib/gcc/msp430-elf/6.2.1/large/libgcc.a(lib2divSI.o)
                              /tmp/ccacTzLw.ltrans1.ltrans.o (__mspabi_divul)
/root/ti-tools/part2/msp430-gcc-6.2.1.16_linux64/bin/../lib/gcc/msp430-elf/6.2.1/large/libgcc.a(slli.o)
                              /tmp/ccacTzLw.ltrans0.ltrans.o (__mspabi_slli)
/root/ti-tools/part2/msp430-gcc-6.2.1.16_linux64/bin/../lib/gcc/msp430-elf/6.2.1/large/libgcc.a(srli.o)
                              /tmp/ccacTzLw.ltrans0.ltrans.o (__mspabi_srli_8)
/root/ti-tools/part2/msp430-gcc-6.2.1.16_linux64/bin/../lib/gcc/msp430-elf/6.2.1/large/libgcc.a(cmpsi2.o)
                              /tmp/ccacTzLw.ltrans0.ltrans.o (__ucmpsi2)
/root/ti-tools/part2/msp430-gcc-6.2.1.16_linux64/bin/../lib/gcc/msp430-elf/6.2.1/large/libgcc.a(_udivdi3.o)
                              /root/ti-tools/part2/msp430-gcc-6.2.1.16_linux64/bin/../lib/gcc/msp430-elf/6.2.1/large/libgcc.a(lib2divSI.o) (__mspabi_divull)
/root/ti-tools/part2/msp430-gcc-6.2.1.16_linux64/bin/../lib/gcc/msp430-elf/6.2.1/large/libgcc.a(_lshrdi3.o)
                              /root/ti-tools/part2/msp430-gcc-6.2.1.16_linux64/bin/../lib/gcc/msp430-elf/6.2.1/large/libgcc.a(_udivdi3.o) (__lshrdi3)
/root/ti-tools/part2/msp430-gcc-6.2.1.16_linux64/bin/../lib/gcc/msp430-elf/6.2.1/large/libgcc.a(_ashldi3.o)
                              /root/ti-tools/part2/msp430-gcc-6.2.1.16_linux64/bin/../lib/gcc/msp430-elf/6.2.1/large/libgcc.a(_udivdi3.o) (__ashldi3)
/root/ti-tools/part2/msp430-gcc-6.2.1.16_linux64/bin/../lib/gcc/msp430-elf/6.2.1/large/libgcc.a(_clzdi2.o)
                              /root/ti-tools/part2/msp430-gcc-6.2.1.16_linux64/bin/../lib/gcc/msp430-elf/6.2.1/large/libgcc.a(_udivdi3.o) (__clzdi2)
/root/ti-tools/part2/msp430-gcc-6.2.1.16_linux64/bin/../lib/gcc/msp430-elf/6.2.1/large/libgcc.a(_clz.o)
                              /root/ti-tools/part2/msp430-gcc-6.2.1.16_linux64/bin/../lib/gcc/msp430-elf/6.2.1/large/libgcc.a(_clzdi2.o) (__clz_tab)
/root/ti-tools/part2/msp430-gcc-6.2.1.16_linux64/bin/../lib/gcc/msp430-elf/6.2.1/large/libmul_f5.a(lib2hw_mul_f5.o)
                              /tmp/ccacTzLw.ltrans8.ltrans.o (__mulhi2_f5)
/root/ti-tools/part2/msp430-gcc-6.2.1.16_linux64/bin/../lib/gcc/msp430-elf/6.2.1/../../../../msp430-elf/lib/large/libc.a(lib_a-memcpy.o)
                              /tmp/ccacTzLw.ltrans2.ltrans.o (memcpy)
/root/ti-tools/part2/msp430-gcc-6.2.1.16_linux64/bin/../lib/gcc/msp430-elf/6.2.1/../../../../msp430-elf/lib/large/libc.a(lib_a-memset.o)
                              /tmp/ccacTzLw.ltrans2.ltrans.o (memset)
/root/ti-tools/part2/msp430-gcc-6.2.1.16_linux64/bin/../lib/gcc/msp430-elf/6.2.1/large/libgcc.a(_muldi3.o)
                              /root/ti-tools/part2/msp430-gcc-6.2.1.16_linux64/bin/../lib/gcc/msp430-elf/6.2.1/large/libmul_f5.a(lib2hw_mul_f5.o) (__mspabi_mpyll)
/root/ti-tools/part2/msp430-gcc-6.2.1.16_linux64/bin/../lib/gcc/msp430-elf/6.2.1/../../../../msp430-elf/lib/large/libcrt.a(crt_bss.o)
                              /tmp/ccacTzLw.ltrans0.ltrans.o (__crt0_init_bss)
/root/ti-tools/part2/msp430-gcc-6.2.1.16_linux64/bin/../lib/gcc/msp430-elf/6.2.1/../../../../msp430-elf/lib/large/libcrt.a(crt_high_bss.o)
                              /tmp/ccacTzLw.ltrans2.ltrans.o (__crt0_init_highbss)
/root/ti-tools/part2/msp430-gcc-6.2.1.16_linux64/bin/../lib/gcc/msp430-elf/6.2.1/../../../../msp430-elf/lib/large/libcrt.a(crt_move_highdata.o)
                              /tmp/ccacTzLw.ltrans0.ltrans.o (__crt0_move_highdata)
/root/ti-tools/part2/msp430-gcc-6.2.1.16_linux64/bin/../lib/gcc/msp430-elf/6.2.1/../../../../msp430-elf/lib/large/libc.a(lib_a-memmove.o)
                              /root/ti-tools/part2/msp430-gcc-6.2.1.16_linux64/bin/../lib/gcc/msp430-elf/6.2.1/../../../../msp430-elf/lib/large/libcrt.a(crt_move_highdata.o) (memmove)

Discarded input sections

 .text          0x0000000000000000        0x0 /root/ti-tools/part2/msp430-gcc-6.2.1.16_linux64/bin/../lib/gcc/msp430-elf/6.2.1/../../../../msp430-elf/lib/large/crt0-minrt.o
 .data          0x0000000000000000        0x0 /root/ti-tools/part2/msp430-gcc-6.2.1.16_linux64/bin/../lib/gcc/msp430-elf/6.2.1/../../../../msp430-elf/lib/large/crt0-minrt.o
 .bss           0x0000000000000000        0x0 /root/ti-tools/part2/msp430-gcc-6.2.1.16_linux64/bin/../lib/gcc/msp430-elf/6.2.1/../../../../msp430-elf/lib/large/crt0-minrt.o
 .resetvec      0x0000000000000000        0x2 /root/ti-tools/part2/msp430-gcc-6.2.1.16_linux64/bin/../lib/gcc/msp430-elf/6.2.1/../../../../msp430-elf/lib/large/crt0-minrt.o
[...]
Memory Configuration

Name             Origin             Length             Attributes
SFR              0x0000000000000000 0x0000000000000010
BSL              0x0000000000001000 0x0000000000000800
PERIPHERAL_8BIT  0x0000000000000010 0x00000000000000f0
PERIPHERAL_16BIT 0x0000000000000100 0x0000000000000100
RAM              0x0000000000001c00 0x0000000000000800
INFOMEM          0x0000000000001800 0x0000000000000200
INFOA            0x0000000000001980 0x0000000000000080
INFOB            0x0000000000001900 0x0000000000000080
INFOC            0x0000000000001880 0x0000000000000080
INFOD            0x0000000000001800 0x0000000000000080
FRAM             0x0000000000004400 0x000000000000bb80 xrw
JTAGSIGNATURE    0x000000000000ff80 0x0000000000000004
BSLSIGNATURE     0x000000000000ff84 0x0000000000000004
IPESIGNATURE     0x000000000000ff88 0x0000000000000008
VECT1            0x000000000000ff90 0x0000000000000002
VECT2            0x000000000000ff92 0x0000000000000002
VECT3            0x000000000000ff94 0x0000000000000002
VECT4            0x000000000000ff96 0x0000000000000002
VECT5            0x000000000000ff98 0x0000000000000002
VECT6            0x000000000000ff9a 0x0000000000000002
VECT7            0x000000000000ff9c 0x0000000000000002
VECT8            0x000000000000ff9e 0x0000000000000002
VECT9            0x000000000000ffa0 0x0000000000000002
VECT10           0x000000000000ffa2 0x0000000000000002
VECT11           0x000000000000ffa4 0x0000000000000002
VECT12           0x000000000000ffa6 0x0000000000000002
VECT13           0x000000000000ffa8 0x0000000000000002
VECT14           0x000000000000ffaa 0x0000000000000002
VECT15           0x000000000000ffac 0x0000000000000002
VECT16           0x000000000000ffae 0x0000000000000002
VECT17           0x000000000000ffb0 0x0000000000000002
VECT18           0x000000000000ffb2 0x0000000000000002
VECT19           0x000000000000ffb4 0x0000000000000002
VECT20           0x000000000000ffb6 0x0000000000000002
VECT21           0x000000000000ffb8 0x0000000000000002
VECT22           0x000000000000ffba 0x0000000000000002
VECT23           0x000000000000ffbc 0x0000000000000002
VECT24           0x000000000000ffbe 0x0000000000000002
VECT25           0x000000000000ffc0 0x0000000000000002
VECT26           0x000000000000ffc2 0x0000000000000002
VECT27           0x000000000000ffc4 0x0000000000000002
VECT28           0x000000000000ffc6 0x0000000000000002
VECT29           0x000000000000ffc8 0x0000000000000002
VECT30           0x000000000000ffca 0x0000000000000002
VECT31           0x000000000000ffcc 0x0000000000000002
VECT32           0x000000000000ffce 0x0000000000000002
VECT33           0x000000000000ffd0 0x0000000000000002
VECT34           0x000000000000ffd2 0x0000000000000002
VECT35           0x000000000000ffd4 0x0000000000000002
VECT36           0x000000000000ffd6 0x0000000000000002
VECT37           0x000000000000ffd8 0x0000000000000002
VECT38           0x000000000000ffda 0x0000000000000002
VECT39           0x000000000000ffdc 0x0000000000000002
VECT40           0x000000000000ffde 0x0000000000000002
VECT41           0x000000000000ffe0 0x0000000000000002
VECT42           0x000000000000ffe2 0x0000000000000002
VECT43           0x000000000000ffe4 0x0000000000000002
VECT44           0x000000000000ffe6 0x0000000000000002
VECT45           0x000000000000ffe8 0x0000000000000002
VECT46           0x000000000000ffea 0x0000000000000002
VECT47           0x000000000000ffec 0x0000000000000002
VECT48           0x000000000000ffee 0x0000000000000002
VECT49           0x000000000000fff0 0x0000000000000002
VECT50           0x000000000000fff2 0x0000000000000002
VECT51           0x000000000000fff4 0x0000000000000002
VECT52           0x000000000000fff6 0x0000000000000002
VECT53           0x000000000000fff8 0x0000000000000002
VECT54           0x000000000000fffa 0x0000000000000002
VECT55           0x000000000000fffc 0x0000000000000002
RESETVEC         0x000000000000fffe 0x0000000000000002
HIFRAM           0x0000000000010000 0x0000000000003fff xrw
*default*        0x0000000000000000 0xffffffffffffffff

Linker script and memory map

LOAD /root/ti-tools/part2/msp430-gcc-6.2.1.16_linux64/bin/../lib/gcc/msp430-elf/6.2.1/../../../../msp430-elf/lib/large/crt0-minrt.o

.jtagsignature

.bslsignature

.ipe
 *(.ipesignature)
 *(.jtagpassword)

__interrupt_vector_1
 *(__interrupt_vector_1)

__interrupt_vector_2
 *(__interrupt_vector_2)

__interrupt_vector_3
 *(__interrupt_vector_3)

__interrupt_vector_4
 *(__interrupt_vector_4)

__interrupt_vector_5
 *(__interrupt_vector_5)

__interrupt_vector_6
 *(__interrupt_vector_6)

__interrupt_vector_7
 *(__interrupt_vector_7)

__interrupt_vector_8
 *(__interrupt_vector_8)

__interrupt_vector_9
 *(__interrupt_vector_9)

__interrupt_vector_10
 *(__interrupt_vector_10)

__interrupt_vector_11
 *(__interrupt_vector_11)

__interrupt_vector_12
 *(__interrupt_vector_12)

__interrupt_vector_13
 *(__interrupt_vector_13)

__interrupt_vector_14
 *(__interrupt_vector_14)

__interrupt_vector_15
 *(__interrupt_vector_15)

__interrupt_vector_16
 *(__interrupt_vector_16)

__interrupt_vector_17
 *(__interrupt_vector_17)

__interrupt_vector_18
 *(__interrupt_vector_18)

__interrupt_vector_19
 *(__interrupt_vector_19)

__interrupt_vector_20
 *(__interrupt_vector_20)

__interrupt_vector_21
 *(__interrupt_vector_21)

__interrupt_vector_22
 *(__interrupt_vector_22)

__interrupt_vector_23
 *(__interrupt_vector_23)

__interrupt_vector_24
 *(__interrupt_vector_24)

__interrupt_vector_25
 *(__interrupt_vector_25)

__interrupt_vector_26
 *(__interrupt_vector_26)

__interrupt_vector_27
 *(__interrupt_vector_27)

__interrupt_vector_28
 *(__interrupt_vector_28)

__interrupt_vector_29
 *(__interrupt_vector_29)

__interrupt_vector_30
 *(__interrupt_vector_30)

__interrupt_vector_31
 *(__interrupt_vector_31)
 *(__interrupt_vector_aes256)

__interrupt_vector_32
 *(__interrupt_vector_32)
 *(__interrupt_vector_rtc)

__interrupt_vector_33
 *(__interrupt_vector_33)
 *(__interrupt_vector_port4)

__interrupt_vector_34
 *(__interrupt_vector_34)
 *(__interrupt_vector_port3)

__interrupt_vector_35
 *(__interrupt_vector_35)
 *(__interrupt_vector_timer3_a1)

__interrupt_vector_36
 *(__interrupt_vector_36)
 *(__interrupt_vector_timer3_a0)

__interrupt_vector_37
 *(__interrupt_vector_37)
 *(__interrupt_vector_port2)

__interrupt_vector_38
 *(__interrupt_vector_38)
 *(__interrupt_vector_timer2_a1)

__interrupt_vector_39
 *(__interrupt_vector_39)
 *(__interrupt_vector_timer2_a0)

__interrupt_vector_40
 *(__interrupt_vector_40)
 *(__interrupt_vector_port1)

__interrupt_vector_41
 *(__interrupt_vector_41)
 *(__interrupt_vector_timer1_a1)

__interrupt_vector_42
 *(__interrupt_vector_42)
 *(__interrupt_vector_timer1_a0)

__interrupt_vector_43
 *(__interrupt_vector_43)
 *(__interrupt_vector_dma)

__interrupt_vector_44
 *(__interrupt_vector_44)
 *(__interrupt_vector_usci_a1)

__interrupt_vector_45
 *(__interrupt_vector_45)
 *(__interrupt_vector_timer0_a1)

__interrupt_vector_46
 *(__interrupt_vector_46)
 *(__interrupt_vector_timer0_a0)

__interrupt_vector_47
 *(__interrupt_vector_47)
 *(__interrupt_vector_adc12)

__interrupt_vector_48
 *(__interrupt_vector_48)
 *(__interrupt_vector_usci_b0)

__interrupt_vector_49
 *(__interrupt_vector_49)
 *(__interrupt_vector_usci_a0)

__interrupt_vector_50
 *(__interrupt_vector_50)
 *(__interrupt_vector_wdt)

__interrupt_vector_51
 *(__interrupt_vector_51)
 *(__interrupt_vector_timer0_b1)

__interrupt_vector_52
 *(__interrupt_vector_52)
 *(__interrupt_vector_timer0_b0)

__interrupt_vector_53
 *(__interrupt_vector_53)
 *(__interrupt_vector_comp_e)

__interrupt_vector_54
 *(__interrupt_vector_54)
 *(__interrupt_vector_unmi)

__interrupt_vector_55
 *(__interrupt_vector_55)
 *(__interrupt_vector_sysnmi)

__reset_vector  0x000000000000fffe        0x2
 *(__interrupt_vector_56)
 *(__interrupt_vector_reset)
 *(.bootloader)
 .bootloader    0x000000000000fffe        0x2 build/obj/bootloader.o
                0x0000000000010000                _end = .
                [!provide]                        PROVIDE (end, .)

.text           0x0000000000004400     0x7122
                0x0000000000004400                PROVIDE (_start, .)
                0x0000000000004400                . = ALIGN (0x2)
 *(SORT(.crt_*))
 .crt_0000start
                0x0000000000004400        0x4 /root/ti-tools/part2/msp430-gcc-6.2.1.16_linux64/bin/../lib/gcc/msp430-elf/6.2.1/../../../../msp430-elf/lib/large/crt0-minrt.o
                0x0000000000004400                __crt0_start
 .crt_0042disable_watchdog
                0x0000000000004404        0x8 /tmp/ccacTzLw.ltrans7.ltrans.o
 .crt_0100init_bss
                0x000000000000440c       0x10 /root/ti-tools/part2/msp430-gcc-6.2.1.16_linux64/bin/../lib/gcc/msp430-elf/6.2.1/../../../../msp430-elf/lib/large/libcrt.a(crt_bss.o)
                0x000000000000440c                __crt0_init_bss
 .crt_0200init_highbss
                0x000000000000441c       0x12 /root/ti-tools/part2/msp430-gcc-6.2.1.16_linux64/bin/../lib/gcc/msp430-elf/6.2.1/../../../../msp430-elf/lib/large/libcrt.a(crt_high_bss.o)
                0x000000000000441c                __crt0_init_highbss
 .crt_0400move_highdata
                0x000000000000442e       0x30 /root/ti-tools/part2/msp430-gcc-6.2.1.16_linux64/bin/../lib/gcc/msp430-elf/6.2.1/../../../../msp430-elf/lib/large/libcrt.a(crt_move_highdata.o)
                0x000000000000442e                __crt0_move_highdata
 .crt_0600call_just_main
                0x000000000000445e        0x6 /root/ti-tools/part2/msp430-gcc-6.2.1.16_linux64/bin/../lib/gcc/msp430-elf/6.2.1/../../../../msp430-elf/lib/large/libcrt.a(crt_main_minrt.o)
                0x000000000000445e                __crt0_call_just_main
                0x0000000000004464                . = ALIGN (0x2)
 *(.lowtext)
                0x0000000000004464                . = ALIGN (0x2)
 *(.lower.text.* .lower.text)
                0x0000000000004464                . = ALIGN (0x2)
 *(.text .stub .text.* .gnu.linkonce.t.* .text:*)
 .text.RFThd    0x0000000000004464     0x1552 /tmp/ccacTzLw.ltrans0.ltrans.o
                0x0000000000004464                RFThd
 .text.fw_allocator
                0x00000000000059b6       0x26 /tmp/ccacTzLw.ltrans1.ltrans.o
 .text.reset.lto_priv.182
                0x00000000000059dc       0x20 /tmp/ccacTzLw.ltrans1.ltrans.o
                0x00000000000059dc                reset.lto_priv.182
 .text.send_complete_cb
                0x00000000000059fc       0x3a /tmp/ccacTzLw.ltrans1.ltrans.o
 .text.write_failure.lto_priv.242
                0x0000000000005a36       0x3e /tmp/ccacTzLw.ltrans1.ltrans.o
                0x0000000000005a36                write_failure.lto_priv.242
 .text.write_success.lto_priv.240
                0x0000000000005a74       0x44 /tmp/ccacTzLw.ltrans1.ltrans.o
                0x0000000000005a74                write_success.lto_priv.240
 .text.elyFWGetBufferI
                0x0000000000005ab8       0x20 /tmp/ccacTzLw.ltrans1.ltrans.o
                0x0000000000005ab8                elyFWGetBufferI
 .text.elyFWGetBuffer
                0x0000000000005ad8       0x1c /tmp/ccacTzLw.ltrans1.ltrans.o
                0x0000000000005ad8                elyFWGetBuffer
 .text.get_active_bank.lto_priv.185
                0x0000000000005af4       0x76 /tmp/ccacTzLw.ltrans1.ltrans.o
                0x0000000000005af4                get_active_bank.lto_priv.185
 .text.get_gpo.lto_priv.183
                0x0000000000005b6a       0x76 /tmp/ccacTzLw.ltrans1.ltrans.o
                0x0000000000005b6a                get_gpo.lto_priv.183
 .text.get_u32.lto_priv.247
                0x0000000000005be0      0x158 /tmp/ccacTzLw.ltrans1.ltrans.o
                0x0000000000005be0                get_u32.lto_priv.247
 .text.gen_failure.lto_priv.243
                0x0000000000005d38       0x36 /tmp/ccacTzLw.ltrans1.ltrans.o
                0x0000000000005d38                gen_failure.lto_priv.243
 .text.gen_success.lto_priv.239
                0x0000000000005d6e       0x36 /tmp/ccacTzLw.ltrans1.ltrans.o
                0x0000000000005d6e                gen_success.lto_priv.239
 .text.set_gpo.lto_priv.184
                0x0000000000005da4       0x94 /tmp/ccacTzLw.ltrans1.ltrans.o
                0x0000000000005da4                set_gpo.lto_priv.184
 .text.set_u32.lto_priv.246
                0x0000000000005e38      0x114 /tmp/ccacTzLw.ltrans1.ltrans.o
                0x0000000000005e38                set_u32.lto_priv.246
 .text.elyFWFreeBufferI
                0x0000000000005f4c       0x2e /tmp/ccacTzLw.ltrans1.ltrans.o
                0x0000000000005f4c                elyFWFreeBufferI
 .text.elyFWFreeBuffer
                0x0000000000005f7a       0x20 /tmp/ccacTzLw.ltrans1.ltrans.o
                0x0000000000005f7a                elyFWFreeBuffer
 .text.UARTThd  0x0000000000005f9a      0x652 /tmp/ccacTzLw.ltrans1.ltrans.o
                0x0000000000005f9a                UARTThd
 .text.get_regs.lto_priv.186
                0x00000000000065ec      0x1ae /tmp/ccacTzLw.ltrans1.ltrans.o
                0x00000000000065ec                get_regs.lto_priv.186
 .text.install_fw.lto_priv.227
                0x000000000000679a       0x5e /tmp/ccacTzLw.ltrans2.ltrans.o
                0x000000000000679a                install_fw.lto_priv.227
 .text.reset_event.lto_priv.217
                0x00000000000067f8       0x3a /tmp/ccacTzLw.ltrans2.ltrans.o
                0x00000000000067f8                reset_event.lto_priv.217
 .text.reset_chan
                0x0000000000006832        0x6 /tmp/ccacTzLw.ltrans2.ltrans.o
                0x0000000000006832                reset_chan.lto_priv.212
 .text.store_telem_reply_cb
                0x0000000000006838       0x20 /tmp/ccacTzLw.ltrans2.ltrans.o
 .text.upload_fw_reply_cb
                0x0000000000006858       0x20 /tmp/ccacTzLw.ltrans2.ltrans.o
 .text.store_telem_noreply_cb
                0x0000000000006878       0x12 /tmp/ccacTzLw.ltrans2.ltrans.o
 .text.upload_fw_noreply_cb
                0x000000000000688a        0x6 /tmp/ccacTzLw.ltrans2.ltrans.o
 .text.cancel_fw_eeprom_cb
                0x0000000000006890        0xa /tmp/ccacTzLw.ltrans2.ltrans.o
 .text.unlog_event.lto_priv.216
                0x000000000000689a       0x9c /tmp/ccacTzLw.ltrans2.ltrans.o
                0x000000000000689a                unlog_event.lto_priv.216
 .text.event_unsub
                0x0000000000006936        0x6 /tmp/ccacTzLw.ltrans2.ltrans.o
                0x0000000000006936                event_unsub.lto_priv.214
 .text.log_event.lto_priv.215
                0x000000000000693c       0xb6 /tmp/ccacTzLw.ltrans2.ltrans.o
                0x000000000000693c                log_event.lto_priv.215
 .text.event_sub.lto_priv.213
                0x00000000000069f2       0xb6 /tmp/ccacTzLw.ltrans2.ltrans.o
                0x00000000000069f2                event_sub.lto_priv.213
 .text.get_log.lto_priv.222
                0x0000000000006aa8       0x92 /tmp/ccacTzLw.ltrans2.ltrans.o
                0x0000000000006aa8                get_log.lto_priv.222
 .text.get_err.lto_priv.220
                0x0000000000006b3a       0x80 /tmp/ccacTzLw.ltrans2.ltrans.o
                0x0000000000006b3a                get_err.lto_priv.220
 .text.get_time.lto_priv.219
                0x0000000000006bba       0x8c /tmp/ccacTzLw.ltrans2.ltrans.o
                0x0000000000006bba                get_time.lto_priv.219
 .text.set_time.lto_priv.218
                0x0000000000006c46       0xa4 /tmp/ccacTzLw.ltrans2.ltrans.o
                0x0000000000006c46                set_time.lto_priv.218
 .text.get_chan.lto_priv.211
                0x0000000000006cea       0xce /tmp/ccacTzLw.ltrans2.ltrans.o
                0x0000000000006cea                get_chan.lto_priv.211
 .text.get_telem.lto_priv.229
                0x0000000000006db8       0x46 /tmp/ccacTzLw.ltrans2.ltrans.o
                0x0000000000006db8                get_telem.lto_priv.229
 .text.store_telem.lto_priv.228
                0x0000000000006dfe       0xe8 /tmp/ccacTzLw.ltrans2.ltrans.o
                0x0000000000006dfe                store_telem.lto_priv.228
 .text.upload_fw.lto_priv.224
                0x0000000000006ee6      0x1a4 /tmp/ccacTzLw.ltrans2.ltrans.o
                0x0000000000006ee6                upload_fw.lto_priv.224
 .text.set_log.lto_priv.223
                0x000000000000708a       0x7e /tmp/ccacTzLw.ltrans2.ltrans.o
                0x000000000000708a                set_log.lto_priv.223
 .text.set_err.lto_priv.221
                0x0000000000007108       0x7e /tmp/ccacTzLw.ltrans2.ltrans.o
                0x0000000000007108                set_err.lto_priv.221
 .text.verify_fw.lto_priv.225
                0x0000000000007186       0xd4 /tmp/ccacTzLw.ltrans2.ltrans.o
                0x0000000000007186                verify_fw.lto_priv.225
 .text.verify_fw_cb
                0x000000000000725a       0x64 /tmp/ccacTzLw.ltrans2.ltrans.o
 .text.cancel_fw.lto_priv.226
                0x00000000000072be       0xc0 /tmp/ccacTzLw.ltrans2.ltrans.o
                0x00000000000072be                cancel_fw.lto_priv.226
 .text.chBSemSignalI.lto_priv.174.lto_priv.241
                0x000000000000737e        0xe /tmp/ccacTzLw.ltrans3.ltrans.o
                0x000000000000737e                chBSemSignalI.lto_priv.174.lto_priv.241
 .text.fram_block_cb
                0x000000000000738c        0xa /tmp/ccacTzLw.ltrans3.ltrans.o
 .text.fram_reg_cb
                0x0000000000007396       0x1c /tmp/ccacTzLw.ltrans3.ltrans.o
 .text.elyClampReg
                0x00000000000073b2      0x262 /tmp/ccacTzLw.ltrans3.ltrans.o
                0x00000000000073b2                elyClampReg
 .text.fram_block
                0x0000000000007614       0xcc /tmp/ccacTzLw.ltrans3.ltrans.o
                0x0000000000007614                fram_block
 .text.fram_reg
                0x00000000000076e0       0x96 /tmp/ccacTzLw.ltrans3.ltrans.o
                0x00000000000076e0                fram_reg
 .text.CmdThd   0x0000000000007776      0x348 /tmp/ccacTzLw.ltrans3.ltrans.o
                0x0000000000007776                CmdThd
 .text.elyCmdSendReplyI
                0x0000000000007abe      0x1b6 /tmp/ccacTzLw.ltrans3.ltrans.o
                0x0000000000007abe                elyCmdSendReplyI
 .text.elyCmdSendReply
                0x0000000000007c74       0x24 /tmp/ccacTzLw.ltrans3.ltrans.o
                0x0000000000007c74                elyCmdSendReply
 .text.unlog_chan.lto_priv.210
                0x0000000000007c98       0x9a /tmp/ccacTzLw.ltrans4.ltrans.o
                0x0000000000007c98                unlog_chan.lto_priv.210
 .text.log_chan.lto_priv.209
                0x0000000000007d32       0xc2 /tmp/ccacTzLw.ltrans4.ltrans.o
                0x0000000000007d32                log_chan.lto_priv.209
 .text.channel_sub
                0x0000000000007df4        0x6 /tmp/ccacTzLw.ltrans4.ltrans.o
                0x0000000000007df4                channel_sub.lto_priv.207
 .text.channel_unsub.lto_priv.208
                0x0000000000007dfa       0xa0 /tmp/ccacTzLw.ltrans4.ltrans.o
                0x0000000000007dfa                channel_unsub.lto_priv.208
 .text.reload_config.lto_priv.206
                0x0000000000007e9a       0xac /tmp/ccacTzLw.ltrans4.ltrans.o
                0x0000000000007e9a                reload_config.lto_priv.206
 .text.get_baud.lto_priv.204
                0x0000000000007f46       0x4a /tmp/ccacTzLw.ltrans4.ltrans.o
                0x0000000000007f46                get_baud.lto_priv.204
 .text.get_rx_dev.lto_priv.200
                0x0000000000007f90       0x4c /tmp/ccacTzLw.ltrans4.ltrans.o
                0x0000000000007f90                get_rx_dev.lto_priv.200
 .text.get_tx_dev.lto_priv.198
                0x0000000000007fdc       0x4a /tmp/ccacTzLw.ltrans4.ltrans.o
                0x0000000000007fdc                get_tx_dev.lto_priv.198
 .text.get_rx_br.lto_priv.196
                0x0000000000008026       0x4a /tmp/ccacTzLw.ltrans4.ltrans.o
                0x0000000000008026                get_rx_br.lto_priv.196
 .text.get_tx_br.lto_priv.194
                0x0000000000008070       0x4a /tmp/ccacTzLw.ltrans4.ltrans.o
                0x0000000000008070                get_tx_br.lto_priv.194
 .text.get_rx_freq.lto_priv.192
                0x00000000000080ba       0x4c /tmp/ccacTzLw.ltrans4.ltrans.o
                0x00000000000080ba                get_rx_freq.lto_priv.192
 .text.get_tx_freq.lto_priv.190
                0x0000000000008106       0x4c /tmp/ccacTzLw.ltrans4.ltrans.o
                0x0000000000008106                get_tx_freq.lto_priv.190
 .text.set_tx_pow.lto_priv.203
                0x0000000000008152       0x84 /tmp/ccacTzLw.ltrans4.ltrans.o
                0x0000000000008152                set_tx_pow.lto_priv.203
 .text.set_rx_dev.lto_priv.201
                0x00000000000081d6       0x58 /tmp/ccacTzLw.ltrans4.ltrans.o
                0x00000000000081d6                set_rx_dev.lto_priv.201
 .text.set_tx_dev.lto_priv.199
                0x000000000000822e       0x56 /tmp/ccacTzLw.ltrans4.ltrans.o
                0x000000000000822e                set_tx_dev.lto_priv.199
 .text.set_rx_br.lto_priv.197
                0x0000000000008284       0x54 /tmp/ccacTzLw.ltrans4.ltrans.o
                0x0000000000008284                set_rx_br.lto_priv.197
 .text.set_tx_br.lto_priv.195
                0x00000000000082d8       0x54 /tmp/ccacTzLw.ltrans4.ltrans.o
                0x00000000000082d8                set_tx_br.lto_priv.195
 .text.set_rx_freq.lto_priv.193
                0x000000000000832c       0x56 /tmp/ccacTzLw.ltrans4.ltrans.o
                0x000000000000832c                set_rx_freq.lto_priv.193
 .text.set_tx_freq.lto_priv.191
                0x0000000000008382       0x56 /tmp/ccacTzLw.ltrans4.ltrans.o
                0x0000000000008382                set_tx_freq.lto_priv.191
 .text.get_tx_pow.lto_priv.202
                0x00000000000083d8       0x7c /tmp/ccacTzLw.ltrans4.ltrans.o
                0x00000000000083d8                get_tx_pow.lto_priv.202
 .text.get_block.lto_priv.188
                0x0000000000008454      0x12e /tmp/ccacTzLw.ltrans4.ltrans.o
                0x0000000000008454                get_block.lto_priv.188
 .text.set_baud.lto_priv.205
                0x0000000000008582       0x70 /tmp/ccacTzLw.ltrans4.ltrans.o
                0x0000000000008582                set_baud.lto_priv.205
 .text.set_regs.lto_priv.187
                0x00000000000085f2      0x1c8 /tmp/ccacTzLw.ltrans4.ltrans.o
                0x00000000000085f2                set_regs.lto_priv.187
 .text.set_block.lto_priv.189
                0x00000000000087ba      0x1a6 /tmp/ccacTzLw.ltrans4.ltrans.o
                0x00000000000087ba                set_block.lto_priv.189
 .text.spi_callback
                0x0000000000008960       0x54 /tmp/ccacTzLw.ltrans5.ltrans.o
                0x0000000000008960                spi_callback
 .text.tx_complete
                0x00000000000089b4        0xa /tmp/ccacTzLw.ltrans5.ltrans.o
                0x00000000000089b4                tx_complete
 .text._port_switch
                0x00000000000089be        0xc /tmp/ccacTzLw.ltrans5.ltrans.o
 .text._heap_init
                0x00000000000089ca        0x8 /tmp/ccacTzLw.ltrans5.ltrans.o
 .text.port_init
                0x00000000000089d2        0x8 /tmp/ccacTzLw.ltrans5.ltrans.o
 .text.UCBRS.lto_priv.272
                0x00000000000089da      0x22c /tmp/ccacTzLw.ltrans5.ltrans.o
                0x00000000000089da                UCBRS.lto_priv.272
 .text.spi_lld_unselect
                0x0000000000008c06       0x44 /tmp/ccacTzLw.ltrans5.ltrans.o
                0x0000000000008c06                spi_lld_unselect
 .text.dma_trigger_set.lto_priv.172
                0x0000000000008c4a       0x3c /tmp/ccacTzLw.ltrans5.ltrans.o
                0x0000000000008c4a                dma_trigger_set.lto_priv.172
 .text.dmaTransferI
                0x0000000000008c86       0x50 /tmp/ccacTzLw.ltrans5.ltrans.o
                0x0000000000008c86                dmaTransferI
 .text.dmaAcquireI
                0x0000000000008cd6       0x6e /tmp/ccacTzLw.ltrans5.ltrans.o
                0x0000000000008cd6                dmaAcquireI
 .text.init_transfer.lto_priv.161
                0x0000000000008d44       0x7c /tmp/ccacTzLw.ltrans5.ltrans.o
                0x0000000000008d44                init_transfer.lto_priv.161
 .text.chSchDoReschedule
                0x0000000000008dc0       0x14 /tmp/ccacTzLw.ltrans5.ltrans.o
                0x0000000000008dc0                chSchDoReschedule
 .text.chSchRescheduleS
                0x0000000000008dd4       0x10 /tmp/ccacTzLw.ltrans5.ltrans.o
                0x0000000000008dd4                chSchRescheduleS
 .text.i2cMSP430XEndTransferI
                0x0000000000008de4       0x9a /tmp/ccacTzLw.ltrans5.ltrans.o
                0x0000000000008de4                i2cMSP430XEndTransferI
 .text.rx_async_callback
                0x0000000000008e7e       0x28 /tmp/ccacTzLw.ltrans5.ltrans.o
                0x0000000000008e7e                rx_async_callback
 .text.spi_lld_polled_exchange
                0x0000000000008ea6       0x3a /tmp/ccacTzLw.ltrans5.ltrans.o
                0x0000000000008ea6                spi_lld_polled_exchange
 .text.dmaClaimI
                0x0000000000008ee0       0x60 /tmp/ccacTzLw.ltrans5.ltrans.o
                0x0000000000008ee0                dmaClaimI
 .text.uartStartReceiveI
                0x0000000000008f40       0xac /tmp/ccacTzLw.ltrans5.ltrans.o
                0x0000000000008f40                uartStartReceiveI
 .text.uartStartSendI
                0x0000000000008fec       0xa8 /tmp/ccacTzLw.ltrans5.ltrans.o
                0x0000000000008fec                uartStartSendI
 .text._port_thread_start
                0x0000000000009094       0x16 /tmp/ccacTzLw.ltrans5.ltrans.o
 .text.chPoolAllocI
                0x00000000000090aa       0x42 /tmp/ccacTzLw.ltrans5.ltrans.o
                0x00000000000090aa                chPoolAllocI
 .text.chSchGoSleepTimeoutS
                0x00000000000090ec       0x6a /tmp/ccacTzLw.ltrans5.ltrans.o
                0x00000000000090ec                chSchGoSleepTimeoutS
 .text.chSemWaitTimeoutS
                0x0000000000009156       0x52 /tmp/ccacTzLw.ltrans5.ltrans.o
                0x0000000000009156                chSemWaitTimeoutS
 .text.chSchReadyI
                0x00000000000091a8       0x92 /tmp/ccacTzLw.ltrans5.ltrans.o
                0x00000000000091a8                chSchReadyI
 .text.chEvtSignalI
                0x000000000000923a       0x48 /tmp/ccacTzLw.ltrans5.ltrans.o
                0x000000000000923a                chEvtSignalI
 .text.chSemSignalI
                0x0000000000009282       0x6c /tmp/ccacTzLw.ltrans5.ltrans.o
                0x0000000000009282                chSemSignalI
 .text.chMBPostS.part.0
                0x00000000000092ee       0x32 /tmp/ccacTzLw.ltrans5.ltrans.o
                0x00000000000092ee                chMBPostS.part.0
 .text.spiStart
                0x0000000000009320       0xce /tmp/ccacTzLw.ltrans5.ltrans.o
                0x0000000000009320                spiStart
 .text.chSysInit
                0x00000000000093ee      0x10e /tmp/ccacTzLw.ltrans5.ltrans.o
                0x00000000000093ee                chSysInit
 .text.dmaReleaseX
                0x00000000000094fc       0xb6 /tmp/ccacTzLw.ltrans5.ltrans.o
                0x00000000000094fc                dmaReleaseX
 .text.rx_cb.lto_priv.260
                0x00000000000095b2       0x5a /tmp/ccacTzLw.ltrans5.ltrans.o
                0x00000000000095b2                rx_cb.lto_priv.260
 .text.tx_cb.lto_priv.259
                0x000000000000960c       0x6e /tmp/ccacTzLw.ltrans5.ltrans.o
                0x000000000000960c                tx_cb.lto_priv.259
 .text.spi_lld_end_of_transfer.lto_priv.110
                0x000000000000967a       0x54 /tmp/ccacTzLw.ltrans5.ltrans.o
                0x000000000000967a                spi_lld_end_of_transfer.lto_priv.110
 .text.chEvtWaitAnyTimeout
                0x00000000000096ce       0x64 /tmp/ccacTzLw.ltrans5.ltrans.o
                0x00000000000096ce                chEvtWaitAnyTimeout
 .text.chEvtSignal
                0x0000000000009732       0x2c /tmp/ccacTzLw.ltrans5.ltrans.o
                0x0000000000009732                chEvtSignal
 .text.chThdSleep
                0x000000000000975e       0x18 /tmp/ccacTzLw.ltrans5.ltrans.o
                0x000000000000975e                chThdSleep
 .text.fram_mpool_alloc
                0x0000000000009776       0x26 /tmp/ccacTzLw.ltrans6.ltrans.o
                0x0000000000009776                fram_mpool_alloc
 .text.write_cb
                0x000000000000979c       0x7c /tmp/ccacTzLw.ltrans6.ltrans.o
                0x000000000000979c                write_cb
 .text.elyRFCfgMarkDirty
                0x0000000000009818       0x42 /tmp/ccacTzLw.ltrans6.ltrans.o
                0x0000000000009818                elyRFCfgMarkDirty
 .text.elyFramPostRequestI
                0x000000000000985a       0x5e /tmp/ccacTzLw.ltrans6.ltrans.o
 .text.fram_handle_request
                0x00000000000098b8       0xe0 /tmp/ccacTzLw.ltrans6.ltrans.o
 .text.elyFramPostRequestS
                0x0000000000009998       0x24 /tmp/ccacTzLw.ltrans6.ltrans.o
                0x0000000000009998                elyFramPostRequestS
 .text.end_cb   0x00000000000099bc       0x90 /tmp/ccacTzLw.ltrans6.ltrans.o
 .text.addr_cb  0x0000000000009a4c      0x38c /tmp/ccacTzLw.ltrans6.ltrans.o
 .text.crcGenX25
                0x0000000000009dd8       0x7c /tmp/ccacTzLw.ltrans6.ltrans.o
                0x0000000000009dd8                crcGenX25
 .text.elyUARTDLLRxCB
                0x0000000000009e54       0x7c /tmp/ccacTzLw.ltrans6.ltrans.o
                0x0000000000009e54                elyUARTDLLRxCB
 .text.elyUARTDLLRxCharCB
                0x0000000000009ed0       0x3e /tmp/ccacTzLw.ltrans6.ltrans.o
                0x0000000000009ed0                elyUARTDLLRxCharCB
 .text.elyUARTDLLTimeoutCB
                0x0000000000009f0e       0xaa /tmp/ccacTzLw.ltrans6.ltrans.o
                0x0000000000009f0e                elyUARTDLLTimeoutCB
 .text.calc_next_buff
                0x0000000000009fb8       0xc6 /tmp/ccacTzLw.ltrans6.ltrans.o
                0x0000000000009fb8                calc_next_buff
 .text.elyUARTDLLTxCB
                0x000000000000a07e       0x62 /tmp/ccacTzLw.ltrans6.ltrans.o
                0x000000000000a07e                elyUARTDLLTxCB
 .text.elyRegGetBlock
                0x000000000000a0e0       0x4e /tmp/ccacTzLw.ltrans6.ltrans.o
                0x000000000000a0e0                elyRegGetBlock
 .text.is_fw_buf
                0x000000000000a12e       0x3c /tmp/ccacTzLw.ltrans7.ltrans.o
 .text.nl_allocator
                0x000000000000a16a       0x26 /tmp/ccacTzLw.ltrans7.ltrans.o
 .text.clamp_err.lto_priv.111.lto_priv.230
                0x000000000000a190       0x64 /tmp/ccacTzLw.ltrans7.ltrans.o
                0x000000000000a190                clamp_err.lto_priv.113.lto_priv.232
                0x000000000000a190                clamp_err.lto_priv.112.lto_priv.231
                0x000000000000a190                clamp_err.lto_priv.111.lto_priv.230
 .text.port_unlock.lto_priv.114.lto_priv.166
                0x000000000000a1f4        0xa /tmp/ccacTzLw.ltrans7.ltrans.o
                0x000000000000a1f4                port_unlock.lto_priv.123.lto_priv.163
                0x000000000000a1f4                port_unlock.lto_priv.117.lto_priv.267
                0x000000000000a1f4                port_unlock.lto_priv.116.lto_priv.277
                0x000000000000a1f4                port_unlock.lto_priv.128.lto_priv.233
                0x000000000000a1f4                port_unlock.lto_priv.130.lto_priv.160
                0x000000000000a1f4                port_unlock.lto_priv.126.lto_priv.262
                0x000000000000a1f4                port_unlock.lto_priv.131.lto_priv.155
                0x000000000000a1f4                port_unlock.lto_priv.118.lto_priv.276
                0x000000000000a1f4                port_unlock.lto_priv.125.lto_priv.264
                0x000000000000a1f4                port_unlock.lto_priv.121.lto_priv.165
                0x000000000000a1f4                port_unlock.lto_priv.132.lto_priv.236
                0x000000000000a1f4                port_unlock.lto_priv.122.lto_priv.271
                0x000000000000a1f4                port_unlock.lto_priv.127.lto_priv.237
                0x000000000000a1f4                port_unlock.lto_priv.119.lto_priv.274
                0x000000000000a1f4                port_unlock.lto_priv.115.lto_priv.157
                0x000000000000a1f4                port_unlock.lto_priv.114.lto_priv.166
                0x000000000000a1f4                port_unlock.lto_priv.129.lto_priv.269
 .text.port_lock.lto_priv.108
                0x000000000000a1fe        0x8 /tmp/ccacTzLw.ltrans7.ltrans.o
                0x000000000000a1fe                port_lock.lto_priv.138.lto_priv.164
                0x000000000000a1fe                port_lock.lto_priv.136.lto_priv.273
                0x000000000000a1fe                port_lock.lto_priv.134.lto_priv.278
                0x000000000000a1fe                port_lock.lto_priv.147.lto_priv.159
                0x000000000000a1fe                port_lock.lto_priv.145.lto_priv.234
                0x000000000000a1fe                port_lock.lto_priv.139.lto_priv.270
                0x000000000000a1fe                port_disable.lto_priv.106
                0x000000000000a1fe                port_lock.lto_priv.140.lto_priv.162
                0x000000000000a1fe                port_lock.lto_priv.144.lto_priv.238
                0x000000000000a1fe                port_lock.lto_priv.148.lto_priv.156
                0x000000000000a1fe                port_lock.lto_priv.133.lto_priv.158
                0x000000000000a1fe                port_lock.lto_priv.146.lto_priv.268
                0x000000000000a1fe                port_lock.lto_priv.108
                0x000000000000a1fe                port_lock.lto_priv.143.lto_priv.263
                0x000000000000a1fe                port_lock.lto_priv.135.lto_priv.266
                0x000000000000a1fe                port_lock.lto_priv.149.lto_priv.235
                0x000000000000a1fe                port_lock.lto_priv.142.lto_priv.265
                0x000000000000a1fe                port_suspend.lto_priv.279
 .text.elyNLValidate
                0x000000000000a206       0x54 /tmp/ccacTzLw.ltrans7.ltrans.o
                0x000000000000a206                elyNLValidate
 .text.rf_pass.lto_priv.154
                0x000000000000a25a       0x40 /tmp/ccacTzLw.ltrans7.ltrans.o
                0x000000000000a25a                rf_pass.lto_priv.154
 .text.uart_pass.lto_priv.153
                0x000000000000a29a       0x3e /tmp/ccacTzLw.ltrans7.ltrans.o
                0x000000000000a29a                uart_pass.lto_priv.153
 .text.fw.lto_priv.107
                0x000000000000a2d8       0x32 /tmp/ccacTzLw.ltrans7.ltrans.o
                0x000000000000a2d8                fw.lto_priv.107
 .text.elyRFDLLRxInit.constprop.15
                0x000000000000a30a      0x10e /tmp/ccacTzLw.ltrans7.ltrans.o
                0x000000000000a30a                elyRFDLLRxInit.constprop.15
 .text.elyNLFreeBufferCheckedI
                0x000000000000a418       0x3e /tmp/ccacTzLw.ltrans7.ltrans.o
                0x000000000000a418                elyNLFreeBufferCheckedI
 .text.elyNLFreeBuffer
                0x000000000000a456       0x34 /tmp/ccacTzLw.ltrans7.ltrans.o
                0x000000000000a456                elyNLFreeBuffer
 .text.elyNLFreeBufferChecked
                0x000000000000a48a       0x20 /tmp/ccacTzLw.ltrans7.ltrans.o
                0x000000000000a48a                elyNLFreeBufferChecked
 .text.startup.main
                0x000000000000a4aa      0x31e /tmp/ccacTzLw.ltrans7.ltrans.o
                0x000000000000a4aa                main
 .text.sx1212FifoRead.constprop.35
                0x000000000000a7c8       0xa4 /tmp/ccacTzLw.ltrans8.ltrans.o
                0x000000000000a7c8                sx1212FifoRead.constprop.35
 .text.chThdResumeI.constprop.104
                0x000000000000a86c       0x2a /tmp/ccacTzLw.ltrans8.ltrans.o
                0x000000000000a86c                chThdResumeI.constprop.104
 .text.gptStartOneShotI.constprop.89
                0x000000000000a896       0x54 /tmp/ccacTzLw.ltrans8.ltrans.o
                0x000000000000a896                gptStartOneShotI.constprop.89
 .text.sx1278SetRegister.constprop.70
                0x000000000000a8ea       0xcc /tmp/ccacTzLw.ltrans8.ltrans.o
                0x000000000000a8ea                sx1278SetRegister.constprop.70
 .text.sx1278SetBitrate.constprop.64
                0x000000000000a9b6       0x62 /tmp/ccacTzLw.ltrans8.ltrans.o
                0x000000000000a9b6                sx1278SetBitrate.constprop.64
 .text.sx1278SetDeviation.constprop.63
                0x000000000000aa18       0x56 /tmp/ccacTzLw.ltrans8.ltrans.o
                0x000000000000aa18                sx1278SetDeviation.constprop.63
 .text.sx1278SetFrequency.constprop.62
                0x000000000000aa6e       0xee /tmp/ccacTzLw.ltrans8.ltrans.o
                0x000000000000aa6e                sx1278SetFrequency.constprop.62
 .text.sx1278SetSync.constprop.59
                0x000000000000ab5c       0x6a /tmp/ccacTzLw.ltrans8.ltrans.o
                0x000000000000ab5c                sx1278SetSync.constprop.59
 .text.sx1212SetRegister.isra.0.constprop.52
                0x000000000000abc6       0x9e /tmp/ccacTzLw.ltrans8.ltrans.o
                0x000000000000abc6                sx1212SetRegister.isra.0.constprop.52
 .text.sx1212SetMode.constprop.51
                0x000000000000ac64       0x1a /tmp/ccacTzLw.ltrans8.ltrans.o
                0x000000000000ac64                sx1212SetMode.constprop.51
 .text.sx1212SetSync.constprop.40
                0x000000000000ac7e       0x38 /tmp/ccacTzLw.ltrans8.ltrans.o
                0x000000000000ac7e                sx1212SetSync.constprop.40
 .text.sx1212SetBitrate.constprop.43
                0x000000000000acb6       0xfa /tmp/ccacTzLw.ltrans8.ltrans.o
                0x000000000000acb6                sx1212SetBitrate.constprop.43
 .text.sx1212SetDeviation.constprop.42
                0x000000000000adb0       0x54 /tmp/ccacTzLw.ltrans8.ltrans.o
                0x000000000000adb0                sx1212SetDeviation.constprop.42
 .text.sx1212SetFrequency.constprop.41
                0x000000000000ae04      0x2fc /tmp/ccacTzLw.ltrans8.ltrans.o
                0x000000000000ae04                sx1212SetFrequency.constprop.41
 .text.sx1212SetRxBw.constprop.39
                0x000000000000b100       0x38 /tmp/ccacTzLw.ltrans8.ltrans.o
                0x000000000000b100                sx1212SetRxBw.constprop.39
 .text.sx1212ReceiveI.constprop.37
                0x000000000000b138       0x4c /tmp/ccacTzLw.ltrans8.ltrans.o
                0x000000000000b138                sx1212ReceiveI.constprop.37
 .text.nl_route.constprop.31
                0x000000000000b184       0xaa /tmp/ccacTzLw.ltrans8.ltrans.o
                0x000000000000b184                nl_route.constprop.31
 .text.elyFramGetRequestTimeoutS.constprop.25
                0x000000000000b22e       0x46 /tmp/ccacTzLw.ltrans8.ltrans.o
                0x000000000000b22e                elyFramGetRequestTimeoutS.constprop.25
 .text.udivmodsi4
                0x000000000000b274       0x8a /root/ti-tools/part2/msp430-gcc-6.2.1.16_linux64/bin/../lib/gcc/msp430-elf/6.2.1/large/libgcc.a(lib2divSI.o)
                0x000000000000b274                udivmodsi4
 .text.__udivsi3
                0x000000000000b2fe       0x12 /root/ti-tools/part2/msp430-gcc-6.2.1.16_linux64/bin/../lib/gcc/msp430-elf/6.2.1/large/libgcc.a(lib2divSI.o)
                0x000000000000b2fe                __mspabi_divul
                0x000000000000b2fe                __mspabi_divlu
 .text          0x000000000000b310       0x74 /root/ti-tools/part2/msp430-gcc-6.2.1.16_linux64/bin/../lib/gcc/msp430-elf/6.2.1/large/libgcc.a(slli.o)
                0x000000000000b310                __mspabi_slli_15
                0x000000000000b312                __mspabi_slli_14
                0x000000000000b314                __mspabi_slli_13
                0x000000000000b316                __mspabi_slli_12
                0x000000000000b318                __mspabi_slli_11
                0x000000000000b31a                __mspabi_slli_10
                0x000000000000b31c                __mspabi_slli_9
                0x000000000000b31e                __mspabi_slli_8
                0x000000000000b320                __mspabi_slli_7
                0x000000000000b322                __mspabi_slli_6
                0x000000000000b324                __mspabi_slli_5
                0x000000000000b326                __mspabi_slli_4
                0x000000000000b328                __mspabi_slli_3
                0x000000000000b32a                __mspabi_slli_2
                0x000000000000b32c                __mspabi_slli_1
                0x000000000000b334                __mspabi_slli
                0x000000000000b33a                __mspabi_slll_15
                0x000000000000b33e                __mspabi_slll_14
                0x000000000000b342                __mspabi_slll_13
                0x000000000000b346                __mspabi_slll_12
                0x000000000000b34a                __mspabi_slll_11
                0x000000000000b34e                __mspabi_slll_10
                0x000000000000b352                __mspabi_slll_9
                0x000000000000b356                __mspabi_slll_8
                0x000000000000b35a                __mspabi_slll_7
                0x000000000000b35e                __mspabi_slll_6
                0x000000000000b362                __mspabi_slll_5
                0x000000000000b366                __mspabi_slll_4
                0x000000000000b36a                __mspabi_slll_3
                0x000000000000b36e                __mspabi_slll_2
                0x000000000000b372                __mspabi_slll_1
                0x000000000000b37e                __mspabi_slll
 .text          0x000000000000b384       0xb4 /root/ti-tools/part2/msp430-gcc-6.2.1.16_linux64/bin/../lib/gcc/msp430-elf/6.2.1/large/libgcc.a(srli.o)
                0x000000000000b384                __mspabi_srli_15
                0x000000000000b388                __mspabi_srli_14
                0x000000000000b38c                __mspabi_srli_13
                0x000000000000b390                __mspabi_srli_12
                0x000000000000b394                __mspabi_srli_11
                0x000000000000b398                __mspabi_srli_10
                0x000000000000b39c                __mspabi_srli_9
                0x000000000000b3a0                __mspabi_srli_8
                0x000000000000b3a4                __mspabi_srli_7
                0x000000000000b3a8                __mspabi_srli_6
                0x000000000000b3ac                __mspabi_srli_5
                0x000000000000b3b0                __mspabi_srli_4
                0x000000000000b3b4                __mspabi_srli_3
                0x000000000000b3b8                __mspabi_srli_2
                0x000000000000b3bc                __mspabi_srli_1
                0x000000000000b3c8                __mspabi_srli
                0x000000000000b3ce                __mspabi_srll_15
                0x000000000000b3d4                __mspabi_srll_14
                0x000000000000b3da                __mspabi_srll_13
                0x000000000000b3e0                __mspabi_srll_12
                0x000000000000b3e6                __mspabi_srll_11
                0x000000000000b3ec                __mspabi_srll_10
                0x000000000000b3f2                __mspabi_srll_9
                0x000000000000b3f8                __mspabi_srll_8
                0x000000000000b3fe                __mspabi_srll_7
                0x000000000000b404                __mspabi_srll_6
                0x000000000000b40a                __mspabi_srll_5
                0x000000000000b410                __mspabi_srll_4
                0x000000000000b416                __mspabi_srll_3
                0x000000000000b41c                __mspabi_srll_2
                0x000000000000b422                __mspabi_srll_1
                0x000000000000b432                __mspabi_srll
 .text          0x000000000000b438       0x28 /root/ti-tools/part2/msp430-gcc-6.2.1.16_linux64/bin/../lib/gcc/msp430-elf/6.2.1/large/libgcc.a(cmpsi2.o)
                0x000000000000b438                __cmpsi2
                0x000000000000b450                __ucmpsi2
 .text.__mulhi2_f5
                0x000000000000b460       0x16 /root/ti-tools/part2/msp430-gcc-6.2.1.16_linux64/bin/../lib/gcc/msp430-elf/6.2.1/large/libmul_f5.a(lib2hw_mul_f5.o)
                0x000000000000b460                __mulhi2_f5
                0x000000000000b460                __mspabi_mpyi_f5hw
                0x000000000000b460                __mspabi_mpyi
 .text.__mulsi2_f5
                0x000000000000b476       0x22 /root/ti-tools/part2/msp430-gcc-6.2.1.16_linux64/bin/../lib/gcc/msp430-elf/6.2.1/large/libmul_f5.a(lib2hw_mul_f5.o)
                0x000000000000b476                __mspabi_mpyl
                0x000000000000b476                __mspabi_mpyl_f5hw
                0x000000000000b476                __mulsi2_f5
 .text.memcpy   0x000000000000b498       0x1e /root/ti-tools/part2/msp430-gcc-6.2.1.16_linux64/bin/../lib/gcc/msp430-elf/6.2.1/../../../../msp430-elf/lib/large/libc.a(lib_a-memcpy.o)
                0x000000000000b498                memcpy
 .text.memset   0x000000000000b4b6       0x1a /root/ti-tools/part2/msp430-gcc-6.2.1.16_linux64/bin/../lib/gcc/msp430-elf/6.2.1/../../../../msp430-elf/lib/large/libc.a(lib_a-memset.o)
                0x000000000000b4b6                memset
 .text.memmove  0x000000000000b4d0       0x52 /root/ti-tools/part2/msp430-gcc-6.2.1.16_linux64/bin/../lib/gcc/msp430-elf/6.2.1/../../../../msp430-elf/lib/large/libc.a(lib_a-memmove.o)
                0x000000000000b4d0                memmove
 *(.text.*personality*)
 *(.gnu.warning)
 *(.interp .hash .dynsym .dynstr .gnu.version*)
                [!provide]                        PROVIDE (__etext, .)
                [!provide]                        PROVIDE (_etext, .)
                [!provide]                        PROVIDE (etext, .)
                0x000000000000b522                . = ALIGN (0x2)
 *(.init)
 *(.fini)
 *(.tm_clone_table)

.stack          0x000000000000b522      0x100
                0x000000000000b522                __main_thread_stack_end__ = .
 *(.stack)
                0x000000000000b622                . = (. + __idle_stack_size__)
 *fill*         0x000000000000b522      0x100 
                0x000000000000b622                PROVIDE (__stack, .)
                0x000000000000b622                . = ALIGN (0x2)
                0x000000000000b622                __main_thread_stack_base__ = .

.rodata         0x000000000000b622       0x23
                0x000000000000b622                . = ALIGN (0x2)
 *(.plt)
 *(.rodata .rodata.* .gnu.linkonce.r.* .const .const:*)
 .rodata        0x000000000000b622       0x23 /tmp/ccacTzLw.ltrans5.ltrans.o
 *(.rodata1)
 *(.lower.rodata.* .lower.rodata)
 *(.gcc_except_table)
 *(.gcc_except_table.*)
                [!provide]                        PROVIDE (__preinit_array_start, .)
 *(.preinit_array)
                [!provide]                        PROVIDE (__preinit_array_end, .)
                [!provide]                        PROVIDE (__init_array_start, .)
 *(SORT(.init_array.*))
 *(.init_array)
                [!provide]                        PROVIDE (__init_array_end, .)
                [!provide]                        PROVIDE (__fini_array_start, .)
 *(.fini_array)
 *(SORT(.fini_array.*))
                [!provide]                        PROVIDE (__fini_array_end, .)

.rodata2        0x000000000000b648       0x48
                0x000000000000b648                . = ALIGN (0x2)
 *(.eh_frame_hdr)
 *(.eh_frame)
 .eh_frame      0x000000000000b648       0x48 /root/ti-tools/part2/msp430-gcc-6.2.1.16_linux64/bin/../lib/gcc/msp430-elf/6.2.1/large/libgcc.a(_udivdi3.o)
 *crtbegin*.o(.ctors)
 *(EXCLUDE_FILE(*crtend*.o) .ctors)
 *(SORT(.ctors.*))
 *(.ctors)
 *crtbegin*.o(.dtors)
 *(EXCLUDE_FILE(*crtend*.o) .dtors)
 *(SORT(.dtors.*))
 *(.dtors)

.persistent     0x000000000000b690     0x270a
                0x000000000000b690                . = ALIGN (0x2)
                [!provide]                        PROVIDE (__persistent_start, .)
 *(.persistent)
 .persistent    0x000000000000b690       0xa8 /tmp/ccacTzLw.ltrans0.ltrans.o
                0x000000000000b6b2                tf_idx.lto_priv.170
                0x000000000000b6b4                tf_len.lto_priv.171
 .persistent    0x000000000000b738      0x45a /tmp/ccacTzLw.ltrans1.ltrans.o
 .persistent    0x000000000000bb92        0x2 /tmp/ccacTzLw.ltrans3.ltrans.o
 .persistent    0x000000000000bb94       0x5e /tmp/ccacTzLw.ltrans6.ltrans.o
 .persistent    0x000000000000bbf2     0x209a /tmp/ccacTzLw.ltrans7.ltrans.o
                0x000000000000dc56                uart_mbox.lto_priv.180
                0x000000000000dc6a                rf_mbox
                0x000000000000dc7e                main_mpool.lto_priv.152
                0x000000000000dc8a                dll_state.lto_priv.151
 .persistent    0x000000000000dc8c      0x10e /tmp/ccacTzLw.ltrans8.ltrans.o
                0x000000000000dc8c                bank0.lto_priv.150
                0x000000000000dd8c                fram_mpool.lto_priv.167
                0x000000000000dd98                fram_pool_sem.lto_priv.168
                0x000000000000dd9a                . = ALIGN (0x2)
                [!provide]                        PROVIDE (__persistent_end, .)

.data           0x0000000000001c00        0x0 load address 0x000000000000dd9a
                0x0000000000001c00                . = ALIGN (0x2)
                [!provide]                        PROVIDE (__datastart, .)
 *(.jcr)
 *(.data.rel.ro.local)
 *(.data.rel.ro*)
 *(.dynamic)
 *(.data .data.* .gnu.linkonce.d.*)
 *(.gnu.linkonce.d.*personality*)
 *(.data1)
 *(.got.plt)
 *(.got)
                0x0000000000001c00                . = ALIGN (0x2)
 *(.sdata .sdata.* .gnu.linkonce.s.* D_2 D_1)
                0x0000000000001c00                . = ALIGN (0x2)
 *(.lower.data.* .lower.data)
                0x0000000000001c00                . = ALIGN (0x2)
                0x0000000000001c00                _edata = .
                [!provide]                        PROVIDE (edata, .)
                [!provide]                        PROVIDE (__dataend, .)
                [!provide]                        PROVIDE (__romdatastart, LOADADDR (.data))
                [!provide]                        PROVIDE (__romdatacopysize, SIZEOF (.data))

.bss            0x000000000000dd9a      0x44c
                0x000000000000dd9a                . = ALIGN (0x2)
                0x000000000000dd9a                PROVIDE (__bssstart, .)
 *(.dynbss)
 *(.sbss .sbss.*)
 *(.bss .bss.* .gnu.linkonce.b.*)
 .bss           0x000000000000dd9a       0x1c /tmp/ccacTzLw.ltrans0.ltrans.o
 .bss           0x000000000000ddb6       0x12 /tmp/ccacTzLw.ltrans1.ltrans.o
 .bss           0x000000000000ddc8       0x12 /tmp/ccacTzLw.ltrans2.ltrans.o
 .bss           0x000000000000ddda      0x3d2 /tmp/ccacTzLw.ltrans5.ltrans.o
 .bss           0x000000000000e1ac        0x6 /tmp/ccacTzLw.ltrans6.ltrans.o
 .bss           0x000000000000e1b2       0x34 /tmp/ccacTzLw.ltrans7.ltrans.o
 *(.lower.bss.* .lower.bss)
                0x000000000000e1e6                . = ALIGN (0x2)
 *(COMMON)
                [!provide]                        PROVIDE (__bssend, .)
                0x000000000000044c                PROVIDE (__bsssize, SIZEOF (.bss))

.noinit         0x000000000000e1e6        0x0
                0x000000000000e1e6                . = ALIGN (0x2)
                [!provide]                        PROVIDE (__noinit_start, .)
 *(.noinit)
                0x000000000000e1e6                . = ALIGN (0x2)
                [!provide]                        PROVIDE (__noinit_end, .)

.upper.rodata   0x0000000000010000      0x604
 *(.upper.rodata.* .upper.rodata)
 .upper.rodata  0x0000000000010000       0xf8 /tmp/ccacTzLw.ltrans0.ltrans.o
                0x000000000001006d                __func__.2651.lto_priv.179
 .upper.rodata  0x00000000000100f8       0x4c /tmp/ccacTzLw.ltrans1.ltrans.o
 .upper.rodata  0x0000000000010144       0x11 /tmp/ccacTzLw.ltrans2.ltrans.o
 *fill*         0x0000000000010155        0x1 
 .upper.rodata  0x0000000000010156      0x10a /tmp/ccacTzLw.ltrans3.ltrans.o
 .upper.rodata  0x0000000000010260       0x14 /tmp/ccacTzLw.ltrans4.ltrans.o
 .upper.rodata  0x0000000000010274      0x144 /tmp/ccacTzLw.ltrans5.ltrans.o
 .upper.rodata  0x00000000000103b8      0x119 /tmp/ccacTzLw.ltrans6.ltrans.o
 .upper.rodata  0x00000000000104d1       0x21 /tmp/ccacTzLw.ltrans7.ltrans.o
                0x00000000000104d1                __func__.2619.lto_priv.169
 .upper.rodata  0x00000000000104f2      0x112 /tmp/ccacTzLw.ltrans8.ltrans.o
                0x00000000000104f2                bank0w
                0x00000000000104f2                bank0p

.upper.data     0x0000000000010604      0x81e
                0x0000000000010604                __upper_data_init = LOADADDR (.upper.data)
                0x0000000000010604        0x2 SHORT 0x0
                0x0000000000010606                __high_datastart = .
 *(.upper.data.* .upper.data)
 .upper.data    0x0000000000010606      0x800 /tmp/ccacTzLw.ltrans0.ltrans.o
 .upper.data    0x0000000000010e06        0x2 /tmp/ccacTzLw.ltrans1.ltrans.o
 .upper.data    0x0000000000010e08        0x1 /tmp/ccacTzLw.ltrans6.ltrans.o
                0x0000000000010e08                tx_state.lto_priv.254
 *fill*         0x0000000000010e09        0x1 
 .upper.data    0x0000000000010e0a       0x18 /tmp/ccacTzLw.ltrans7.ltrans.o
                0x0000000000010e0a                main_mbox.lto_priv.176
                0x0000000000010e22                __high_dataend = .
                0x000000000000081c                __rom_highdatacopysize = (SIZEOF (.upper.data) - 0x2)

.upper.rom      0x0000000000010e22      0x81c
                0x0000000000010e22                __rom_highdatastart = .
                0x000000000001163e                . = (. + __rom_highdatacopysize)
 *fill*         0x0000000000010e22      0x81c 

.upper.bss      0x000000000001163e      0x43c
                0x000000000001163e                . = ALIGN (0x2)
                0x000000000001163e                __high_bssstart = .
 *(.upper.bss.* .upper.bss)
 .upper.bss     0x000000000001163e        0x1 /tmp/ccacTzLw.ltrans2.ltrans.o
                0x000000000001163e                __msp430x_in_isr
 *fill*         0x000000000001163f        0x1 
 .upper.bss     0x0000000000011640        0x6 /tmp/ccacTzLw.ltrans3.ltrans.o
                0x0000000000011640                active_buffer.lto_priv.244
                0x0000000000011644                regs_in_progress.lto_priv.245
 .upper.bss     0x0000000000011646      0x224 /tmp/ccacTzLw.ltrans6.ltrans.o
                0x0000000000011646                regs_sem.lto_priv.173
                0x0000000000011648                tx_read_ptr.lto_priv.253
                0x000000000001164c                tx_active_buffer.lto_priv.249
                0x0000000000011650                tx_n.lto_priv.252
                0x0000000000011654                next_tx_ptr.lto_priv.256
                0x0000000000011658                next_cnt.lto_priv.255
                0x000000000001165c                uart_thd.lto_priv.261
                0x0000000000011660                bytes_available.lto_priv.250
                0x0000000000011664                rx_buf.lto_priv.251
                0x0000000000011868                crc_state.lto_priv.177
 .upper.bss     0x000000000001186a      0x110 /tmp/ccacTzLw.ltrans7.ltrans.o
                0x000000000001186a                uart_thd.lto_priv.181
                0x000000000001186e                dma_queue.lto_priv.275
                0x0000000000011870                SPIDA0
                0x00000000000118cc                UARTDA1
                0x0000000000011930                sh_len.lto_priv.178
                0x0000000000011934                I2CDB0
                0x0000000000011972                tr
                0x0000000000011976                rf_thd
 .upper.bss     0x000000000001197a      0x100 /tmp/ccacTzLw.ltrans8.ltrans.o
                0x000000000001197a                port_callback_map
                0x00000000000119fa                SX1212D1
                0x0000000000011a16                SX1278D1
                0x0000000000011a22                GPTDA1
                0x0000000000011a2c                nil
                0x0000000000011a7a                . = ALIGN (0x2)
                0x0000000000011a7a                __high_bssend = .
                0x000000000000043c                __high_bsssize = SIZEOF (.upper.bss)

.upper.text     0x0000000000011a7a        0x0
                0x0000000000011a7a                . = ALIGN (0x2)
 *(.upper.text.* .upper.text)

.info           0x0000000000001800       0xc8
                0x0000000000001800                . = ALIGN (0x2)
 *(.info)
 .info          0x0000000000001800       0xc8 build/obj/bootloader.o

.bootloader.flag
                0x00000000000019fc        0x2
                0x00000000000019fc                bootloader = .
                0x00000000000019fc        0x2 SHORT 0x0

.infoA

.infoB

.infoC

.infoD

.MP430.attributes
                0x0000000000000000      0x2b2
 *(.MSP430.attributes)
 .MSP430.attributes
                0x0000000000000000       0x17 /root/ti-tools/part2/msp430-gcc-6.2.1.16_linux64/bin/../lib/gcc/msp430-elf/6.2.1/../../../../msp430-elf/lib/large/crt0-minrt.o
 .MSP430.attributes
                0x0000000000000017       0x17 build/obj/bootloader.o
 .MSP430.attributes
                0x000000000000002e       0x17 /tmp/ccacTzLw.ltrans0.ltrans.o
 .MSP430.attributes
                0x0000000000000045       0x17 /tmp/ccacTzLw.ltrans1.ltrans.o
 .MSP430.attributes
                0x000000000000005c       0x17 /tmp/ccacTzLw.ltrans2.ltrans.o
 .MSP430.attributes
                0x0000000000000073       0x17 /tmp/ccacTzLw.ltrans3.ltrans.o
 .MSP430.attributes
                0x000000000000008a       0x17 /tmp/ccacTzLw.ltrans4.ltrans.o
 .MSP430.attributes
                0x00000000000000a1       0x17 /tmp/ccacTzLw.ltrans5.ltrans.o
 .MSP430.attributes
                0x00000000000000b8       0x17 /tmp/ccacTzLw.ltrans6.ltrans.o
 .MSP430.attributes
                0x00000000000000cf       0x17 /tmp/ccacTzLw.ltrans7.ltrans.o
 .MSP430.attributes
                0x00000000000000e6       0x17 /tmp/ccacTzLw.ltrans8.ltrans.o
 .MSP430.attributes
                0x00000000000000fd       0x17 /root/ti-tools/part2/msp430-gcc-6.2.1.16_linux64/bin/../lib/gcc/msp430-elf/6.2.1/../../../../msp430-elf/lib/large/libcrt.a(crt_main_minrt.o)
 .MSP430.attributes
                0x0000000000000114       0x17 /root/ti-tools/part2/msp430-gcc-6.2.1.16_linux64/bin/../lib/gcc/msp430-elf/6.2.1/../../../../msp430-elf/lib/large/crtn-minrt.o
 .MSP430.attributes
                0x000000000000012b       0x17 /root/ti-tools/part2/msp430-gcc-6.2.1.16_linux64/bin/../lib/gcc/msp430-elf/6.2.1/large/libgcc.a(lib2divSI.o)
 .MSP430.attributes
                0x0000000000000142       0x17 /root/ti-tools/part2/msp430-gcc-6.2.1.16_linux64/bin/../lib/gcc/msp430-elf/6.2.1/large/libgcc.a(slli.o)
 .MSP430.attributes
                0x0000000000000159       0x17 /root/ti-tools/part2/msp430-gcc-6.2.1.16_linux64/bin/../lib/gcc/msp430-elf/6.2.1/large/libgcc.a(srli.o)
 .MSP430.attributes
                0x0000000000000170       0x17 /root/ti-tools/part2/msp430-gcc-6.2.1.16_linux64/bin/../lib/gcc/msp430-elf/6.2.1/large/libgcc.a(cmpsi2.o)
 .MSP430.attributes
                0x0000000000000187       0x17 /root/ti-tools/part2/msp430-gcc-6.2.1.16_linux64/bin/../lib/gcc/msp430-elf/6.2.1/large/libgcc.a(_udivdi3.o)
 .MSP430.attributes
                0x000000000000019e       0x17 /root/ti-tools/part2/msp430-gcc-6.2.1.16_linux64/bin/../lib/gcc/msp430-elf/6.2.1/large/libgcc.a(_lshrdi3.o)
 .MSP430.attributes
                0x00000000000001b5       0x17 /root/ti-tools/part2/msp430-gcc-6.2.1.16_linux64/bin/../lib/gcc/msp430-elf/6.2.1/large/libgcc.a(_ashldi3.o)
 .MSP430.attributes
                0x00000000000001cc       0x17 /root/ti-tools/part2/msp430-gcc-6.2.1.16_linux64/bin/../lib/gcc/msp430-elf/6.2.1/large/libgcc.a(_clzdi2.o)
 .MSP430.attributes
                0x00000000000001e3       0x17 /root/ti-tools/part2/msp430-gcc-6.2.1.16_linux64/bin/../lib/gcc/msp430-elf/6.2.1/large/libgcc.a(_clz.o)
 .MSP430.attributes
                0x00000000000001fa       0x17 /root/ti-tools/part2/msp430-gcc-6.2.1.16_linux64/bin/../lib/gcc/msp430-elf/6.2.1/large/libmul_f5.a(lib2hw_mul_f5.o)
 .MSP430.attributes
                0x0000000000000211       0x17 /root/ti-tools/part2/msp430-gcc-6.2.1.16_linux64/bin/../lib/gcc/msp430-elf/6.2.1/../../../../msp430-elf/lib/large/libc.a(lib_a-memcpy.o)
 .MSP430.attributes
                0x0000000000000228       0x17 /root/ti-tools/part2/msp430-gcc-6.2.1.16_linux64/bin/../lib/gcc/msp430-elf/6.2.1/../../../../msp430-elf/lib/large/libc.a(lib_a-memset.o)
 .MSP430.attributes
                0x000000000000023f       0x17 /root/ti-tools/part2/msp430-gcc-6.2.1.16_linux64/bin/../lib/gcc/msp430-elf/6.2.1/large/libgcc.a(_muldi3.o)
 .MSP430.attributes
                0x0000000000000256       0x17 /root/ti-tools/part2/msp430-gcc-6.2.1.16_linux64/bin/../lib/gcc/msp430-elf/6.2.1/../../../../msp430-elf/lib/large/libcrt.a(crt_bss.o)
 .MSP430.attributes
                0x000000000000026d       0x17 /root/ti-tools/part2/msp430-gcc-6.2.1.16_linux64/bin/../lib/gcc/msp430-elf/6.2.1/../../../../msp430-elf/lib/large/libcrt.a(crt_high_bss.o)
 .MSP430.attributes
                0x0000000000000284       0x17 /root/ti-tools/part2/msp430-gcc-6.2.1.16_linux64/bin/../lib/gcc/msp430-elf/6.2.1/../../../../msp430-elf/lib/large/libcrt.a(crt_move_highdata.o)
 .MSP430.attributes
                0x000000000000029b       0x17 /root/ti-tools/part2/msp430-gcc-6.2.1.16_linux64/bin/../lib/gcc/msp430-elf/6.2.1/../../../../msp430-elf/lib/large/libc.a(lib_a-memmove.o)
 *(.gnu.attributes)
 *(__TI_build_attributes)

.stab
 *(.stab)

.stabstr
 *(.stabstr)

.stab.excl
 *(.stab.excl)

.stab.exclstr
 *(.stab.exclstr)

.stab.index
 *(.stab.index)

.stab.indexstr
 *(.stab.indexstr)

.comment        0x0000000000000000       0x49
 *(.comment)
 .comment       0x0000000000000000       0x49 /tmp/ccacTzLw.ltrans0.ltrans.o
                                         0x4a (size before relaxing)
 .comment       0x0000000000000049       0x4a /tmp/ccacTzLw.ltrans1.ltrans.o
 .comment       0x0000000000000049       0x4a /tmp/ccacTzLw.ltrans2.ltrans.o
 .comment       0x0000000000000049       0x4a /tmp/ccacTzLw.ltrans3.ltrans.o
 .comment       0x0000000000000049       0x4a /tmp/ccacTzLw.ltrans4.ltrans.o
 .comment       0x0000000000000049       0x4a /tmp/ccacTzLw.ltrans5.ltrans.o
 .comment       0x0000000000000049       0x4a /tmp/ccacTzLw.ltrans6.ltrans.o
 .comment       0x0000000000000049       0x4a /tmp/ccacTzLw.ltrans7.ltrans.o
 .comment       0x0000000000000049       0x4a /tmp/ccacTzLw.ltrans8.ltrans.o
 .comment       0x0000000000000049       0x4a /root/ti-tools/part2/msp430-gcc-6.2.1.16_linux64/bin/../lib/gcc/msp430-elf/6.2.1/large/libgcc.a(lib2divSI.o)
 .comment       0x0000000000000049       0x4a /root/ti-tools/part2/msp430-gcc-6.2.1.16_linux64/bin/../lib/gcc/msp430-elf/6.2.1/large/libgcc.a(_udivdi3.o)
 .comment       0x0000000000000049       0x4a /root/ti-tools/part2/msp430-gcc-6.2.1.16_linux64/bin/../lib/gcc/msp430-elf/6.2.1/large/libgcc.a(_lshrdi3.o)
 .comment       0x0000000000000049       0x4a /root/ti-tools/part2/msp430-gcc-6.2.1.16_linux64/bin/../lib/gcc/msp430-elf/6.2.1/large/libgcc.a(_ashldi3.o)
 .comment       0x0000000000000049       0x4a /root/ti-tools/part2/msp430-gcc-6.2.1.16_linux64/bin/../lib/gcc/msp430-elf/6.2.1/large/libgcc.a(_clzdi2.o)
 .comment       0x0000000000000049       0x4a /root/ti-tools/part2/msp430-gcc-6.2.1.16_linux64/bin/../lib/gcc/msp430-elf/6.2.1/large/libgcc.a(_clz.o)
 .comment       0x0000000000000049       0x4a /root/ti-tools/part2/msp430-gcc-6.2.1.16_linux64/bin/../lib/gcc/msp430-elf/6.2.1/../../../../msp430-elf/lib/large/libc.a(lib_a-memcpy.o)
 .comment       0x0000000000000049       0x4a /root/ti-tools/part2/msp430-gcc-6.2.1.16_linux64/bin/../lib/gcc/msp430-elf/6.2.1/../../../../msp430-elf/lib/large/libc.a(lib_a-memset.o)
 .comment       0x0000000000000049       0x4a /root/ti-tools/part2/msp430-gcc-6.2.1.16_linux64/bin/../lib/gcc/msp430-elf/6.2.1/large/libgcc.a(_muldi3.o)
 .comment       0x0000000000000049       0x4a /root/ti-tools/part2/msp430-gcc-6.2.1.16_linux64/bin/../lib/gcc/msp430-elf/6.2.1/../../../../msp430-elf/lib/large/libc.a(lib_a-memmove.o)

.debug
 *(.debug)

.line
 *(.line)

.debug_srcinfo
 *(.debug_srcinfo)

.debug_sfnames
 *(.debug_sfnames)

.debug_aranges
 *(.debug_aranges)

.debug_pubnames
 *(.debug_pubnames)

.debug_info
 *(.debug_info .gnu.linkonce.wi.*)

.debug_abbrev
 *(.debug_abbrev)

.debug_line
 *(.debug_line .debug_line.* .debug_line_end)

.debug_frame
 *(.debug_frame)

.debug_str
 *(.debug_str)

.debug_loc
 *(.debug_loc)

.debug_macinfo
 *(.debug_macinfo)

.debug_weaknames
 *(.debug_weaknames)

.debug_funcnames
 *(.debug_funcnames)

.debug_typenames
 *(.debug_typenames)

.debug_varnames
 *(.debug_varnames)

.debug_pubtypes
 *(.debug_pubtypes)

.debug_ranges
 *(.debug_ranges)

.debug_macro
 *(.debug_macro)

/DISCARD/
 *(.note.GNU-stack)
                [!provide]                        PROVIDE (ADC12CTL0, 0x800)
                [!provide]                        PROVIDE (ADC12CTL0_L, 0x800)
                [!provide]                        PROVIDE (ADC12CTL0_H, 0x801)
                [!provide]                        PROVIDE (ADC12CTL1, 0x802)
                [!provide]                        PROVIDE (ADC12CTL1_L, 0x802)
                [!provide]                        PROVIDE (ADC12CTL1_H, 0x803)
                [!provide]                        PROVIDE (ADC12CTL2, 0x804)
                [!provide]                        PROVIDE (ADC12CTL2_L, 0x804)
                [!provide]                        PROVIDE (ADC12CTL2_H, 0x805)
                [!provide]                        PROVIDE (ADC12CTL3, 0x806)
                [!provide]                        PROVIDE (ADC12CTL3_L, 0x806)
                [!provide]                        PROVIDE (ADC12CTL3_H, 0x807)
                [!provide]                        PROVIDE (ADC12LO, 0x808)
                [!provide]                        PROVIDE (ADC12LO_L, 0x808)
                [!provide]                        PROVIDE (ADC12LO_H, 0x809)
                [!provide]                        PROVIDE (ADC12HI, 0x80a)
                [!provide]                        PROVIDE (ADC12HI_L, 0x80a)
                [!provide]                        PROVIDE (ADC12HI_H, 0x80b)
                [!provide]                        PROVIDE (ADC12IFGR0, 0x80c)
                [!provide]                        PROVIDE (ADC12IFGR0_L, 0x80c)
                [!provide]                        PROVIDE (ADC12IFGR0_H, 0x80d)
                [!provide]                        PROVIDE (ADC12IFGR1, 0x80e)
                [!provide]                        PROVIDE (ADC12IFGR1_L, 0x80e)
                [!provide]                        PROVIDE (ADC12IFGR1_H, 0x80f)
                [!provide]                        PROVIDE (ADC12IFGR2, 0x810)
                [!provide]                        PROVIDE (ADC12IFGR2_L, 0x810)
                [!provide]                        PROVIDE (ADC12IFGR2_H, 0x811)
                [!provide]                        PROVIDE (ADC12IER0, 0x812)
                [!provide]                        PROVIDE (ADC12IER0_L, 0x812)
                [!provide]                        PROVIDE (ADC12IER0_H, 0x813)
                [!provide]                        PROVIDE (ADC12IER1, 0x814)
                [!provide]                        PROVIDE (ADC12IER1_L, 0x814)
                [!provide]                        PROVIDE (ADC12IER1_H, 0x815)
                [!provide]                        PROVIDE (ADC12IER2, 0x816)
                [!provide]                        PROVIDE (ADC12IER2_L, 0x816)
                [!provide]                        PROVIDE (ADC12IER2_H, 0x817)
                [!provide]                        PROVIDE (ADC12IV, 0x818)
                [!provide]                        PROVIDE (ADC12IV_L, 0x818)
                [!provide]                        PROVIDE (ADC12IV_H, 0x819)
                [!provide]                        PROVIDE (ADC12MCTL0, 0x820)
                [!provide]                        PROVIDE (ADC12MCTL0_L, 0x820)
                [!provide]                        PROVIDE (ADC12MCTL0_H, 0x821)
                [!provide]                        PROVIDE (ADC12MCTL1, 0x822)
                [!provide]                        PROVIDE (ADC12MCTL1_L, 0x822)
                [!provide]                        PROVIDE (ADC12MCTL1_H, 0x823)
                [!provide]                        PROVIDE (ADC12MCTL2, 0x824)
                [!provide]                        PROVIDE (ADC12MCTL2_L, 0x824)
                [!provide]                        PROVIDE (ADC12MCTL2_H, 0x825)
                [!provide]                        PROVIDE (ADC12MCTL3, 0x826)
                [!provide]                        PROVIDE (ADC12MCTL3_L, 0x826)
                [!provide]                        PROVIDE (ADC12MCTL3_H, 0x827)
                [!provide]                        PROVIDE (ADC12MCTL4, 0x828)
                [!provide]                        PROVIDE (ADC12MCTL4_L, 0x828)
                [!provide]                        PROVIDE (ADC12MCTL4_H, 0x829)
                [!provide]                        PROVIDE (ADC12MCTL5, 0x82a)
                [!provide]                        PROVIDE (ADC12MCTL5_L, 0x82a)
                [!provide]                        PROVIDE (ADC12MCTL5_H, 0x82b)
                [!provide]                        PROVIDE (ADC12MCTL6, 0x82c)
                [!provide]                        PROVIDE (ADC12MCTL6_L, 0x82c)
                [!provide]                        PROVIDE (ADC12MCTL6_H, 0x82d)
                [!provide]                        PROVIDE (ADC12MCTL7, 0x82e)
                [!provide]                        PROVIDE (ADC12MCTL7_L, 0x82e)
                [!provide]                        PROVIDE (ADC12MCTL7_H, 0x82f)
                [!provide]                        PROVIDE (ADC12MCTL8, 0x830)
                [!provide]                        PROVIDE (ADC12MCTL8_L, 0x830)
                [!provide]                        PROVIDE (ADC12MCTL8_H, 0x831)
                [!provide]                        PROVIDE (ADC12MCTL9, 0x832)
                [!provide]                        PROVIDE (ADC12MCTL9_L, 0x832)
                [!provide]                        PROVIDE (ADC12MCTL9_H, 0x833)
                [!provide]                        PROVIDE (ADC12MCTL10, 0x834)
                [!provide]                        PROVIDE (ADC12MCTL10_L, 0x834)
                [!provide]                        PROVIDE (ADC12MCTL10_H, 0x835)
                [!provide]                        PROVIDE (ADC12MCTL11, 0x836)
                [!provide]                        PROVIDE (ADC12MCTL11_L, 0x836)
                [!provide]                        PROVIDE (ADC12MCTL11_H, 0x837)
                [!provide]                        PROVIDE (ADC12MCTL12, 0x838)
                [!provide]                        PROVIDE (ADC12MCTL12_L, 0x838)
                [!provide]                        PROVIDE (ADC12MCTL12_H, 0x839)
                [!provide]                        PROVIDE (ADC12MCTL13, 0x83a)
                [!provide]                        PROVIDE (ADC12MCTL13_L, 0x83a)
                [!provide]                        PROVIDE (ADC12MCTL13_H, 0x83b)
                [!provide]                        PROVIDE (ADC12MCTL14, 0x83c)
                [!provide]                        PROVIDE (ADC12MCTL14_L, 0x83c)
                [!provide]                        PROVIDE (ADC12MCTL14_H, 0x83d)
                [!provide]                        PROVIDE (ADC12MCTL15, 0x83e)
                [!provide]                        PROVIDE (ADC12MCTL15_L, 0x83e)
                [!provide]                        PROVIDE (ADC12MCTL15_H, 0x83f)
                [!provide]                        PROVIDE (ADC12MCTL16, 0x840)
                [!provide]                        PROVIDE (ADC12MCTL16_L, 0x840)
                [!provide]                        PROVIDE (ADC12MCTL16_H, 0x841)
                [!provide]                        PROVIDE (ADC12MCTL17, 0x842)
                [!provide]                        PROVIDE (ADC12MCTL17_L, 0x842)
                [!provide]                        PROVIDE (ADC12MCTL17_H, 0x843)
                [!provide]                        PROVIDE (ADC12MCTL18, 0x844)
                [!provide]                        PROVIDE (ADC12MCTL18_L, 0x844)
                [!provide]                        PROVIDE (ADC12MCTL18_H, 0x845)
                [!provide]                        PROVIDE (ADC12MCTL19, 0x846)
                [!provide]                        PROVIDE (ADC12MCTL19_L, 0x846)
                [!provide]                        PROVIDE (ADC12MCTL19_H, 0x847)
                [!provide]                        PROVIDE (ADC12MCTL20, 0x848)
                [!provide]                        PROVIDE (ADC12MCTL20_L, 0x848)
                [!provide]                        PROVIDE (ADC12MCTL20_H, 0x849)
                [!provide]                        PROVIDE (ADC12MCTL21, 0x84a)
                [!provide]                        PROVIDE (ADC12MCTL21_L, 0x84a)
                [!provide]                        PROVIDE (ADC12MCTL21_H, 0x84b)
                [!provide]                        PROVIDE (ADC12MCTL22, 0x84c)
                [!provide]                        PROVIDE (ADC12MCTL22_L, 0x84c)
                [!provide]                        PROVIDE (ADC12MCTL22_H, 0x84d)
                [!provide]                        PROVIDE (ADC12MCTL23, 0x84e)
                [!provide]                        PROVIDE (ADC12MCTL23_L, 0x84e)
                [!provide]                        PROVIDE (ADC12MCTL23_H, 0x84f)
                [!provide]                        PROVIDE (ADC12MCTL24, 0x850)
                [!provide]                        PROVIDE (ADC12MCTL24_L, 0x850)
                [!provide]                        PROVIDE (ADC12MCTL24_H, 0x851)
                [!provide]                        PROVIDE (ADC12MCTL25, 0x852)
                [!provide]                        PROVIDE (ADC12MCTL25_L, 0x852)
                [!provide]                        PROVIDE (ADC12MCTL25_H, 0x853)
                [!provide]                        PROVIDE (ADC12MCTL26, 0x854)
                [!provide]                        PROVIDE (ADC12MCTL26_L, 0x854)
                [!provide]                        PROVIDE (ADC12MCTL26_H, 0x855)
                [!provide]                        PROVIDE (ADC12MCTL27, 0x856)
                [!provide]                        PROVIDE (ADC12MCTL27_L, 0x856)
                [!provide]                        PROVIDE (ADC12MCTL27_H, 0x857)
                [!provide]                        PROVIDE (ADC12MCTL28, 0x858)
                [!provide]                        PROVIDE (ADC12MCTL28_L, 0x858)
                [!provide]                        PROVIDE (ADC12MCTL28_H, 0x859)
                [!provide]                        PROVIDE (ADC12MCTL29, 0x85a)
                [!provide]                        PROVIDE (ADC12MCTL29_L, 0x85a)
                [!provide]                        PROVIDE (ADC12MCTL29_H, 0x85b)
                [!provide]                        PROVIDE (ADC12MCTL30, 0x85c)
                [!provide]                        PROVIDE (ADC12MCTL30_L, 0x85c)
                [!provide]                        PROVIDE (ADC12MCTL30_H, 0x85d)
                [!provide]                        PROVIDE (ADC12MCTL31, 0x85e)
                [!provide]                        PROVIDE (ADC12MCTL31_L, 0x85e)
                [!provide]                        PROVIDE (ADC12MCTL31_H, 0x85f)
                [!provide]                        PROVIDE (ADC12MEM0, 0x860)
                [!provide]                        PROVIDE (ADC12MEM0_L, 0x860)
                [!provide]                        PROVIDE (ADC12MEM0_H, 0x861)
                [!provide]                        PROVIDE (ADC12MEM1, 0x862)
                [!provide]                        PROVIDE (ADC12MEM1_L, 0x862)
                [!provide]                        PROVIDE (ADC12MEM1_H, 0x863)
                [!provide]                        PROVIDE (ADC12MEM2, 0x864)
                [!provide]                        PROVIDE (ADC12MEM2_L, 0x864)
                [!provide]                        PROVIDE (ADC12MEM2_H, 0x865)
                [!provide]                        PROVIDE (ADC12MEM3, 0x866)
                [!provide]                        PROVIDE (ADC12MEM3_L, 0x866)
                [!provide]                        PROVIDE (ADC12MEM3_H, 0x867)
                [!provide]                        PROVIDE (ADC12MEM4, 0x868)
                [!provide]                        PROVIDE (ADC12MEM4_L, 0x868)
                [!provide]                        PROVIDE (ADC12MEM4_H, 0x869)
                [!provide]                        PROVIDE (ADC12MEM5, 0x86a)
                [!provide]                        PROVIDE (ADC12MEM5_L, 0x86a)
                [!provide]                        PROVIDE (ADC12MEM5_H, 0x86b)
                [!provide]                        PROVIDE (ADC12MEM6, 0x86c)
                [!provide]                        PROVIDE (ADC12MEM6_L, 0x86c)
                [!provide]                        PROVIDE (ADC12MEM6_H, 0x86d)
                [!provide]                        PROVIDE (ADC12MEM7, 0x86e)
                [!provide]                        PROVIDE (ADC12MEM7_L, 0x86e)
                [!provide]                        PROVIDE (ADC12MEM7_H, 0x86f)
                [!provide]                        PROVIDE (ADC12MEM8, 0x870)
                [!provide]                        PROVIDE (ADC12MEM8_L, 0x870)
                [!provide]                        PROVIDE (ADC12MEM8_H, 0x871)
                [!provide]                        PROVIDE (ADC12MEM9, 0x872)
                [!provide]                        PROVIDE (ADC12MEM9_L, 0x872)
                [!provide]                        PROVIDE (ADC12MEM9_H, 0x873)
                [!provide]                        PROVIDE (ADC12MEM10, 0x874)
                [!provide]                        PROVIDE (ADC12MEM10_L, 0x874)
                [!provide]                        PROVIDE (ADC12MEM10_H, 0x875)
                [!provide]                        PROVIDE (ADC12MEM11, 0x876)
                [!provide]                        PROVIDE (ADC12MEM11_L, 0x876)
                [!provide]                        PROVIDE (ADC12MEM11_H, 0x877)
                [!provide]                        PROVIDE (ADC12MEM12, 0x878)
                [!provide]                        PROVIDE (ADC12MEM12_L, 0x878)
                [!provide]                        PROVIDE (ADC12MEM12_H, 0x879)
                [!provide]                        PROVIDE (ADC12MEM13, 0x87a)
                [!provide]                        PROVIDE (ADC12MEM13_L, 0x87a)
                [!provide]                        PROVIDE (ADC12MEM13_H, 0x87b)
                [!provide]                        PROVIDE (ADC12MEM14, 0x87c)
                [!provide]                        PROVIDE (ADC12MEM14_L, 0x87c)
                [!provide]                        PROVIDE (ADC12MEM14_H, 0x87d)
                [!provide]                        PROVIDE (ADC12MEM15, 0x87e)
                [!provide]                        PROVIDE (ADC12MEM15_L, 0x87e)
                [!provide]                        PROVIDE (ADC12MEM15_H, 0x87f)
                [!provide]                        PROVIDE (ADC12MEM16, 0x880)
                [!provide]                        PROVIDE (ADC12MEM16_L, 0x880)
                [!provide]                        PROVIDE (ADC12MEM16_H, 0x881)
                [!provide]                        PROVIDE (ADC12MEM17, 0x882)
                [!provide]                        PROVIDE (ADC12MEM17_L, 0x882)
                [!provide]                        PROVIDE (ADC12MEM17_H, 0x883)
                [!provide]                        PROVIDE (ADC12MEM18, 0x884)
                [!provide]                        PROVIDE (ADC12MEM18_L, 0x884)
                [!provide]                        PROVIDE (ADC12MEM18_H, 0x885)
                [!provide]                        PROVIDE (ADC12MEM19, 0x886)
                [!provide]                        PROVIDE (ADC12MEM19_L, 0x886)
                [!provide]                        PROVIDE (ADC12MEM19_H, 0x887)
                [!provide]                        PROVIDE (ADC12MEM20, 0x888)
                [!provide]                        PROVIDE (ADC12MEM20_L, 0x888)
                [!provide]                        PROVIDE (ADC12MEM20_H, 0x889)
                [!provide]                        PROVIDE (ADC12MEM21, 0x88a)
                [!provide]                        PROVIDE (ADC12MEM21_L, 0x88a)
                [!provide]                        PROVIDE (ADC12MEM21_H, 0x88b)
                [!provide]                        PROVIDE (ADC12MEM22, 0x88c)
                [!provide]                        PROVIDE (ADC12MEM22_L, 0x88c)
                [!provide]                        PROVIDE (ADC12MEM22_H, 0x88d)
                [!provide]                        PROVIDE (ADC12MEM23, 0x88e)
                [!provide]                        PROVIDE (ADC12MEM23_L, 0x88e)
                [!provide]                        PROVIDE (ADC12MEM23_H, 0x88f)
                [!provide]                        PROVIDE (ADC12MEM24, 0x890)
                [!provide]                        PROVIDE (ADC12MEM24_L, 0x890)
                [!provide]                        PROVIDE (ADC12MEM24_H, 0x891)
                [!provide]                        PROVIDE (ADC12MEM25, 0x892)
                [!provide]                        PROVIDE (ADC12MEM25_L, 0x892)
                [!provide]                        PROVIDE (ADC12MEM25_H, 0x893)
                [!provide]                        PROVIDE (ADC12MEM26, 0x894)
                [!provide]                        PROVIDE (ADC12MEM26_L, 0x894)
                [!provide]                        PROVIDE (ADC12MEM26_H, 0x895)
                [!provide]                        PROVIDE (ADC12MEM27, 0x896)
                [!provide]                        PROVIDE (ADC12MEM27_L, 0x896)
                [!provide]                        PROVIDE (ADC12MEM27_H, 0x897)
                [!provide]                        PROVIDE (ADC12MEM28, 0x898)
                [!provide]                        PROVIDE (ADC12MEM28_L, 0x898)
                [!provide]                        PROVIDE (ADC12MEM28_H, 0x899)
                [!provide]                        PROVIDE (ADC12MEM29, 0x89a)
                [!provide]                        PROVIDE (ADC12MEM29_L, 0x89a)
                [!provide]                        PROVIDE (ADC12MEM29_H, 0x89b)
                [!provide]                        PROVIDE (ADC12MEM30, 0x89c)
                [!provide]                        PROVIDE (ADC12MEM30_L, 0x89c)
                [!provide]                        PROVIDE (ADC12MEM30_H, 0x89d)
                [!provide]                        PROVIDE (ADC12MEM31, 0x89e)
                [!provide]                        PROVIDE (ADC12MEM31_L, 0x89e)
                [!provide]                        PROVIDE (ADC12MEM31_H, 0x89f)
                [!provide]                        PROVIDE (AESACTL0, 0x9c0)
                [!provide]                        PROVIDE (AESACTL0_L, 0x9c0)
                [!provide]                        PROVIDE (AESACTL0_H, 0x9c1)
                [!provide]                        PROVIDE (AESACTL1, 0x9c2)
                [!provide]                        PROVIDE (AESACTL1_L, 0x9c2)
                [!provide]                        PROVIDE (AESACTL1_H, 0x9c3)
                [!provide]                        PROVIDE (AESASTAT, 0x9c4)
                [!provide]                        PROVIDE (AESASTAT_L, 0x9c4)
                [!provide]                        PROVIDE (AESASTAT_H, 0x9c5)
                [!provide]                        PROVIDE (AESAKEY, 0x9c6)
                [!provide]                        PROVIDE (AESAKEY_L, 0x9c6)
                [!provide]                        PROVIDE (AESAKEY_H, 0x9c7)
                [!provide]                        PROVIDE (AESADIN, 0x9c8)
                [!provide]                        PROVIDE (AESADIN_L, 0x9c8)
                [!provide]                        PROVIDE (AESADIN_H, 0x9c9)
                [!provide]                        PROVIDE (AESADOUT, 0x9ca)
                [!provide]                        PROVIDE (AESADOUT_L, 0x9ca)
                [!provide]                        PROVIDE (AESADOUT_H, 0x9cb)
                [!provide]                        PROVIDE (AESAXDIN, 0x9cc)
                [!provide]                        PROVIDE (AESAXDIN_L, 0x9cc)
                [!provide]                        PROVIDE (AESAXDIN_H, 0x9cd)
                [!provide]                        PROVIDE (AESAXIN, 0x9ce)
                [!provide]                        PROVIDE (AESAXIN_L, 0x9ce)
                [!provide]                        PROVIDE (AESAXIN_H, 0x9cf)
                [!provide]                        PROVIDE (CAPTIO0CTL, 0x43e)
                [!provide]                        PROVIDE (CAPTIO0CTL_L, 0x43e)
                [!provide]                        PROVIDE (CAPTIO0CTL_H, 0x43f)
                [!provide]                        PROVIDE (CAPTIO1CTL, 0x47e)
                [!provide]                        PROVIDE (CAPTIO1CTL_L, 0x47e)
                [!provide]                        PROVIDE (CAPTIO1CTL_H, 0x47f)
                [!provide]                        PROVIDE (CECTL0, 0x8c0)
                [!provide]                        PROVIDE (CECTL0_L, 0x8c0)
                [!provide]                        PROVIDE (CECTL0_H, 0x8c1)
                [!provide]                        PROVIDE (CECTL1, 0x8c2)
                [!provide]                        PROVIDE (CECTL1_L, 0x8c2)
                [!provide]                        PROVIDE (CECTL1_H, 0x8c3)
                [!provide]                        PROVIDE (CECTL2, 0x8c4)
                [!provide]                        PROVIDE (CECTL2_L, 0x8c4)
                [!provide]                        PROVIDE (CECTL2_H, 0x8c5)
                [!provide]                        PROVIDE (CECTL3, 0x8c6)
                [!provide]                        PROVIDE (CECTL3_L, 0x8c6)
                [!provide]                        PROVIDE (CECTL3_H, 0x8c7)
                [!provide]                        PROVIDE (CEINT, 0x8cc)
                [!provide]                        PROVIDE (CEINT_L, 0x8cc)
                [!provide]                        PROVIDE (CEINT_H, 0x8cd)
                [!provide]                        PROVIDE (CEIV, 0x8ce)
                [!provide]                        PROVIDE (CEIV_L, 0x8ce)
                [!provide]                        PROVIDE (CEIV_H, 0x8cf)
                [!provide]                        PROVIDE (CRCDI, 0x150)
                0x0000000000000150                PROVIDE (CRCDI_L, 0x150)
                [!provide]                        PROVIDE (CRCDI_H, 0x151)
                [!provide]                        PROVIDE (CRCDIRB, 0x152)
                0x0000000000000152                PROVIDE (CRCDIRB_L, 0x152)
                [!provide]                        PROVIDE (CRCDIRB_H, 0x153)
                0x0000000000000154                PROVIDE (CRCINIRES, 0x154)
                0x0000000000000154                PROVIDE (CRCINIRES_L, 0x154)
                0x0000000000000155                PROVIDE (CRCINIRES_H, 0x155)
                0x0000000000000156                PROVIDE (CRCRESR, 0x156)
                0x0000000000000156                PROVIDE (CRCRESR_L, 0x156)
                0x0000000000000157                PROVIDE (CRCRESR_H, 0x157)
                0x0000000000000160                PROVIDE (CSCTL0, 0x160)
                [!provide]                        PROVIDE (CSCTL0_L, 0x160)
                0x0000000000000161                PROVIDE (CSCTL0_H, 0x161)
                0x0000000000000162                PROVIDE (CSCTL1, 0x162)
                [!provide]                        PROVIDE (CSCTL1_L, 0x162)
                [!provide]                        PROVIDE (CSCTL1_H, 0x163)
                0x0000000000000164                PROVIDE (CSCTL2, 0x164)
                [!provide]                        PROVIDE (CSCTL2_L, 0x164)
                [!provide]                        PROVIDE (CSCTL2_H, 0x165)
                0x0000000000000166                PROVIDE (CSCTL3, 0x166)
                [!provide]                        PROVIDE (CSCTL3_L, 0x166)
                [!provide]                        PROVIDE (CSCTL3_H, 0x167)
                0x0000000000000168                PROVIDE (CSCTL4, 0x168)
                [!provide]                        PROVIDE (CSCTL4_L, 0x168)
                [!provide]                        PROVIDE (CSCTL4_H, 0x169)
                [!provide]                        PROVIDE (CSCTL5, 0x16a)
                [!provide]                        PROVIDE (CSCTL5_L, 0x16a)
                [!provide]                        PROVIDE (CSCTL5_H, 0x16b)
                0x000000000000016c                PROVIDE (CSCTL6, 0x16c)
                [!provide]                        PROVIDE (CSCTL6_L, 0x16c)
                [!provide]                        PROVIDE (CSCTL6_H, 0x16d)
                0x0000000000000500                PROVIDE (DMACTL0, 0x500)
                [!provide]                        PROVIDE (DMACTL0_L, 0x500)
                [!provide]                        PROVIDE (DMACTL0_H, 0x501)
                [!provide]                        PROVIDE (DMACTL1, 0x502)
                [!provide]                        PROVIDE (DMACTL1_L, 0x502)
                [!provide]                        PROVIDE (DMACTL1_H, 0x503)
                [!provide]                        PROVIDE (DMACTL2, 0x504)
                [!provide]                        PROVIDE (DMACTL2_L, 0x504)
                [!provide]                        PROVIDE (DMACTL2_H, 0x505)
                [!provide]                        PROVIDE (DMACTL3, 0x506)
                [!provide]                        PROVIDE (DMACTL3_L, 0x506)
                [!provide]                        PROVIDE (DMACTL3_H, 0x507)
                [!provide]                        PROVIDE (DMACTL4, 0x508)
                [!provide]                        PROVIDE (DMACTL4_L, 0x508)
                [!provide]                        PROVIDE (DMACTL4_H, 0x509)
                0x000000000000050e                PROVIDE (DMAIV, 0x50e)
                [!provide]                        PROVIDE (DMAIV_L, 0x50e)
                [!provide]                        PROVIDE (DMAIV_H, 0x50f)
                0x0000000000000510                PROVIDE (DMA0CTL, 0x510)
                [!provide]                        PROVIDE (DMA0CTL_L, 0x510)
                [!provide]                        PROVIDE (DMA0CTL_H, 0x511)
                0x0000000000000512                PROVIDE (DMA0SA, 0x512)
                [!provide]                        PROVIDE (DMA0SAL, 0x512)
                0x0000000000000516                PROVIDE (DMA0DA, 0x516)
                [!provide]                        PROVIDE (DMA0DAL, 0x516)
                0x000000000000051a                PROVIDE (DMA0SZ, 0x51a)
                [!provide]                        PROVIDE (DMA1CTL, 0x520)
                [!provide]                        PROVIDE (DMA1CTL_L, 0x520)
                [!provide]                        PROVIDE (DMA1CTL_H, 0x521)
                [!provide]                        PROVIDE (DMA1SA, 0x522)
                [!provide]                        PROVIDE (DMA1SAL, 0x522)
                [!provide]                        PROVIDE (DMA1DA, 0x526)
                [!provide]                        PROVIDE (DMA1DAL, 0x526)
                [!provide]                        PROVIDE (DMA1SZ, 0x52a)
                [!provide]                        PROVIDE (DMA2CTL, 0x530)
                [!provide]                        PROVIDE (DMA2CTL_L, 0x530)
                [!provide]                        PROVIDE (DMA2CTL_H, 0x531)
                [!provide]                        PROVIDE (DMA2SA, 0x532)
                [!provide]                        PROVIDE (DMA2SAL, 0x532)
                [!provide]                        PROVIDE (DMA2DA, 0x536)
                [!provide]                        PROVIDE (DMA2DAL, 0x536)
                [!provide]                        PROVIDE (DMA2SZ, 0x53a)
                0x0000000000000140                PROVIDE (FRCTL0, 0x140)
                [!provide]                        PROVIDE (FRCTL0_L, 0x140)
                0x0000000000000141                PROVIDE (FRCTL0_H, 0x141)
                [!provide]                        PROVIDE (GCCTL0, 0x144)
                [!provide]                        PROVIDE (GCCTL0_L, 0x144)
                [!provide]                        PROVIDE (GCCTL0_H, 0x145)
                [!provide]                        PROVIDE (GCCTL1, 0x146)
                [!provide]                        PROVIDE (GCCTL1_L, 0x146)
                [!provide]                        PROVIDE (GCCTL1_H, 0x147)
                [!provide]                        PROVIDE (MPUCTL0, 0x5a0)
                [!provide]                        PROVIDE (MPUCTL0_L, 0x5a0)
                [!provide]                        PROVIDE (MPUCTL0_H, 0x5a1)
                [!provide]                        PROVIDE (MPUCTL1, 0x5a2)
                [!provide]                        PROVIDE (MPUCTL1_L, 0x5a2)
                [!provide]                        PROVIDE (MPUCTL1_H, 0x5a3)