Archive member included to satisfy reference by file (symbol)

/root/ti-tools/part2/msp430-gcc-6.2.1.16_linux64/bin/../lib/gcc/msp430-elf/6.2.1/large/libgcc.a(lib2divSI.o)
                              build/obj/hal_spi_lld.o (__mspabi_divul)
/root/ti-tools/part2/msp430-gcc-6.2.1.16_linux64/bin/../lib/gcc/msp430-elf/6.2.1/large/libgcc.a(slli.o)
                              build/obj/hal_pal.o (__mspabi_slli)
/root/ti-tools/part2/msp430-gcc-6.2.1.16_linux64/bin/../lib/gcc/msp430-elf/6.2.1/large/libgcc.a(srai.o)
                              build/obj/hal_pal_lld.o (__mspabi_sral_4)
/root/ti-tools/part2/msp430-gcc-6.2.1.16_linux64/bin/../lib/gcc/msp430-elf/6.2.1/large/libgcc.a(srli.o)
                              build/obj/sx1278.o (__mspabi_srli_8)
/root/ti-tools/part2/msp430-gcc-6.2.1.16_linux64/bin/../lib/gcc/msp430-elf/6.2.1/large/libgcc.a(cmpsi2.o)
                              build/obj/rf.o (__ucmpsi2)
/root/ti-tools/part2/msp430-gcc-6.2.1.16_linux64/bin/../lib/gcc/msp430-elf/6.2.1/large/libgcc.a(_udivdi3.o)
                              /root/ti-tools/part2/msp430-gcc-6.2.1.16_linux64/bin/../lib/gcc/msp430-elf/6.2.1/large/libgcc.a(lib2divSI.o) (__mspabi_divull)
/root/ti-tools/part2/msp430-gcc-6.2.1.16_linux64/bin/../lib/gcc/msp430-elf/6.2.1/large/libgcc.a(_lshrdi3.o)
                              /root/ti-tools/part2/msp430-gcc-6.2.1.16_linux64/bin/../lib/gcc/msp430-elf/6.2.1/large/libgcc.a(_udivdi3.o) (__lshrdi3)
/root/ti-tools/part2/msp430-gcc-6.2.1.16_linux64/bin/../lib/gcc/msp430-elf/6.2.1/large/libgcc.a(_ashldi3.o)
                              /root/ti-tools/part2/msp430-gcc-6.2.1.16_linux64/bin/../lib/gcc/msp430-elf/6.2.1/large/libgcc.a(_udivdi3.o) (__ashldi3)
/root/ti-tools/part2/msp430-gcc-6.2.1.16_linux64/bin/../lib/gcc/msp430-elf/6.2.1/large/libgcc.a(_clzdi2.o)
                              /root/ti-tools/part2/msp430-gcc-6.2.1.16_linux64/bin/../lib/gcc/msp430-elf/6.2.1/large/libgcc.a(_udivdi3.o) (__clzdi2)
/root/ti-tools/part2/msp430-gcc-6.2.1.16_linux64/bin/../lib/gcc/msp430-elf/6.2.1/large/libgcc.a(_clz.o)
                              /root/ti-tools/part2/msp430-gcc-6.2.1.16_linux64/bin/../lib/gcc/msp430-elf/6.2.1/large/libgcc.a(_clzdi2.o) (__clz_tab)
/root/ti-tools/part2/msp430-gcc-6.2.1.16_linux64/bin/../lib/gcc/msp430-elf/6.2.1/large/libmul_f5.a(lib2hw_mul_f5.o)
                              build/obj/hal_buffers.o (__mulsi2_f5)
/root/ti-tools/part2/msp430-gcc-6.2.1.16_linux64/bin/../lib/gcc/msp430-elf/6.2.1/../../../../msp430-elf/lib/large/libc.a(lib_a-memcpy.o)
                              build/obj/hal_buffers.o (memcpy)
/root/ti-tools/part2/msp430-gcc-6.2.1.16_linux64/bin/../lib/gcc/msp430-elf/6.2.1/../../../../msp430-elf/lib/large/libc.a(lib_a-memset.o)
                              build/obj/cmds.o (memset)
/root/ti-tools/part2/msp430-gcc-6.2.1.16_linux64/bin/../lib/gcc/msp430-elf/6.2.1/large/libgcc.a(_muldi3.o)
                              /root/ti-tools/part2/msp430-gcc-6.2.1.16_linux64/bin/../lib/gcc/msp430-elf/6.2.1/large/libmul_f5.a(lib2hw_mul_f5.o) (__mspabi_mpyll)
/root/ti-tools/part2/msp430-gcc-6.2.1.16_linux64/bin/../lib/gcc/msp430-elf/6.2.1/../../../../msp430-elf/lib/large/libcrt.a(crt_bss.o)
                              build/obj/chmemcore.o (__crt0_init_bss)
/root/ti-tools/part2/msp430-gcc-6.2.1.16_linux64/bin/../lib/gcc/msp430-elf/6.2.1/../../../../msp430-elf/lib/large/libcrt.a(crt_high_bss.o)
                              build/obj/ch.o (__crt0_init_highbss)
/root/ti-tools/part2/msp430-gcc-6.2.1.16_linux64/bin/../lib/gcc/msp430-elf/6.2.1/../../../../msp430-elf/lib/large/libcrt.a(crt_move_highdata.o)
                              build/obj/main.o (__crt0_move_highdata)
/root/ti-tools/part2/msp430-gcc-6.2.1.16_linux64/bin/../lib/gcc/msp430-elf/6.2.1/../../../../msp430-elf/lib/large/libcrt.a(crt_main_minrt.o)
                              /root/ti-tools/part2/msp430-gcc-6.2.1.16_linux64/bin/../lib/gcc/msp430-elf/6.2.1/../../../../msp430-elf/lib/large/crt0-minrt.o (__crt0_call_just_main)
/root/ti-tools/part2/msp430-gcc-6.2.1.16_linux64/bin/../lib/gcc/msp430-elf/6.2.1/../../../../msp430-elf/lib/large/libc.a(lib_a-memmove.o)
                              /root/ti-tools/part2/msp430-gcc-6.2.1.16_linux64/bin/../lib/gcc/msp430-elf/6.2.1/../../../../msp430-elf/lib/large/libcrt.a(crt_move_highdata.o) (memmove)

Discarded input sections

 .text          0x0000000000000000        0x0 /root/ti-tools/part2/msp430-gcc-6.2.1.16_linux64/bin/../lib/gcc/msp430-elf/6.2.1/../../../../msp430-elf/lib/large/crt0-minrt.o
 .data          0x0000000000000000        0x0 /root/ti-tools/part2/msp430-gcc-6.2.1.16_linux64/bin/../lib/gcc/msp430-elf/6.2.1/../../../../msp430-elf/lib/large/crt0-minrt.o
 .bss           0x0000000000000000        0x0 /root/ti-tools/part2/msp430-gcc-6.2.1.16_linux64/bin/../lib/gcc/msp430-elf/6.2.1/../../../../msp430-elf/lib/large/crt0-minrt.o
[...]
Memory Configuration

Name             Origin             Length             Attributes
SFR              0x0000000000000000 0x0000000000000010
BSL              0x0000000000001000 0x0000000000000800
PERIPHERAL_8BIT  0x0000000000000010 0x00000000000000f0
PERIPHERAL_16BIT 0x0000000000000100 0x0000000000000100
RAM              0x0000000000001c00 0x0000000000000800
INFOMEM          0x0000000000001800 0x0000000000000200
INFOA            0x0000000000001980 0x0000000000000080
INFOB            0x0000000000001900 0x0000000000000080
INFOC            0x0000000000001880 0x0000000000000080
INFOD            0x0000000000001800 0x0000000000000080
FRAM             0x0000000000004400 0x000000000000bb80 xrw
JTAGSIGNATURE    0x000000000000ff80 0x0000000000000004
BSLSIGNATURE     0x000000000000ff84 0x0000000000000004
IPESIGNATURE     0x000000000000ff88 0x0000000000000008
VECT1            0x000000000000ff90 0x0000000000000002
VECT2            0x000000000000ff92 0x0000000000000002
VECT3            0x000000000000ff94 0x0000000000000002
VECT4            0x000000000000ff96 0x0000000000000002
VECT5            0x000000000000ff98 0x0000000000000002
VECT6            0x000000000000ff9a 0x0000000000000002
VECT7            0x000000000000ff9c 0x0000000000000002
VECT8            0x000000000000ff9e 0x0000000000000002
VECT9            0x000000000000ffa0 0x0000000000000002
VECT10           0x000000000000ffa2 0x0000000000000002
VECT11           0x000000000000ffa4 0x0000000000000002
VECT12           0x000000000000ffa6 0x0000000000000002
VECT13           0x000000000000ffa8 0x0000000000000002
VECT14           0x000000000000ffaa 0x0000000000000002
VECT15           0x000000000000ffac 0x0000000000000002
VECT16           0x000000000000ffae 0x0000000000000002
VECT17           0x000000000000ffb0 0x0000000000000002
VECT18           0x000000000000ffb2 0x0000000000000002
VECT19           0x000000000000ffb4 0x0000000000000002
VECT20           0x000000000000ffb6 0x0000000000000002
VECT21           0x000000000000ffb8 0x0000000000000002
VECT22           0x000000000000ffba 0x0000000000000002
VECT23           0x000000000000ffbc 0x0000000000000002
VECT24           0x000000000000ffbe 0x0000000000000002
VECT25           0x000000000000ffc0 0x0000000000000002
VECT26           0x000000000000ffc2 0x0000000000000002
VECT27           0x000000000000ffc4 0x0000000000000002
VECT28           0x000000000000ffc6 0x0000000000000002
VECT29           0x000000000000ffc8 0x0000000000000002
VECT30           0x000000000000ffca 0x0000000000000002
VECT31           0x000000000000ffcc 0x0000000000000002
VECT32           0x000000000000ffce 0x0000000000000002
VECT33           0x000000000000ffd0 0x0000000000000002
VECT34           0x000000000000ffd2 0x0000000000000002
VECT35           0x000000000000ffd4 0x0000000000000002
VECT36           0x000000000000ffd6 0x0000000000000002
VECT37           0x000000000000ffd8 0x0000000000000002
VECT38           0x000000000000ffda 0x0000000000000002
VECT39           0x000000000000ffdc 0x0000000000000002
VECT40           0x000000000000ffde 0x0000000000000002
VECT41           0x000000000000ffe0 0x0000000000000002
VECT42           0x000000000000ffe2 0x0000000000000002
VECT43           0x000000000000ffe4 0x0000000000000002
VECT44           0x000000000000ffe6 0x0000000000000002
VECT45           0x000000000000ffe8 0x0000000000000002
VECT46           0x000000000000ffea 0x0000000000000002
VECT47           0x000000000000ffec 0x0000000000000002
VECT48           0x000000000000ffee 0x0000000000000002
VECT49           0x000000000000fff0 0x0000000000000002
VECT50           0x000000000000fff2 0x0000000000000002
VECT51           0x000000000000fff4 0x0000000000000002
VECT52           0x000000000000fff6 0x0000000000000002
VECT53           0x000000000000fff8 0x0000000000000002
VECT54           0x000000000000fffa 0x0000000000000002
VECT55           0x000000000000fffc 0x0000000000000002
RESETVEC         0x000000000000fffe 0x0000000000000002
HIFRAM           0x0000000000010000 0x0000000000003fff xrw
*default*        0x0000000000000000 0xffffffffffffffff

Linker script and memory map

LOAD /root/ti-tools/part2/msp430-gcc-6.2.1.16_linux64/bin/../lib/gcc/msp430-elf/6.2.1/../../../../msp430-elf/lib/large/crt0-minrt.o

.jtagsignature

.bslsignature

.ipe
 *(.ipesignature)
 *(.jtagpassword)

__interrupt_vector_1
                0x000000000000ff90        0x2
 *(__interrupt_vector_1)
 __interrupt_vector_1
                0x000000000000ff90        0x2 build/obj/msp_vectors.o

__interrupt_vector_2
                0x000000000000ff92        0x2
 *(__interrupt_vector_2)
 __interrupt_vector_2
                0x000000000000ff92        0x2 build/obj/msp_vectors.o

__interrupt_vector_3
                0x000000000000ff94        0x2
 *(__interrupt_vector_3)
 __interrupt_vector_3
                0x000000000000ff94        0x2 build/obj/msp_vectors.o

__interrupt_vector_4
                0x000000000000ff96        0x2
 *(__interrupt_vector_4)
 __interrupt_vector_4
                0x000000000000ff96        0x2 build/obj/msp_vectors.o

__interrupt_vector_5
                0x000000000000ff98        0x2
 *(__interrupt_vector_5)
 __interrupt_vector_5
                0x000000000000ff98        0x2 build/obj/msp_vectors.o

__interrupt_vector_6
                0x000000000000ff9a        0x2
 *(__interrupt_vector_6)
 __interrupt_vector_6
                0x000000000000ff9a        0x2 build/obj/msp_vectors.o

__interrupt_vector_7
                0x000000000000ff9c        0x2
 *(__interrupt_vector_7)
 __interrupt_vector_7
                0x000000000000ff9c        0x2 build/obj/msp_vectors.o

__interrupt_vector_8
                0x000000000000ff9e        0x2
 *(__interrupt_vector_8)
 __interrupt_vector_8
                0x000000000000ff9e        0x2 build/obj/msp_vectors.o

__interrupt_vector_9
                0x000000000000ffa0        0x2
 *(__interrupt_vector_9)
 __interrupt_vector_9
                0x000000000000ffa0        0x2 build/obj/msp_vectors.o

__interrupt_vector_10
                0x000000000000ffa2        0x2
 *(__interrupt_vector_10)
 __interrupt_vector_10
                0x000000000000ffa2        0x2 build/obj/msp_vectors.o

__interrupt_vector_11
                0x000000000000ffa4        0x2
 *(__interrupt_vector_11)
 __interrupt_vector_11
                0x000000000000ffa4        0x2 build/obj/msp_vectors.o

__interrupt_vector_12
                0x000000000000ffa6        0x2
 *(__interrupt_vector_12)
 __interrupt_vector_12
                0x000000000000ffa6        0x2 build/obj/msp_vectors.o

__interrupt_vector_13
                0x000000000000ffa8        0x2
 *(__interrupt_vector_13)
 __interrupt_vector_13
                0x000000000000ffa8        0x2 build/obj/msp_vectors.o

__interrupt_vector_14
                0x000000000000ffaa        0x2
 *(__interrupt_vector_14)
 __interrupt_vector_14
                0x000000000000ffaa        0x2 build/obj/msp_vectors.o

__interrupt_vector_15
                0x000000000000ffac        0x2
 *(__interrupt_vector_15)
 __interrupt_vector_15
                0x000000000000ffac        0x2 build/obj/msp_vectors.o

__interrupt_vector_16
                0x000000000000ffae        0x2
 *(__interrupt_vector_16)
 __interrupt_vector_16
                0x000000000000ffae        0x2 build/obj/msp_vectors.o

__interrupt_vector_17
                0x000000000000ffb0        0x2
 *(__interrupt_vector_17)
 __interrupt_vector_17
                0x000000000000ffb0        0x2 build/obj/msp_vectors.o

__interrupt_vector_18
                0x000000000000ffb2        0x2
 *(__interrupt_vector_18)
 __interrupt_vector_18
                0x000000000000ffb2        0x2 build/obj/msp_vectors.o

__interrupt_vector_19
                0x000000000000ffb4        0x2
 *(__interrupt_vector_19)
 __interrupt_vector_19
                0x000000000000ffb4        0x2 build/obj/msp_vectors.o

__interrupt_vector_20
                0x000000000000ffb6        0x2
 *(__interrupt_vector_20)
 __interrupt_vector_20
                0x000000000000ffb6        0x2 build/obj/msp_vectors.o

__interrupt_vector_21
                0x000000000000ffb8        0x2
 *(__interrupt_vector_21)
 __interrupt_vector_21
                0x000000000000ffb8        0x2 build/obj/msp_vectors.o

__interrupt_vector_22
                0x000000000000ffba        0x2
 *(__interrupt_vector_22)
 __interrupt_vector_22
                0x000000000000ffba        0x2 build/obj/msp_vectors.o

__interrupt_vector_23
                0x000000000000ffbc        0x2
 *(__interrupt_vector_23)
 __interrupt_vector_23
                0x000000000000ffbc        0x2 build/obj/msp_vectors.o

__interrupt_vector_24
                0x000000000000ffbe        0x2
 *(__interrupt_vector_24)
 __interrupt_vector_24
                0x000000000000ffbe        0x2 build/obj/msp_vectors.o

__interrupt_vector_25
                0x000000000000ffc0        0x2
 *(__interrupt_vector_25)
 __interrupt_vector_25
                0x000000000000ffc0        0x2 build/obj/msp_vectors.o

__interrupt_vector_26
                0x000000000000ffc2        0x2
 *(__interrupt_vector_26)
 __interrupt_vector_26
                0x000000000000ffc2        0x2 build/obj/msp_vectors.o

__interrupt_vector_27
                0x000000000000ffc4        0x2
 *(__interrupt_vector_27)
 __interrupt_vector_27
                0x000000000000ffc4        0x2 build/obj/msp_vectors.o

__interrupt_vector_28
                0x000000000000ffc6        0x2
 *(__interrupt_vector_28)
 __interrupt_vector_28
                0x000000000000ffc6        0x2 build/obj/msp_vectors.o

__interrupt_vector_29
                0x000000000000ffc8        0x2
 *(__interrupt_vector_29)
 __interrupt_vector_29
                0x000000000000ffc8        0x2 build/obj/msp_vectors.o

__interrupt_vector_30
                0x000000000000ffca        0x2
 *(__interrupt_vector_30)
 __interrupt_vector_30
                0x000000000000ffca        0x2 build/obj/msp_vectors.o

__interrupt_vector_31
                0x000000000000ffcc        0x2
 *(__interrupt_vector_31)
 __interrupt_vector_31
                0x000000000000ffcc        0x2 build/obj/msp_vectors.o
 *(__interrupt_vector_aes256)

__interrupt_vector_32
                0x000000000000ffce        0x2
 *(__interrupt_vector_32)
 __interrupt_vector_32
                0x000000000000ffce        0x2 build/obj/msp_vectors.o
 *(__interrupt_vector_rtc)

__interrupt_vector_33
                0x000000000000ffd0        0x2
 *(__interrupt_vector_33)
 __interrupt_vector_33
                0x000000000000ffd0        0x2 build/obj/hal_pal_lld.o
 *(__interrupt_vector_port4)

__interrupt_vector_34
                0x000000000000ffd2        0x2
 *(__interrupt_vector_34)
 __interrupt_vector_34
                0x000000000000ffd2        0x2 build/obj/hal_pal_lld.o
 *(__interrupt_vector_port3)

__interrupt_vector_35
                0x000000000000ffd4        0x2
 *(__interrupt_vector_35)
 __interrupt_vector_35
                0x000000000000ffd4        0x2 build/obj/msp_vectors.o
 *(__interrupt_vector_timer3_a1)

__interrupt_vector_36
                0x000000000000ffd6        0x2
 *(__interrupt_vector_36)
 __interrupt_vector_36
                0x000000000000ffd6        0x2 build/obj/msp_vectors.o
 *(__interrupt_vector_timer3_a0)

__interrupt_vector_37
                0x000000000000ffd8        0x2
 *(__interrupt_vector_37)
 __interrupt_vector_37
                0x000000000000ffd8        0x2 build/obj/hal_pal_lld.o
 *(__interrupt_vector_port2)

__interrupt_vector_38
                0x000000000000ffda        0x2
 *(__interrupt_vector_38)
 __interrupt_vector_38
                0x000000000000ffda        0x2 build/obj/msp_vectors.o
 *(__interrupt_vector_timer2_a1)

__interrupt_vector_39
                0x000000000000ffdc        0x2
 *(__interrupt_vector_39)
 __interrupt_vector_39
                0x000000000000ffdc        0x2 build/obj/msp_vectors.o
 *(__interrupt_vector_timer2_a0)

__interrupt_vector_40
                0x000000000000ffde        0x2
 *(__interrupt_vector_40)
 __interrupt_vector_40
                0x000000000000ffde        0x2 build/obj/hal_pal_lld.o
 *(__interrupt_vector_port1)

__interrupt_vector_41
                0x000000000000ffe0        0x2
 *(__interrupt_vector_41)
 __interrupt_vector_41
                0x000000000000ffe0        0x2 build/obj/hal_gpt_lld.o
 *(__interrupt_vector_timer1_a1)

__interrupt_vector_42
                0x000000000000ffe2        0x2
 *(__interrupt_vector_42)
 __interrupt_vector_42
                0x000000000000ffe2        0x2 build/obj/msp_vectors.o
 *(__interrupt_vector_timer1_a0)

__interrupt_vector_43
                0x000000000000ffe4        0x2
 *(__interrupt_vector_43)
 __interrupt_vector_43
                0x000000000000ffe4        0x2 build/obj/hal_dma_lld.o
 *(__interrupt_vector_dma)

__interrupt_vector_44
                0x000000000000ffe6        0x2
 *(__interrupt_vector_44)
 __interrupt_vector_44
                0x000000000000ffe6        0x2 build/obj/hal_uart_lld.o
 *(__interrupt_vector_usci_a1)

__interrupt_vector_45
                0x000000000000ffe8        0x2
 *(__interrupt_vector_45)
 __interrupt_vector_45
                0x000000000000ffe8        0x2 build/obj/msp_vectors.o
 *(__interrupt_vector_timer0_a1)

__interrupt_vector_46
                0x000000000000ffea        0x2
 *(__interrupt_vector_46)
 __interrupt_vector_46
                0x000000000000ffea        0x2 build/obj/msp_vectors.o
 *(__interrupt_vector_timer0_a0)

__interrupt_vector_47
                0x000000000000ffec        0x2
 *(__interrupt_vector_47)
 __interrupt_vector_47
                0x000000000000ffec        0x2 build/obj/msp_vectors.o
 *(__interrupt_vector_adc12)

__interrupt_vector_48
                0x000000000000ffee        0x2
 *(__interrupt_vector_48)
 __interrupt_vector_48
                0x000000000000ffee        0x2 build/obj/hal_i2c_lld.o
 *(__interrupt_vector_usci_b0)

__interrupt_vector_49
 *(__interrupt_vector_49)
 *(__interrupt_vector_usci_a0)

__interrupt_vector_50
                0x000000000000fff2        0x2
 *(__interrupt_vector_50)
 __interrupt_vector_50
                0x000000000000fff2        0x2 build/obj/msp_vectors.o
 *(__interrupt_vector_wdt)

__interrupt_vector_51
                0x000000000000fff4        0x2
 *(__interrupt_vector_51)
 __interrupt_vector_51
                0x000000000000fff4        0x2 build/obj/msp_vectors.o
 *(__interrupt_vector_timer0_b1)

__interrupt_vector_52
                0x000000000000fff6        0x2
 *(__interrupt_vector_52)
 __interrupt_vector_52
                0x000000000000fff6        0x2 build/obj/hal_st_lld.o
 *(__interrupt_vector_timer0_b0)

__interrupt_vector_53
                0x000000000000fff8        0x2
 *(__interrupt_vector_53)
 __interrupt_vector_53
                0x000000000000fff8        0x2 build/obj/msp_vectors.o
 *(__interrupt_vector_comp_e)

__interrupt_vector_54
                0x000000000000fffa        0x2
 *(__interrupt_vector_54)
 __interrupt_vector_54
                0x000000000000fffa        0x2 build/obj/msp_vectors.o
 *(__interrupt_vector_unmi)

__interrupt_vector_55
                0x000000000000fffc        0x2
 *(__interrupt_vector_55)
 __interrupt_vector_55
                0x000000000000fffc        0x2 build/obj/msp_vectors.o
 *(__interrupt_vector_sysnmi)

__reset_vector  0x000000000000fffe        0x2
 *(__interrupt_vector_56)
 *(__interrupt_vector_reset)
 *(.bootloader)
 .bootloader    0x000000000000fffe        0x2 build/obj/bootloader.o
                0x0000000000010000                _end = .
                [!provide]                        PROVIDE (end, .)

.text           0x0000000000004400     0x82e8
                0x0000000000004400                PROVIDE (_start, .)
                0x0000000000004400                . = ALIGN (0x2)
 *(SORT(.crt_*))
 .crt_0000start
                0x0000000000004400        0x4 /root/ti-tools/part2/msp430-gcc-6.2.1.16_linux64/bin/../lib/gcc/msp430-elf/6.2.1/../../../../msp430-elf/lib/large/crt0-minrt.o
                0x0000000000004400                __crt0_start
 .crt_0042disable_watchdog
                0x0000000000004404        0x8 build/obj/init.o
 .crt_0100init_bss
                0x000000000000440c       0x10 /root/ti-tools/part2/msp430-gcc-6.2.1.16_linux64/bin/../lib/gcc/msp430-elf/6.2.1/../../../../msp430-elf/lib/large/libcrt.a(crt_bss.o)
                0x000000000000440c                __crt0_init_bss
 .crt_0200init_highbss
                0x000000000000441c       0x12 /root/ti-tools/part2/msp430-gcc-6.2.1.16_linux64/bin/../lib/gcc/msp430-elf/6.2.1/../../../../msp430-elf/lib/large/libcrt.a(crt_high_bss.o)
                0x000000000000441c                __crt0_init_highbss
 .crt_0400move_highdata
                0x000000000000442e       0x30 /root/ti-tools/part2/msp430-gcc-6.2.1.16_linux64/bin/../lib/gcc/msp430-elf/6.2.1/../../../../msp430-elf/lib/large/libcrt.a(crt_move_highdata.o)
                0x000000000000442e                __crt0_move_highdata
 .crt_0600call_just_main
                0x000000000000445e        0x6 /root/ti-tools/part2/msp430-gcc-6.2.1.16_linux64/bin/../lib/gcc/msp430-elf/6.2.1/../../../../msp430-elf/lib/large/libcrt.a(crt_main_minrt.o)
                0x000000000000445e                __crt0_call_just_main
                0x0000000000004464                . = ALIGN (0x2)
 *(.lowtext)
 .lowtext       0x0000000000004464       0xb4 build/obj/msp_vectors.o
                0x0000000000004464                Vector1
                0x0000000000004468                Vector2
                0x000000000000446c                Vector3
                0x0000000000004470                Vector4
                0x0000000000004474                Vector5
                0x0000000000004478                Vector6
                0x000000000000447c                Vector7
                0x0000000000004480                Vector8
                0x0000000000004484                Vector9
                0x0000000000004488                Vector10
                0x000000000000448c                Vector11
                0x0000000000004490                Vector12
                0x0000000000004494                Vector13
                0x0000000000004498                Vector14
                0x000000000000449c                Vector15
                0x00000000000044a0                Vector16
                0x00000000000044a4                Vector17
                0x00000000000044a8                Vector18
                0x00000000000044ac                Vector19
                0x00000000000044b0                Vector20
                0x00000000000044b4                Vector21
                0x00000000000044b8                Vector22
                0x00000000000044bc                Vector23
                0x00000000000044c0                Vector24
                0x00000000000044c4                Vector25
                0x00000000000044c8                Vector26
                0x00000000000044cc                Vector27
                0x00000000000044d0                Vector28
                0x00000000000044d4                Vector29
                0x00000000000044d8                Vector30
                0x00000000000044dc                Vector31
                0x00000000000044e0                Vector32
                0x00000000000044e4                Vector35
                0x00000000000044e8                Vector36
                0x00000000000044ec                Vector38
                0x00000000000044f0                Vector39
                0x00000000000044f4                Vector42
                0x00000000000044f8                Vector45
                0x00000000000044fc                Vector46
                0x0000000000004500                Vector47
                0x0000000000004504                Vector50
                0x0000000000004508                Vector51
                0x000000000000450c                Vector53
                0x0000000000004510                Vector54
                0x0000000000004514                Vector55
                0x0000000000004518                . = ALIGN (0x2)
 *(.lower.text.* .lower.text)
                0x0000000000004518                . = ALIGN (0x2)
 *(.text .stub .text.* .gnu.linkonce.t.* .text:*)
 .text.port_init
                0x0000000000004518        0x8 build/obj/ch.o
 .text.port_unlock
                0x0000000000004520        0xa build/obj/ch.o
 .text.port_suspend
                0x000000000000452a        0x8 build/obj/ch.o
 .text.chSysInit
                0x0000000000004532      0x110 build/obj/ch.o
                0x0000000000004532                chSysInit
 .text.chSysHalt
                0x0000000000004642       0x10 build/obj/ch.o
                0x0000000000004642                chSysHalt
 .text.chSysTimerHandlerI
                0x0000000000004652       0x8c build/obj/ch.o
                0x0000000000004652                chSysTimerHandlerI
 .text.chSysGetStatusAndLockX
                0x00000000000046de       0x1c build/obj/ch.o
                0x00000000000046de                chSysGetStatusAndLockX
 .text.chSysRestoreStatusX
                0x00000000000046fa       0x18 build/obj/ch.o
                0x00000000000046fa                chSysRestoreStatusX
 .text.chSchReadyI
                0x0000000000004712       0x92 build/obj/ch.o
                0x0000000000004712                chSchReadyI
 .text.chSchIsPreemptionRequired
                0x00000000000047a4       0x10 build/obj/ch.o
                0x00000000000047a4                chSchIsPreemptionRequired
 .text.chSchDoReschedule
                0x00000000000047b4       0x14 build/obj/ch.o
                0x00000000000047b4                chSchDoReschedule
 .text.chSchRescheduleS
                0x00000000000047c8       0x10 build/obj/ch.o
                0x00000000000047c8                chSchRescheduleS
 .text.chSchGoSleepTimeoutS
                0x00000000000047d8       0x6a build/obj/ch.o
                0x00000000000047d8                chSchGoSleepTimeoutS
 .text.chThdSuspendTimeoutS
                0x0000000000004842       0x30 build/obj/ch.o
                0x0000000000004842                chThdSuspendTimeoutS
 .text.chThdResumeI
                0x0000000000004872       0x2c build/obj/ch.o
                0x0000000000004872                chThdResumeI
 .text.chThdSleep
                0x000000000000489e       0x18 build/obj/ch.o
                0x000000000000489e                chThdSleep
 .text.chSemWaitTimeout
                0x00000000000048b6       0x2a build/obj/ch.o
                0x00000000000048b6                chSemWaitTimeout
 .text.chSemWaitTimeoutS
                0x00000000000048e0       0x52 build/obj/ch.o
                0x00000000000048e0                chSemWaitTimeoutS
 .text.chSemSignalI
                0x0000000000004932       0x6c build/obj/ch.o
                0x0000000000004932                chSemSignalI
 .text.chEvtSignal
                0x000000000000499e       0x2c build/obj/ch.o
                0x000000000000499e                chEvtSignal
 .text.chEvtSignalI
                0x00000000000049ca       0x48 build/obj/ch.o
                0x00000000000049ca                chEvtSignalI
 .text.chEvtWaitAnyTimeout
                0x0000000000004a12       0x64 build/obj/ch.o
                0x0000000000004a12                chEvtWaitAnyTimeout
 .text.chMBPostS
                0x0000000000004a76       0x66 build/obj/chmboxes.o
                0x0000000000004a76                chMBPostS
 .text.chMBPost
                0x0000000000004adc       0x14 build/obj/chmboxes.o
                0x0000000000004adc                chMBPost
 .text.chMBPostI
                0x0000000000004af0       0x5e build/obj/chmboxes.o
                0x0000000000004af0                chMBPostI
 .text.chMBFetchS
                0x0000000000004b4e       0x6e build/obj/chmboxes.o
                0x0000000000004b4e                chMBFetchS
 .text.chMBFetch
                0x0000000000004bbc       0x14 build/obj/chmboxes.o
                0x0000000000004bbc                chMBFetch
 .text.chCoreAllocAlignedI
                0x0000000000004bd0       0x5e build/obj/chmemcore.o
                0x0000000000004bd0                chCoreAllocAlignedI
 .text.chCoreAllocAligned
                0x0000000000004c2e       0x14 build/obj/chmemcore.o
                0x0000000000004c2e                chCoreAllocAligned
 .text._heap_init
                0x0000000000004c42       0x22 build/obj/chheap.o
                0x0000000000004c42                _heap_init
 .text.chPoolAllocI
                0x0000000000004c64       0x3a build/obj/chmempools.o
                0x0000000000004c64                chPoolAllocI
 .text.chPoolAlloc
                0x0000000000004c9e       0x14 build/obj/chmempools.o
                0x0000000000004c9e                chPoolAlloc
 .text.chPoolFreeI
                0x0000000000004cb2       0x2c build/obj/chmempools.o
                0x0000000000004cb2                chPoolFreeI
 .text.chPoolFree
                0x0000000000004cde       0x14 build/obj/chmempools.o
                0x0000000000004cde                chPoolFree
 .text._port_switch
                0x0000000000004cf2        0xc build/obj/chcore.o
                0x0000000000004cf2                _port_switch
 .text._port_thread_start
                0x0000000000004cfe       0x14 build/obj/chcore.o
                0x0000000000004cfe                _port_thread_start
 .text.osalThreadDequeueNextI
                0x0000000000004d12       0x5a build/obj/osal.o
                0x0000000000004d12                osalThreadDequeueNextI
 .text.halInit  0x0000000000004d6c       0x26 build/obj/hal.o
                0x0000000000004d6c                halInit
 .text.stInit   0x0000000000004d92        0x6 build/obj/hal_st.o
                0x0000000000004d92                stInit
 .text.port_lock
                0x0000000000004d98        0x8 build/obj/hal_gpt.o
 .text.port_unlock
                0x0000000000004da0        0xa build/obj/hal_gpt.o
 .text.gptInit  0x0000000000004daa        0x6 build/obj/hal_gpt.o
                0x0000000000004daa                gptInit
 .text.gptObjectInit
                0x0000000000004db0        0xc build/obj/hal_gpt.o
                0x0000000000004db0                gptObjectInit
 .text.gptStart
                0x0000000000004dbc       0x4a build/obj/hal_gpt.o
                0x0000000000004dbc                gptStart
 .text.gptStartOneShotI
                0x0000000000004e06       0x46 build/obj/hal_gpt.o
                0x0000000000004e06                gptStartOneShotI
 .text.gptStopTimerI
                0x0000000000004e4c       0x34 build/obj/hal_gpt.o
                0x0000000000004e4c                gptStopTimerI
 .text.i2cInit  0x0000000000004e80        0x6 build/obj/hal_i2c.o
                0x0000000000004e80                i2cInit
 .text.i2cObjectInit
                0x0000000000004e86        0xc build/obj/hal_i2c.o
                0x0000000000004e86                i2cObjectInit
 .text.i2cStart
                0x0000000000004e92       0x58 build/obj/hal_i2c.o
                0x0000000000004e92                i2cStart
 .text.port_lock
                0x0000000000004eea        0x8 build/obj/hal_spi.o
 .text.port_unlock
                0x0000000000004ef2        0xa build/obj/hal_spi.o
 .text.spiInit  0x0000000000004efc        0x6 build/obj/hal_spi.o
                0x0000000000004efc                spiInit
 .text.spiObjectInit
                0x0000000000004f02       0x16 build/obj/hal_spi.o
                0x0000000000004f02                spiObjectInit
 .text.spiStart
                0x0000000000004f18       0x4a build/obj/hal_spi.o
                0x0000000000004f18                spiStart
 .text.spiStartSend
                0x0000000000004f62       0x54 build/obj/hal_spi.o
                0x0000000000004f62                spiStartSend
 .text.port_lock
                0x0000000000004fb6        0x8 build/obj/hal_uart.o
 .text.port_unlock
                0x0000000000004fbe        0xa build/obj/hal_uart.o
 .text.uartInit
                0x0000000000004fc8        0x6 build/obj/hal_uart.o
                0x0000000000004fc8                uartInit
 .text.uartObjectInit
                0x0000000000004fce       0x24 build/obj/hal_uart.o
                0x0000000000004fce                uartObjectInit
 .text.uartStart
                0x0000000000004ff2       0x4a build/obj/hal_uart.o
                0x0000000000004ff2                uartStart
 .text.uartStartSendI
                0x000000000000503c       0x58 build/obj/hal_uart.o
                0x000000000000503c                uartStartSendI
 .text.uartStartReceiveI
                0x0000000000005094       0x58 build/obj/hal_uart.o
                0x0000000000005094                uartStartReceiveI
 .text.uartStopReceiveI
                0x00000000000050ec       0x3a build/obj/hal_uart.o
                0x00000000000050ec                uartStopReceiveI
 .text.hal_lld_init
                0x0000000000005126       0x50 build/obj/hal_lld.o
                0x0000000000005126                hal_lld_init
 .text.st_lld_init
                0x0000000000005176       0x20 build/obj/hal_st_lld.o
                0x0000000000005176                st_lld_init
 .text._pal_lld_init
                0x0000000000005196       0x7e build/obj/hal_pal_lld.o
                0x0000000000005196                _pal_lld_init
 .text._pal_lld_setgroupmode
                0x0000000000005214       0xf0 build/obj/hal_pal_lld.o
                0x0000000000005214                _pal_lld_setgroupmode
 .text._pal_lld_enablepadevent
                0x0000000000005304       0xee build/obj/hal_pal_lld.o
                0x0000000000005304                _pal_lld_enablepadevent
 .text._pal_lld_disablepadevent
                0x00000000000053f2       0x1c build/obj/hal_pal_lld.o
                0x00000000000053f2                _pal_lld_disablepadevent
 .text.dma_trigger_set
                0x000000000000540e       0x3c build/obj/hal_dma_lld.o
 .text.dmaInit  0x000000000000544a        0x8 build/obj/hal_dma_lld.o
                0x000000000000544a                dmaInit
 .text.dmaAcquireI
                0x0000000000005452       0x6e build/obj/hal_dma_lld.o
                0x0000000000005452                dmaAcquireI
 .text.dmaClaimI
                0x00000000000054c0       0x58 build/obj/hal_dma_lld.o
                0x00000000000054c0                dmaClaimI
 .text.dmaTransferI
                0x0000000000005518       0x7c build/obj/hal_dma_lld.o
                0x0000000000005518                dmaTransferI
 .text.dmaReleaseX
                0x0000000000005594       0x46 build/obj/hal_dma_lld.o
                0x0000000000005594                dmaReleaseX
 .text.dmaCancelI
                0x00000000000055da       0x3e build/obj/hal_dma_lld.o
                0x00000000000055da                dmaCancelI
 .text.init_transfer
                0x0000000000005618       0x7c build/obj/hal_spi_lld.o
 .text.spi_lld_end_of_transfer
                0x0000000000005694       0x56 build/obj/hal_spi_lld.o
 .text.spi_lld_init
                0x00000000000056ea       0x68 build/obj/hal_spi_lld.o
                0x00000000000056ea                spi_lld_init
 .text.spi_lld_select
                0x0000000000005752       0x44 build/obj/hal_spi_lld.o
                0x0000000000005752                spi_lld_select
 .text.spi_lld_unselect
                0x0000000000005796       0x44 build/obj/hal_spi_lld.o
                0x0000000000005796                spi_lld_unselect
 .text.spi_lld_start
                0x00000000000057da       0x8e build/obj/hal_spi_lld.o
                0x00000000000057da                spi_lld_start
 .text.spi_lld_send
                0x0000000000005868       0x2a build/obj/hal_spi_lld.o
                0x0000000000005868                spi_lld_send
 .text.spi_lld_polled_exchange
                0x0000000000005892       0x36 build/obj/hal_spi_lld.o
                0x0000000000005892                spi_lld_polled_exchange
 .text.tx_complete
                0x00000000000058c8        0xa build/obj/hal_i2c_lld.o
                0x00000000000058c8                tx_complete
 .text.i2c_lld_init
                0x00000000000058d2       0x38 build/obj/hal_i2c_lld.o
                0x00000000000058d2                i2c_lld_init
 .text.i2c_lld_start
                0x000000000000590a       0xb2 build/obj/hal_i2c_lld.o
                0x000000000000590a                i2c_lld_start
 .text.i2cMSP430XStartReceiveToRegI
                0x00000000000059bc       0xe6 build/obj/hal_i2c_lld.o
                0x00000000000059bc                i2cMSP430XStartReceiveToRegI
 .text.i2cMSP430XStartReceiveI
                0x0000000000005aa2       0xe8 build/obj/hal_i2c_lld.o
                0x0000000000005aa2                i2cMSP430XStartReceiveI
 .text.i2cMSP430XStartTransmitMSBI
                0x0000000000005b8a       0xc4 build/obj/hal_i2c_lld.o
                0x0000000000005b8a                i2cMSP430XStartTransmitMSBI
 .text.i2cMSP430XContinueTransmitMemsetI
                0x0000000000005c4e       0xa6 build/obj/hal_i2c_lld.o
                0x0000000000005c4e                i2cMSP430XContinueTransmitMemsetI
 .text.i2cMSP430XContinueTransmitI
                0x0000000000005cf4       0xa8 build/obj/hal_i2c_lld.o
                0x0000000000005cf4                i2cMSP430XContinueTransmitI
 .text.i2cMSP430XEndTransferI
                0x0000000000005d9c       0x94 build/obj/hal_i2c_lld.o
                0x0000000000005d9c                i2cMSP430XEndTransferI
 .text.rx_async_callback
                0x0000000000005e30       0x28 build/obj/hal_i2c_lld.o
                0x0000000000005e30                rx_async_callback
 .text.UCBRS    0x0000000000005e58      0x22c build/obj/hal_uart_lld.o
 .text.rx_cb    0x0000000000006084       0x5c build/obj/hal_uart_lld.o
 .text.tx_cb    0x00000000000060e0       0x70 build/obj/hal_uart_lld.o
 .text.uart_lld_init
                0x0000000000006150       0x60 build/obj/hal_uart_lld.o
                0x0000000000006150                uart_lld_init
 .text.uart_lld_start
                0x00000000000061b0      0x204 build/obj/hal_uart_lld.o
                0x00000000000061b0                uart_lld_start
 .text.uart_lld_start_send
                0x00000000000063b4       0x54 build/obj/hal_uart_lld.o
                0x00000000000063b4                uart_lld_start_send
 .text.uart_lld_start_receive
                0x0000000000006408       0x58 build/obj/hal_uart_lld.o
                0x0000000000006408                uart_lld_start_receive
 .text.uart_lld_stop_receive
                0x0000000000006460       0x4c build/obj/hal_uart_lld.o
                0x0000000000006460                uart_lld_stop_receive
 .text.gpt_lld_init
                0x00000000000064ac       0x12 build/obj/hal_gpt_lld.o
                0x00000000000064ac                gpt_lld_init
 .text.gpt_lld_start
                0x00000000000064be       0xc2 build/obj/hal_gpt_lld.o
                0x00000000000064be                gpt_lld_start
 .text.gpt_lld_start_timer
                0x0000000000006580       0x24 build/obj/hal_gpt_lld.o
                0x0000000000006580                gpt_lld_start_timer
 .text.gpt_lld_stop_timer
                0x00000000000065a4        0xc build/obj/hal_gpt_lld.o
                0x00000000000065a4                gpt_lld_stop_timer
 .text.boardInit
                0x00000000000065b0        0x6 build/obj/board.o
                0x00000000000065b0                boardInit
 .text.spi_callback
                0x00000000000065b6       0x54 build/obj/sx1278.o
                0x00000000000065b6                spi_callback
 .text.sx1278Reset.isra.0
                0x000000000000660a       0xca build/obj/sx1278.o
 .text.sx1278SetRegister
                0x00000000000066d4       0xba build/obj/sx1278.o
                0x00000000000066d4                sx1278SetRegister
 .text.sx1278SetMode.constprop.3
                0x000000000000678e       0x1a build/obj/sx1278.o
 .text.sx1278SetBitrate
                0x00000000000067a8       0x66 build/obj/sx1278.o
                0x00000000000067a8                sx1278SetBitrate
 .text.sx1278SetDeviation
                0x000000000000680e       0x5e build/obj/sx1278.o
                0x000000000000680e                sx1278SetDeviation
 .text.sx1278SetFrequency
                0x000000000000686c       0xe2 build/obj/sx1278.o
                0x000000000000686c                sx1278SetFrequency
 .text.sx1278SetPower
                0x000000000000694e        0xc build/obj/sx1278.o
                0x000000000000694e                sx1278SetPower
 .text.sx1278SetSync
                0x000000000000695a       0x6a build/obj/sx1278.o
                0x000000000000695a                sx1278SetSync
 .text.sx1278ObjectInit
                0x00000000000069c4       0x10 build/obj/sx1278.o
                0x00000000000069c4                sx1278ObjectInit
 .text.sx1278Start
                0x00000000000069d4      0x188 build/obj/sx1278.o
                0x00000000000069d4                sx1278Start
 .text.sx1278FifoWriteAsync
                0x0000000000006b5c       0x7a build/obj/sx1278.o
                0x0000000000006b5c                sx1278FifoWriteAsync
 .text.sx1278FifoWriteAsyncS
                0x0000000000006bd6       0x80 build/obj/sx1278.o
                0x0000000000006bd6                sx1278FifoWriteAsyncS
 .text.sx1278StartTransmit
                0x0000000000006c56       0xe4 build/obj/sx1278.o
                0x0000000000006c56                sx1278StartTransmit
 .text.blockuntil_callback
                0x0000000000006d3a        0xc build/obj/sx1212.o
 .text.sx1212SetRegister.isra.0
                0x0000000000006d46       0x50 build/obj/sx1212.o
 .text.sx1212SetMode
                0x0000000000006d96       0x1c build/obj/sx1212.o
 .text.sx1212SetFifoThreshold
                0x0000000000006db2       0x32 build/obj/sx1212.o
 .text.sx1212Reset.isra.1
                0x0000000000006de4       0xde build/obj/sx1212.o
 .text.irq_block_with_timeout.isra.2
                0x0000000000006ec2       0x80 build/obj/sx1212.o
 .text.spi_mode_config
                0x0000000000006f42       0x1a build/obj/sx1212.o
                0x0000000000006f42                spi_mode_config
 .text.sx1212ReadRegister
                0x0000000000006f5c       0x48 build/obj/sx1212.o
                0x0000000000006f5c                sx1212ReadRegister
 .text.sx1212SetBitrate
                0x0000000000006fa4       0x3e build/obj/sx1212.o
                0x0000000000006fa4                sx1212SetBitrate
 .text.sx1212SetDeviation
                0x0000000000006fe2       0x56 build/obj/sx1212.o
                0x0000000000006fe2                sx1212SetDeviation
 .text.sx1212SetFrequency
                0x0000000000007038       0x46 build/obj/sx1212.o
                0x0000000000007038                sx1212SetFrequency
 .text.sx1212SetSync
                0x000000000000707e       0x3c build/obj/sx1212.o
                0x000000000000707e                sx1212SetSync
 .text.sx1212SetRxBw
                0x00000000000070ba       0x26 build/obj/sx1212.o
                0x00000000000070ba                sx1212SetRxBw
 .text.sx1212Start
                0x00000000000070e0      0x1a4 build/obj/sx1212.o
                0x00000000000070e0                sx1212Start
 .text.sx1212ReceiveI
                0x0000000000007284       0x3c build/obj/sx1212.o
                0x0000000000007284                sx1212ReceiveI
 .text.sx1212StartReceive
                0x00000000000072c0       0x96 build/obj/sx1212.o
                0x00000000000072c0                sx1212StartReceive
 .text.sx1212FifoRead
                0x0000000000007356       0xa4 build/obj/sx1212.o
                0x0000000000007356                sx1212FifoRead
 .text.sx1212StopReceive
                0x00000000000073fa       0x1c build/obj/sx1212.o
                0x00000000000073fa                sx1212StopReceive
 .text.send_complete_cb
                0x0000000000007416       0x3a build/obj/uart.o
                0x0000000000007416                send_complete_cb
 .text.elyUARTCfgMarkDirty
                0x0000000000007450       0x20 build/obj/uart.o
                0x0000000000007450                elyUARTCfgMarkDirty
 .text.elyUARTPostI
                0x0000000000007470       0x32 build/obj/uart.o
                0x0000000000007470                elyUARTPostI
 .text.elyUARTPost
                0x00000000000074a2       0x30 build/obj/uart.o
                0x00000000000074a2                elyUARTPost
 .text.UARTThd  0x00000000000074d2      0x190 build/obj/uart.o
                0x00000000000074d2                UARTThd
 .text.fw_allocator
                0x0000000000007662       0x26 build/obj/main.o
                0x0000000000007662                fw_allocator
 .text.elyFWGetBufferI
                0x0000000000007688       0x20 build/obj/main.o
                0x0000000000007688                elyFWGetBufferI
 .text.elyFWGetBuffer
                0x00000000000076a8       0x14 build/obj/main.o
                0x00000000000076a8                elyFWGetBuffer
 .text.elyFWFreeBufferI
                0x00000000000076bc       0x14 build/obj/main.o
                0x00000000000076bc                elyFWFreeBufferI
 .text.elyFWFreeBuffer
                0x00000000000076d0       0x18 build/obj/main.o
                0x00000000000076d0                elyFWFreeBuffer
 .text.port_lock
                0x00000000000076e8        0x8 build/obj/cmds.o
 .text.port_unlock
                0x00000000000076f0        0xa build/obj/cmds.o
 .text.reset    0x00000000000076fa       0x18 build/obj/cmds.o
 .text.write_failure
                0x0000000000007712       0x3e build/obj/cmds.o
 .text.store_telem
                0x0000000000007750       0xc8 build/obj/cmds.o
 .text.store_telem_noreply_cb
                0x0000000000007818        0xa build/obj/cmds.o
 .text.upload_fw_noreply_cb
                0x0000000000007822        0x6 build/obj/cmds.o
 .text.verify_fw
                0x0000000000007828       0xb4 build/obj/cmds.o
 .text.write_success
                0x00000000000078dc       0x44 build/obj/cmds.o
 .text.cancel_fw_eeprom_cb
                0x0000000000007920       0x16 build/obj/cmds.o
 .text.elyMainMBPost
                0x0000000000007936        0xe build/obj/cmds.o
                0x0000000000007936                elyMainMBPost
 .text.elyCmdParse
                0x0000000000007944       0x54 build/obj/cmds.o
                0x0000000000007944                elyCmdParse
 .text.elyCmdValidate
                0x0000000000007998      0x27a build/obj/cmds.o
                0x0000000000007998                elyCmdValidate
 .text.elyCmdDispatch
                0x0000000000007c12       0x4a build/obj/cmds.o
                0x0000000000007c12                elyCmdDispatch
 .text.elyCmdSendReplyI
                0x0000000000007c5c       0x5c build/obj/cmds.o
                0x0000000000007c5c                elyCmdSendReplyI
 .text.store_telem_reply_cb
                0x0000000000007cb8       0x20 build/obj/cmds.o
 .text.verify_fw_cb
                0x0000000000007cd8       0x44 build/obj/cmds.o
 .text.upload_fw_reply_cb
                0x0000000000007d1c       0x20 build/obj/cmds.o
 .text.elyCmdSendReply
                0x0000000000007d3c       0x24 build/obj/cmds.o
                0x0000000000007d3c                elyCmdSendReply
 .text.get_sx1212_reg
                0x0000000000007d60       0x8a build/obj/cmds.o
 .text.gen_success
                0x0000000000007dea       0x36 build/obj/cmds.o
 .text.get_telem
                0x0000000000007e20      0x182 build/obj/cmds.o
 .text.install_fw
                0x0000000000007fa2       0x54 build/obj/cmds.o
 .text.cancel_fw
                0x0000000000007ff6       0xb2 build/obj/cmds.o
 .text.reset_event
                0x00000000000080a8       0x3a build/obj/cmds.o
 .text.reset_chan
                0x00000000000080e2       0x3a build/obj/cmds.o
 .text.gen_failure
                0x000000000000811c       0x36 build/obj/cmds.o
 .text.upload_fw
                0x0000000000008152      0x1a2 build/obj/cmds.o
 .text.set_log  0x00000000000082f4       0x8a build/obj/cmds.o
 .text.set_err  0x000000000000837e       0x8a build/obj/cmds.o
 .text.unlog_event
                0x0000000000008408       0xba build/obj/cmds.o
 .text.log_event
                0x00000000000084c2       0xe4 build/obj/cmds.o
 .text.event_unsub
                0x00000000000085a6       0xba build/obj/cmds.o
 .text.event_sub
                0x0000000000008660      0x10a build/obj/cmds.o
 .text.unlog_chan
                0x000000000000876a       0xca build/obj/cmds.o
 .text.log_chan
                0x0000000000008834      0x17a build/obj/cmds.o
 .text.channel_unsub
                0x00000000000089ae       0xac build/obj/cmds.o
 .text.channel_sub
                0x0000000000008a5a      0x17a build/obj/cmds.o
 .text.reload_config
                0x0000000000008bd4       0xb0 build/obj/cmds.o
 .text.set_u32  0x0000000000008c84      0x11e build/obj/cmds.o
 .text.set_baud
                0x0000000000008da2       0x4a build/obj/cmds.o
 .text.set_rx_dev
                0x0000000000008dec       0x5a build/obj/cmds.o
 .text.set_tx_dev
                0x0000000000008e46       0x58 build/obj/cmds.o
 .text.set_rx_br
                0x0000000000008e9e       0x56 build/obj/cmds.o
 .text.set_tx_br
                0x0000000000008ef4       0x56 build/obj/cmds.o
 .text.set_rx_freq
                0x0000000000008f4a       0x58 build/obj/cmds.o
 .text.set_tx_freq
                0x0000000000008fa2       0x58 build/obj/cmds.o
 .text.set_tx_pow
                0x0000000000008ffa       0x8e build/obj/cmds.o
 .text.set_gpo  0x0000000000009088       0xa4 build/obj/cmds.o
 .text.get_log  0x000000000000912c       0x80 build/obj/cmds.o
 .text.get_err  0x00000000000091ac       0x7a build/obj/cmds.o
 .text.get_time
                0x0000000000009226       0x90 build/obj/cmds.o
 .text.set_time
                0x00000000000092b6       0xa0 build/obj/cmds.o
 .text.get_chan
                0x0000000000009356       0xdc build/obj/cmds.o
 .text.get_u32  0x0000000000009432      0x168 build/obj/cmds.o
 .text.get_baud
                0x000000000000959a       0x42 build/obj/cmds.o
 .text.get_rx_dev
                0x00000000000095dc       0x44 build/obj/cmds.o
 .text.get_tx_dev
                0x0000000000009620       0x42 build/obj/cmds.o
 .text.get_rx_br
                0x0000000000009662       0x42 build/obj/cmds.o
 .text.get_tx_br
                0x00000000000096a4       0x42 build/obj/cmds.o
 .text.get_rx_freq
                0x00000000000096e6       0x44 build/obj/cmds.o
 .text.get_tx_freq
                0x000000000000972a       0x44 build/obj/cmds.o
 .text.get_tx_pow
                0x000000000000976e       0x74 build/obj/cmds.o
 .text.set_block
                0x00000000000097e2      0x16c build/obj/cmds.o
 .text.get_block
                0x000000000000994e      0x126 build/obj/cmds.o
 .text.set_regs
                0x0000000000009a74      0x166 build/obj/cmds.o
 .text.get_regs
                0x0000000000009bda      0x152 build/obj/cmds.o
 .text.get_active_bank
                0x0000000000009d2c       0x6e build/obj/cmds.o
 .text.get_gpo  0x0000000000009d9a       0x6e build/obj/cmds.o
 .text.CmdThd   0x0000000000009e08       0x6e build/obj/cmds.o
                0x0000000000009e08                CmdThd
 .text.clamp    0x0000000000009e76       0x2e build/obj/registers.o
 .text.fram_reg_cb
                0x0000000000009ea4       0x28 build/obj/registers.o
                0x0000000000009ea4                fram_reg_cb
 .text.fram_block_cb
                0x0000000000009ecc       0x16 build/obj/registers.o
                0x0000000000009ecc                fram_block_cb
 .text.fram_reg
                0x0000000000009ee2       0x98 build/obj/registers.o
                0x0000000000009ee2                fram_reg
 .text.fram_block
                0x0000000000009f7a       0xd0 build/obj/registers.o
                0x0000000000009f7a                fram_block
 .text.elyClampReg
                0x000000000000a04a      0x1ec build/obj/registers.o
                0x000000000000a04a                elyClampReg
 .text.elyRegGet
                0x000000000000a236       0x5c build/obj/registers.o
                0x000000000000a236                elyRegGet
 .text.elyRegSet
                0x000000000000a292       0x6c build/obj/registers.o
                0x000000000000a292                elyRegSet
 .text.elyRegGetBlock
                0x000000000000a2fe       0x46 build/obj/registers.o
                0x000000000000a2fe                elyRegGetBlock
 .text.elyRegSetBlock
                0x000000000000a344       0x52 build/obj/registers.o
                0x000000000000a344                elyRegSetBlock
 .text.elyErrorSignal
                0x000000000000a396        0x2 build/obj/errors_stub.o
                0x000000000000a396                elyErrorSignal
 .text.elyErrorSetRptLvlS
                0x000000000000a398        0x2 build/obj/errors_stub.o
                0x000000000000a398                elyErrorSetRptLvlS
 .text.elyErrorSetLogLvlS
                0x000000000000a39a        0x2 build/obj/errors_stub.o
                0x000000000000a39a                elyErrorSetLogLvlS
 .text.elyEventSignal
                0x000000000000a39c        0x2 build/obj/events_stub.o
                0x000000000000a39c                elyEventSignal
 .text.elyEventSubscribe
                0x000000000000a39e        0x2 build/obj/events_stub.o
                0x000000000000a39e                elyEventSubscribe
 .text.elyEventUnsubscribe
                0x000000000000a3a0        0x2 build/obj/events_stub.o
                0x000000000000a3a0                elyEventUnsubscribe
 .text.elyEventLog
                0x000000000000a3a2        0x2 build/obj/events_stub.o
                0x000000000000a3a2                elyEventLog
 .text.elyEventUnlog
                0x000000000000a3a4        0x2 build/obj/events_stub.o
                0x000000000000a3a4                elyEventUnlog
 .text.elyEventReset
                0x000000000000a3a6        0x2 build/obj/events_stub.o
                0x000000000000a3a6                elyEventReset
 .text.elyChanSubscribe
                0x000000000000a3a8        0x2 build/obj/channels_stub.o
                0x000000000000a3a8                elyChanSubscribe
 .text.elyChanUnsubscribe
                0x000000000000a3aa        0x2 build/obj/channels_stub.o
                0x000000000000a3aa                elyChanUnsubscribe
 .text.elyChanLog
                0x000000000000a3ac        0x2 build/obj/channels_stub.o
                0x000000000000a3ac                elyChanLog
 .text.elyChanUnlog
                0x000000000000a3ae        0x2 build/obj/channels_stub.o
                0x000000000000a3ae                elyChanUnlog
 .text.elyChanGetValue
                0x000000000000a3b0        0x4 build/obj/channels_stub.o
                0x000000000000a3b0                elyChanGetValue
 .text.elyChanReset
                0x000000000000a3b4        0x2 build/obj/channels_stub.o
                0x000000000000a3b4                elyChanReset
 .text.elyTelemUpdateConfigS
                0x000000000000a3b6        0x2 build/obj/telem_stub.o
                0x000000000000a3b6                elyTelemUpdateConfigS
 .text.elyTelemPostBufferS
                0x000000000000a3b8       0x1c build/obj/telem_stub.o
                0x000000000000a3b8                elyTelemPostBufferS
 .text.calc_next_buff
                0x000000000000a3d4       0xd0 build/obj/slip_uart_dll.o
                0x000000000000a3d4                calc_next_buff
 .text.elyUARTDLLTxCB
                0x000000000000a4a4       0x62 build/obj/slip_uart_dll.o
                0x000000000000a4a4                elyUARTDLLTxCB
 .text.elyUARTDLLStartTx
                0x000000000000a506       0xae build/obj/slip_uart_dll.o
                0x000000000000a506                elyUARTDLLStartTx
 .text.elyUARTDLLRxInit
                0x000000000000a5b4        0xa build/obj/slip_uart_dll.o
                0x000000000000a5b4                elyUARTDLLRxInit
 .text.elyUARTDLLRxHandleBuffer
                0x000000000000a5be      0x1ae build/obj/slip_uart_dll.o
                0x000000000000a5be                elyUARTDLLRxHandleBuffer
 .text.elyUARTDLLTimeoutCB
                0x000000000000a76c       0x20 build/obj/slip_uart_dll.o
                0x000000000000a76c                elyUARTDLLTimeoutCB
 .text.elyUARTDLLRxCharCB
                0x000000000000a78c       0x4c build/obj/slip_uart_dll.o
                0x000000000000a78c                elyUARTDLLRxCharCB
 .text.elyUARTDLLRxCB
                0x000000000000a7d8       0x5e build/obj/slip_uart_dll.o
                0x000000000000a7d8                elyUARTDLLRxCB
 .text.crcGenX25
                0x000000000000a836       0x74 build/obj/crc_x25.o
                0x000000000000a836                crcGenX25
 .text.crcCheckX25
                0x000000000000a8aa       0x6a build/obj/crc_x25.o
                0x000000000000a8aa                crcCheckX25
 .text.crcStart
                0x000000000000a914       0x22 build/obj/crc_x25.o
                0x000000000000a914                crcStart
 .text.crcStop  0x000000000000a936       0x20 build/obj/crc_x25.o
                0x000000000000a936                crcStop
 .text.crcGenSDLP
                0x000000000000a956       0x5c build/obj/crc_sdlp.o
                0x000000000000a956                crcGenSDLP
 .text.rxfifothresh_callback
                0x000000000000a9b2       0x10 build/obj/sdlp.o
                0x000000000000a9b2                rxfifothresh_callback
 .text.txlvl_callback
                0x000000000000a9c2       0x10 build/obj/sdlp.o
                0x000000000000a9c2                txlvl_callback
 .text.write_cb
                0x000000000000a9d2       0x80 build/obj/sdlp.o
                0x000000000000a9d2                write_cb
 .text.elyRFChangeTxSyncS
                0x000000000000aa52       0x3c build/obj/sdlp.o
                0x000000000000aa52                elyRFChangeTxSyncS
 .text.elyRFDLLClampReg
                0x000000000000aa8e      0x158 build/obj/sdlp.o
                0x000000000000aa8e                elyRFDLLClampReg
 .text.elyRFDLLBuildFrame
                0x000000000000abe6      0x2b0 build/obj/sdlp.o
                0x000000000000abe6                elyRFDLLBuildFrame
 .text.elyRFDLLRxInit
                0x000000000000ae96       0x2e build/obj/sdlp.o
                0x000000000000ae96                elyRFDLLRxInit
 .text.elyRFDLLHandleRxFifo
                0x000000000000aec4      0x152 build/obj/sdlp.o
                0x000000000000aec4                elyRFDLLHandleRxFifo
 .text.elyRFDLLTxInit
                0x000000000000b016       0x50 build/obj/sdlp.o
                0x000000000000b016                elyRFDLLTxInit
 .text.elyRFDLLInitiateTransmit
                0x000000000000b066       0x32 build/obj/sdlp.o
                0x000000000000b066                elyRFDLLInitiateTransmit
 .text.elyRFDLLHandleTxFifo
                0x000000000000b098       0x46 build/obj/sdlp.o
                0x000000000000b098                elyRFDLLHandleTxFifo
 .text.fram_mpool_alloc
                0x000000000000b0de       0x26 build/obj/fram.o
                0x000000000000b0de                fram_mpool_alloc
 .text.addr_cb  0x000000000000b104      0x102 build/obj/fram.o
                0x000000000000b104                addr_cb
 .text.fram_handle_request
                0x000000000000b206       0x50 build/obj/fram.o
                0x000000000000b206                fram_handle_request
 .text.end_cb   0x000000000000b256       0x74 build/obj/fram.o
                0x000000000000b256                end_cb
 .text.elyFramPostRequestI
                0x000000000000b2ca       0x5c build/obj/fram.o
                0x000000000000b2ca                elyFramPostRequestI
 .text.elyFramPostRequestS
                0x000000000000b326       0x24 build/obj/fram.o
                0x000000000000b326                elyFramPostRequestS
 .text.elyFramGetRequestTimeoutS
                0x000000000000b34a       0x3e build/obj/fram.o
                0x000000000000b34a                elyFramGetRequestTimeoutS
 .text.elyFramInit
                0x000000000000b388        0xe build/obj/fram.o
                0x000000000000b388                elyFramInit
 .text.port_lock
                0x000000000000b396        0x8 build/obj/rf.o
 .text.port_unlock
                0x000000000000b39e        0xa build/obj/rf.o
 .text.elyRFPostI
                0x000000000000b3a8       0x28 build/obj/rf.o
                0x000000000000b3a8                elyRFPostI
 .text.elyRFPost
                0x000000000000b3d0       0x36 build/obj/rf.o
                0x000000000000b3d0                elyRFPost
 .text.elyRFCfgMarkDirty
                0x000000000000b406       0x36 build/obj/rf.o
                0x000000000000b406                elyRFCfgMarkDirty
 .text.elyRFChangeTxFreqS
                0x000000000000b43c      0x118 build/obj/rf.o
                0x000000000000b43c                elyRFChangeTxFreqS
 .text.elyRFChangeRxFreqS
                0x000000000000b554      0x11a build/obj/rf.o
                0x000000000000b554                elyRFChangeRxFreqS
 .text.elyRFChangeTxBRS
                0x000000000000b66e      0x10a build/obj/rf.o
                0x000000000000b66e                elyRFChangeTxBRS
 .text.elyRFChangeRxBRS
                0x000000000000b778      0x10a build/obj/rf.o
                0x000000000000b778                elyRFChangeRxBRS
 .text.elyRFChangeTxDevS
                0x000000000000b882      0x10e build/obj/rf.o
                0x000000000000b882                elyRFChangeTxDevS
 .text.elyRFChangeRxDevS
                0x000000000000b990      0x10e build/obj/rf.o
                0x000000000000b990                elyRFChangeRxDevS
 .text.elyRFChangeRxSyncS
                0x000000000000ba9e       0x48 build/obj/rf.o
                0x000000000000ba9e                elyRFChangeRxSyncS
 .text.elyRFChangeTxPowerS
                0x000000000000bae6       0x14 build/obj/rf.o
                0x000000000000bae6                elyRFChangeTxPowerS
 .text.elyRFChangeRxFilterParamsS
                0x000000000000bafa       0x22 build/obj/rf.o
                0x000000000000bafa                elyRFChangeRxFilterParamsS
 .text.RFThd    0x000000000000bb1c      0x438 build/obj/rf.o
                0x000000000000bb1c                RFThd
 .text.nl_allocator
                0x000000000000bf54       0x26 build/obj/spp.o
                0x000000000000bf54                nl_allocator
 .text.clamp    0x000000000000bf7a       0x2e build/obj/spp.o
 .text.uart_pass
                0x000000000000bfa8        0x8 build/obj/spp.o
 .text.fw       0x000000000000bfb0        0x8 build/obj/spp.o
 .text.rf_pass  0x000000000000bfb8        0x8 build/obj/spp.o
 .text.elyNLClampReg
                0x000000000000bfc0      0x110 build/obj/spp.o
                0x000000000000bfc0                elyNLClampReg
 .text.elyNLGetBuffer
                0x000000000000c0d0        0xa build/obj/spp.o
                0x000000000000c0d0                elyNLGetBuffer
 .text.elyNLFreeBuffer
                0x000000000000c0da        0xc build/obj/spp.o
                0x000000000000c0da                elyNLFreeBuffer
 .text.elyNLGetBufferI
                0x000000000000c0e6        0xa build/obj/spp.o
                0x000000000000c0e6                elyNLGetBufferI
 .text.elyNLFreeBufferI
                0x000000000000c0f0        0xc build/obj/spp.o
                0x000000000000c0f0                elyNLFreeBufferI
 .text.elyNLGetDest
                0x000000000000c0fc       0x1c build/obj/spp.o
                0x000000000000c0fc                elyNLGetDest
 .text.is_fw_buf
                0x000000000000c118       0x3c build/obj/spp.o
                0x000000000000c118                is_fw_buf
 .text.elyNLFreeBufferChecked
                0x000000000000c154       0x20 build/obj/spp.o
                0x000000000000c154                elyNLFreeBufferChecked
 .text.elyNLFreeBufferCheckedI
                0x000000000000c174       0x20 build/obj/spp.o
                0x000000000000c174                elyNLFreeBufferCheckedI
 .text.elyNLInit
                0x000000000000c194        0x8 build/obj/spp.o
                0x000000000000c194                elyNLInit
 .text.elyNLSetHeader
                0x000000000000c19c       0xee build/obj/spp.o
                0x000000000000c19c                elyNLSetHeader
 .text.elyNLGetLength
                0x000000000000c28a       0x18 build/obj/spp.o
                0x000000000000c28a                elyNLGetLength
 .text.elyNLValidate
                0x000000000000c2a2       0x5a build/obj/spp.o
                0x000000000000c2a2                elyNLValidate
 .text.nl_route
                0x000000000000c2fc       0x86 build/obj/spp.o
 .text.elyNLRouteUART
                0x000000000000c382       0x12 build/obj/spp.o
                0x000000000000c382                elyNLRouteUART
 .text.elyNLRouteRF
                0x000000000000c394       0x12 build/obj/spp.o
                0x000000000000c394                elyNLRouteRF
 .text.elyNLToFW
                0x000000000000c3a6        0xc build/obj/spp.o
                0x000000000000c3a6                elyNLToFW
 .text.elyNLFromFW
                0x000000000000c3b2        0xe build/obj/spp.o
                0x000000000000c3b2                elyNLFromFW
 .text.startup.main
                0x000000000000c3c0       0x1c build/obj/init.o
                0x000000000000c3c0                main
 .text.udivmodsi4
                0x000000000000c3dc       0x8a /root/ti-tools/part2/msp430-gcc-6.2.1.16_linux64/bin/../lib/gcc/msp430-elf/6.2.1/large/libgcc.a(lib2divSI.o)
                0x000000000000c3dc                udivmodsi4
 .text.__udivsi3
                0x000000000000c466       0x12 /root/ti-tools/part2/msp430-gcc-6.2.1.16_linux64/bin/../lib/gcc/msp430-elf/6.2.1/large/libgcc.a(lib2divSI.o)
                0x000000000000c466                __mspabi_divul
                0x000000000000c466                __mspabi_divlu
 .text          0x000000000000c478       0x74 /root/ti-tools/part2/msp430-gcc-6.2.1.16_linux64/bin/../lib/gcc/msp430-elf/6.2.1/large/libgcc.a(slli.o)
                0x000000000000c478                __mspabi_slli_15
                0x000000000000c47a                __mspabi_slli_14
                0x000000000000c47c                __mspabi_slli_13
                0x000000000000c47e                __mspabi_slli_12
                0x000000000000c480                __mspabi_slli_11
                0x000000000000c482                __mspabi_slli_10
                0x000000000000c484                __mspabi_slli_9
                0x000000000000c486                __mspabi_slli_8
                0x000000000000c488                __mspabi_slli_7
                0x000000000000c48a                __mspabi_slli_6
                0x000000000000c48c                __mspabi_slli_5
                0x000000000000c48e                __mspabi_slli_4
                0x000000000000c490                __mspabi_slli_3
                0x000000000000c492                __mspabi_slli_2
                0x000000000000c494                __mspabi_slli_1
                0x000000000000c49c                __mspabi_slli
                0x000000000000c4a2                __mspabi_slll_15
                0x000000000000c4a6                __mspabi_slll_14
                0x000000000000c4aa                __mspabi_slll_13
                0x000000000000c4ae                __mspabi_slll_12
                0x000000000000c4b2                __mspabi_slll_11
                0x000000000000c4b6                __mspabi_slll_10
                0x000000000000c4ba                __mspabi_slll_9
                0x000000000000c4be                __mspabi_slll_8
                0x000000000000c4c2                __mspabi_slll_7
                0x000000000000c4c6                __mspabi_slll_6
                0x000000000000c4ca                __mspabi_slll_5
                0x000000000000c4ce                __mspabi_slll_4
                0x000000000000c4d2                __mspabi_slll_3
                0x000000000000c4d6                __mspabi_slll_2
                0x000000000000c4da                __mspabi_slll_1
                0x000000000000c4e6                __mspabi_slll
 .text          0x000000000000c4ec       0x74 /root/ti-tools/part2/msp430-gcc-6.2.1.16_linux64/bin/../lib/gcc/msp430-elf/6.2.1/large/libgcc.a(srai.o)
                0x000000000000c4ec                __mspabi_srai_15
                0x000000000000c4ee                __mspabi_srai_14
                0x000000000000c4f0                __mspabi_srai_13
                0x000000000000c4f2                __mspabi_srai_12
                0x000000000000c4f4                __mspabi_srai_11
                0x000000000000c4f6                __mspabi_srai_10
                0x000000000000c4f8                __mspabi_srai_9
                0x000000000000c4fa                __mspabi_srai_8
                0x000000000000c4fc                __mspabi_srai_7
                0x000000000000c4fe                __mspabi_srai_6
                0x000000000000c500                __mspabi_srai_5
                0x000000000000c502                __mspabi_srai_4
                0x000000000000c504                __mspabi_srai_3
                0x000000000000c506                __mspabi_srai_2
                0x000000000000c508                __mspabi_srai_1
                0x000000000000c510                __mspabi_srai
                0x000000000000c516                __mspabi_sral_15
                0x000000000000c51a                __mspabi_sral_14
                0x000000000000c51e                __mspabi_sral_13
                0x000000000000c522                __mspabi_sral_12
                0x000000000000c526                __mspabi_sral_11
                0x000000000000c52a                __mspabi_sral_10
                0x000000000000c52e                __mspabi_sral_9
                0x000000000000c532                __mspabi_sral_8
                0x000000000000c536                __mspabi_sral_7
                0x000000000000c53a                __mspabi_sral_6
                0x000000000000c53e                __mspabi_sral_5
                0x000000000000c542                __mspabi_sral_4
                0x000000000000c546                __mspabi_sral_3
                0x000000000000c54a                __mspabi_sral_2
                0x000000000000c54e                __mspabi_sral_1
                0x000000000000c55a                __mspabi_sral
 .text          0x000000000000c560       0xb4 /root/ti-tools/part2/msp430-gcc-6.2.1.16_linux64/bin/../lib/gcc/msp430-elf/6.2.1/large/libgcc.a(srli.o)
                0x000000000000c560                __mspabi_srli_15
                0x000000000000c564                __mspabi_srli_14
                0x000000000000c568                __mspabi_srli_13
                0x000000000000c56c                __mspabi_srli_12
                0x000000000000c570                __mspabi_srli_11
                0x000000000000c574                __mspabi_srli_10
                0x000000000000c578                __mspabi_srli_9
                0x000000000000c57c                __mspabi_srli_8
                0x000000000000c580                __mspabi_srli_7
                0x000000000000c584                __mspabi_srli_6
                0x000000000000c588                __mspabi_srli_5
                0x000000000000c58c                __mspabi_srli_4
                0x000000000000c590                __mspabi_srli_3
                0x000000000000c594                __mspabi_srli_2
                0x000000000000c598                __mspabi_srli_1
                0x000000000000c5a4                __mspabi_srli
                0x000000000000c5aa                __mspabi_srll_15
                0x000000000000c5b0                __mspabi_srll_14
                0x000000000000c5b6                __mspabi_srll_13
                0x000000000000c5bc                __mspabi_srll_12
                0x000000000000c5c2                __mspabi_srll_11
                0x000000000000c5c8                __mspabi_srll_10
                0x000000000000c5ce                __mspabi_srll_9
                0x000000000000c5d4                __mspabi_srll_8
                0x000000000000c5da                __mspabi_srll_7
                0x000000000000c5e0                __mspabi_srll_6
                0x000000000000c5e6                __mspabi_srll_5
                0x000000000000c5ec                __mspabi_srll_4
                0x000000000000c5f2                __mspabi_srll_3
                0x000000000000c5f8                __mspabi_srll_2
                0x000000000000c5fe                __mspabi_srll_1
                0x000000000000c60e                __mspabi_srll
 .text          0x000000000000c614       0x28 /root/ti-tools/part2/msp430-gcc-6.2.1.16_linux64/bin/../lib/gcc/msp430-elf/6.2.1/large/libgcc.a(cmpsi2.o)
                0x000000000000c614                __cmpsi2
                0x000000000000c62c                __ucmpsi2
 .text.__mulsi2_f5
                0x000000000000c63c       0x22 /root/ti-tools/part2/msp430-gcc-6.2.1.16_linux64/bin/../lib/gcc/msp430-elf/6.2.1/large/libmul_f5.a(lib2hw_mul_f5.o)
                0x000000000000c63c                __mspabi_mpyl
                0x000000000000c63c                __mspabi_mpyl_f5hw
                0x000000000000c63c                __mulsi2_f5
 .text.memcpy   0x000000000000c65e       0x1e /root/ti-tools/part2/msp430-gcc-6.2.1.16_linux64/bin/../lib/gcc/msp430-elf/6.2.1/../../../../msp430-elf/lib/large/libc.a(lib_a-memcpy.o)
                0x000000000000c65e                memcpy
 .text.memset   0x000000000000c67c       0x1a /root/ti-tools/part2/msp430-gcc-6.2.1.16_linux64/bin/../lib/gcc/msp430-elf/6.2.1/../../../../msp430-elf/lib/large/libc.a(lib_a-memset.o)
                0x000000000000c67c                memset
 .text.memmove  0x000000000000c696       0x52 /root/ti-tools/part2/msp430-gcc-6.2.1.16_linux64/bin/../lib/gcc/msp430-elf/6.2.1/../../../../msp430-elf/lib/large/libc.a(lib_a-memmove.o)
                0x000000000000c696                memmove
 *(.text.*personality*)
 *(.gnu.warning)
 *(.interp .hash .dynsym .dynstr .gnu.version*)
                [!provide]                        PROVIDE (__etext, .)
                [!provide]                        PROVIDE (_etext, .)
                [!provide]                        PROVIDE (etext, .)
                0x000000000000c6e8                . = ALIGN (0x2)
 *(.init)
 *(.fini)
 *(.tm_clone_table)

.stack          0x000000000000c6e8      0x100
                0x000000000000c6e8                __main_thread_stack_end__ = .
 *(.stack)
                0x000000000000c7e8                . = (. + __idle_stack_size__)
 *fill*         0x000000000000c6e8      0x100 
                0x000000000000c7e8                PROVIDE (__stack, .)
                0x000000000000c7e8                . = ALIGN (0x2)
                0x000000000000c7e8                __main_thread_stack_base__ = .

.rodata         0x000000000000c7e8       0x23
                0x000000000000c7e8                . = ALIGN (0x2)
 *(.plt)
 *(.rodata .rodata.* .gnu.linkonce.r.* .const .const:*)
 .rodata        0x000000000000c7e8       0x23 build/obj/init.o
 *(.rodata1)
 *(.lower.rodata.* .lower.rodata)
 *(.gcc_except_table)
 *(.gcc_except_table.*)
                [!provide]                        PROVIDE (__preinit_array_start, .)
 *(.preinit_array)
                [!provide]                        PROVIDE (__preinit_array_end, .)
                [!provide]                        PROVIDE (__init_array_start, .)
 *(SORT(.init_array.*))
 *(.init_array)
                [!provide]                        PROVIDE (__init_array_end, .)
                [!provide]                        PROVIDE (__fini_array_start, .)
 *(.fini_array)
 *(SORT(.fini_array.*))
                [!provide]                        PROVIDE (__fini_array_end, .)

.rodata2        0x000000000000c80c       0x48
                0x000000000000c80c                . = ALIGN (0x2)
 *(.eh_frame_hdr)
 *(.eh_frame)
 .eh_frame      0x000000000000c80c       0x48 /root/ti-tools/part2/msp430-gcc-6.2.1.16_linux64/bin/../lib/gcc/msp430-elf/6.2.1/large/libgcc.a(_udivdi3.o)
 *crtbegin*.o(.ctors)
 *(EXCLUDE_FILE(*crtend*.o) .ctors)
 *(SORT(.ctors.*))
 *(.ctors)
 *crtbegin*.o(.dtors)
 *(EXCLUDE_FILE(*crtend*.o) .dtors)
 *(SORT(.dtors.*))
 *(.dtors)

.persistent     0x000000000000c854     0x2712
                0x000000000000c854                . = ALIGN (0x2)
                [!provide]                        PROVIDE (__persistent_start, .)
 *(.persistent)
 .persistent    0x000000000000c854       0x62 build/obj/uart.o
                0x000000000000c854                A1_cfg
 .persistent    0x000000000000c8b6      0x434 build/obj/main.o
 .persistent    0x000000000000ccea      0x100 build/obj/registers.o
 .persistent    0x000000000000cdea        0x4 build/obj/slip_uart_dll.o
 .persistent    0x000000000000cdee       0x2c build/obj/sdlp.o
                0x000000000000cdee                DLLRxPktCfg
                0x000000000000cdef                DLLTxPktCfg
                0x000000000000cdf7                b_frames
                0x000000000000cdf8                a_frames
                0x000000000000cdf9                double_frames
                0x000000000000cdfa                missed_frames
                0x000000000000cdfb                seq_no
                0x000000000000cdfc                fecf
                0x000000000000cdfd                fec
 .persistent    0x000000000000ce1a       0x6c build/obj/fram.o
 .persistent    0x000000000000ce86       0xc6 build/obj/rf.o
                0x000000000000cef8                rf_spi_cfg
                0x000000000000cf08                rf_mbox
 .persistent    0x000000000000cf4c     0x201a build/obj/spp.o
                0x000000000000cf5c                packets_relayed
                0x000000000000cf5e                packets_sent
                0x000000000000cf60                packets_received
                0x000000000000ef62                elyNLMaxLen
                0x000000000000ef66                . = ALIGN (0x2)
                [!provide]                        PROVIDE (__persistent_end, .)

.data           0x0000000000001c00        0x0 load address 0x000000000000ef66
                0x0000000000001c00                . = ALIGN (0x2)
                [!provide]                        PROVIDE (__datastart, .)
 *(.jcr)
 *(.data.rel.ro.local)
 *(.data.rel.ro*)
 *(.dynamic)
 *(.data .data.* .gnu.linkonce.d.*)
 *(.gnu.linkonce.d.*personality*)
 *(.data1)
 *(.got.plt)
 *(.got)
                0x0000000000001c00                . = ALIGN (0x2)
 *(.sdata .sdata.* .gnu.linkonce.s.* D_2 D_1)
                0x0000000000001c00                . = ALIGN (0x2)
 *(.lower.data.* .lower.data)
                0x0000000000001c00                . = ALIGN (0x2)
                0x0000000000001c00                _edata = .
                [!provide]                        PROVIDE (edata, .)
                [!provide]                        PROVIDE (__dataend, .)
                [!provide]                        PROVIDE (__romdatastart, LOADADDR (.data))
                [!provide]                        PROVIDE (__romdatacopysize, SIZEOF (.data))

.bss            0x000000000000ef66      0x2dc
                0x000000000000ef66                . = ALIGN (0x2)
                0x000000000000ef66                PROVIDE (__bssstart, .)
 *(.dynbss)
 *(.sbss .sbss.*)
 *(.bss .bss.* .gnu.linkonce.b.*)
 .bss           0x000000000000ef66        0x8 build/obj/chmemcore.o
 .bss           0x000000000000ef6e        0xe build/obj/chheap.o
 .bss           0x000000000000ef7c       0x1a build/obj/hal_dma_lld.o
 .bss           0x000000000000ef96        0x2 build/obj/hal_spi_lld.o
 .bss           0x000000000000ef98        0x4 build/obj/sx1212.o
 .bss           0x000000000000ef9c        0xa build/obj/uart.o
 .bss           0x000000000000efa6       0x46 build/obj/cmds.o
 .bss           0x000000000000efec        0x4 build/obj/registers.o
 .bss           0x000000000000eff0      0x22e build/obj/slip_uart_dll.o
 .bss           0x000000000000f21e        0x1 build/obj/crc_x25.o
 *fill*         0x000000000000f21f        0x1 
 .bss           0x000000000000f220       0x16 build/obj/sdlp.o
 .bss           0x000000000000f236        0x4 build/obj/fram.o
 .bss           0x000000000000f23a        0x4 build/obj/rf.o
 .bss           0x000000000000f23e        0x4 build/obj/spp.o
 *(.lower.bss.* .lower.bss)
                0x000000000000f242                . = ALIGN (0x2)
 *(COMMON)
                [!provide]                        PROVIDE (__bssend, .)
                0x00000000000002dc                PROVIDE (__bsssize, SIZEOF (.bss))

.noinit         0x000000000000f242        0x0
                0x000000000000f242                . = ALIGN (0x2)
                [!provide]                        PROVIDE (__noinit_start, .)
 *(.noinit)
                0x000000000000f242                . = ALIGN (0x2)
                [!provide]                        PROVIDE (__noinit_end, .)

.upper.rodata   0x0000000000010000      0xa3a
 *(.upper.rodata.* .upper.rodata)
 .upper.rodata  0x0000000000010000       0x8e build/obj/ch.o
 .upper.rodata  0x000000000001008e       0x62 build/obj/chmboxes.o
 .upper.rodata  0x00000000000100f0       0x14 build/obj/chmemcore.o
 .upper.rodata  0x0000000000010104       0x51 build/obj/chmempools.o
 .upper.rodata  0x0000000000010155       0x2d build/obj/osal.o
 .upper.rodata  0x0000000000010182       0x65 build/obj/hal_gpt.o
 .upper.rodata  0x00000000000101e7       0x4f build/obj/hal_i2c.o
 .upper.rodata  0x0000000000010236       0xa9 build/obj/hal_spi.o
 .upper.rodata  0x00000000000102df       0xc6 build/obj/hal_uart.o
 .upper.rodata  0x00000000000103a5       0x21 build/obj/hal_dma_lld.o
 .upper.rodata  0x00000000000103c6       0x1a build/obj/hal_spi_lld.o
 .upper.rodata  0x00000000000103e0      0x13d build/obj/hal_i2c_lld.o
 .upper.rodata  0x000000000001051d       0x22 build/obj/hal_uart_lld.o
 .upper.rodata  0x000000000001053f        0xe build/obj/hal_gpt_lld.o
 *fill*         0x000000000001054d        0x1 
 .upper.rodata  0x000000000001054e       0x1e build/obj/board.o
                0x000000000001054e                pal_default_config
 .upper.rodata  0x000000000001056c       0xd1 build/obj/sx1278.o
 .upper.rodata  0x000000000001063d       0xe0 build/obj/sx1212.o
 *fill*         0x000000000001071d        0x1 
 .upper.rodata  0x000000000001071e       0x3e build/obj/uart.o
 .upper.rodata  0x000000000001075c       0xe4 build/obj/cmds.o
 .upper.rodata  0x0000000000010840        0x8 build/obj/registers.o
                0x0000000000010840                bank0w
                0x0000000000010844                bank0p
 .upper.rodata  0x0000000000010848       0x48 build/obj/slip_uart_dll.o
 .upper.rodata  0x0000000000010890       0x27 build/obj/crc_x25.o
 .upper.rodata  0x00000000000108b7        0xb build/obj/crc_sdlp.o
 .upper.rodata  0x00000000000108c2       0x34 build/obj/sdlp.o
 .upper.rodata  0x00000000000108f6       0x55 build/obj/fram.o
 .upper.rodata  0x000000000001094b       0x87 build/obj/rf.o
 .upper.rodata  0x00000000000109d2       0x17 build/obj/spp.o
 *fill*         0x00000000000109e9        0x1 
 .upper.rodata  0x00000000000109ea       0x50 build/obj/init.o
                0x00000000000109ea                nil_thd_configs

.upper.data     0x0000000000010a3a      0x81e
                0x0000000000010a3a                __upper_data_init = LOADADDR (.upper.data)
                0x0000000000010a3a        0x2 SHORT 0x0
                0x0000000000010a3c                __high_datastart = .
 *(.upper.data.* .upper.data)
 .upper.data    0x0000000000010a3c        0x2 build/obj/main.o
 .upper.data    0x0000000000010a3e       0x14 build/obj/cmds.o
 .upper.data    0x0000000000010a52        0x1 build/obj/slip_uart_dll.o
 .upper.data    0x0000000000010a53      0x800 build/obj/sdlp.o
 *fill*         0x0000000000011253        0x1 
 .upper.data    0x0000000000011254        0x4 build/obj/fram.o
                0x0000000000011258                __high_dataend = .
                0x000000000000081c                __rom_highdatacopysize = (SIZEOF (.upper.data) - 0x2)

.upper.rom      0x0000000000011258      0x81c
                0x0000000000011258                __rom_highdatastart = .
                0x0000000000011a74                . = (. + __rom_highdatacopysize)
 *fill*         0x0000000000011258      0x81c 

.upper.bss      0x0000000000011a74      0x5ca
                0x0000000000011a74                . = ALIGN (0x2)
                0x0000000000011a74                __high_bssstart = .
 *(.upper.bss.* .upper.bss)
 .upper.bss     0x0000000000011a74       0x4e build/obj/ch.o
                0x0000000000011a74                nil
 .upper.bss     0x0000000000011ac2        0x1 build/obj/chcore.o
                0x0000000000011ac2                __msp430x_in_isr
 *fill*         0x0000000000011ac3        0x1 
 .upper.bss     0x0000000000011ac4       0x80 build/obj/hal_pal_lld.o
                0x0000000000011ac4                port_callback_map
 .upper.bss     0x0000000000011b44       0x5c build/obj/hal_spi_lld.o
                0x0000000000011b44                SPIDA0
 .upper.bss     0x0000000000011ba0       0x3e build/obj/hal_i2c_lld.o
                0x0000000000011ba0                I2CDB0
 .upper.bss     0x0000000000011bde       0x64 build/obj/hal_uart_lld.o
                0x0000000000011bde                UARTDA1
 .upper.bss     0x0000000000011c42        0xa build/obj/hal_gpt_lld.o
                0x0000000000011c42                GPTDA1
 .upper.bss     0x0000000000011c4c        0xc build/obj/sx1278.o
                0x0000000000011c4c                SX1278D1
 .upper.bss     0x0000000000011c58       0x22 build/obj/sx1212.o
                0x0000000000011c58                sending
                0x0000000000011c5a                tr
                0x0000000000011c5e                SX1212D1
 .upper.bss     0x0000000000011c7a      0x140 build/obj/uart.o
                0x0000000000011c7a                waUARTThd
 .upper.bss     0x0000000000011dba      0x140 build/obj/cmds.o
                0x0000000000011dba                waCmdThd
 .upper.bss     0x0000000000011efa      0x144 build/obj/rf.o
                0x0000000000011efa                waRFThd
                0x000000000001203a                rf_thd
                0x000000000001203e                . = ALIGN (0x2)
                0x000000000001203e                __high_bssend = .
                0x00000000000005ca                __high_bsssize = SIZEOF (.upper.bss)

.upper.text     0x000000000001203e        0x0
                0x000000000001203e                . = ALIGN (0x2)
 *(.upper.text.* .upper.text)

.info           0x0000000000001800       0xc8
                0x0000000000001800                . = ALIGN (0x2)
 *(.info)
 .info          0x0000000000001800       0xc8 build/obj/bootloader.o

.bootloader.flag
                0x00000000000019fc        0x2
                0x00000000000019fc                bootloader = .
                0x00000000000019fc        0x2 SHORT 0x0

.infoA

.infoB

.infoC

.infoD

.MP430.attributes
                0x0000000000000000      0x64a
 *(.MSP430.attributes)
 .MSP430.attributes
                0x0000000000000000       0x17 /root/ti-tools/part2/msp430-gcc-6.2.1.16_linux64/bin/../lib/gcc/msp430-elf/6.2.1/../../../../msp430-elf/lib/large/crt0-minrt.o
 .MSP430.attributes
                0x0000000000000017       0x17 build/obj/bootloader.o
 .MSP430.attributes
                0x000000000000002e       0x17 build/obj/ch.o
 .MSP430.attributes
                0x0000000000000045       0x17 build/obj/chmboxes.o
 .MSP430.attributes
                0x000000000000005c       0x17 build/obj/chmemcore.o
 .MSP430.attributes
                0x0000000000000073       0x17 build/obj/chheap.o
 .MSP430.attributes
                0x000000000000008a       0x17 build/obj/chmempools.o
 .MSP430.attributes
                0x00000000000000a1       0x17 build/obj/chcore.o
 .MSP430.attributes
                0x00000000000000b8       0x17 build/obj/osal.o
 .MSP430.attributes
                0x00000000000000cf       0x17 build/obj/hal.o
 .MSP430.attributes
                0x00000000000000e6       0x17 build/obj/hal_st.o
 .MSP430.attributes
                0x00000000000000fd       0x17 build/obj/hal_buffers.o
 .MSP430.attributes
                0x0000000000000114       0x17 build/obj/hal_queues.o
 .MSP430.attributes
                0x000000000000012b       0x17 build/obj/hal_mmcsd.o
 .MSP430.attributes
                0x0000000000000142       0x17 build/obj/hal_gpt.o
 .MSP430.attributes
                0x0000000000000159       0x17 build/obj/hal_i2c.o
 .MSP430.attributes
                0x0000000000000170       0x17 build/obj/hal_pal.o
 .MSP430.attributes
                0x0000000000000187       0x17 build/obj/hal_spi.o
 .MSP430.attributes
                0x000000000000019e       0x17 build/obj/hal_uart.o
 .MSP430.attributes
                0x00000000000001b5       0x17 build/obj/hal_lld.o
 .MSP430.attributes
                0x00000000000001cc       0x17 build/obj/hal_st_lld.o
 .MSP430.attributes
                0x00000000000001e3       0x17 build/obj/hal_serial_lld.o
 .MSP430.attributes
                0x00000000000001fa       0x17 build/obj/hal_pal_lld.o
 .MSP430.attributes
                0x0000000000000211       0x17 build/obj/hal_dma_lld.o
 .MSP430.attributes
                0x0000000000000228       0x17 build/obj/hal_spi_lld.o
 .MSP430.attributes
                0x000000000000023f       0x17 build/obj/hal_i2c_lld.o
 .MSP430.attributes
                0x0000000000000256       0x17 build/obj/hal_uart_lld.o
 .MSP430.attributes
                0x000000000000026d       0x17 build/obj/hal_gpt_lld.o
 .MSP430.attributes
                0x0000000000000284       0x17 build/obj/hal_adc_lld.o
 .MSP430.attributes
                0x000000000000029b       0x17 build/obj/board.o
 .MSP430.attributes
                0x00000000000002b2       0x17 build/obj/sx1278.o
 .MSP430.attributes
                0x00000000000002c9       0x17 build/obj/sx1212.o
 .MSP430.attributes
                0x00000000000002e0       0x17 build/obj/uart.o
 .MSP430.attributes
                0x00000000000002f7       0x17 build/obj/main.o
 .MSP430.attributes
                0x000000000000030e       0x17 build/obj/mych.o
 .MSP430.attributes
                0x0000000000000325       0x17 build/obj/cmds.o
 .MSP430.attributes
                0x000000000000033c       0x17 build/obj/registers.o
 .MSP430.attributes
                0x0000000000000353       0x17 build/obj/errors_stub.o
 .MSP430.attributes
                0x000000000000036a       0x17 build/obj/events_stub.o
 .MSP430.attributes
                0x0000000000000381       0x17 build/obj/channels_stub.o
 .MSP430.attributes
                0x0000000000000398       0x17 build/obj/telem_stub.o
 .MSP430.attributes
                0x00000000000003af       0x17 build/obj/slip_uart_dll.o
 .MSP430.attributes
                0x00000000000003c6       0x17 build/obj/crc_x25.o
 .MSP430.attributes
                0x00000000000003dd       0x17 build/obj/crc_sdlp.o
 .MSP430.attributes
                0x00000000000003f4       0x17 build/obj/sdlp.o
 .MSP430.attributes
                0x000000000000040b       0x17 build/obj/fram.o
 .MSP430.attributes
                0x0000000000000422       0x17 build/obj/rf.o
 .MSP430.attributes
                0x0000000000000439       0x17 build/obj/spp.o
 .MSP430.attributes
                0x0000000000000450       0x17 build/obj/msp_vectors.o
 .MSP430.attributes
                0x0000000000000467       0x17 build/obj/init.o
 .MSP430.attributes
                0x000000000000047e       0x17 /root/ti-tools/part2/msp430-gcc-6.2.1.16_linux64/bin/../lib/gcc/msp430-elf/6.2.1/large/libgcc.a(lib2divSI.o)
 .MSP430.attributes
                0x0000000000000495       0x17 /root/ti-tools/part2/msp430-gcc-6.2.1.16_linux64/bin/../lib/gcc/msp430-elf/6.2.1/large/libgcc.a(slli.o)
 .MSP430.attributes
                0x00000000000004ac       0x17 /root/ti-tools/part2/msp430-gcc-6.2.1.16_linux64/bin/../lib/gcc/msp430-elf/6.2.1/large/libgcc.a(srai.o)
 .MSP430.attributes
                0x00000000000004c3       0x17 /root/ti-tools/part2/msp430-gcc-6.2.1.16_linux64/bin/../lib/gcc/msp430-elf/6.2.1/large/libgcc.a(srli.o)
 .MSP430.attributes
                0x00000000000004da       0x17 /root/ti-tools/part2/msp430-gcc-6.2.1.16_linux64/bin/../lib/gcc/msp430-elf/6.2.1/large/libgcc.a(cmpsi2.o)
 .MSP430.attributes
                0x00000000000004f1       0x17 /root/ti-tools/part2/msp430-gcc-6.2.1.16_linux64/bin/../lib/gcc/msp430-elf/6.2.1/large/libgcc.a(_udivdi3.o)
 .MSP430.attributes
                0x0000000000000508       0x17 /root/ti-tools/part2/msp430-gcc-6.2.1.16_linux64/bin/../lib/gcc/msp430-elf/6.2.1/large/libgcc.a(_lshrdi3.o)
 .MSP430.attributes
                0x000000000000051f       0x17 /root/ti-tools/part2/msp430-gcc-6.2.1.16_linux64/bin/../lib/gcc/msp430-elf/6.2.1/large/libgcc.a(_ashldi3.o)
 .MSP430.attributes
                0x0000000000000536       0x17 /root/ti-tools/part2/msp430-gcc-6.2.1.16_linux64/bin/../lib/gcc/msp430-elf/6.2.1/large/libgcc.a(_clzdi2.o)
 .MSP430.attributes
                0x000000000000054d       0x17 /root/ti-tools/part2/msp430-gcc-6.2.1.16_linux64/bin/../lib/gcc/msp430-elf/6.2.1/large/libgcc.a(_clz.o)
 .MSP430.attributes
                0x0000000000000564       0x17 /root/ti-tools/part2/msp430-gcc-6.2.1.16_linux64/bin/../lib/gcc/msp430-elf/6.2.1/large/libmul_f5.a(lib2hw_mul_f5.o)
 .MSP430.attributes
                0x000000000000057b       0x17 /root/ti-tools/part2/msp430-gcc-6.2.1.16_linux64/bin/../lib/gcc/msp430-elf/6.2.1/../../../../msp430-elf/lib/large/libc.a(lib_a-memcpy.o)
 .MSP430.attributes
                0x0000000000000592       0x17 /root/ti-tools/part2/msp430-gcc-6.2.1.16_linux64/bin/../lib/gcc/msp430-elf/6.2.1/../../../../msp430-elf/lib/large/libc.a(lib_a-memset.o)
 .MSP430.attributes
                0x00000000000005a9       0x17 /root/ti-tools/part2/msp430-gcc-6.2.1.16_linux64/bin/../lib/gcc/msp430-elf/6.2.1/large/libgcc.a(_muldi3.o)
 .MSP430.attributes
                0x00000000000005c0       0x17 /root/ti-tools/part2/msp430-gcc-6.2.1.16_linux64/bin/../lib/gcc/msp430-elf/6.2.1/../../../../msp430-elf/lib/large/libcrt.a(crt_bss.o)
 .MSP430.attributes
                0x00000000000005d7       0x17 /root/ti-tools/part2/msp430-gcc-6.2.1.16_linux64/bin/../lib/gcc/msp430-elf/6.2.1/../../../../msp430-elf/lib/large/libcrt.a(crt_high_bss.o)
 .MSP430.attributes
                0x00000000000005ee       0x17 /root/ti-tools/part2/msp430-gcc-6.2.1.16_linux64/bin/../lib/gcc/msp430-elf/6.2.1/../../../../msp430-elf/lib/large/libcrt.a(crt_move_highdata.o)
 .MSP430.attributes
                0x0000000000000605       0x17 /root/ti-tools/part2/msp430-gcc-6.2.1.16_linux64/bin/../lib/gcc/msp430-elf/6.2.1/../../../../msp430-elf/lib/large/libcrt.a(crt_main_minrt.o)
 .MSP430.attributes
                0x000000000000061c       0x17 /root/ti-tools/part2/msp430-gcc-6.2.1.16_linux64/bin/../lib/gcc/msp430-elf/6.2.1/../../../../msp430-elf/lib/large/libc.a(lib_a-memmove.o)
 .MSP430.attributes
                0x0000000000000633       0x17 /root/ti-tools/part2/msp430-gcc-6.2.1.16_linux64/bin/../lib/gcc/msp430-elf/6.2.1/../../../../msp430-elf/lib/large/crtn-minrt.o
 *(.gnu.attributes)
 *(__TI_build_attributes)

.stab
 *(.stab)

.stabstr
 *(.stabstr)

.stab.excl
 *(.stab.excl)

.stab.exclstr
 *(.stab.exclstr)

.stab.index
 *(.stab.index)

.stab.indexstr
 *(.stab.indexstr)

.comment        0x0000000000000000       0x49
 *(.comment)
 .comment       0x0000000000000000       0x49 build/obj/ch.o
                                         0x4a (size before relaxing)
 .comment       0x0000000000000049       0x4a build/obj/chmboxes.o
 .comment       0x0000000000000049       0x4a build/obj/chmemcore.o
 .comment       0x0000000000000049       0x4a build/obj/chheap.o
 .comment       0x0000000000000049       0x4a build/obj/chmempools.o
 .comment       0x0000000000000049       0x4a build/obj/chcore.o
 .comment       0x0000000000000049       0x4a build/obj/osal.o
 .comment       0x0000000000000049       0x4a build/obj/hal.o
 .comment       0x0000000000000049       0x4a build/obj/hal_st.o
 .comment       0x0000000000000049       0x4a build/obj/hal_buffers.o
 .comment       0x0000000000000049       0x4a build/obj/hal_queues.o
 .comment       0x0000000000000049       0x4a build/obj/hal_mmcsd.o
 .comment       0x0000000000000049       0x4a build/obj/hal_gpt.o
 .comment       0x0000000000000049       0x4a build/obj/hal_i2c.o
 .comment       0x0000000000000049       0x4a build/obj/hal_pal.o
 .comment       0x0000000000000049       0x4a build/obj/hal_spi.o
 .comment       0x0000000000000049       0x4a build/obj/hal_uart.o
 .comment       0x0000000000000049       0x4a build/obj/hal_lld.o
 .comment       0x0000000000000049       0x4a build/obj/hal_st_lld.o
 .comment       0x0000000000000049       0x4a build/obj/hal_serial_lld.o
 .comment       0x0000000000000049       0x4a build/obj/hal_pal_lld.o
 .comment       0x0000000000000049       0x4a build/obj/hal_dma_lld.o
 .comment       0x0000000000000049       0x4a build/obj/hal_spi_lld.o
 .comment       0x0000000000000049       0x4a build/obj/hal_i2c_lld.o
 .comment       0x0000000000000049       0x4a build/obj/hal_uart_lld.o
 .comment       0x0000000000000049       0x4a build/obj/hal_gpt_lld.o
 .comment       0x0000000000000049       0x4a build/obj/hal_adc_lld.o
 .comment       0x0000000000000049       0x4a build/obj/board.o
 .comment       0x0000000000000049       0x4a build/obj/sx1278.o
 .comment       0x0000000000000049       0x4a build/obj/sx1212.o
 .comment       0x0000000000000049       0x4a build/obj/uart.o
 .comment       0x0000000000000049       0x4a build/obj/main.o
 .comment       0x0000000000000049       0x4a build/obj/mych.o
 .comment       0x0000000000000049       0x4a build/obj/cmds.o
 .comment       0x0000000000000049       0x4a build/obj/registers.o
 .comment       0x0000000000000049       0x4a build/obj/errors_stub.o
 .comment       0x0000000000000049       0x4a build/obj/events_stub.o
 .comment       0x0000000000000049       0x4a build/obj/channels_stub.o
 .comment       0x0000000000000049       0x4a build/obj/telem_stub.o
 .comment       0x0000000000000049       0x4a build/obj/slip_uart_dll.o