Archive member included to satisfy reference by file (symbol)

/home/awygle/toolchain/install/bin/../lib/gcc/msp430-elf/6.2.0/libgcc.a(lib2divSI.o)
                              build/obj/hal_serial_lld.o (__mspabi_divul)
/home/awygle/toolchain/install/bin/../lib/gcc/msp430-elf/6.2.0/libgcc.a(slli.o)
                              build/obj/hal_serial_lld.o (__mspabi_slli_4)
/home/awygle/toolchain/install/bin/../lib/gcc/msp430-elf/6.2.0/libgcc.a(srli.o)
                              build/obj/hal_serial_lld.o (__mspabi_srli_4)
/home/awygle/toolchain/install/bin/../lib/gcc/msp430-elf/6.2.0/libgcc.a(_udivdi3.o)
                              /home/awygle/toolchain/install/bin/../lib/gcc/msp430-elf/6.2.0/libgcc.a(lib2divSI.o) (__mspabi_divull)
/home/awygle/toolchain/install/bin/../lib/gcc/msp430-elf/6.2.0/libgcc.a(_lshrdi3.o)
                              /home/awygle/toolchain/install/bin/../lib/gcc/msp430-elf/6.2.0/libgcc.a(_udivdi3.o) (__lshrdi3)
/home/awygle/toolchain/install/bin/../lib/gcc/msp430-elf/6.2.0/libgcc.a(_ashldi3.o)
                              /home/awygle/toolchain/install/bin/../lib/gcc/msp430-elf/6.2.0/libgcc.a(_udivdi3.o) (__ashldi3)
/home/awygle/toolchain/install/bin/../lib/gcc/msp430-elf/6.2.0/libgcc.a(_clzdi2.o)
                              /home/awygle/toolchain/install/bin/../lib/gcc/msp430-elf/6.2.0/libgcc.a(_udivdi3.o) (__clzdi2)
/home/awygle/toolchain/install/bin/../lib/gcc/msp430-elf/6.2.0/libgcc.a(_clz.o)
                              /home/awygle/toolchain/install/bin/../lib/gcc/msp430-elf/6.2.0/libgcc.a(_clzdi2.o) (__clz_tab)
/home/awygle/toolchain/install/bin/../lib/gcc/msp430-elf/6.2.0/libmul_f5.a(lib2hw_mul_f5.o)
                              build/obj/hal_buffers.o (__mulhi2_f5)
/home/awygle/toolchain/install/bin/../lib/gcc/msp430-elf/6.2.0/../../../../msp430-elf/lib/libc.a(lib_a-memcpy.o)
                              build/obj/hal_buffers.o (memcpy)
/home/awygle/toolchain/install/bin/../lib/gcc/msp430-elf/6.2.0/../../../../msp430-elf/lib/libc.a(lib_a-strlen.o)
                              build/obj/main.o (strlen)
/home/awygle/toolchain/install/bin/../lib/gcc/msp430-elf/6.2.0/libgcc.a(_muldi3.o)
                              /home/awygle/toolchain/install/bin/../lib/gcc/msp430-elf/6.2.0/libmul_f5.a(lib2hw_mul_f5.o) (__mspabi_mpyll)
/home/awygle/toolchain/install/bin/../lib/gcc/msp430-elf/6.2.0/../../../../msp430-elf/lib/libcrt.a(crt_bss.o)
                              build/obj/ch.o (__crt0_init_bss)
/home/awygle/toolchain/install/bin/../lib/gcc/msp430-elf/6.2.0/../../../../msp430-elf/lib/libcrt.a(crt_movedata.o)
                              build/obj/main.o (__crt0_movedata)
/home/awygle/toolchain/install/bin/../lib/gcc/msp430-elf/6.2.0/../../../../msp430-elf/lib/libcrt.a(crt_main_minrt.o)
                              /home/awygle/toolchain/install/bin/../lib/gcc/msp430-elf/6.2.0/../../../../msp430-elf/lib/crt0-minrt.o (__crt0_call_just_main)
/home/awygle/toolchain/install/bin/../lib/gcc/msp430-elf/6.2.0/../../../../msp430-elf/lib/libc.a(lib_a-memmove.o)
                              /home/awygle/toolchain/install/bin/../lib/gcc/msp430-elf/6.2.0/../../../../msp430-elf/lib/libcrt.a(crt_movedata.o) (memmove)
/home/awygle/toolchain/install/bin/../lib/gcc/msp430-elf/6.2.0/../../../../msp430-elf/lib/libc.a(lib_a-memset.o)
                              /home/awygle/toolchain/install/bin/../lib/gcc/msp430-elf/6.2.0/../../../../msp430-elf/lib/libcrt.a(crt_bss.o) (memset)

Discarded input sections

 .text          0x0000000000000000        0x0 /home/awygle/toolchain/install/bin/../lib/gcc/msp430-elf/6.2.0/../../../../msp430-elf/lib/crt0-minrt.o
 .data          0x0000000000000000        0x0 /home/awygle/toolchain/install/bin/../lib/gcc/msp430-elf/6.2.0/../../../../msp430-elf/lib/crt0-minrt.o
 .bss           0x0000000000000000        0x0 /home/awygle/toolchain/install/bin/../lib/gcc/msp430-elf/6.2.0/../../../../msp430-elf/lib/crt0-minrt.o
 .text          0x0000000000000000        0x0 build/obj/ch.o
 .data          0x0000000000000000        0x0 build/obj/ch.o
 .bss           0x0000000000000000        0x0 build/obj/ch.o
 .text._dbg_check_disable
                0x0000000000000000       0x1c build/obj/ch.o
 .text._dbg_check_enable
                0x0000000000000000       0x1c build/obj/ch.o
 .text.chSysUnconditionalLock
                0x0000000000000000       0x1c build/obj/ch.o
 .text.chSysUnconditionalUnlock
                0x0000000000000000       0x22 build/obj/ch.o
 .text.chThdSleepUntil
                0x0000000000000000       0x2c build/obj/ch.o
 .text.chSemReset
                0x0000000000000000       0x2e build/obj/ch.o
 .text.chSemResetI
                0x0000000000000000       0x5e build/obj/ch.o
 .text.chEvtSignal
                0x0000000000000000       0x3a build/obj/ch.o
 .text.chEvtSignalI
                0x0000000000000000       0x80 build/obj/ch.o
 .text.chEvtWaitAnyTimeout
                0x0000000000000000       0xf2 build/obj/ch.o
[...]
Memory Configuration

Name             Origin             Length             Attributes
SFR              0x0000000000000000 0x0000000000000010
PERIPHERAL_8BIT  0x0000000000000010 0x00000000000000f0
PERIPHERAL_16BIT 0x0000000000000100 0x0000000000000100
RAM              0x0000000000001c00 0x0000000000000800
INFOMEM          0x0000000000001800 0x0000000000000200
INFOA            0x0000000000001980 0x0000000000000080
INFOB            0x0000000000001900 0x0000000000000080
INFOC            0x0000000000001880 0x0000000000000080
INFOD            0x0000000000001800 0x0000000000000080
FRAM             0x0000000000004400 0x000000000000bb80 xrw
VECT1            0x000000000000ff90 0x0000000000000002
VECT2            0x000000000000ff92 0x0000000000000002
VECT3            0x000000000000ff94 0x0000000000000002
VECT4            0x000000000000ff96 0x0000000000000002
VECT5            0x000000000000ff98 0x0000000000000002
VECT6            0x000000000000ff9a 0x0000000000000002
VECT7            0x000000000000ff9c 0x0000000000000002
VECT8            0x000000000000ff9e 0x0000000000000002
VECT9            0x000000000000ffa0 0x0000000000000002
VECT10           0x000000000000ffa2 0x0000000000000002
VECT11           0x000000000000ffa4 0x0000000000000002
VECT12           0x000000000000ffa6 0x0000000000000002
VECT13           0x000000000000ffa8 0x0000000000000002
VECT14           0x000000000000ffaa 0x0000000000000002
VECT15           0x000000000000ffac 0x0000000000000002
VECT16           0x000000000000ffae 0x0000000000000002
VECT17           0x000000000000ffb0 0x0000000000000002
VECT18           0x000000000000ffb2 0x0000000000000002
VECT19           0x000000000000ffb4 0x0000000000000002
VECT20           0x000000000000ffb6 0x0000000000000002
VECT21           0x000000000000ffb8 0x0000000000000002
VECT22           0x000000000000ffba 0x0000000000000002
VECT23           0x000000000000ffbc 0x0000000000000002
VECT24           0x000000000000ffbe 0x0000000000000002
VECT25           0x000000000000ffc0 0x0000000000000002
VECT26           0x000000000000ffc2 0x0000000000000002
VECT27           0x000000000000ffc4 0x0000000000000002
VECT28           0x000000000000ffc6 0x0000000000000002
VECT29           0x000000000000ffc8 0x0000000000000002
VECT30           0x000000000000ffca 0x0000000000000002
VECT31           0x000000000000ffcc 0x0000000000000002
VECT32           0x000000000000ffce 0x0000000000000002
VECT33           0x000000000000ffd0 0x0000000000000002
VECT34           0x000000000000ffd2 0x0000000000000002
VECT35           0x000000000000ffd4 0x0000000000000002
VECT36           0x000000000000ffd6 0x0000000000000002
VECT37           0x000000000000ffd8 0x0000000000000002
VECT38           0x000000000000ffda 0x0000000000000002
VECT39           0x000000000000ffdc 0x0000000000000002
VECT40           0x000000000000ffde 0x0000000000000002
VECT41           0x000000000000ffe0 0x0000000000000002
VECT42           0x000000000000ffe2 0x0000000000000002
VECT43           0x000000000000ffe4 0x0000000000000002
VECT44           0x000000000000ffe6 0x0000000000000002
VECT45           0x000000000000ffe8 0x0000000000000002
VECT46           0x000000000000ffea 0x0000000000000002
VECT47           0x000000000000ffec 0x0000000000000002
VECT48           0x000000000000ffee 0x0000000000000002
VECT49           0x000000000000fff0 0x0000000000000002
VECT50           0x000000000000fff2 0x0000000000000002
VECT51           0x000000000000fff4 0x0000000000000002
VECT52           0x000000000000fff6 0x0000000000000002
VECT53           0x000000000000fff8 0x0000000000000002
VECT54           0x000000000000fffa 0x0000000000000002
VECT55           0x000000000000fffc 0x0000000000000002
RESETVEC         0x000000000000fffe 0x0000000000000002
BSL              0x0000000000001000 0x0000000000000800
HIFRAM           0x0000000000010000 0x0000000000003fff xrw
*default*        0x0000000000000000 0xffffffffffffffff

Linker script and memory map

LOAD /home/awygle/toolchain/install/bin/../lib/gcc/msp430-elf/6.2.0/../../../../msp430-elf/lib/crt0-minrt.o

__interrupt_vector_1
                0x000000000000ff90        0x2
 *(__interrupt_vector_1)
 __interrupt_vector_1
                0x000000000000ff90        0x2 build/obj/msp_vectors.o

__interrupt_vector_2
                0x000000000000ff92        0x2
 *(__interrupt_vector_2)
 __interrupt_vector_2
                0x000000000000ff92        0x2 build/obj/msp_vectors.o

__interrupt_vector_3
                0x000000000000ff94        0x2
 *(__interrupt_vector_3)
 __interrupt_vector_3
                0x000000000000ff94        0x2 build/obj/msp_vectors.o

__interrupt_vector_4
                0x000000000000ff96        0x2
 *(__interrupt_vector_4)
 __interrupt_vector_4
                0x000000000000ff96        0x2 build/obj/msp_vectors.o

__interrupt_vector_5
                0x000000000000ff98        0x2
 *(__interrupt_vector_5)
 __interrupt_vector_5
                0x000000000000ff98        0x2 build/obj/msp_vectors.o

__interrupt_vector_6
                0x000000000000ff9a        0x2
 *(__interrupt_vector_6)
 __interrupt_vector_6
                0x000000000000ff9a        0x2 build/obj/msp_vectors.o

__interrupt_vector_7
                0x000000000000ff9c        0x2
 *(__interrupt_vector_7)
 __interrupt_vector_7
                0x000000000000ff9c        0x2 build/obj/msp_vectors.o

__interrupt_vector_8
                0x000000000000ff9e        0x2
 *(__interrupt_vector_8)
 __interrupt_vector_8
                0x000000000000ff9e        0x2 build/obj/msp_vectors.o

__interrupt_vector_9
                0x000000000000ffa0        0x2
 *(__interrupt_vector_9)
 __interrupt_vector_9
                0x000000000000ffa0        0x2 build/obj/msp_vectors.o

__interrupt_vector_10
                0x000000000000ffa2        0x2
 *(__interrupt_vector_10)
 __interrupt_vector_10
                0x000000000000ffa2        0x2 build/obj/msp_vectors.o

__interrupt_vector_11
                0x000000000000ffa4        0x2
 *(__interrupt_vector_11)
 __interrupt_vector_11
                0x000000000000ffa4        0x2 build/obj/msp_vectors.o

__interrupt_vector_12
                0x000000000000ffa6        0x2
 *(__interrupt_vector_12)
 __interrupt_vector_12
                0x000000000000ffa6        0x2 build/obj/msp_vectors.o

__interrupt_vector_13
                0x000000000000ffa8        0x2
 *(__interrupt_vector_13)
 __interrupt_vector_13
                0x000000000000ffa8        0x2 build/obj/msp_vectors.o

__interrupt_vector_14
                0x000000000000ffaa        0x2
 *(__interrupt_vector_14)
 __interrupt_vector_14
                0x000000000000ffaa        0x2 build/obj/msp_vectors.o

__interrupt_vector_15
                0x000000000000ffac        0x2
 *(__interrupt_vector_15)
 __interrupt_vector_15
                0x000000000000ffac        0x2 build/obj/msp_vectors.o

__interrupt_vector_16
                0x000000000000ffae        0x2
 *(__interrupt_vector_16)
 __interrupt_vector_16
                0x000000000000ffae        0x2 build/obj/msp_vectors.o

__interrupt_vector_17
                0x000000000000ffb0        0x2
 *(__interrupt_vector_17)
 __interrupt_vector_17
                0x000000000000ffb0        0x2 build/obj/msp_vectors.o

__interrupt_vector_18
                0x000000000000ffb2        0x2
 *(__interrupt_vector_18)
 __interrupt_vector_18
                0x000000000000ffb2        0x2 build/obj/msp_vectors.o

__interrupt_vector_19
                0x000000000000ffb4        0x2
 *(__interrupt_vector_19)
 __interrupt_vector_19
                0x000000000000ffb4        0x2 build/obj/msp_vectors.o

__interrupt_vector_20
                0x000000000000ffb6        0x2
 *(__interrupt_vector_20)
 __interrupt_vector_20
                0x000000000000ffb6        0x2 build/obj/msp_vectors.o

__interrupt_vector_21
                0x000000000000ffb8        0x2
 *(__interrupt_vector_21)
 __interrupt_vector_21
                0x000000000000ffb8        0x2 build/obj/msp_vectors.o

__interrupt_vector_22
                0x000000000000ffba        0x2
 *(__interrupt_vector_22)
 __interrupt_vector_22
                0x000000000000ffba        0x2 build/obj/msp_vectors.o

__interrupt_vector_23
                0x000000000000ffbc        0x2
 *(__interrupt_vector_23)
 __interrupt_vector_23
                0x000000000000ffbc        0x2 build/obj/msp_vectors.o

__interrupt_vector_24
                0x000000000000ffbe        0x2
 *(__interrupt_vector_24)
 __interrupt_vector_24
                0x000000000000ffbe        0x2 build/obj/msp_vectors.o

__interrupt_vector_25
                0x000000000000ffc0        0x2
 *(__interrupt_vector_25)
 __interrupt_vector_25
                0x000000000000ffc0        0x2 build/obj/msp_vectors.o

__interrupt_vector_26
                0x000000000000ffc2        0x2
 *(__interrupt_vector_26)
 __interrupt_vector_26
                0x000000000000ffc2        0x2 build/obj/msp_vectors.o

__interrupt_vector_27
                0x000000000000ffc4        0x2
 *(__interrupt_vector_27)
 __interrupt_vector_27
                0x000000000000ffc4        0x2 build/obj/msp_vectors.o

__interrupt_vector_28
                0x000000000000ffc6        0x2
 *(__interrupt_vector_28)
 __interrupt_vector_28
                0x000000000000ffc6        0x2 build/obj/msp_vectors.o

__interrupt_vector_29
                0x000000000000ffc8        0x2
 *(__interrupt_vector_29)
 __interrupt_vector_29
                0x000000000000ffc8        0x2 build/obj/msp_vectors.o

__interrupt_vector_30
                0x000000000000ffca        0x2
 *(__interrupt_vector_30)
 __interrupt_vector_30
                0x000000000000ffca        0x2 build/obj/msp_vectors.o

__interrupt_vector_31
                0x000000000000ffcc        0x2
 *(__interrupt_vector_31)
 __interrupt_vector_31
                0x000000000000ffcc        0x2 build/obj/msp_vectors.o
 *(__interrupt_vector_aes256)

__interrupt_vector_32
                0x000000000000ffce        0x2
 *(__interrupt_vector_32)
 __interrupt_vector_32
                0x000000000000ffce        0x2 build/obj/msp_vectors.o
 *(__interrupt_vector_rtc)

__interrupt_vector_33
                0x000000000000ffd0        0x2
 *(__interrupt_vector_33)
 __interrupt_vector_33
                0x000000000000ffd0        0x2 build/obj/hal_pal_lld.o
 *(__interrupt_vector_port4)

__interrupt_vector_34
                0x000000000000ffd2        0x2
 *(__interrupt_vector_34)
 __interrupt_vector_34
                0x000000000000ffd2        0x2 build/obj/hal_pal_lld.o
 *(__interrupt_vector_port3)

__interrupt_vector_35
                0x000000000000ffd4        0x2
 *(__interrupt_vector_35)
 __interrupt_vector_35
                0x000000000000ffd4        0x2 build/obj/msp_vectors.o
 *(__interrupt_vector_timer3_a1)

__interrupt_vector_36
                0x000000000000ffd6        0x2
 *(__interrupt_vector_36)
 __interrupt_vector_36
                0x000000000000ffd6        0x2 build/obj/msp_vectors.o
 *(__interrupt_vector_timer3_a0)

__interrupt_vector_37
                0x000000000000ffd8        0x2
 *(__interrupt_vector_37)
 __interrupt_vector_37
                0x000000000000ffd8        0x2 build/obj/hal_pal_lld.o
 *(__interrupt_vector_port2)

__interrupt_vector_38
                0x000000000000ffda        0x2
 *(__interrupt_vector_38)
 __interrupt_vector_38
                0x000000000000ffda        0x2 build/obj/msp_vectors.o
 *(__interrupt_vector_timer2_a1)

__interrupt_vector_39
                0x000000000000ffdc        0x2
 *(__interrupt_vector_39)
 __interrupt_vector_39
                0x000000000000ffdc        0x2 build/obj/msp_vectors.o
 *(__interrupt_vector_timer2_a0)

__interrupt_vector_40
                0x000000000000ffde        0x2
 *(__interrupt_vector_40)
 __interrupt_vector_40
                0x000000000000ffde        0x2 build/obj/hal_pal_lld.o
 *(__interrupt_vector_port1)

__interrupt_vector_41
                0x000000000000ffe0        0x2
 *(__interrupt_vector_41)
 __interrupt_vector_41
                0x000000000000ffe0        0x2 build/obj/msp_vectors.o
 *(__interrupt_vector_timer1_a1)

__interrupt_vector_42
                0x000000000000ffe2        0x2
 *(__interrupt_vector_42)
 __interrupt_vector_42
                0x000000000000ffe2        0x2 build/obj/msp_vectors.o
 *(__interrupt_vector_timer1_a0)

__interrupt_vector_43
                0x000000000000ffe4        0x2
 *(__interrupt_vector_43)
 __interrupt_vector_43
                0x000000000000ffe4        0x2 build/obj/hal_dma_lld.o
 *(__interrupt_vector_dma)

__interrupt_vector_44
                0x000000000000ffe6        0x2
 *(__interrupt_vector_44)
 __interrupt_vector_44
                0x000000000000ffe6        0x2 build/obj/msp_vectors.o
 *(__interrupt_vector_usci_a1)

__interrupt_vector_45
                0x000000000000ffe8        0x2
 *(__interrupt_vector_45)
 __interrupt_vector_45
                0x000000000000ffe8        0x2 build/obj/msp_vectors.o
 *(__interrupt_vector_timer0_a1)

__interrupt_vector_46
                0x000000000000ffea        0x2
 *(__interrupt_vector_46)
 __interrupt_vector_46
                0x000000000000ffea        0x2 build/obj/msp_vectors.o
 *(__interrupt_vector_timer0_a0)

__interrupt_vector_47
                0x000000000000ffec        0x2
 *(__interrupt_vector_47)
 __interrupt_vector_47
                0x000000000000ffec        0x2 build/obj/msp_vectors.o
 *(__interrupt_vector_adc12)

__interrupt_vector_48
                0x000000000000ffee        0x2
 *(__interrupt_vector_48)
 __interrupt_vector_48
                0x000000000000ffee        0x2 build/obj/hal_i2c_lld.o
 *(__interrupt_vector_usci_b0)

__interrupt_vector_49
                0x000000000000fff0        0x2
 *(__interrupt_vector_49)
 __interrupt_vector_49
                0x000000000000fff0        0x2 build/obj/hal_serial_lld.o
 *(__interrupt_vector_usci_a0)

__interrupt_vector_50
                0x000000000000fff2        0x2
 *(__interrupt_vector_50)
 __interrupt_vector_50
                0x000000000000fff2        0x2 build/obj/msp_vectors.o
 *(__interrupt_vector_wdt)

__interrupt_vector_51
                0x000000000000fff4        0x2
 *(__interrupt_vector_51)
 __interrupt_vector_51
                0x000000000000fff4        0x2 build/obj/msp_vectors.o
 *(__interrupt_vector_timer0_b1)

__interrupt_vector_52
                0x000000000000fff6        0x2
 *(__interrupt_vector_52)
 __interrupt_vector_52
                0x000000000000fff6        0x2 build/obj/hal_st_lld.o
 *(__interrupt_vector_timer0_b0)

__interrupt_vector_53
                0x000000000000fff8        0x2
 *(__interrupt_vector_53)
 __interrupt_vector_53
                0x000000000000fff8        0x2 build/obj/msp_vectors.o
 *(__interrupt_vector_comp_e)

__interrupt_vector_54
                0x000000000000fffa        0x2
 *(__interrupt_vector_54)
 __interrupt_vector_54
                0x000000000000fffa        0x2 build/obj/msp_vectors.o
 *(__interrupt_vector_unmi)

__interrupt_vector_55
                0x000000000000fffc        0x2
 *(__interrupt_vector_55)
 __interrupt_vector_55
                0x000000000000fffc        0x2 build/obj/msp_vectors.o
 *(__interrupt_vector_sysnmi)

__reset_vector  0x000000000000fffe        0x2
 *(__interrupt_vector_56)
 *(__interrupt_vector_reset)
 *(.resetvec)
 .resetvec      0x000000000000fffe        0x2 /home/awygle/toolchain/install/bin/../lib/gcc/msp430-elf/6.2.0/../../../../msp430-elf/lib/crt0-minrt.o

.stack          0x0000000000004400      0xc00
                0x0000000000004400                __main_thread_stack_base__ = .
 *(.stack)
                0x0000000000005000                . = (. + __idle_stack_size__)
 *fill*         0x0000000000004400      0xc00 
                0x0000000000005000                PROVIDE (__stack, .)
                0x0000000000005000                . = ALIGN (0x2)
                0x0000000000005000                __main_thread_stack_end__ = .

.rodata         0x0000000000005000      0x198
                0x0000000000005000                . = ALIGN (0x2)
 *(.plt)
 *(.rodata .rodata.* .gnu.linkonce.r.* .const .const:*)
 .rodata        0x0000000000005000       0x39 build/obj/ch.o
 *fill*         0x0000000000005039        0x1 
 .rodata.vmt    0x000000000000503a       0x10 build/obj/hal_serial.o
 .rodata.default_config
                0x000000000000504a        0x4 build/obj/hal_serial_lld.o
 .rodata.pal_default_config
                0x000000000000504e       0x1e build/obj/board.o
                0x000000000000504e                pal_default_config
 .rodata        0x000000000000506c       0xd0 build/obj/main.o
 .rodata.nil_thd_configs
                0x000000000000513c       0x14 build/obj/main.o
                0x000000000000513c                nil_thd_configs
 *(.rodata1)
 *(.lower.rodata.* .lower.rodata)
 *(.eh_frame_hdr)
 *(.eh_frame)
 .eh_frame      0x0000000000005150       0x44 /home/awygle/toolchain/install/bin/../lib/gcc/msp430-elf/6.2.0/libgcc.a(_udivdi3.o)
 *(.gcc_except_table)
 *(.gcc_except_table.*)
                [!provide]                        PROVIDE (__preinit_array_start, .)
 *(.preinit_array)
                [!provide]                        PROVIDE (__preinit_array_end, .)
                [!provide]                        PROVIDE (__init_array_start, .)
 *(SORT(.init_array.*))
 *(.init_array)
                [!provide]                        PROVIDE (__init_array_end, .)
                [!provide]                        PROVIDE (__fini_array_start, .)
 *(.fini_array)
 *(SORT(.fini_array.*))
                [!provide]                        PROVIDE (__fini_array_end, .)
                0x0000000000005194        0x4 LONG 0x0
 *crtbegin*.o(.ctors)
 *(EXCLUDE_FILE(*crtend*.o) .ctors)
 *(SORT(.ctors.*))
 *(.ctors)
 *crtbegin*.o(.dtors)
 *(EXCLUDE_FILE(*crtend*.o) .dtors)
 *(SORT(.dtors.*))
 *(.dtors)

.data           0x0000000000005198       0x18
                0x0000000000005198                . = ALIGN (0x2)
                0x0000000000005198                PROVIDE (__datastart, .)
 *(.jcr)
 *(.data.rel.ro.local)
 *(.data.rel.ro*)
 *(.dynamic)
 *(.data .data.* .gnu.linkonce.d.*)
 .data.start_msg
                0x0000000000005198        0x2 build/obj/main.o
                0x0000000000005198                start_msg
 .data.test_1_msg
                0x000000000000519a        0x2 build/obj/main.o
                0x000000000000519a                test_1_msg
 .data.test_2_msg
                0x000000000000519c        0x2 build/obj/main.o
                0x000000000000519c                test_2_msg
 .data.test_3_msg
                0x000000000000519e        0x2 build/obj/main.o
                0x000000000000519e                test_3_msg
 .data.test_4_msg
                0x00000000000051a0        0x2 build/obj/main.o
                0x00000000000051a0                test_4_msg
 .data.test_5_msg
                0x00000000000051a2        0x2 build/obj/main.o
                0x00000000000051a2                test_5_msg
 .data.test_6_msg
                0x00000000000051a4        0x2 build/obj/main.o
                0x00000000000051a4                test_6_msg
 .data.succeed_string
                0x00000000000051a6        0x2 build/obj/main.o
                0x00000000000051a6                succeed_string
 .data.fail_string
                0x00000000000051a8        0x2 build/obj/main.o
                0x00000000000051a8                fail_string
 .data.I2CDB0_config
                0x00000000000051aa        0x6 build/obj/main.o
                0x00000000000051aa                I2CDB0_config
 *(.gnu.linkonce.d.*personality*)
 *(.data1)
 *(.got.plt)
 *(.got)
                0x00000000000051b0                . = ALIGN (0x2)
 *(.sdata .sdata.* .gnu.linkonce.s.* D_2 D_1)
                0x00000000000051b0                . = ALIGN (0x2)
 *(.lower.data.* .lower.data)
                0x00000000000051b0                . = ALIGN (0x2)
                0x00000000000051b0                _edata = .
                [!provide]                        PROVIDE (edata, .)
                [!provide]                        PROVIDE (__dataend, .)
                0x0000000000005198                PROVIDE (__romdatastart, LOADADDR (.data))
                0x0000000000000018                PROVIDE (__romdatacopysize, SIZEOF (.data))

.bss            0x00000000000051b0     0x1332
                0x00000000000051b0                . = ALIGN (0x2)
                0x00000000000051b0                PROVIDE (__bssstart, .)
 *(.dynbss)
 *(.sbss .sbss.*)
 *(.bss .bss.* .gnu.linkonce.b.*)
 .bss.nil       0x00000000000051b0       0x2c build/obj/ch.o
                0x00000000000051b0                nil
 .bss.nextmem   0x00000000000051dc        0x2 build/obj/chmemcore.o
 .bss.endmem    0x00000000000051de        0x2 build/obj/chmemcore.o
 .bss.default_heap
                0x00000000000051e0        0x8 build/obj/chheap.o
 .bss.__msp430x_in_isr
                0x00000000000051e8        0x1 build/obj/chcore.o
                0x00000000000051e8                __msp430x_in_isr
 *fill*         0x00000000000051e9        0x1 
 .bss.SD0       0x00000000000051ea       0x4c build/obj/hal_serial_lld.o
                0x00000000000051ea                SD0
 .bss.port_callback_map
                0x0000000000005236       0x40 build/obj/hal_pal_lld.o
                0x0000000000005236                port_callback_map
 .bss.callbacks
                0x0000000000005276        0xc build/obj/hal_dma_lld.o
 .bss.dma_queue
                0x0000000000005282        0x2 build/obj/hal_dma_lld.o
 .bss.I2CDB0    0x0000000000005284       0x2c build/obj/hal_i2c_lld.o
                0x0000000000005284                I2CDB0
 .bss.inbuf     0x00000000000052b0      0x100 build/obj/main.o
                0x00000000000052b0                inbuf
 .bss.outbuf    0x00000000000053b0      0x100 build/obj/main.o
                0x00000000000053b0                outbuf
 .bss.callback_triggered
                0x00000000000054b0        0x2 build/obj/main.o
 .bss.waThread1
                0x00000000000054b2     0x1030 build/obj/main.o
                0x00000000000054b2                waThread1
 *(.lower.bss.* .lower.bss)
                0x00000000000064e2                . = ALIGN (0x2)
 *(COMMON)
                [!provide]                        PROVIDE (__bssend, .)
                0x0000000000001332                PROVIDE (__bsssize, SIZEOF (.bss))

.noinit         0x00000000000064e2        0x0
                0x00000000000064e2                . = ALIGN (0x2)
                [!provide]                        PROVIDE (__noinit_start, .)
 *(.noinit)
                0x00000000000064e2                . = ALIGN (0x2)
                [!provide]                        PROVIDE (__noinit_end, .)
                0x00000000000064e2                _end = .
                [!provide]                        PROVIDE (end, .)

.text           0x00000000000064e2     0x3936
                0x00000000000064e2                PROVIDE (_start, .)
                0x00000000000064e2                . = ALIGN (0x2)
 *(SORT(.crt_*))
 .crt_0000start
                0x00000000000064e2        0x4 /home/awygle/toolchain/install/bin/../lib/gcc/msp430-elf/6.2.0/../../../../msp430-elf/lib/crt0-minrt.o
                0x00000000000064e2                __crt0_start
 .crt_0042disable_watchdog
                0x00000000000064e6        0x8 build/obj/main.o
 .crt_0100init_bss
                0x00000000000064ee        0xe /home/awygle/toolchain/install/bin/../lib/gcc/msp430-elf/6.2.0/../../../../msp430-elf/lib/libcrt.a(crt_bss.o)
                0x00000000000064ee                __crt0_init_bss
 .crt_0300movedata
                0x00000000000064fc       0x14 /home/awygle/toolchain/install/bin/../lib/gcc/msp430-elf/6.2.0/../../../../msp430-elf/lib/libcrt.a(crt_movedata.o)
                0x00000000000064fc                __crt0_movedata
 .crt_0600call_just_main
                0x0000000000006510        0x6 /home/awygle/toolchain/install/bin/../lib/gcc/msp430-elf/6.2.0/../../../../msp430-elf/lib/libcrt.a(crt_main_minrt.o)
                0x0000000000006510                __crt0_call_just_main
                0x0000000000006516                . = ALIGN (0x2)
 *(.lowtext)
                0x0000000000006516                . = ALIGN (0x2)
 *(.lower.text.* .lower.text)
                0x0000000000006516                . = ALIGN (0x2)
 *(.text .stub .text.* .gnu.linkonce.t.* .text:*)
 .text.port_init
                0x0000000000006516        0x8 build/obj/ch.o
 .text.port_get_irq_status
                0x000000000000651e        0xe build/obj/ch.o
 .text.port_irq_enabled
                0x000000000000652c       0x1e build/obj/ch.o
 .text.port_is_isr_context
                0x000000000000654a        0x6 build/obj/ch.o
 .text.port_lock
                0x0000000000006550        0x8 build/obj/ch.o
 .text.port_unlock
                0x0000000000006558        0xa build/obj/ch.o
 .text.port_lock_from_isr
                0x0000000000006562        0x4 build/obj/ch.o
 .text.port_unlock_from_isr
                0x0000000000006566        0x4 build/obj/ch.o
 .text.port_disable
                0x000000000000656a        0x8 build/obj/ch.o
 .text.port_suspend
                0x0000000000006572        0x8 build/obj/ch.o
 .text._dbg_check_suspend
                0x000000000000657a       0x1c build/obj/ch.o
                0x000000000000657a                _dbg_check_suspend
 .text._dbg_check_lock
                0x0000000000006596       0x20 build/obj/ch.o
                0x0000000000006596                _dbg_check_lock
 .text._dbg_check_unlock
                0x00000000000065b6       0x22 build/obj/ch.o
                0x00000000000065b6                _dbg_check_unlock
 .text._dbg_check_lock_from_isr
                0x00000000000065d8       0x22 build/obj/ch.o
                0x00000000000065d8                _dbg_check_lock_from_isr
 .text._dbg_check_unlock_from_isr
                0x00000000000065fa       0x24 build/obj/ch.o
                0x00000000000065fa                _dbg_check_unlock_from_isr
 .text._dbg_check_enter_isr
                0x000000000000661e       0x2e build/obj/ch.o
                0x000000000000661e                _dbg_check_enter_isr
 .text._dbg_check_leave_isr
                0x000000000000664c       0x30 build/obj/ch.o
                0x000000000000664c                _dbg_check_leave_isr
 .text.chDbgCheckClassI
                0x000000000000667c       0x1e build/obj/ch.o
                0x000000000000667c                chDbgCheckClassI
 .text.chDbgCheckClassS
                0x000000000000669a       0x1e build/obj/ch.o
                0x000000000000669a                chDbgCheckClassS
 .text.chSysInit
                0x00000000000066b8       0xc0 build/obj/ch.o
                0x00000000000066b8                chSysInit
 .text.chSysHalt
                0x0000000000006778       0x10 build/obj/ch.o
                0x0000000000006778                chSysHalt
 .text.chSysTimerHandlerI
                0x0000000000006788       0x8e build/obj/ch.o
                0x0000000000006788                chSysTimerHandlerI
 .text.chSysGetStatusAndLockX
                0x0000000000006816       0x3c build/obj/ch.o
                0x0000000000006816                chSysGetStatusAndLockX
 .text.chSysRestoreStatusX
                0x0000000000006852       0x3c build/obj/ch.o
                0x0000000000006852                chSysRestoreStatusX
 .text.chSchReadyI
                0x000000000000688e       0x3e build/obj/ch.o
                0x000000000000688e                chSchReadyI
 .text.chSchIsPreemptionRequired
                0x00000000000068cc       0x1c build/obj/ch.o
                0x00000000000068cc                chSchIsPreemptionRequired
 .text.chSchDoReschedule
                0x00000000000068e8       0x20 build/obj/ch.o
                0x00000000000068e8                chSchDoReschedule
 .text.chSchRescheduleS
                0x0000000000006908       0x18 build/obj/ch.o
                0x0000000000006908                chSchRescheduleS
 .text.chSchGoSleepTimeoutS
                0x0000000000006920       0x68 build/obj/ch.o
                0x0000000000006920                chSchGoSleepTimeoutS
 .text.chThdSuspendTimeoutS
                0x0000000000006988       0x2c build/obj/ch.o
                0x0000000000006988                chThdSuspendTimeoutS
 .text.chThdResumeI
                0x00000000000069b4       0x38 build/obj/ch.o
                0x00000000000069b4                chThdResumeI
 .text.chThdSleep
                0x00000000000069ec       0x24 build/obj/ch.o
                0x00000000000069ec                chThdSleep
 .text.chSemWaitTimeout
                0x0000000000006a10       0x34 build/obj/ch.o
                0x0000000000006a10                chSemWaitTimeout
 .text.chSemWaitTimeoutS
                0x0000000000006a44       0x64 build/obj/ch.o
                0x0000000000006a44                chSemWaitTimeoutS
 .text.chSemSignal
                0x0000000000006aa8       0x26 build/obj/ch.o
                0x0000000000006aa8                chSemSignal
 .text.chSemSignalI
                0x0000000000006ace       0x46 build/obj/ch.o
                0x0000000000006ace                chSemSignalI
 .text.port_lock
                0x0000000000006b14        0x8 build/obj/chmemcore.o
 .text.port_unlock
                0x0000000000006b1c        0xa build/obj/chmemcore.o
 .text.chCoreAllocAlignedI
                0x0000000000006b26       0x64 build/obj/chmemcore.o
                0x0000000000006b26                chCoreAllocAlignedI
 .text.chCoreAllocAligned
                0x0000000000006b8a       0x34 build/obj/chmemcore.o
                0x0000000000006b8a                chCoreAllocAligned
 .text._heap_init
                0x0000000000006bbe       0x16 build/obj/chheap.o
                0x0000000000006bbe                _heap_init
 .text.port_unlock
                0x0000000000006bd4        0xa build/obj/chcore.o
 .text._port_switch
                0x0000000000006bde        0xe build/obj/chcore.o
                0x0000000000006bde                _port_switch
 .text._port_thread_start
                0x0000000000006bec       0x16 build/obj/chcore.o
                0x0000000000006bec                _port_thread_start
 .text.osalThreadDequeueNextI
                0x0000000000006c02       0x58 build/obj/osal.o
                0x0000000000006c02                osalThreadDequeueNextI
 .text.osalInit
                0x0000000000006c5a        0x4 build/obj/hal.o
 .text.halInit  0x0000000000006c5e       0x24 build/obj/hal.o
                0x0000000000006c5e                halInit
 .text.stInit   0x0000000000006c82        0x8 build/obj/hal_st.o
                0x0000000000006c82                stInit
 .text.port_lock
                0x0000000000006c8a        0x8 build/obj/hal_queues.o
 .text.port_unlock
                0x0000000000006c92        0xa build/obj/hal_queues.o
 .text.osalSysLock
                0x0000000000006c9c        0xc build/obj/hal_queues.o
 .text.osalSysUnlock
                0x0000000000006ca8        0xc build/obj/hal_queues.o
 .text.osalOsGetSystemTimeX
                0x0000000000006cb4        0x6 build/obj/hal_queues.o
 .text.osalThreadQueueObjectInit
                0x0000000000006cba       0x12 build/obj/hal_queues.o
 .text.osalThreadEnqueueTimeoutS
                0x0000000000006ccc       0x18 build/obj/hal_queues.o
 .text.iqObjectInit
                0x0000000000006ce4       0x68 build/obj/hal_queues.o
                0x0000000000006ce4                iqObjectInit
 .text.iqPutI   0x0000000000006d4c       0xa4 build/obj/hal_queues.o
                0x0000000000006d4c                iqPutI
 .text.iqGetTimeout
                0x0000000000006df0       0xb0 build/obj/hal_queues.o
                0x0000000000006df0                iqGetTimeout
 .text.iqReadTimeout
                0x0000000000006ea0      0x12e build/obj/hal_queues.o
                0x0000000000006ea0                iqReadTimeout
 .text.oqObjectInit
                0x0000000000006fce       0x6a build/obj/hal_queues.o
                0x0000000000006fce                oqObjectInit
 .text.oqPutTimeout
                0x0000000000007038       0xb4 build/obj/hal_queues.o
                0x0000000000007038                oqPutTimeout
 .text.oqGetI   0x00000000000070ec       0x88 build/obj/hal_queues.o
                0x00000000000070ec                oqGetI
 .text.oqWriteTimeout
                0x0000000000007174      0x12e build/obj/hal_queues.o
                0x0000000000007174                oqWriteTimeout
 .text.port_lock
                0x00000000000072a2        0x8 build/obj/hal_i2c.o
 .text.port_unlock
                0x00000000000072aa        0xa build/obj/hal_i2c.o
 .text.osalSysLock
                0x00000000000072b4        0xc build/obj/hal_i2c.o
 .text.osalSysUnlock
                0x00000000000072c0        0xc build/obj/hal_i2c.o
 .text.osalMutexObjectInit
                0x00000000000072cc       0x12 build/obj/hal_i2c.o
 .text.osalMutexLock
                0x00000000000072de       0x14 build/obj/hal_i2c.o
 .text.osalMutexUnlock
                0x00000000000072f2       0x12 build/obj/hal_i2c.o
 .text.i2cInit  0x0000000000007304        0x8 build/obj/hal_i2c.o
                0x0000000000007304                i2cInit
 .text.i2cObjectInit
                0x000000000000730c       0x22 build/obj/hal_i2c.o
                0x000000000000730c                i2cObjectInit
 .text.i2cStart
                0x000000000000732e       0x30 build/obj/hal_i2c.o
                0x000000000000732e                i2cStart
 .text.i2cMasterTransmitTimeout
                0x000000000000735e       0x7c build/obj/hal_i2c.o
                0x000000000000735e                i2cMasterTransmitTimeout
 .text.i2cMasterReceiveTimeout
                0x00000000000073da       0x6e build/obj/hal_i2c.o
                0x00000000000073da                i2cMasterReceiveTimeout
 .text.i2cAcquireBus
                0x0000000000007448       0x16 build/obj/hal_i2c.o
                0x0000000000007448                i2cAcquireBus
 .text.i2cReleaseBus
                0x000000000000745e       0x16 build/obj/hal_i2c.o
                0x000000000000745e                i2cReleaseBus
 .text.port_lock
                0x0000000000007474        0x8 build/obj/hal_serial.o
 .text.port_unlock
                0x000000000000747c        0xa build/obj/hal_serial.o
 .text.osalSysLock
                0x0000000000007486        0xc build/obj/hal_serial.o
 .text.osalSysUnlock
                0x0000000000007492        0xc build/obj/hal_serial.o
 .text.osalEventObjectInit
                0x000000000000749e       0x22 build/obj/hal_serial.o
 .text.osalEventBroadcastFlagsI
                0x00000000000074c0       0x56 build/obj/hal_serial.o
 .text.write    0x0000000000007516       0x2a build/obj/hal_serial.o
 .text.read     0x0000000000007540       0x2a build/obj/hal_serial.o
 .text.put      0x000000000000756a       0x20 build/obj/hal_serial.o
 .text.get      0x000000000000758a       0x16 build/obj/hal_serial.o
 .text.putt     0x00000000000075a0       0x28 build/obj/hal_serial.o
 .text.gett     0x00000000000075c8       0x1c build/obj/hal_serial.o
 .text.writet   0x00000000000075e4       0x2c build/obj/hal_serial.o
 .text.readt    0x0000000000007610       0x2c build/obj/hal_serial.o
 .text.sdInit   0x000000000000763c        0x8 build/obj/hal_serial.o
                0x000000000000763c                sdInit
 .text.sdObjectInit
                0x0000000000007644       0x74 build/obj/hal_serial.o
                0x0000000000007644                sdObjectInit
 .text.sdStart  0x00000000000076b8       0x2a build/obj/hal_serial.o
                0x00000000000076b8                sdStart
 .text.sdIncomingDataI
                0x00000000000076e2       0x52 build/obj/hal_serial.o
                0x00000000000076e2                sdIncomingDataI
 .text.sdRequestDataI
                0x0000000000007734       0x32 build/obj/hal_serial.o
                0x0000000000007734                sdRequestDataI
 .text.hal_lld_init
                0x0000000000007766       0x36 build/obj/hal_lld.o
                0x0000000000007766                hal_lld_init
 .text.port_lock_from_isr
                0x000000000000779c        0x4 build/obj/hal_st_lld.o
 .text.port_unlock_from_isr
                0x00000000000077a0        0x4 build/obj/hal_st_lld.o
 .text.osalSysLockFromISR
                0x00000000000077a4        0xc build/obj/hal_st_lld.o
 .text.osalSysUnlockFromISR
                0x00000000000077b0        0xc build/obj/hal_st_lld.o
 .text.osalOsTimerHandlerI
                0x00000000000077bc        0x8 build/obj/hal_st_lld.o
 .text.ISR_MSP430X_ST_ISR
                0x00000000000077c4       0x3c build/obj/hal_st_lld.o
                0x00000000000077c4                ISR_MSP430X_ST_ISR
 .text.st_lld_init
                0x0000000000007800       0x1a build/obj/hal_st_lld.o
                0x0000000000007800                st_lld_init
 .text.port_lock_from_isr
                0x000000000000781a        0x4 build/obj/hal_serial_lld.o
 .text.port_unlock_from_isr
                0x000000000000781e        0x4 build/obj/hal_serial_lld.o
 .text.osalSysLockFromISR
                0x0000000000007822        0xc build/obj/hal_serial_lld.o
 .text.osalSysUnlockFromISR
                0x000000000000782e        0xc build/obj/hal_serial_lld.o
 .text.osalEventBroadcastFlagsI
                0x000000000000783a       0x56 build/obj/hal_serial_lld.o
 .text.UCBRS    0x0000000000007890      0x1ee build/obj/hal_serial_lld.o
 .text.UCAxMCTLW
                0x0000000000007a7e       0xbc build/obj/hal_serial_lld.o
 .text.UCAxBRW  0x0000000000007b3a       0x48 build/obj/hal_serial_lld.o
 .text.usart0_init
                0x0000000000007b82       0x52 build/obj/hal_serial_lld.o
 .text.notify0  0x0000000000007bd4       0x16 build/obj/hal_serial_lld.o
 .text.set_error
                0x0000000000007bea       0x72 build/obj/hal_serial_lld.o
 .text.ISR_USCI_A0_VECTOR
                0x0000000000007c5c      0x106 build/obj/hal_serial_lld.o
                0x0000000000007c5c                ISR_USCI_A0_VECTOR
 .text.sd_lld_init
                0x0000000000007d62       0x12 build/obj/hal_serial_lld.o
                0x0000000000007d62                sd_lld_init
 .text.sd_lld_start
                0x0000000000007d74       0x36 build/obj/hal_serial_lld.o
                0x0000000000007d74                sd_lld_start
 .text.ISR_PORT1_VECTOR
                0x0000000000007daa       0x60 build/obj/hal_pal_lld.o
                0x0000000000007daa                ISR_PORT1_VECTOR
 .text.ISR_PORT2_VECTOR
                0x0000000000007e0a       0x62 build/obj/hal_pal_lld.o
                0x0000000000007e0a                ISR_PORT2_VECTOR
 .text.ISR_PORT3_VECTOR
                0x0000000000007e6c       0x64 build/obj/hal_pal_lld.o
                0x0000000000007e6c                ISR_PORT3_VECTOR
 .text.ISR_PORT4_VECTOR
                0x0000000000007ed0       0x64 build/obj/hal_pal_lld.o
                0x0000000000007ed0                ISR_PORT4_VECTOR
 .text._pal_lld_init
                0x0000000000007f34       0xaa build/obj/hal_pal_lld.o
                0x0000000000007f34                _pal_lld_init
 .text.osalSysGetStatusAndLockX
                0x0000000000007fde        0x6 build/obj/hal_dma_lld.o
 .text.osalSysRestoreStatusX
                0x0000000000007fe4       0x12 build/obj/hal_dma_lld.o
 .text.osalThreadQueueObjectInit
                0x0000000000007ff6       0x12 build/obj/hal_dma_lld.o
 .text.dma_trigger_set
                0x0000000000008008       0x74 build/obj/hal_dma_lld.o
 .text.ISR_DMA_VECTOR
                0x000000000000807c       0xcc build/obj/hal_dma_lld.o
                0x000000000000807c                ISR_DMA_VECTOR
 .text.dmaInit  0x0000000000008148        0xc build/obj/hal_dma_lld.o
                0x0000000000008148                dmaInit
 .text.dmaAcquireI
                0x0000000000008154       0xa2 build/obj/hal_dma_lld.o
                0x0000000000008154                dmaAcquireI
 .text.dmaClaimI
                0x00000000000081f6       0x80 build/obj/hal_dma_lld.o
                0x00000000000081f6                dmaClaimI
 .text.dmaTransferI
                0x0000000000008276       0xbc build/obj/hal_dma_lld.o
                0x0000000000008276                dmaTransferI
 .text.dmaReleaseX
                0x0000000000008332       0x4a build/obj/hal_dma_lld.o
                0x0000000000008332                dmaReleaseX
 .text.dmaCancelI
                0x000000000000837c       0x50 build/obj/hal_dma_lld.o
                0x000000000000837c                dmaCancelI
 .text.port_lock_from_isr
                0x00000000000083cc        0x4 build/obj/hal_i2c_lld.o
 .text.port_unlock_from_isr
                0x00000000000083d0        0x4 build/obj/hal_i2c_lld.o
 .text.osalSysLockFromISR
                0x00000000000083d4        0xc build/obj/hal_i2c_lld.o
 .text.osalSysUnlockFromISR
                0x00000000000083e0        0xc build/obj/hal_i2c_lld.o
 .text.osalOsGetSystemTimeX
                0x00000000000083ec        0x6 build/obj/hal_i2c_lld.o
 .text.osalThreadSuspendTimeoutS
                0x00000000000083f2       0x18 build/obj/hal_i2c_lld.o
 .text.osalThreadResumeI
                0x000000000000840a       0x1a build/obj/hal_i2c_lld.o
 .text.tx_complete
                0x0000000000008424       0x2a build/obj/hal_i2c_lld.o
                0x0000000000008424                tx_complete
 .text.rx_complete
                0x000000000000844e       0x42 build/obj/hal_i2c_lld.o
                0x000000000000844e                rx_complete
 .text.rx_async_callback
                0x0000000000008490       0x48 build/obj/hal_i2c_lld.o
                0x0000000000008490                rx_async_callback
 .text.ISR_USCI_B0_VECTOR
                0x00000000000084d8      0x1e2 build/obj/hal_i2c_lld.o
                0x00000000000084d8                ISR_USCI_B0_VECTOR
 .text.i2c_lld_init
                0x00000000000086ba       0x32 build/obj/hal_i2c_lld.o
                0x00000000000086ba                i2c_lld_init
 .text.i2c_lld_start
                0x00000000000086ec       0xba build/obj/hal_i2c_lld.o
                0x00000000000086ec                i2c_lld_start
 .text.i2cMSP430XStartReceiveI
                0x00000000000087a6      0x1ac build/obj/hal_i2c_lld.o
                0x00000000000087a6                i2cMSP430XStartReceiveI
 .text.i2cMSP430XStartTransmitMSBI
                0x0000000000008952      0x10a build/obj/hal_i2c_lld.o
                0x0000000000008952                i2cMSP430XStartTransmitMSBI
 .text.i2cMSP430XStartTransmitI
                0x0000000000008a5c      0x100 build/obj/hal_i2c_lld.o
                0x0000000000008a5c                i2cMSP430XStartTransmitI
 .text.i2cMSP430XContinueTransmitMSBI
                0x0000000000008b5c       0xb4 build/obj/hal_i2c_lld.o
                0x0000000000008b5c                i2cMSP430XContinueTransmitMSBI
 .text.i2cMSP430XEndTransferI
                0x0000000000008c10       0x58 build/obj/hal_i2c_lld.o
                0x0000000000008c10                i2cMSP430XEndTransferI
 .text.i2c_lld_master_receive_timeout
                0x0000000000008c68      0x1cc build/obj/hal_i2c_lld.o
                0x0000000000008c68                i2c_lld_master_receive_timeout
 .text.i2c_lld_master_transmit_timeout
                0x0000000000008e34      0x2ae build/obj/hal_i2c_lld.o
                0x0000000000008e34                i2c_lld_master_transmit_timeout
 .text.boardInit
                0x00000000000090e2        0x6 build/obj/board.o
                0x00000000000090e2                boardInit
 .text.Vector1  0x00000000000090e8        0x2 build/obj/msp_vectors.o
                0x00000000000090e8                Vector1
 .text.Vector2  0x00000000000090ea        0x2 build/obj/msp_vectors.o
                0x00000000000090ea                Vector2
 .text.Vector3  0x00000000000090ec        0x2 build/obj/msp_vectors.o
                0x00000000000090ec                Vector3
 .text.Vector4  0x00000000000090ee        0x2 build/obj/msp_vectors.o
                0x00000000000090ee                Vector4
 .text.Vector5  0x00000000000090f0        0x2 build/obj/msp_vectors.o
                0x00000000000090f0                Vector5
 .text.Vector6  0x00000000000090f2        0x2 build/obj/msp_vectors.o
                0x00000000000090f2                Vector6
 .text.Vector7  0x00000000000090f4        0x2 build/obj/msp_vectors.o
                0x00000000000090f4                Vector7
 .text.Vector8  0x00000000000090f6        0x2 build/obj/msp_vectors.o
                0x00000000000090f6                Vector8
 .text.Vector9  0x00000000000090f8        0x2 build/obj/msp_vectors.o
                0x00000000000090f8                Vector9
 .text.Vector10
                0x00000000000090fa        0x2 build/obj/msp_vectors.o
                0x00000000000090fa                Vector10
 .text.Vector11
                0x00000000000090fc        0x2 build/obj/msp_vectors.o
                0x00000000000090fc                Vector11
 .text.Vector12
                0x00000000000090fe        0x2 build/obj/msp_vectors.o
                0x00000000000090fe                Vector12
 .text.Vector13
                0x0000000000009100        0x2 build/obj/msp_vectors.o
                0x0000000000009100                Vector13
 .text.Vector14
                0x0000000000009102        0x2 build/obj/msp_vectors.o
                0x0000000000009102                Vector14
 .text.Vector15
                0x0000000000009104        0x2 build/obj/msp_vectors.o
                0x0000000000009104                Vector15
 .text.Vector16
                0x0000000000009106        0x2 build/obj/msp_vectors.o
                0x0000000000009106                Vector16
 .text.Vector17
                0x0000000000009108        0x2 build/obj/msp_vectors.o
                0x0000000000009108                Vector17
 .text.Vector18
                0x000000000000910a        0x2 build/obj/msp_vectors.o
                0x000000000000910a                Vector18
 .text.Vector19
                0x000000000000910c        0x2 build/obj/msp_vectors.o
                0x000000000000910c                Vector19
 .text.Vector20
                0x000000000000910e        0x2 build/obj/msp_vectors.o
                0x000000000000910e                Vector20
 .text.Vector21
                0x0000000000009110        0x2 build/obj/msp_vectors.o
                0x0000000000009110                Vector21
 .text.Vector22
                0x0000000000009112        0x2 build/obj/msp_vectors.o
                0x0000000000009112                Vector22
 .text.Vector23
                0x0000000000009114        0x2 build/obj/msp_vectors.o
                0x0000000000009114                Vector23
 .text.Vector24
                0x0000000000009116        0x2 build/obj/msp_vectors.o
                0x0000000000009116                Vector24
 .text.Vector25
                0x0000000000009118        0x2 build/obj/msp_vectors.o
                0x0000000000009118                Vector25
 .text.Vector26
                0x000000000000911a        0x2 build/obj/msp_vectors.o
                0x000000000000911a                Vector26
 .text.Vector27
                0x000000000000911c        0x2 build/obj/msp_vectors.o
                0x000000000000911c                Vector27
 .text.Vector28
                0x000000000000911e        0x2 build/obj/msp_vectors.o
                0x000000000000911e                Vector28
 .text.Vector29
                0x0000000000009120        0x2 build/obj/msp_vectors.o
                0x0000000000009120                Vector29
 .text.Vector30
                0x0000000000009122        0x2 build/obj/msp_vectors.o
                0x0000000000009122                Vector30
 .text.Vector31
                0x0000000000009124        0x2 build/obj/msp_vectors.o
                0x0000000000009124                Vector31
 .text.Vector32
                0x0000000000009126        0x2 build/obj/msp_vectors.o
                0x0000000000009126                Vector32
 .text.Vector35
                0x0000000000009128        0x2 build/obj/msp_vectors.o
                0x0000000000009128                Vector35
 .text.Vector36
                0x000000000000912a        0x2 build/obj/msp_vectors.o
                0x000000000000912a                Vector36
 .text.Vector38
                0x000000000000912c        0x2 build/obj/msp_vectors.o
                0x000000000000912c                Vector38
 .text.Vector39
                0x000000000000912e        0x2 build/obj/msp_vectors.o
                0x000000000000912e                Vector39
 .text.Vector41
                0x0000000000009130        0x2 build/obj/msp_vectors.o
                0x0000000000009130                Vector41
 .text.Vector42
                0x0000000000009132        0x2 build/obj/msp_vectors.o
                0x0000000000009132                Vector42
 .text.Vector44
                0x0000000000009134        0x2 build/obj/msp_vectors.o
                0x0000000000009134                Vector44
 .text.Vector45
                0x0000000000009136        0x2 build/obj/msp_vectors.o
                0x0000000000009136                Vector45
 .text.Vector46
                0x0000000000009138        0x2 build/obj/msp_vectors.o
                0x0000000000009138                Vector46
 .text.Vector47
                0x000000000000913a        0x2 build/obj/msp_vectors.o
                0x000000000000913a                Vector47
 .text.Vector50
                0x000000000000913c        0x2 build/obj/msp_vectors.o
                0x000000000000913c                Vector50
 .text.Vector51
                0x000000000000913e        0x2 build/obj/msp_vectors.o
                0x000000000000913e                Vector51
 .text.Vector53
                0x0000000000009140        0x2 build/obj/msp_vectors.o
                0x0000000000009140                Vector53
 .text.Vector54
                0x0000000000009142        0x2 build/obj/msp_vectors.o
                0x0000000000009142                Vector54
 .text.Vector55
                0x0000000000009144        0x2 build/obj/msp_vectors.o
                0x0000000000009144                Vector55
 .text.port_lock
                0x0000000000009146        0x8 build/obj/main.o
 .text.port_unlock
                0x000000000000914e        0xa build/obj/main.o
 .text.port_lock_from_isr
                0x0000000000009158        0x4 build/obj/main.o
 .text.port_unlock_from_isr
                0x000000000000915c        0x4 build/obj/main.o
 .text.chBSemWait
                0x0000000000009160       0x12 build/obj/main.o
 .text.chBSemSignalI
                0x0000000000009172       0x20 build/obj/main.o
 .text.rx_cb    0x0000000000009192       0x30 build/obj/main.o
 .text.tx_cb    0x00000000000091c2       0x40 build/obj/main.o
 .text.msb_cb   0x0000000000009202       0x40 build/obj/main.o
 .text.Thread1  0x0000000000009242      0x98e build/obj/main.o
                0x0000000000009242                Thread1
 .text.main     0x0000000000009bd0       0x14 build/obj/main.o
                0x0000000000009bd0                main
 .text.udivmodsi4
                0x0000000000009be4       0x80 /home/awygle/toolchain/install/bin/../lib/gcc/msp430-elf/6.2.0/libgcc.a(lib2divSI.o)
                0x0000000000009be4                udivmodsi4
 .text.__udivsi3
                0x0000000000009c64        0xe /home/awygle/toolchain/install/bin/../lib/gcc/msp430-elf/6.2.0/libgcc.a(lib2divSI.o)
                0x0000000000009c64                __mspabi_divul
                0x0000000000009c64                __mspabi_divlu
 .text          0x0000000000009c72       0x74 /home/awygle/toolchain/install/bin/../lib/gcc/msp430-elf/6.2.0/libgcc.a(slli.o)
                0x0000000000009c72                __mspabi_slli_15
                0x0000000000009c74                __mspabi_slli_14
                0x0000000000009c76                __mspabi_slli_13
                0x0000000000009c78                __mspabi_slli_12
                0x0000000000009c7a                __mspabi_slli_11
                0x0000000000009c7c                __mspabi_slli_10
                0x0000000000009c7e                __mspabi_slli_9
                0x0000000000009c80                __mspabi_slli_8
                0x0000000000009c82                __mspabi_slli_7
                0x0000000000009c84                __mspabi_slli_6
                0x0000000000009c86                __mspabi_slli_5
                0x0000000000009c88                __mspabi_slli_4
                0x0000000000009c8a                __mspabi_slli_3
                0x0000000000009c8c                __mspabi_slli_2
                0x0000000000009c8e                __mspabi_slli_1
                0x0000000000009c96                __mspabi_slli
                0x0000000000009c9c                __mspabi_slll_15
                0x0000000000009ca0                __mspabi_slll_14
                0x0000000000009ca4                __mspabi_slll_13
                0x0000000000009ca8                __mspabi_slll_12
                0x0000000000009cac                __mspabi_slll_11
                0x0000000000009cb0                __mspabi_slll_10
                0x0000000000009cb4                __mspabi_slll_9
                0x0000000000009cb8                __mspabi_slll_8
                0x0000000000009cbc                __mspabi_slll_7
                0x0000000000009cc0                __mspabi_slll_6
                0x0000000000009cc4                __mspabi_slll_5
                0x0000000000009cc8                __mspabi_slll_4
                0x0000000000009ccc                __mspabi_slll_3
                0x0000000000009cd0                __mspabi_slll_2
                0x0000000000009cd4                __mspabi_slll_1
                0x0000000000009ce0                __mspabi_slll
 .text          0x0000000000009ce6       0xb4 /home/awygle/toolchain/install/bin/../lib/gcc/msp430-elf/6.2.0/libgcc.a(srli.o)
                0x0000000000009ce6                __mspabi_srli_15
                0x0000000000009cea                __mspabi_srli_14
                0x0000000000009cee                __mspabi_srli_13
                0x0000000000009cf2                __mspabi_srli_12
                0x0000000000009cf6                __mspabi_srli_11
                0x0000000000009cfa                __mspabi_srli_10
                0x0000000000009cfe                __mspabi_srli_9
                0x0000000000009d02                __mspabi_srli_8
                0x0000000000009d06                __mspabi_srli_7
                0x0000000000009d0a                __mspabi_srli_6
                0x0000000000009d0e                __mspabi_srli_5
                0x0000000000009d12                __mspabi_srli_4
                0x0000000000009d16                __mspabi_srli_3
                0x0000000000009d1a                __mspabi_srli_2
                0x0000000000009d1e                __mspabi_srli_1
                0x0000000000009d2a                __mspabi_srli
                0x0000000000009d30                __mspabi_srll_15
                0x0000000000009d36                __mspabi_srll_14
                0x0000000000009d3c                __mspabi_srll_13
                0x0000000000009d42                __mspabi_srll_12
                0x0000000000009d48                __mspabi_srll_11
                0x0000000000009d4e                __mspabi_srll_10
                0x0000000000009d54                __mspabi_srll_9
                0x0000000000009d5a                __mspabi_srll_8
                0x0000000000009d60                __mspabi_srll_7
                0x0000000000009d66                __mspabi_srll_6
                0x0000000000009d6c                __mspabi_srll_5
                0x0000000000009d72                __mspabi_srll_4
                0x0000000000009d78                __mspabi_srll_3
                0x0000000000009d7e                __mspabi_srll_2
                0x0000000000009d84                __mspabi_srll_1
                0x0000000000009d94                __mspabi_srll
 .text.__mulsi2_f5
                0x0000000000009d9a       0x20 /home/awygle/toolchain/install/bin/../lib/gcc/msp430-elf/6.2.0/libmul_f5.a(lib2hw_mul_f5.o)
                0x0000000000009d9a                __mspabi_mpyl
                0x0000000000009d9a                __mspabi_mpyl_f5hw
                0x0000000000009d9a                __mulsi2_f5
 .text.strlen   0x0000000000009dba       0x12 /home/awygle/toolchain/install/bin/../lib/gcc/msp430-elf/6.2.0/../../../../msp430-elf/lib/libc.a(lib_a-strlen.o)
                0x0000000000009dba                strlen
 .text.memmove  0x0000000000009dcc       0x3a /home/awygle/toolchain/install/bin/../lib/gcc/msp430-elf/6.2.0/../../../../msp430-elf/lib/libc.a(lib_a-memmove.o)
                0x0000000000009dcc                memmove
 .text.memset   0x0000000000009e06       0x12 /home/awygle/toolchain/install/bin/../lib/gcc/msp430-elf/6.2.0/../../../../msp430-elf/lib/libc.a(lib_a-memset.o)
                0x0000000000009e06                memset
 *(.text.*personality*)
 *(.gnu.warning)
 *(.interp .hash .dynsym .dynstr .gnu.version*)
                [!provide]                        PROVIDE (__etext, .)
                [!provide]                        PROVIDE (_etext, .)
                [!provide]                        PROVIDE (etext, .)
                0x0000000000009e18                . = ALIGN (0x2)
 *(.init)
 *(.fini)
 *(.tm_clone_table)

.upper.rodata
 *(.upper.rodata.* .upper.rodata)

.upper.data     0x0000000000010000        0x2
                0x0000000000010000                __upper_data_init = LOADADDR (.upper.data)
                0x0000000000010000        0x2 SHORT 0x1
                0x0000000000010002                __high_datastart = .
 *(.upper.data.* .upper.data)
                0x0000000000010002                __high_dataend = .
                0x0000000000000000                __rom_highdatacopysize = (SIZEOF (.upper.data) - 0x2)
                0x0000000000010002                __rom_highdatastart = (LOADADDR (.upper.data) + 0x2)

.upper.bss      0x0000000000010002        0x0
                0x0000000000010002                . = ALIGN (0x2)
                0x0000000000010002                __high_bssstart = .
 *(.upper.bss.* .upper.bss)
                0x0000000000010002                . = ALIGN (0x2)
                0x0000000000010002                __high_bssend = .

.upper.text     0x0000000000010002        0x0
                0x0000000000010002                . = ALIGN (0x2)
 *(.upper.text.* .upper.text)

.infoA

.infoB

.infoC

.infoD

.MP430.attributes
                0x0000000000000000      0x439
 *(.MSP430.attributes)
 .MSP430.attributes
                0x0000000000000000       0x17 /home/awygle/toolchain/install/bin/../lib/gcc/msp430-elf/6.2.0/../../../../msp430-elf/lib/crt0-minrt.o
 .MSP430.attributes
                0x0000000000000017       0x17 build/obj/ch.o
 .MSP430.attributes
                0x000000000000002e       0x17 build/obj/chmboxes.o
 .MSP430.attributes
                0x0000000000000045       0x17 build/obj/chmemcore.o
 .MSP430.attributes
                0x000000000000005c       0x17 build/obj/chheap.o
 .MSP430.attributes
                0x0000000000000073       0x17 build/obj/chmempools.o
 .MSP430.attributes
                0x000000000000008a       0x17 build/obj/chcore.o
 .MSP430.attributes
                0x00000000000000a1       0x17 build/obj/osal.o
 .MSP430.attributes
                0x00000000000000b8       0x17 build/obj/hal.o
 .MSP430.attributes
                0x00000000000000cf       0x17 build/obj/hal_st.o
 .MSP430.attributes
                0x00000000000000e6       0x17 build/obj/hal_buffers.o
 .MSP430.attributes
                0x00000000000000fd       0x17 build/obj/hal_queues.o
 .MSP430.attributes
                0x0000000000000114       0x17 build/obj/hal_mmcsd.o
 .MSP430.attributes
                0x000000000000012b       0x17 build/obj/hal_i2c.o
 .MSP430.attributes
                0x0000000000000142       0x17 build/obj/hal_pal.o
 .MSP430.attributes
                0x0000000000000159       0x17 build/obj/hal_serial.o
 .MSP430.attributes
                0x0000000000000170       0x17 build/obj/hal_lld.o
 .MSP430.attributes
                0x0000000000000187       0x17 build/obj/hal_st_lld.o
 .MSP430.attributes
                0x000000000000019e       0x17 build/obj/hal_serial_lld.o
 .MSP430.attributes
                0x00000000000001b5       0x17 build/obj/hal_pal_lld.o
 .MSP430.attributes
                0x00000000000001cc       0x17 build/obj/hal_dma_lld.o
 .MSP430.attributes
                0x00000000000001e3       0x17 build/obj/hal_spi_lld.o
 .MSP430.attributes
                0x00000000000001fa       0x17 build/obj/hal_i2c_lld.o
 .MSP430.attributes
                0x0000000000000211       0x17 build/obj/hal_uart_lld.o
 .MSP430.attributes
                0x0000000000000228       0x17 build/obj/hal_gpt_lld.o
 .MSP430.attributes
                0x000000000000023f       0x17 build/obj/hal_adc_lld.o
 .MSP430.attributes
                0x0000000000000256       0x17 build/obj/board.o
 .MSP430.attributes
                0x000000000000026d       0x17 build/obj/msp_vectors.o
 .MSP430.attributes
                0x0000000000000284       0x17 build/obj/main.o
 .MSP430.attributes
                0x000000000000029b       0x17 /home/awygle/toolchain/install/bin/../lib/gcc/msp430-elf/6.2.0/libgcc.a(lib2divSI.o)
 .MSP430.attributes
                0x00000000000002b2       0x17 /home/awygle/toolchain/install/bin/../lib/gcc/msp430-elf/6.2.0/libgcc.a(slli.o)
 .MSP430.attributes
                0x00000000000002c9       0x17 /home/awygle/toolchain/install/bin/../lib/gcc/msp430-elf/6.2.0/libgcc.a(srli.o)
 .MSP430.attributes
                0x00000000000002e0       0x17 /home/awygle/toolchain/install/bin/../lib/gcc/msp430-elf/6.2.0/libgcc.a(_udivdi3.o)
 .MSP430.attributes
                0x00000000000002f7       0x17 /home/awygle/toolchain/install/bin/../lib/gcc/msp430-elf/6.2.0/libgcc.a(_lshrdi3.o)
 .MSP430.attributes
                0x000000000000030e       0x17 /home/awygle/toolchain/install/bin/../lib/gcc/msp430-elf/6.2.0/libgcc.a(_ashldi3.o)
 .MSP430.attributes
                0x0000000000000325       0x17 /home/awygle/toolchain/install/bin/../lib/gcc/msp430-elf/6.2.0/libgcc.a(_clzdi2.o)
 .MSP430.attributes
                0x000000000000033c       0x17 /home/awygle/toolchain/install/bin/../lib/gcc/msp430-elf/6.2.0/libgcc.a(_clz.o)
 .MSP430.attributes
                0x0000000000000353       0x17 /home/awygle/toolchain/install/bin/../lib/gcc/msp430-elf/6.2.0/libmul_f5.a(lib2hw_mul_f5.o)
 .MSP430.attributes
                0x000000000000036a       0x17 /home/awygle/toolchain/install/bin/../lib/gcc/msp430-elf/6.2.0/../../../../msp430-elf/lib/libc.a(lib_a-memcpy.o)
 .MSP430.attributes
                0x0000000000000381       0x17 /home/awygle/toolchain/install/bin/../lib/gcc/msp430-elf/6.2.0/../../../../msp430-elf/lib/libc.a(lib_a-strlen.o)
 .MSP430.attributes
                0x0000000000000398       0x17 /home/awygle/toolchain/install/bin/../lib/gcc/msp430-elf/6.2.0/libgcc.a(_muldi3.o)
 .MSP430.attributes
                0x00000000000003af       0x17 /home/awygle/toolchain/install/bin/../lib/gcc/msp430-elf/6.2.0/../../../../msp430-elf/lib/libcrt.a(crt_bss.o)
 .MSP430.attributes
                0x00000000000003c6       0x17 /home/awygle/toolchain/install/bin/../lib/gcc/msp430-elf/6.2.0/../../../../msp430-elf/lib/libcrt.a(crt_movedata.o)
 .MSP430.attributes
                0x00000000000003dd       0x17 /home/awygle/toolchain/install/bin/../lib/gcc/msp430-elf/6.2.0/../../../../msp430-elf/lib/libcrt.a(crt_main_minrt.o)
 .MSP430.attributes
                0x00000000000003f4       0x17 /home/awygle/toolchain/install/bin/../lib/gcc/msp430-elf/6.2.0/../../../../msp430-elf/lib/libc.a(lib_a-memmove.o)
 .MSP430.attributes
                0x000000000000040b       0x17 /home/awygle/toolchain/install/bin/../lib/gcc/msp430-elf/6.2.0/../../../../msp430-elf/lib/libc.a(lib_a-memset.o)
 .MSP430.attributes
                0x0000000000000422       0x17 /home/awygle/toolchain/install/bin/../lib/gcc/msp430-elf/6.2.0/../../../../msp430-elf/lib/crtn-minrt.o
 *(.gnu.attributes)
 *(__TI_build_attributes)

.stab
 *(.stab)

.stabstr
 *(.stabstr)

.stab.excl
 *(.stab.excl)

.stab.exclstr
 *(.stab.exclstr)

.stab.index
 *(.stab.index)

.stab.indexstr
 *(.stab.indexstr)

.comment        0x0000000000000000       0x22
 *(.comment)
 .comment       0x0000000000000000       0x11 build/obj/ch.o
                                         0x12 (size before relaxing)
 .comment       0x0000000000000011       0x12 build/obj/chmboxes.o
 .comment       0x0000000000000011       0x12 build/obj/chmemcore.o
 .comment       0x0000000000000011       0x12 build/obj/chheap.o
 .comment       0x0000000000000011       0x12 build/obj/chmempools.o
 .comment       0x0000000000000011       0x12 build/obj/chcore.o
 .comment       0x0000000000000011       0x12 build/obj/osal.o
 .comment       0x0000000000000011       0x12 build/obj/hal.o
 .comment       0x0000000000000011       0x12 build/obj/hal_st.o
 .comment       0x0000000000000011       0x12 build/obj/hal_buffers.o
 .comment       0x0000000000000011       0x12 build/obj/hal_queues.o
 .comment       0x0000000000000011       0x12 build/obj/hal_mmcsd.o
 .comment       0x0000000000000011       0x12 build/obj/hal_i2c.o
 .comment       0x0000000000000011       0x12 build/obj/hal_pal.o
 .comment       0x0000000000000011       0x12 build/obj/hal_serial.o
 .comment       0x0000000000000011       0x12 build/obj/hal_lld.o
 .comment       0x0000000000000011       0x12 build/obj/hal_st_lld.o
 .comment       0x0000000000000011       0x12 build/obj/hal_serial_lld.o
 .comment       0x0000000000000011       0x12 build/obj/hal_pal_lld.o
 .comment       0x0000000000000011       0x12 build/obj/hal_dma_lld.o
 .comment       0x0000000000000011       0x12 build/obj/hal_spi_lld.o
 .comment       0x0000000000000011       0x12 build/obj/hal_i2c_lld.o
 .comment       0x0000000000000011       0x12 build/obj/hal_uart_lld.o
 .comment       0x0000000000000011       0x12 build/obj/hal_gpt_lld.o
 .comment       0x0000000000000011       0x12 build/obj/hal_adc_lld.o
 .comment       0x0000000000000011       0x12 build/obj/board.o
 .comment       0x0000000000000011       0x12 build/obj/msp_vectors.o
 .comment       0x0000000000000011       0x12 build/obj/main.o
 .comment       0x0000000000000011       0x12 /home/awygle/toolchain/install/bin/../lib/gcc/msp430-elf/6.2.0/libgcc.a(lib2divSI.o)
 .comment       0x0000000000000011       0x12 /home/awygle/toolchain/install/bin/../lib/gcc/msp430-elf/6.2.0/libgcc.a(_udivdi3.o)
 .comment       0x0000000000000011       0x12 /home/awygle/toolchain/install/bin/../lib/gcc/msp430-elf/6.2.0/libgcc.a(_lshrdi3.o)
 .comment       0x0000000000000011       0x12 /home/awygle/toolchain/install/bin/../lib/gcc/msp430-elf/6.2.0/libgcc.a(_ashldi3.o)
 .comment       0x0000000000000011       0x12 /home/awygle/toolchain/install/bin/../lib/gcc/msp430-elf/6.2.0/libgcc.a(_clzdi2.o)
 .comment       0x0000000000000011       0x12 /home/awygle/toolchain/install/bin/../lib/gcc/msp430-elf/6.2.0/libgcc.a(_clz.o)
 .comment       0x0000000000000011       0x11 /home/awygle/toolchain/install/bin/../lib/gcc/msp430-elf/6.2.0/../../../../msp430-elf/lib/libc.a(lib_a-memcpy.o)
                                         0x12 (size before relaxing)
 .comment       0x0000000000000022       0x12 /home/awygle/toolchain/install/bin/../lib/gcc/msp430-elf/6.2.0/../../../../msp430-elf/lib/libc.a(lib_a-strlen.o)
 .comment       0x0000000000000022       0x12 /home/awygle/toolchain/install/bin/../lib/gcc/msp430-elf/6.2.0/libgcc.a(_muldi3.o)
 .comment       0x0000000000000022       0x12 /home/awygle/toolchain/install/bin/../lib/gcc/msp430-elf/6.2.0/../../../../msp430-elf/lib/libc.a(lib_a-memmove.o)
 .comment       0x0000000000000022       0x12 /home/awygle/toolchain/install/bin/../lib/gcc/msp430-elf/6.2.0/../../../../msp430-elf/lib/libc.a(lib_a-memset.o)

.debug
 *(.debug)

.line
 *(.line)

.debug_srcinfo
 *(.debug_srcinfo)

.debug_sfnames
 *(.debug_sfnames)

.debug_aranges  0x0000000000000000      0xed8
 *(.debug_aranges)
 .debug_aranges
                0x0000000000000000       0x20 /home/awygle/toolchain/install/bin/../lib/gcc/msp430-elf/6.2.0/../../../../msp430-elf/lib/crt0-minrt.o
 .debug_aranges
                0x0000000000000020      0x188 build/obj/ch.o
 .debug_aranges
                0x00000000000001a8       0x88 build/obj/chmboxes.o
 .debug_aranges
                0x0000000000000230       0x48 build/obj/chmemcore.o
 .debug_aranges
                0x0000000000000278       0x40 build/obj/chheap.o
 .debug_aranges
                0x00000000000002b8       0x98 build/obj/chmempools.o
 .debug_aranges
                0x0000000000000350       0x30 build/obj/chcore.o
 .debug_aranges
                0x0000000000000380       0x28 build/obj/osal.o
 .debug_aranges
                0x00000000000003a8       0x28 build/obj/hal.o
 .debug_aranges
                0x00000000000003d0       0x60 build/obj/hal_st.o
 .debug_aranges
                0x0000000000000430      0x100 build/obj/hal_buffers.o
 .debug_aranges
                0x0000000000000530       0xa0 build/obj/hal_queues.o
 .debug_aranges
                0x00000000000005d0       0x18 build/obj/hal_mmcsd.o
 .debug_aranges
                0x00000000000005e8       0x98 build/obj/hal_i2c.o
 .debug_aranges
                0x0000000000000680       0x30 build/obj/hal_pal.o
 .debug_aranges
                0x00000000000006b0       0xd0 build/obj/hal_serial.o
 .debug_aranges
                0x0000000000000780       0x20 build/obj/hal_lld.o
 .debug_aranges
                0x00000000000007a0       0x50 build/obj/hal_st_lld.o
 .debug_aranges
                0x00000000000007f0       0x90 build/obj/hal_serial_lld.o
 .debug_aranges
                0x0000000000000880       0x58 build/obj/hal_pal_lld.o
 .debug_aranges
                0x00000000000008d8       0xa8 build/obj/hal_dma_lld.o
 .debug_aranges
                0x0000000000000980       0x18 build/obj/hal_spi_lld.o
 .debug_aranges
                0x0000000000000998       0xf8 build/obj/hal_i2c_lld.o
 .debug_aranges
                0x0000000000000a90       0x18 build/obj/hal_uart_lld.o
 .debug_aranges
                0x0000000000000aa8       0x18 build/obj/hal_gpt_lld.o
 .debug_aranges
                0x0000000000000ac0       0x18 build/obj/hal_adc_lld.o
 .debug_aranges
                0x0000000000000ad8       0x20 build/obj/board.o
 .debug_aranges
                0x0000000000000af8      0x190 build/obj/msp_vectors.o
 .debug_aranges
                0x0000000000000c88       0x78 build/obj/main.o
 .debug_aranges
                0x0000000000000d00       0x40 /home/awygle/toolchain/install/bin/../lib/gcc/msp430-elf/6.2.0/libgcc.a(lib2divSI.o)
 .debug_aranges
                0x0000000000000d40       0x20 /home/awygle/toolchain/install/bin/../lib/gcc/msp430-elf/6.2.0/libgcc.a(_udivdi3.o)
 .debug_aranges
                0x0000000000000d60       0x20 /home/awygle/toolchain/install/bin/../lib/gcc/msp430-elf/6.2.0/libgcc.a(_lshrdi3.o)
 .debug_aranges
                0x0000000000000d80       0x20 /home/awygle/toolchain/install/bin/../lib/gcc/msp430-elf/6.2.0/libgcc.a(_ashldi3.o)
 .debug_aranges
                0x0000000000000da0       0x20 /home/awygle/toolchain/install/bin/../lib/gcc/msp430-elf/6.2.0/libgcc.a(_clzdi2.o)
 .debug_aranges
                0x0000000000000dc0       0x18 /home/awygle/toolchain/install/bin/../lib/gcc/msp430-elf/6.2.0/libgcc.a(_clz.o)
 .debug_aranges
                0x0000000000000dd8       0x20 /home/awygle/toolchain/install/bin/../lib/gcc/msp430-elf/6.2.0/../../../../msp430-elf/lib/libc.a(lib_a-memcpy.o)
 .debug_aranges
                0x0000000000000df8       0x20 /home/awygle/toolchain/install/bin/../lib/gcc/msp430-elf/6.2.0/../../../../msp430-elf/lib/libc.a(lib_a-strlen.o)
 .debug_aranges
                0x0000000000000e18       0x20 /home/awygle/toolchain/install/bin/../lib/gcc/msp430-elf/6.2.0/libgcc.a(_muldi3.o)
 .debug_aranges
                0x0000000000000e38       0x20 /home/awygle/toolchain/install/bin/../lib/gcc/msp430-elf/6.2.0/../../../../msp430-elf/lib/libcrt.a(crt_bss.o)
 .debug_aranges
                0x0000000000000e58       0x20 /home/awygle/toolchain/install/bin/../lib/gcc/msp430-elf/6.2.0/../../../../msp430-elf/lib/libcrt.a(crt_movedata.o)
 .debug_aranges
                0x0000000000000e78       0x20 /home/awygle/toolchain/install/bin/../lib/gcc/msp430-elf/6.2.0/../../../../msp430-elf/lib/libcrt.a(crt_main_minrt.o)
 .debug_aranges
                0x0000000000000e98       0x20 /home/awygle/toolchain/install/bin/../lib/gcc/msp430-elf/6.2.0/../../../../msp430-elf/lib/libc.a(lib_a-memmove.o)
 .debug_aranges
                0x0000000000000eb8       0x20 /home/awygle/toolchain/install/bin/../lib/gcc/msp430-elf/6.2.0/../../../../msp430-elf/lib/libc.a(lib_a-memset.o)

.debug_pubnames
 *(.debug_pubnames)

.debug_info     0x0000000000000000    0x5bce5
 *(.debug_info .gnu.linkonce.wi.*)
 .debug_info    0x0000000000000000       0x8c /home/awygle/toolchain/install/bin/../lib/gcc/msp430-elf/6.2.0/../../../../msp430-elf/lib/crt0-minrt.o
 .debug_info    0x000000000000008c     0x3085 build/obj/ch.o
 .debug_info    0x0000000000003111     0x2d70 build/obj/chmboxes.o
 .debug_info    0x0000000000005e81     0x2a78 build/obj/chmemcore.o
 .debug_info    0x00000000000088f9     0x2cac build/obj/chheap.o
 .debug_info    0x000000000000b5a5     0x2dc9 build/obj/chmempools.o
 .debug_info    0x000000000000e36e     0x2993 build/obj/chcore.o
 .debug_info    0x0000000000010d01     0x2a45 build/obj/osal.o
 .debug_info    0x0000000000013746     0x31aa build/obj/hal.o
 .debug_info    0x00000000000168f0     0x32ba build/obj/hal_st.o
 .debug_info    0x0000000000019baa     0x42a7 build/obj/hal_buffers.o
 .debug_info    0x000000000001de51     0x3614 build/obj/hal_queues.o
 .debug_info    0x0000000000021465     0x317b build/obj/hal_mmcsd.o
 .debug_info    0x00000000000245e0     0x3503 build/obj/hal_i2c.o
 .debug_info    0x0000000000027ae3     0x33a8 build/obj/hal_pal.o
 .debug_info    0x000000000002ae8b     0x369a build/obj/hal_serial.o
 .debug_info    0x000000000002e525     0x3198 build/obj/hal_lld.o
 .debug_info    0x00000000000316bd     0x3203 build/obj/hal_st_lld.o
 .debug_info    0x00000000000348c0     0x346a build/obj/hal_serial_lld.o
 .debug_info    0x0000000000037d2a     0x3484 build/obj/hal_pal_lld.o
 .debug_info    0x000000000003b1ae     0x3541 build/obj/hal_dma_lld.o
 .debug_info    0x000000000003e6ef     0x317b build/obj/hal_spi_lld.o
 .debug_info    0x000000000004186a     0x38ff build/obj/hal_i2c_lld.o
 .debug_info    0x0000000000045169     0x317b build/obj/hal_uart_lld.o
 .debug_info    0x00000000000482e4     0x317b build/obj/hal_gpt_lld.o
 .debug_info    0x000000000004b45f     0x317b build/obj/hal_adc_lld.o
 .debug_info    0x000000000004e5da     0x31a5 build/obj/board.o
 .debug_info    0x000000000005177f     0x2866 build/obj/msp_vectors.o
 .debug_info    0x0000000000053fe5     0x3cb0 build/obj/main.o
 .debug_info    0x0000000000057c95      0x276 /home/awygle/toolchain/install/bin/../lib/gcc/msp430-elf/6.2.0/libgcc.a(lib2divSI.o)
 .debug_info    0x0000000000057f0b      0x2ad /home/awygle/toolchain/install/bin/../lib/gcc/msp430-elf/6.2.0/libgcc.a(_udivdi3.o)
 .debug_info    0x00000000000581b8      0x25f /home/awygle/toolchain/install/bin/../lib/gcc/msp430-elf/6.2.0/libgcc.a(_lshrdi3.o)
 .debug_info    0x0000000000058417      0x25f /home/awygle/toolchain/install/bin/../lib/gcc/msp430-elf/6.2.0/libgcc.a(_ashldi3.o)
 .debug_info    0x0000000000058676      0x26a /home/awygle/toolchain/install/bin/../lib/gcc/msp430-elf/6.2.0/libgcc.a(_clzdi2.o)
 .debug_info    0x00000000000588e0      0x16a /home/awygle/toolchain/install/bin/../lib/gcc/msp430-elf/6.2.0/libgcc.a(_clz.o)
 .debug_info    0x0000000000058a4a      0x923 /home/awygle/toolchain/install/bin/../lib/gcc/msp430-elf/6.2.0/../../../../msp430-elf/lib/libc.a(lib_a-memcpy.o)
 .debug_info    0x000000000005936d      0x8d6 /home/awygle/toolchain/install/bin/../lib/gcc/msp430-elf/6.2.0/../../../../msp430-elf/lib/libc.a(lib_a-strlen.o)
 .debug_info    0x0000000000059c43      0x308 /home/awygle/toolchain/install/bin/../lib/gcc/msp430-elf/6.2.0/libgcc.a(_muldi3.o)
 .debug_info    0x0000000000059f4b       0x8c /home/awygle/toolchain/install/bin/../lib/gcc/msp430-elf/6.2.0/../../../../msp430-elf/lib/libcrt.a(crt_bss.o)
 .debug_info    0x0000000000059fd7       0x8c /home/awygle/toolchain/install/bin/../lib/gcc/msp430-elf/6.2.0/../../../../msp430-elf/lib/libcrt.a(crt_movedata.o)
 .debug_info    0x000000000005a063       0x8c /home/awygle/toolchain/install/bin/../lib/gcc/msp430-elf/6.2.0/../../../../msp430-elf/lib/libcrt.a(crt_main_minrt.o)
 .debug_info    0x000000000005a0ef      0xe0b /home/awygle/toolchain/install/bin/../lib/gcc/msp430-elf/6.2.0/../../../../msp430-elf/lib/libc.a(lib_a-memmove.o)
 .debug_info    0x000000000005aefa      0xdeb /home/awygle/toolchain/install/bin/../lib/gcc/msp430-elf/6.2.0/../../../../msp430-elf/lib/libc.a(lib_a-memset.o)

.debug_abbrev   0x0000000000000000     0x4a4f
 *(.debug_abbrev)
 .debug_abbrev  0x0000000000000000       0x14 /home/awygle/toolchain/install/bin/../lib/gcc/msp430-elf/6.2.0/../../../../msp430-elf/lib/crt0-minrt.o
 .debug_abbrev  0x0000000000000014      0x268 build/obj/ch.o
 .debug_abbrev  0x000000000000027c      0x22c build/obj/chmboxes.o
 .debug_abbrev  0x00000000000004a8      0x1cc build/obj/chmemcore.o
 .debug_abbrev  0x0000000000000674      0x287 build/obj/chheap.o
 .debug_abbrev  0x00000000000008fb      0x278 build/obj/chmempools.o
 .debug_abbrev  0x0000000000000b73      0x18d build/obj/chcore.o
 .debug_abbrev  0x0000000000000d00      0x182 build/obj/osal.o
 .debug_abbrev  0x0000000000000e82      0x1bd build/obj/hal.o
 .debug_abbrev  0x000000000000103f      0x253 build/obj/hal_st.o
 .debug_abbrev  0x0000000000001292      0x318 build/obj/hal_buffers.o
 .debug_abbrev  0x00000000000015aa      0x2fd build/obj/hal_queues.o
 .debug_abbrev  0x00000000000018a7      0x192 build/obj/hal_mmcsd.o
 .debug_abbrev  0x0000000000001a39      0x2b6 build/obj/hal_i2c.o
 .debug_abbrev  0x0000000000001cef      0x1ee build/obj/hal_pal.o
 .debug_abbrev  0x0000000000001edd      0x2ee build/obj/hal_serial.o
 .debug_abbrev  0x00000000000021cb      0x1a7 build/obj/hal_lld.o
 .debug_abbrev  0x0000000000002372      0x1eb build/obj/hal_st_lld.o
 .debug_abbrev  0x000000000000255d      0x2f5 build/obj/hal_serial_lld.o
 .debug_abbrev  0x0000000000002852      0x249 build/obj/hal_pal_lld.o
 .debug_abbrev  0x0000000000002a9b      0x30b build/obj/hal_dma_lld.o
 .debug_abbrev  0x0000000000002da6      0x192 build/obj/hal_spi_lld.o
 .debug_abbrev  0x0000000000002f38      0x302 build/obj/hal_i2c_lld.o
 .debug_abbrev  0x000000000000323a      0x192 build/obj/hal_uart_lld.o
 .debug_abbrev  0x00000000000033cc      0x192 build/obj/hal_gpt_lld.o
 .debug_abbrev  0x000000000000355e      0x192 build/obj/hal_adc_lld.o
 .debug_abbrev  0x00000000000036f0      0x1b4 build/obj/board.o
 .debug_abbrev  0x00000000000038a4       0x89 build/obj/msp_vectors.o
 .debug_abbrev  0x000000000000392d      0x2f8 build/obj/main.o
 .debug_abbrev  0x0000000000003c25       0xbe /home/awygle/toolchain/install/bin/../lib/gcc/msp430-elf/6.2.0/libgcc.a(lib2divSI.o)
 .debug_abbrev  0x0000000000003ce3      0x120 /home/awygle/toolchain/install/bin/../lib/gcc/msp430-elf/6.2.0/libgcc.a(_udivdi3.o)
 .debug_abbrev  0x0000000000003e03      0x146 /home/awygle/toolchain/install/bin/../lib/gcc/msp430-elf/6.2.0/libgcc.a(_lshrdi3.o)
 .debug_abbrev  0x0000000000003f49      0x146 /home/awygle/toolchain/install/bin/../lib/gcc/msp430-elf/6.2.0/libgcc.a(_ashldi3.o)
 .debug_abbrev  0x000000000000408f      0x146 /home/awygle/toolchain/install/bin/../lib/gcc/msp430-elf/6.2.0/libgcc.a(_clzdi2.o)
 .debug_abbrev  0x00000000000041d5       0xa0 /home/awygle/toolchain/install/bin/../lib/gcc/msp430-elf/6.2.0/libgcc.a(_clz.o)
 .debug_abbrev  0x0000000000004275      0x18e /home/awygle/toolchain/install/bin/../lib/gcc/msp430-elf/6.2.0/../../../../msp430-elf/lib/libc.a(lib_a-memcpy.o)
 .debug_abbrev  0x0000000000004403      0x162 /home/awygle/toolchain/install/bin/../lib/gcc/msp430-elf/6.2.0/../../../../msp430-elf/lib/libc.a(lib_a-strlen.o)
 .debug_abbrev  0x0000000000004565      0x17b /home/awygle/toolchain/install/bin/../lib/gcc/msp430-elf/6.2.0/libgcc.a(_muldi3.o)
 .debug_abbrev  0x00000000000046e0       0x14 /home/awygle/toolchain/install/bin/../lib/gcc/msp430-elf/6.2.0/../../../../msp430-elf/lib/libcrt.a(crt_bss.o)
 .debug_abbrev  0x00000000000046f4       0x14 /home/awygle/toolchain/install/bin/../lib/gcc/msp430-elf/6.2.0/../../../../msp430-elf/lib/libcrt.a(crt_movedata.o)
 .debug_abbrev  0x0000000000004708       0x14 /home/awygle/toolchain/install/bin/../lib/gcc/msp430-elf/6.2.0/../../../../msp430-elf/lib/libcrt.a(crt_main_minrt.o)
 .debug_abbrev  0x000000000000471c      0x19c /home/awygle/toolchain/install/bin/../lib/gcc/msp430-elf/6.2.0/../../../../msp430-elf/lib/libc.a(lib_a-memmove.o)
 .debug_abbrev  0x00000000000048b8      0x197 /home/awygle/toolchain/install/bin/../lib/gcc/msp430-elf/6.2.0/../../../../msp430-elf/lib/libc.a(lib_a-memset.o)

.debug_line     0x0000000000000000     0x8c2e
 *(.debug_line .debug_line.* .debug_line_end)
 .debug_line    0x0000000000000000       0x69 /home/awygle/toolchain/install/bin/../lib/gcc/msp430-elf/6.2.0/../../../../msp430-elf/lib/crt0-minrt.o
 .debug_line    0x0000000000000069      0x1cd build/obj/ch.o
 .debug_line.text.port_init
                0x0000000000000236       0x1d build/obj/ch.o
 .debug_line.text.port_get_irq_status
                0x0000000000000253       0x1d build/obj/ch.o
 .debug_line.text.port_irq_enabled
                0x0000000000000270       0x1d build/obj/ch.o
 .debug_line.text.port_is_isr_context
                0x000000000000028d       0x1d build/obj/ch.o
 .debug_line.text.port_lock
                0x00000000000002aa       0x23 build/obj/ch.o
 .debug_line.text.port_unlock
                0x00000000000002cd       0x23 build/obj/ch.o
 .debug_line.text.port_lock_from_isr
                0x00000000000002f0       0x17 build/obj/ch.o
 .debug_line.text.port_unlock_from_isr
                0x0000000000000307       0x17 build/obj/ch.o
 .debug_line.text.port_disable
                0x000000000000031e       0x23 build/obj/ch.o
 .debug_line.text.port_suspend
                0x0000000000000341       0x23 build/obj/ch.o
 .debug_line.text._dbg_check_suspend
                0x0000000000000364       0x31 build/obj/ch.o
 .debug_line.text._dbg_check_lock
                0x0000000000000395       0x37 build/obj/ch.o
 .debug_line.text._dbg_check_unlock
                0x00000000000003cc       0x37 build/obj/ch.o
 .debug_line.text._dbg_check_lock_from_isr
                0x0000000000000403       0x37 build/obj/ch.o
 .debug_line.text._dbg_check_unlock_from_isr
                0x000000000000043a       0x37 build/obj/ch.o
 .debug_line.text._dbg_check_enter_isr
                0x0000000000000471       0x43 build/obj/ch.o
 .debug_line.text._dbg_check_leave_isr
                0x00000000000004b4       0x43 build/obj/ch.o
 .debug_line.text.chDbgCheckClassI
                0x00000000000004f7       0x31 build/obj/ch.o
 .debug_line.text.chDbgCheckClassS
                0x0000000000000528       0x31 build/obj/ch.o
 .debug_line.text.chSysInit
                0x0000000000000559       0x85 build/obj/ch.o
 .debug_line.text.chSysHalt
                0x00000000000005de       0x29 build/obj/ch.o
 .debug_line.text.chSysTimerHandlerI
                0x0000000000000607       0x6d build/obj/ch.o
 .debug_line.text.chSysGetStatusAndLockX
                0x0000000000000674       0x3d build/obj/ch.o
 .debug_line.text.chSysRestoreStatusX
                0x00000000000006b1       0x3d build/obj/ch.o
 .debug_line.text.chSchReadyI
                0x00000000000006ee       0x43 build/obj/ch.o
 .debug_line.text.chSchIsPreemptionRequired
                0x0000000000000731       0x1f build/obj/ch.o
 .debug_line.text.chSchDoReschedule
                0x0000000000000750       0x2b build/obj/ch.o
 .debug_line.text.chSchRescheduleS
                0x000000000000077b       0x2b build/obj/ch.o
 .debug_line.text.chSchGoSleepTimeoutS
                0x00000000000007a6       0x5f build/obj/ch.o
 .debug_line.text.chThdSuspendTimeoutS
                0x0000000000000805       0x2b build/obj/ch.o
 .debug_line.text.chThdResumeI
                0x0000000000000830       0x31 build/obj/ch.o
 .debug_line.text.chThdSleep
                0x0000000000000861       0x2b build/obj/ch.o
 .debug_line.text.chSemWaitTimeout
                0x000000000000088c       0x31 build/obj/ch.o
 .debug_line.text.chSemWaitTimeoutS
                0x00000000000008bd       0x55 build/obj/ch.o
 .debug_line.text.chSemSignal
                0x0000000000000912       0x31 build/obj/ch.o
 .debug_line.text.chSemSignalI
                0x0000000000000943       0x49 build/obj/ch.o
 .debug_line_end
                0x000000000000098c        0x0 build/obj/ch.o
 .debug_line    0x000000000000098c      0x216 build/obj/chmboxes.o
 .debug_line_end
                0x0000000000000ba2        0x0 build/obj/chmboxes.o
 .debug_line    0x0000000000000ba2      0x229 build/obj/chmemcore.o
 .debug_line.text.port_lock
                0x0000000000000dcb       0x23 build/obj/chmemcore.o
 .debug_line.text.port_unlock
                0x0000000000000dee       0x23 build/obj/chmemcore.o
 .debug_line.text.chCoreAllocAlignedI
                0x0000000000000e11       0x43 build/obj/chmemcore.o
 .debug_line.text.chCoreAllocAligned
                0x0000000000000e54       0x31 build/obj/chmemcore.o
 .debug_line_end
                0x0000000000000e85        0x0 build/obj/chmemcore.o
 .debug_line    0x0000000000000e85      0x26d build/obj/chheap.o
 .debug_line.text._heap_init
                0x00000000000010f2       0x2f build/obj/chheap.o
 .debug_line_end
                0x0000000000001121        0x0 build/obj/chheap.o
 .debug_line    0x0000000000001121      0x275 build/obj/chmempools.o
 .debug_line_end
                0x0000000000001396        0x0 build/obj/chmempools.o
 .debug_line    0x0000000000001396      0x1b2 build/obj/chcore.o
 .debug_line.text.port_unlock
                0x0000000000001548       0x23 build/obj/chcore.o
 .debug_line.text._port_switch
                0x000000000000156b       0x37 build/obj/chcore.o
 .debug_line.text._port_thread_start
                0x00000000000015a2       0x31 build/obj/chcore.o
 .debug_line_end
                0x00000000000015d3        0x0 build/obj/chcore.o
 .debug_line    0x00000000000015d3      0x1de build/obj/osal.o
 .debug_line.text.osalThreadDequeueNextI
                0x00000000000017b1       0x4c build/obj/osal.o
 .debug_line_end
                0x00000000000017fd        0x0 build/obj/osal.o
 .debug_line    0x00000000000017fd      0x30d build/obj/hal.o
 .debug_line.text.osalInit
                0x0000000000001b0a       0x17 build/obj/hal.o
 .debug_line.text.halInit
                0x0000000000001b21       0x42 build/obj/hal.o
 .debug_line_end
                0x0000000000001b63        0x0 build/obj/hal.o
 .debug_line    0x0000000000001b63      0x320 build/obj/hal_st.o
 .debug_line.text.stInit
                0x0000000000001e83       0x1e build/obj/hal_st.o
 .debug_line_end
                0x0000000000001ea1        0x0 build/obj/hal_st.o
 .debug_line    0x0000000000001ea1      0x347 build/obj/hal_buffers.o
 .debug_line_end
                0x00000000000021e8        0x0 build/obj/hal_buffers.o
 .debug_line    0x00000000000021e8      0x314 build/obj/hal_queues.o
 .debug_line.text.port_lock
                0x00000000000024fc       0x23 build/obj/hal_queues.o
 .debug_line.text.port_unlock
                0x000000000000251f       0x23 build/obj/hal_queues.o
 .debug_line.text.osalSysLock
                0x0000000000002542       0x1f build/obj/hal_queues.o
 .debug_line.text.osalSysUnlock
                0x0000000000002561       0x1f build/obj/hal_queues.o
 .debug_line.text.osalOsGetSystemTimeX
                0x0000000000002580       0x1f build/obj/hal_queues.o
 .debug_line.text.osalThreadQueueObjectInit
                0x000000000000259f       0x1f build/obj/hal_queues.o
 .debug_line.text.osalThreadEnqueueTimeoutS
                0x00000000000025be       0x1f build/obj/hal_queues.o
 .debug_line.text.iqObjectInit
                0x00000000000025dd       0x48 build/obj/hal_queues.o
 .debug_line.text.iqPutI
                0x0000000000002625       0x79 build/obj/hal_queues.o
 .debug_line.text.iqGetTimeout
                0x000000000000269e       0x73 build/obj/hal_queues.o
 .debug_line.text.iqReadTimeout
                0x0000000000002711       0xcd build/obj/hal_queues.o
 .debug_line.text.oqObjectInit
                0x00000000000027de       0x49 build/obj/hal_queues.o
 .debug_line.text.oqPutTimeout
                0x0000000000002827       0x73 build/obj/hal_queues.o
 .debug_line.text.oqGetI
                0x000000000000289a       0x79 build/obj/hal_queues.o
 .debug_line.text.oqWriteTimeout
                0x0000000000002913       0xcd build/obj/hal_queues.o
 .debug_line_end
                0x00000000000029e0        0x0 build/obj/hal_queues.o
 .debug_line    0x00000000000029e0      0x2e5 build/obj/hal_mmcsd.o
 .debug_line_end
                0x0000000000002cc5        0x0 build/obj/hal_mmcsd.o
 .debug_line    0x0000000000002cc5      0x311 build/obj/hal_i2c.o
 .debug_line.text.port_lock
                0x0000000000002fd6       0x23 build/obj/hal_i2c.o
 .debug_line.text.port_unlock
                0x0000000000002ff9       0x23 build/obj/hal_i2c.o
 .debug_line.text.osalSysLock
                0x000000000000301c       0x1f build/obj/hal_i2c.o
 .debug_line.text.osalSysUnlock
                0x000000000000303b       0x1f build/obj/hal_i2c.o
 .debug_line.text.osalMutexObjectInit
                0x000000000000305a       0x1f build/obj/hal_i2c.o
 .debug_line.text.osalMutexLock
                0x0000000000003079       0x1f build/obj/hal_i2c.o
 .debug_line.text.osalMutexUnlock
                0x0000000000003098       0x1f build/obj/hal_i2c.o
 .debug_line.text.i2cInit
                0x00000000000030b7       0x1e build/obj/hal_i2c.o
 .debug_line.text.i2cObjectInit
                0x00000000000030d5       0x2b build/obj/hal_i2c.o
 .debug_line.text.i2cStart
                0x0000000000003100       0x37 build/obj/hal_i2c.o
 .debug_line.text.i2cMasterTransmitTimeout
                0x0000000000003137       0x4f build/obj/hal_i2c.o
 .debug_line.text.i2cMasterReceiveTimeout
                0x0000000000003186       0x4f build/obj/hal_i2c.o
 .debug_line.text.i2cAcquireBus
                0x00000000000031d5       0x1f build/obj/hal_i2c.o
 .debug_line.text.i2cReleaseBus
                0x00000000000031f4       0x1f build/obj/hal_i2c.o
 .debug_line_end
                0x0000000000003213        0x0 build/obj/hal_i2c.o
 .debug_line    0x0000000000003213      0x32a build/obj/hal_pal.o
 .debug_line_end
                0x000000000000353d        0x0 build/obj/hal_pal.o
 .debug_line    0x000000000000353d      0x314 build/obj/hal_serial.o
 .debug_line.text.port_lock
                0x0000000000003851       0x23 build/obj/hal_serial.o
 .debug_line.text.port_unlock
                0x0000000000003874       0x23 build/obj/hal_serial.o
 .debug_line.text.osalSysLock
                0x0000000000003897       0x1f build/obj/hal_serial.o
 .debug_line.text.osalSysUnlock
                0x00000000000038b6       0x1f build/obj/hal_serial.o
 .debug_line.text.osalEventObjectInit
                0x00000000000038d5       0x2b build/obj/hal_serial.o
 .debug_line.text.osalEventBroadcastFlagsI
                0x0000000000003900       0x2b build/obj/hal_serial.o
 .debug_line.text.write
                0x000000000000392b       0x1e build/obj/hal_serial.o
 .debug_line.text.read
                0x0000000000003949       0x1e build/obj/hal_serial.o
 .debug_line.text.put
                0x0000000000003967       0x1e build/obj/hal_serial.o
 .debug_line.text.get
                0x0000000000003985       0x1f build/obj/hal_serial.o
 .debug_line.text.putt
                0x00000000000039a4       0x1f build/obj/hal_serial.o
 .debug_line.text.gett
                0x00000000000039c3       0x1f build/obj/hal_serial.o
 .debug_line.text.writet
                0x00000000000039e2       0x1f build/obj/hal_serial.o
 .debug_line.text.readt
                0x0000000000003a01       0x1f build/obj/hal_serial.o
 .debug_line.text.sdInit
                0x0000000000003a20       0x1f build/obj/hal_serial.o
 .debug_line.text.sdObjectInit
                0x0000000000003a3f       0x37 build/obj/hal_serial.o
 .debug_line.text.sdStart
                0x0000000000003a76       0x31 build/obj/hal_serial.o
 .debug_line.text.sdIncomingDataI
                0x0000000000003aa7       0x37 build/obj/hal_serial.o
 .debug_line.text.sdRequestDataI
                0x0000000000003ade       0x37 build/obj/hal_serial.o
 .debug_line_end
                0x0000000000003b15        0x0 build/obj/hal_serial.o
 .debug_line    0x0000000000003b15      0x2f2 build/obj/hal_lld.o
 .debug_line.text.hal_lld_init
                0x0000000000003e07       0x4c build/obj/hal_lld.o
 .debug_line_end
                0x0000000000003e53        0x0 build/obj/hal_lld.o
 .debug_line    0x0000000000003e53      0x2f5 build/obj/hal_st_lld.o
 .debug_line.text.port_lock_from_isr
                0x0000000000004148       0x17 build/obj/hal_st_lld.o
 .debug_line.text.port_unlock_from_isr
                0x000000000000415f       0x17 build/obj/hal_st_lld.o
 .debug_line.text.osalSysLockFromISR
                0x0000000000004176       0x1f build/obj/hal_st_lld.o
 .debug_line.text.osalSysUnlockFromISR
                0x0000000000004195       0x1f build/obj/hal_st_lld.o
 .debug_line.text.osalOsTimerHandlerI
                0x00000000000041b4       0x1f build/obj/hal_st_lld.o
 .debug_line.text.ISR_MSP430X_ST_ISR
                0x00000000000041d3       0x51 build/obj/hal_st_lld.o
 .debug_line.text.st_lld_init
                0x0000000000004224       0x31 build/obj/hal_st_lld.o
 .debug_line_end
                0x0000000000004255        0x0 build/obj/hal_st_lld.o
 .debug_line    0x0000000000004255      0x2f9 build/obj/hal_serial_lld.o
 .debug_line.text.port_lock_from_isr
                0x000000000000454e       0x17 build/obj/hal_serial_lld.o
 .debug_line.text.port_unlock_from_isr
                0x0000000000004565       0x17 build/obj/hal_serial_lld.o
 .debug_line.text.osalSysLockFromISR
                0x000000000000457c       0x1f build/obj/hal_serial_lld.o
 .debug_line.text.osalSysUnlockFromISR