Archive member included to satisfy reference by file (symbol)

/home/awygle/toolchain/install/bin/../lib/gcc/msp430-elf/6.2.0/libgcc.a(lib2divSI.o)
                              build/obj/hal_spi_lld.o (__mspabi_divul)
/home/awygle/toolchain/install/bin/../lib/gcc/msp430-elf/6.2.0/libgcc.a(slli.o)
                              build/obj/hal_pal.o (__mspabi_slli)
/home/awygle/toolchain/install/bin/../lib/gcc/msp430-elf/6.2.0/libgcc.a(srli.o)
                              build/obj/sx1278.o (__mspabi_srli_8)
/home/awygle/toolchain/install/bin/../lib/gcc/msp430-elf/6.2.0/libgcc.a(cmpsi2.o)
                              build/obj/rf.o (__ucmpsi2)
/home/awygle/toolchain/install/bin/../lib/gcc/msp430-elf/6.2.0/libgcc.a(_udivdi3.o)
                              /home/awygle/toolchain/install/bin/../lib/gcc/msp430-elf/6.2.0/libgcc.a(lib2divSI.o) (__mspabi_divull)
/home/awygle/toolchain/install/bin/../lib/gcc/msp430-elf/6.2.0/libgcc.a(_lshrdi3.o)
                              /home/awygle/toolchain/install/bin/../lib/gcc/msp430-elf/6.2.0/libgcc.a(_udivdi3.o) (__lshrdi3)
/home/awygle/toolchain/install/bin/../lib/gcc/msp430-elf/6.2.0/libgcc.a(_ashldi3.o)
                              /home/awygle/toolchain/install/bin/../lib/gcc/msp430-elf/6.2.0/libgcc.a(_udivdi3.o) (__ashldi3)
/home/awygle/toolchain/install/bin/../lib/gcc/msp430-elf/6.2.0/libgcc.a(_clzdi2.o)
                              /home/awygle/toolchain/install/bin/../lib/gcc/msp430-elf/6.2.0/libgcc.a(_udivdi3.o) (__clzdi2)
/home/awygle/toolchain/install/bin/../lib/gcc/msp430-elf/6.2.0/libgcc.a(_clz.o)
                              /home/awygle/toolchain/install/bin/../lib/gcc/msp430-elf/6.2.0/libgcc.a(_clzdi2.o) (__clz_tab)
/home/awygle/toolchain/install/bin/../lib/gcc/msp430-elf/6.2.0/libmul_f5.a(lib2hw_mul_f5.o)
                              build/obj/hal_buffers.o (__mulhi2_f5)
/home/awygle/toolchain/install/bin/../lib/gcc/msp430-elf/6.2.0/../../../../msp430-elf/lib/libc.a(lib_a-memcpy.o)
                              build/obj/hal_buffers.o (memcpy)
/home/awygle/toolchain/install/bin/../lib/gcc/msp430-elf/6.2.0/libgcc.a(_muldi3.o)
                              /home/awygle/toolchain/install/bin/../lib/gcc/msp430-elf/6.2.0/libmul_f5.a(lib2hw_mul_f5.o) (__mspabi_mpyll)
/home/awygle/toolchain/install/bin/../lib/gcc/msp430-elf/6.2.0/../../../../msp430-elf/lib/libcrt.a(crt_bss.o)
                              build/obj/chmemcore.o (__crt0_init_bss)
/home/awygle/toolchain/install/bin/../lib/gcc/msp430-elf/6.2.0/../../../../msp430-elf/lib/libcrt.a(crt_movedata.o)
                              build/obj/ch.o (__crt0_movedata)
/home/awygle/toolchain/install/bin/../lib/gcc/msp430-elf/6.2.0/../../../../msp430-elf/lib/libcrt.a(crt_main_minrt.o)
                              /home/awygle/toolchain/install/bin/../lib/gcc/msp430-elf/6.2.0/../../../../msp430-elf/lib/crt0-minrt.o (__crt0_call_just_main)
/home/awygle/toolchain/install/bin/../lib/gcc/msp430-elf/6.2.0/../../../../msp430-elf/lib/libc.a(lib_a-memmove.o)
                              /home/awygle/toolchain/install/bin/../lib/gcc/msp430-elf/6.2.0/../../../../msp430-elf/lib/libcrt.a(crt_movedata.o) (memmove)
/home/awygle/toolchain/install/bin/../lib/gcc/msp430-elf/6.2.0/../../../../msp430-elf/lib/libc.a(lib_a-memset.o)
                              /home/awygle/toolchain/install/bin/../lib/gcc/msp430-elf/6.2.0/../../../../msp430-elf/lib/libcrt.a(crt_bss.o) (memset)

Discarded input sections

 .text          0x0000000000000000        0x0 /home/awygle/toolchain/install/bin/../lib/gcc/msp430-elf/6.2.0/../../../../msp430-elf/lib/crt0-minrt.o
 .data          0x0000000000000000        0x0 /home/awygle/toolchain/install/bin/../lib/gcc/msp430-elf/6.2.0/../../../../msp430-elf/lib/crt0-minrt.o
 .bss           0x0000000000000000        0x0 /home/awygle/toolchain/install/bin/../lib/gcc/msp430-elf/6.2.0/../../../../msp430-elf/lib/crt0-minrt.o
 .resetvec      0x0000000000000000        0x2 /home/awygle/toolchain/install/bin/../lib/gcc/msp430-elf/6.2.0/../../../../msp430-elf/lib/crt0-minrt.o
 .text          0x0000000000000000        0x0 build/obj/ch.o
 .bss           0x0000000000000000        0x0 build/obj/ch.o
 .text._dbg_check_disable
                0x0000000000000000       0x1c build/obj/ch.o
 .text._dbg_check_enable
                0x0000000000000000       0x1c build/obj/ch.o
 .text.chSysUnconditionalLock
                0x0000000000000000       0x10 build/obj/ch.o
 .text.chSysUnconditionalUnlock
                0x0000000000000000       0x10 build/obj/ch.o
 .text.chThdSleepUntil
                0x0000000000000000       0x26 build/obj/ch.o
 .text.chSemSignal
                0x0000000000000000       0x24 build/obj/ch.o
 .text.chSemResetI
                0x0000000000000000       0x3c build/obj/ch.o
 .text.chSemReset
                0x0000000000000000       0x2c build/obj/ch.o
 .debug_line.text._dbg_check_disable
                0x0000000000000000       0x39 build/obj/ch.o
 .debug_line.text._dbg_check_enable
[...]
Memory Configuration

Name             Origin             Length             Attributes
SFR              0x0000000000000000 0x0000000000000010
BSL              0x0000000000001000 0x0000000000000800
PERIPHERAL_8BIT  0x0000000000000010 0x00000000000000f0
PERIPHERAL_16BIT 0x0000000000000100 0x0000000000000100
RAM              0x0000000000001c00 0x0000000000000800
INFOMEM          0x0000000000001800 0x0000000000000200
INFOA            0x0000000000001980 0x0000000000000080
INFOB            0x0000000000001900 0x0000000000000080
INFOC            0x0000000000001880 0x0000000000000080
INFOD            0x0000000000001800 0x0000000000000080
FRAM             0x0000000000004400 0x000000000000bb80 xrw
JTAGSIGNATURE    0x000000000000ff80 0x0000000000000004
BSLSIGNATURE     0x000000000000ff84 0x0000000000000004
IPESIGNATURE     0x000000000000ff88 0x0000000000000008
VECT1            0x000000000000ff90 0x0000000000000002
VECT2            0x000000000000ff92 0x0000000000000002
VECT3            0x000000000000ff94 0x0000000000000002
VECT4            0x000000000000ff96 0x0000000000000002
VECT5            0x000000000000ff98 0x0000000000000002
VECT6            0x000000000000ff9a 0x0000000000000002
VECT7            0x000000000000ff9c 0x0000000000000002
VECT8            0x000000000000ff9e 0x0000000000000002
VECT9            0x000000000000ffa0 0x0000000000000002
VECT10           0x000000000000ffa2 0x0000000000000002
VECT11           0x000000000000ffa4 0x0000000000000002
VECT12           0x000000000000ffa6 0x0000000000000002
VECT13           0x000000000000ffa8 0x0000000000000002
VECT14           0x000000000000ffaa 0x0000000000000002
VECT15           0x000000000000ffac 0x0000000000000002
VECT16           0x000000000000ffae 0x0000000000000002
VECT17           0x000000000000ffb0 0x0000000000000002
VECT18           0x000000000000ffb2 0x0000000000000002
VECT19           0x000000000000ffb4 0x0000000000000002
VECT20           0x000000000000ffb6 0x0000000000000002
VECT21           0x000000000000ffb8 0x0000000000000002
VECT22           0x000000000000ffba 0x0000000000000002
VECT23           0x000000000000ffbc 0x0000000000000002
VECT24           0x000000000000ffbe 0x0000000000000002
VECT25           0x000000000000ffc0 0x0000000000000002
VECT26           0x000000000000ffc2 0x0000000000000002
VECT27           0x000000000000ffc4 0x0000000000000002
VECT28           0x000000000000ffc6 0x0000000000000002
VECT29           0x000000000000ffc8 0x0000000000000002
VECT30           0x000000000000ffca 0x0000000000000002
VECT31           0x000000000000ffcc 0x0000000000000002
VECT32           0x000000000000ffce 0x0000000000000002
VECT33           0x000000000000ffd0 0x0000000000000002
VECT34           0x000000000000ffd2 0x0000000000000002
VECT35           0x000000000000ffd4 0x0000000000000002
VECT36           0x000000000000ffd6 0x0000000000000002
VECT37           0x000000000000ffd8 0x0000000000000002
VECT38           0x000000000000ffda 0x0000000000000002
VECT39           0x000000000000ffdc 0x0000000000000002
VECT40           0x000000000000ffde 0x0000000000000002
VECT41           0x000000000000ffe0 0x0000000000000002
VECT42           0x000000000000ffe2 0x0000000000000002
VECT43           0x000000000000ffe4 0x0000000000000002
VECT44           0x000000000000ffe6 0x0000000000000002
VECT45           0x000000000000ffe8 0x0000000000000002
VECT46           0x000000000000ffea 0x0000000000000002
VECT47           0x000000000000ffec 0x0000000000000002
VECT48           0x000000000000ffee 0x0000000000000002
VECT49           0x000000000000fff0 0x0000000000000002
VECT50           0x000000000000fff2 0x0000000000000002
VECT51           0x000000000000fff4 0x0000000000000002
VECT52           0x000000000000fff6 0x0000000000000002
VECT53           0x000000000000fff8 0x0000000000000002
VECT54           0x000000000000fffa 0x0000000000000002
VECT55           0x000000000000fffc 0x0000000000000002
RESETVEC         0x000000000000fffe 0x0000000000000002
HIFRAM           0x0000000000010000 0x0000000000003fff xrw
*default*        0x0000000000000000 0xffffffffffffffff

Linker script and memory map

LOAD /home/awygle/toolchain/install/bin/../lib/gcc/msp430-elf/6.2.0/../../../../msp430-elf/lib/crt0-minrt.o

.jtagsignature

.bslsignature

.ipe
 *(.ipesignature)
 *(.jtagpassword)

__interrupt_vector_1
                0x000000000000ff90        0x2
 *(__interrupt_vector_1)
 __interrupt_vector_1
                0x000000000000ff90        0x2 build/obj/msp_vectors.o

__interrupt_vector_2
                0x000000000000ff92        0x2
 *(__interrupt_vector_2)
 __interrupt_vector_2
                0x000000000000ff92        0x2 build/obj/msp_vectors.o

__interrupt_vector_3
                0x000000000000ff94        0x2
 *(__interrupt_vector_3)
 __interrupt_vector_3
                0x000000000000ff94        0x2 build/obj/msp_vectors.o

__interrupt_vector_4
                0x000000000000ff96        0x2
 *(__interrupt_vector_4)
 __interrupt_vector_4
                0x000000000000ff96        0x2 build/obj/msp_vectors.o

__interrupt_vector_5
                0x000000000000ff98        0x2
 *(__interrupt_vector_5)
 __interrupt_vector_5
                0x000000000000ff98        0x2 build/obj/msp_vectors.o

__interrupt_vector_6
                0x000000000000ff9a        0x2
 *(__interrupt_vector_6)
 __interrupt_vector_6
                0x000000000000ff9a        0x2 build/obj/msp_vectors.o

__interrupt_vector_7
                0x000000000000ff9c        0x2
 *(__interrupt_vector_7)
 __interrupt_vector_7
                0x000000000000ff9c        0x2 build/obj/msp_vectors.o

__interrupt_vector_8
                0x000000000000ff9e        0x2
 *(__interrupt_vector_8)
 __interrupt_vector_8
                0x000000000000ff9e        0x2 build/obj/msp_vectors.o

__interrupt_vector_9
                0x000000000000ffa0        0x2
 *(__interrupt_vector_9)
 __interrupt_vector_9
                0x000000000000ffa0        0x2 build/obj/msp_vectors.o

__interrupt_vector_10
                0x000000000000ffa2        0x2
 *(__interrupt_vector_10)
 __interrupt_vector_10
                0x000000000000ffa2        0x2 build/obj/msp_vectors.o

__interrupt_vector_11
                0x000000000000ffa4        0x2
 *(__interrupt_vector_11)
 __interrupt_vector_11
                0x000000000000ffa4        0x2 build/obj/msp_vectors.o

__interrupt_vector_12
                0x000000000000ffa6        0x2
 *(__interrupt_vector_12)
 __interrupt_vector_12
                0x000000000000ffa6        0x2 build/obj/msp_vectors.o

__interrupt_vector_13
                0x000000000000ffa8        0x2
 *(__interrupt_vector_13)
 __interrupt_vector_13
                0x000000000000ffa8        0x2 build/obj/msp_vectors.o

__interrupt_vector_14
                0x000000000000ffaa        0x2
 *(__interrupt_vector_14)
 __interrupt_vector_14
                0x000000000000ffaa        0x2 build/obj/msp_vectors.o

__interrupt_vector_15
                0x000000000000ffac        0x2
 *(__interrupt_vector_15)
 __interrupt_vector_15
                0x000000000000ffac        0x2 build/obj/msp_vectors.o

__interrupt_vector_16
                0x000000000000ffae        0x2
 *(__interrupt_vector_16)
 __interrupt_vector_16
                0x000000000000ffae        0x2 build/obj/msp_vectors.o

__interrupt_vector_17
                0x000000000000ffb0        0x2
 *(__interrupt_vector_17)
 __interrupt_vector_17
                0x000000000000ffb0        0x2 build/obj/msp_vectors.o

__interrupt_vector_18
                0x000000000000ffb2        0x2
 *(__interrupt_vector_18)
 __interrupt_vector_18
                0x000000000000ffb2        0x2 build/obj/msp_vectors.o

__interrupt_vector_19
                0x000000000000ffb4        0x2
 *(__interrupt_vector_19)
 __interrupt_vector_19
                0x000000000000ffb4        0x2 build/obj/msp_vectors.o

__interrupt_vector_20
                0x000000000000ffb6        0x2
 *(__interrupt_vector_20)
 __interrupt_vector_20
                0x000000000000ffb6        0x2 build/obj/msp_vectors.o

__interrupt_vector_21
                0x000000000000ffb8        0x2
 *(__interrupt_vector_21)
 __interrupt_vector_21
                0x000000000000ffb8        0x2 build/obj/msp_vectors.o

__interrupt_vector_22
                0x000000000000ffba        0x2
 *(__interrupt_vector_22)
 __interrupt_vector_22
                0x000000000000ffba        0x2 build/obj/msp_vectors.o

__interrupt_vector_23
                0x000000000000ffbc        0x2
 *(__interrupt_vector_23)
 __interrupt_vector_23
                0x000000000000ffbc        0x2 build/obj/msp_vectors.o

__interrupt_vector_24
                0x000000000000ffbe        0x2
 *(__interrupt_vector_24)
 __interrupt_vector_24
                0x000000000000ffbe        0x2 build/obj/msp_vectors.o

__interrupt_vector_25
                0x000000000000ffc0        0x2
 *(__interrupt_vector_25)
 __interrupt_vector_25
                0x000000000000ffc0        0x2 build/obj/msp_vectors.o

__interrupt_vector_26
                0x000000000000ffc2        0x2
 *(__interrupt_vector_26)
 __interrupt_vector_26
                0x000000000000ffc2        0x2 build/obj/msp_vectors.o

__interrupt_vector_27
                0x000000000000ffc4        0x2
 *(__interrupt_vector_27)
 __interrupt_vector_27
                0x000000000000ffc4        0x2 build/obj/msp_vectors.o

__interrupt_vector_28
                0x000000000000ffc6        0x2
 *(__interrupt_vector_28)
 __interrupt_vector_28
                0x000000000000ffc6        0x2 build/obj/msp_vectors.o

__interrupt_vector_29
                0x000000000000ffc8        0x2
 *(__interrupt_vector_29)
 __interrupt_vector_29
                0x000000000000ffc8        0x2 build/obj/msp_vectors.o

__interrupt_vector_30
                0x000000000000ffca        0x2
 *(__interrupt_vector_30)
 __interrupt_vector_30
                0x000000000000ffca        0x2 build/obj/msp_vectors.o

__interrupt_vector_31
                0x000000000000ffcc        0x2
 *(__interrupt_vector_31)
 __interrupt_vector_31
                0x000000000000ffcc        0x2 build/obj/msp_vectors.o
 *(__interrupt_vector_aes256)

__interrupt_vector_32
                0x000000000000ffce        0x2
 *(__interrupt_vector_32)
 __interrupt_vector_32
                0x000000000000ffce        0x2 build/obj/msp_vectors.o
 *(__interrupt_vector_rtc)

__interrupt_vector_33
                0x000000000000ffd0        0x2
 *(__interrupt_vector_33)
 __interrupt_vector_33
                0x000000000000ffd0        0x2 build/obj/hal_pal_lld.o
 *(__interrupt_vector_port4)

__interrupt_vector_34
                0x000000000000ffd2        0x2
 *(__interrupt_vector_34)
 __interrupt_vector_34
                0x000000000000ffd2        0x2 build/obj/hal_pal_lld.o
 *(__interrupt_vector_port3)

__interrupt_vector_35
                0x000000000000ffd4        0x2
 *(__interrupt_vector_35)
 __interrupt_vector_35
                0x000000000000ffd4        0x2 build/obj/msp_vectors.o
 *(__interrupt_vector_timer3_a1)

__interrupt_vector_36
                0x000000000000ffd6        0x2
 *(__interrupt_vector_36)
 __interrupt_vector_36
                0x000000000000ffd6        0x2 build/obj/msp_vectors.o
 *(__interrupt_vector_timer3_a0)

__interrupt_vector_37
                0x000000000000ffd8        0x2
 *(__interrupt_vector_37)
 __interrupt_vector_37
                0x000000000000ffd8        0x2 build/obj/hal_pal_lld.o
 *(__interrupt_vector_port2)

__interrupt_vector_38
                0x000000000000ffda        0x2
 *(__interrupt_vector_38)
 __interrupt_vector_38
                0x000000000000ffda        0x2 build/obj/msp_vectors.o
 *(__interrupt_vector_timer2_a1)

__interrupt_vector_39
                0x000000000000ffdc        0x2
 *(__interrupt_vector_39)
 __interrupt_vector_39
                0x000000000000ffdc        0x2 build/obj/msp_vectors.o
 *(__interrupt_vector_timer2_a0)

__interrupt_vector_40
                0x000000000000ffde        0x2
 *(__interrupt_vector_40)
 __interrupt_vector_40
                0x000000000000ffde        0x2 build/obj/hal_pal_lld.o
 *(__interrupt_vector_port1)

__interrupt_vector_41
                0x000000000000ffe0        0x2
 *(__interrupt_vector_41)
 __interrupt_vector_41
                0x000000000000ffe0        0x2 build/obj/hal_gpt_lld.o
 *(__interrupt_vector_timer1_a1)

__interrupt_vector_42
                0x000000000000ffe2        0x2
 *(__interrupt_vector_42)
 __interrupt_vector_42
                0x000000000000ffe2        0x2 build/obj/msp_vectors.o
 *(__interrupt_vector_timer1_a0)

__interrupt_vector_43
                0x000000000000ffe4        0x2
 *(__interrupt_vector_43)
 __interrupt_vector_43
                0x000000000000ffe4        0x2 build/obj/hal_dma_lld.o
 *(__interrupt_vector_dma)

__interrupt_vector_44
 *(__interrupt_vector_44)
 *(__interrupt_vector_usci_a1)

__interrupt_vector_45
                0x000000000000ffe8        0x2
 *(__interrupt_vector_45)
 __interrupt_vector_45
                0x000000000000ffe8        0x2 build/obj/msp_vectors.o
 *(__interrupt_vector_timer0_a1)

__interrupt_vector_46
                0x000000000000ffea        0x2
 *(__interrupt_vector_46)
 __interrupt_vector_46
                0x000000000000ffea        0x2 build/obj/msp_vectors.o
 *(__interrupt_vector_timer0_a0)

__interrupt_vector_47
                0x000000000000ffec        0x2
 *(__interrupt_vector_47)
 __interrupt_vector_47
                0x000000000000ffec        0x2 build/obj/msp_vectors.o
 *(__interrupt_vector_adc12)

__interrupt_vector_48
                0x000000000000ffee        0x2
 *(__interrupt_vector_48)
 __interrupt_vector_48
                0x000000000000ffee        0x2 build/obj/msp_vectors.o
 *(__interrupt_vector_usci_b0)

__interrupt_vector_49
                0x000000000000fff0        0x2
 *(__interrupt_vector_49)
 __interrupt_vector_49
                0x000000000000fff0        0x2 build/obj/hal_uart_lld.o
 *(__interrupt_vector_usci_a0)

__interrupt_vector_50
                0x000000000000fff2        0x2
 *(__interrupt_vector_50)
 __interrupt_vector_50
                0x000000000000fff2        0x2 build/obj/msp_vectors.o
 *(__interrupt_vector_wdt)

__interrupt_vector_51
                0x000000000000fff4        0x2
 *(__interrupt_vector_51)
 __interrupt_vector_51
                0x000000000000fff4        0x2 build/obj/msp_vectors.o
 *(__interrupt_vector_timer0_b1)

__interrupt_vector_52
                0x000000000000fff6        0x2
 *(__interrupt_vector_52)
 __interrupt_vector_52
                0x000000000000fff6        0x2 build/obj/hal_st_lld.o
 *(__interrupt_vector_timer0_b0)

__interrupt_vector_53
                0x000000000000fff8        0x2
 *(__interrupt_vector_53)
 __interrupt_vector_53
                0x000000000000fff8        0x2 build/obj/msp_vectors.o
 *(__interrupt_vector_comp_e)

__interrupt_vector_54
                0x000000000000fffa        0x2
 *(__interrupt_vector_54)
 __interrupt_vector_54
                0x000000000000fffa        0x2 build/obj/msp_vectors.o
 *(__interrupt_vector_unmi)

__interrupt_vector_55
                0x000000000000fffc        0x2
 *(__interrupt_vector_55)
 __interrupt_vector_55
                0x000000000000fffc        0x2 build/obj/msp_vectors.o
 *(__interrupt_vector_sysnmi)

__reset_vector
 *(__interrupt_vector_56)
 *(__interrupt_vector_reset)
 *(.bootloader)
                0x000000000000fffe                _end = .
                [!provide]                        PROVIDE (end, .)

.text           0x0000000000004400     0x6d54
                0x0000000000004400                PROVIDE (_start, .)
                0x0000000000004400                . = ALIGN (0x2)
 *(SORT(.crt_*))
 .crt_0000start
                0x0000000000004400        0x4 /home/awygle/toolchain/install/bin/../lib/gcc/msp430-elf/6.2.0/../../../../msp430-elf/lib/crt0-minrt.o
                0x0000000000004400                __crt0_start
 .crt_0042disable_watchdog
                0x0000000000004404        0x6 build/obj/test.o
 .crt_0100init_bss
                0x000000000000440a        0xe /home/awygle/toolchain/install/bin/../lib/gcc/msp430-elf/6.2.0/../../../../msp430-elf/lib/libcrt.a(crt_bss.o)
                0x000000000000440a                __crt0_init_bss
 .crt_0300movedata
                0x0000000000004418       0x14 /home/awygle/toolchain/install/bin/../lib/gcc/msp430-elf/6.2.0/../../../../msp430-elf/lib/libcrt.a(crt_movedata.o)
                0x0000000000004418                __crt0_movedata
 .crt_0600call_just_main
                0x000000000000442c        0x6 /home/awygle/toolchain/install/bin/../lib/gcc/msp430-elf/6.2.0/../../../../msp430-elf/lib/libcrt.a(crt_main_minrt.o)
                0x000000000000442c                __crt0_call_just_main
                0x0000000000004432                . = ALIGN (0x2)
 *(.lowtext)
                0x0000000000004432                . = ALIGN (0x2)
 *(.lower.text.* .lower.text)
                0x0000000000004432                . = ALIGN (0x2)
 *(.text .stub .text.* .gnu.linkonce.t.* .text:*)
 .text.port_unlock
                0x0000000000004432        0x8 build/obj/ch.o
 .text.port_suspend
                0x000000000000443a        0x6 build/obj/ch.o
 .text._dbg_check_suspend
                0x0000000000004440       0x1a build/obj/ch.o
                0x0000000000004440                _dbg_check_suspend
 .text._dbg_check_lock
                0x000000000000445a       0x1e build/obj/ch.o
                0x000000000000445a                _dbg_check_lock
 .text._dbg_check_unlock
                0x0000000000004478       0x20 build/obj/ch.o
                0x0000000000004478                _dbg_check_unlock
 .text._dbg_check_lock_from_isr
                0x0000000000004498       0x20 build/obj/ch.o
                0x0000000000004498                _dbg_check_lock_from_isr
 .text._dbg_check_unlock_from_isr
                0x00000000000044b8       0x20 build/obj/ch.o
                0x00000000000044b8                _dbg_check_unlock_from_isr
 .text._dbg_check_enter_isr
                0x00000000000044d8       0x26 build/obj/ch.o
                0x00000000000044d8                _dbg_check_enter_isr
 .text._dbg_check_leave_isr
                0x00000000000044fe       0x28 build/obj/ch.o
                0x00000000000044fe                _dbg_check_leave_isr
 .text.chDbgCheckClassI
                0x0000000000004526       0x1c build/obj/ch.o
                0x0000000000004526                chDbgCheckClassI
 .text.chDbgCheckClassS
                0x0000000000004542       0x1c build/obj/ch.o
                0x0000000000004542                chDbgCheckClassS
 .text.chSysInit
                0x000000000000455e       0x82 build/obj/ch.o
                0x000000000000455e                chSysInit
 .text.chSysHalt
                0x00000000000045e0        0xe build/obj/ch.o
                0x00000000000045e0                chSysHalt
 .text.chSysGetStatusAndLockX
                0x00000000000045ee       0x22 build/obj/ch.o
                0x00000000000045ee                chSysGetStatusAndLockX
 .text.chSchReadyI
                0x0000000000004610       0x2c build/obj/ch.o
                0x0000000000004610                chSchReadyI
 .text.chSysTimerHandlerI
                0x000000000000463c       0x76 build/obj/ch.o
                0x000000000000463c                chSysTimerHandlerI
 .text.chSchIsPreemptionRequired
                0x00000000000046b2       0x18 build/obj/ch.o
                0x00000000000046b2                chSchIsPreemptionRequired
 .text.chSchDoReschedule
                0x00000000000046ca       0x14 build/obj/ch.o
                0x00000000000046ca                chSchDoReschedule
 .text.chSchRescheduleS
                0x00000000000046de       0x12 build/obj/ch.o
                0x00000000000046de                chSchRescheduleS
 .text.chSysRestoreStatusX
                0x00000000000046f0       0x1e build/obj/ch.o
                0x00000000000046f0                chSysRestoreStatusX
 .text.chSchGoSleepTimeoutS
                0x000000000000470e       0x46 build/obj/ch.o
                0x000000000000470e                chSchGoSleepTimeoutS
 .text.chThdSuspendTimeoutS
                0x0000000000004754       0x16 build/obj/ch.o
                0x0000000000004754                chThdSuspendTimeoutS
 .text.chThdResumeI
                0x000000000000476a       0x12 build/obj/ch.o
                0x000000000000476a                chThdResumeI
 .text.chThdSleep
                0x000000000000477c       0x20 build/obj/ch.o
                0x000000000000477c                chThdSleep
 .text.chSemWaitTimeoutS
                0x000000000000479c       0x46 build/obj/ch.o
                0x000000000000479c                chSemWaitTimeoutS
 .text.chSemWaitTimeout
                0x00000000000047e2       0x2e build/obj/ch.o
                0x00000000000047e2                chSemWaitTimeout
 .text.chSemSignalI
                0x0000000000004810       0x34 build/obj/ch.o
                0x0000000000004810                chSemSignalI
 .text.chEvtSignalI
                0x0000000000004844       0x46 build/obj/ch.o
                0x0000000000004844                chEvtSignalI
 .text.chEvtSignal
                0x000000000000488a       0x30 build/obj/ch.o
                0x000000000000488a                chEvtSignal
 .text.chEvtWaitAnyTimeout
                0x00000000000048ba       0x70 build/obj/ch.o
                0x00000000000048ba                chEvtWaitAnyTimeout
 .text.chMBPostS
                0x000000000000492a       0x4a build/obj/chmboxes.o
                0x000000000000492a                chMBPostS
 .text.chMBPost
                0x0000000000004974       0x3c build/obj/chmboxes.o
                0x0000000000004974                chMBPost
 .text.chMBPostI
                0x00000000000049b0       0x44 build/obj/chmboxes.o
                0x00000000000049b0                chMBPostI
 .text.chMBFetchS
                0x00000000000049f4       0x4a build/obj/chmboxes.o
                0x00000000000049f4                chMBFetchS
 .text.chMBFetch
                0x0000000000004a3e       0x3c build/obj/chmboxes.o
                0x0000000000004a3e                chMBFetch
 .text.chPoolAllocI
                0x0000000000004a7a       0x28 build/obj/chmempools.o
                0x0000000000004a7a                chPoolAllocI
 .text.chPoolAlloc
                0x0000000000004aa2       0x28 build/obj/chmempools.o
                0x0000000000004aa2                chPoolAlloc
 .text.chPoolFreeI
                0x0000000000004aca       0x16 build/obj/chmempools.o
                0x0000000000004aca                chPoolFreeI
 .text.chPoolFree
                0x0000000000004ae0       0x28 build/obj/chmempools.o
                0x0000000000004ae0                chPoolFree
 .text._port_switch
                0x0000000000004b08        0xc build/obj/chcore.o
                0x0000000000004b08                _port_switch
 .text._port_thread_start
                0x0000000000004b14       0x16 build/obj/chcore.o
                0x0000000000004b14                _port_thread_start
 .text.osalThreadDequeueNextI
                0x0000000000004b2a       0x26 build/obj/osal.o
                0x0000000000004b2a                osalThreadDequeueNextI
 .text.halInit  0x0000000000004b50       0x22 build/obj/hal.o
                0x0000000000004b50                halInit
 .text.stInit   0x0000000000004b72        0x6 build/obj/hal_st.o
                0x0000000000004b72                stInit
 .text.osalSysLock
                0x0000000000004b78        0xa build/obj/hal_gpt.o
 .text.osalSysUnlock
                0x0000000000004b82        0xc build/obj/hal_gpt.o
 .text.gptInit  0x0000000000004b8e        0x6 build/obj/hal_gpt.o
                0x0000000000004b8e                gptInit
 .text.gptObjectInit
                0x0000000000004b94        0xa build/obj/hal_gpt.o
                0x0000000000004b94                gptObjectInit
 .text.gptStart
                0x0000000000004b9e       0x20 build/obj/hal_gpt.o
                0x0000000000004b9e                gptStart
 .text.gptStartOneShotI
                0x0000000000004bbe       0x20 build/obj/hal_gpt.o
                0x0000000000004bbe                gptStartOneShotI
 .text.gptStopTimerI
                0x0000000000004bde       0x18 build/obj/hal_gpt.o
                0x0000000000004bde                gptStopTimerI
 .text.osalSysLock
                0x0000000000004bf6        0xa build/obj/hal_spi.o
 .text.osalSysUnlock
                0x0000000000004c00        0xc build/obj/hal_spi.o
 .text.spiInit  0x0000000000004c0c        0x6 build/obj/hal_spi.o
                0x0000000000004c0c                spiInit
 .text.spiObjectInit
                0x0000000000004c12        0xe build/obj/hal_spi.o
                0x0000000000004c12                spiObjectInit
 .text.spiStart
                0x0000000000004c20       0x20 build/obj/hal_spi.o
                0x0000000000004c20                spiStart
 .text.spiStartSend
                0x0000000000004c40       0x32 build/obj/hal_spi.o
                0x0000000000004c40                spiStartSend
 .text.osalSysLock
                0x0000000000004c72        0xa build/obj/hal_uart.o
 .text.osalSysUnlock
                0x0000000000004c7c        0xc build/obj/hal_uart.o
 .text.uartInit
                0x0000000000004c88        0x6 build/obj/hal_uart.o
                0x0000000000004c88                uartInit
 .text.uartObjectInit
                0x0000000000004c8e       0x1e build/obj/hal_uart.o
                0x0000000000004c8e                uartObjectInit
 .text.uartStart
                0x0000000000004cac       0x20 build/obj/hal_uart.o
                0x0000000000004cac                uartStart
 .text.uartStartSendI
                0x0000000000004ccc       0x28 build/obj/hal_uart.o
                0x0000000000004ccc                uartStartSendI
 .text.uartStartReceiveI
                0x0000000000004cf4       0x28 build/obj/hal_uart.o
                0x0000000000004cf4                uartStartReceiveI
 .text.uartStopReceiveI
                0x0000000000004d1c       0x20 build/obj/hal_uart.o
                0x0000000000004d1c                uartStopReceiveI
 .text.hal_lld_init
                0x0000000000004d3c       0x3c build/obj/hal_lld.o
                0x0000000000004d3c                hal_lld_init
 .text.ISR_MSP430X_ST_ISR
                0x0000000000004d78       0x36 build/obj/hal_st_lld.o
                0x0000000000004d78                ISR_MSP430X_ST_ISR
 .text.st_lld_init
                0x0000000000004dae       0x18 build/obj/hal_st_lld.o
                0x0000000000004dae                st_lld_init
 .text.ISR_PORT1_VECTOR
                0x0000000000004dc6       0x44 build/obj/hal_pal_lld.o
                0x0000000000004dc6                ISR_PORT1_VECTOR
 .text.ISR_PORT2_VECTOR
                0x0000000000004e0a       0x46 build/obj/hal_pal_lld.o
                0x0000000000004e0a                ISR_PORT2_VECTOR
 .text.ISR_PORT3_VECTOR
                0x0000000000004e50       0x48 build/obj/hal_pal_lld.o
                0x0000000000004e50                ISR_PORT3_VECTOR
 .text.ISR_PORT4_VECTOR
                0x0000000000004e98       0x48 build/obj/hal_pal_lld.o
                0x0000000000004e98                ISR_PORT4_VECTOR
 .text._pal_lld_init
                0x0000000000004ee0       0x5e build/obj/hal_pal_lld.o
                0x0000000000004ee0                _pal_lld_init
 .text._pal_lld_setgroupmode
                0x0000000000004f3e       0xe0 build/obj/hal_pal_lld.o
                0x0000000000004f3e                _pal_lld_setgroupmode
 .text._pal_lld_enablepadevent
                0x000000000000501e       0x9c build/obj/hal_pal_lld.o
                0x000000000000501e                _pal_lld_enablepadevent
 .text._pal_lld_disablepadevent
                0x00000000000050ba       0x1c build/obj/hal_pal_lld.o
                0x00000000000050ba                _pal_lld_disablepadevent
 .text.dma_trigger_set
                0x00000000000050d6       0x36 build/obj/hal_dma_lld.o
 .text.ISR_DMA_VECTOR
                0x000000000000510c       0x70 build/obj/hal_dma_lld.o
                0x000000000000510c                ISR_DMA_VECTOR
 .text.dmaInit  0x000000000000517c        0x6 build/obj/hal_dma_lld.o
                0x000000000000517c                dmaInit
 .text.dmaAcquireI
                0x0000000000005182       0x5c build/obj/hal_dma_lld.o
                0x0000000000005182                dmaAcquireI
 .text.dmaClaimI
                0x00000000000051de       0x42 build/obj/hal_dma_lld.o
                0x00000000000051de                dmaClaimI
 .text.dmaTransferI
                0x0000000000005220       0x70 build/obj/hal_dma_lld.o
                0x0000000000005220                dmaTransferI
 .text.dmaReleaseX
                0x0000000000005290       0x34 build/obj/hal_dma_lld.o
                0x0000000000005290                dmaReleaseX
 .text.dmaCancelI
                0x00000000000052c4       0x32 build/obj/hal_dma_lld.o
                0x00000000000052c4                dmaCancelI
 .text.init_transfer
                0x00000000000052f6       0x68 build/obj/hal_spi_lld.o
 .text.spi_lld_end_of_transfer
                0x000000000000535e       0x56 build/obj/hal_spi_lld.o
 .text.spi_lld_init
                0x00000000000053b4       0x58 build/obj/hal_spi_lld.o
                0x00000000000053b4                spi_lld_init
 .text.spi_lld_select
                0x000000000000540c       0x2e build/obj/hal_spi_lld.o
                0x000000000000540c                spi_lld_select
 .text.spi_lld_unselect
                0x000000000000543a       0x2e build/obj/hal_spi_lld.o
                0x000000000000543a                spi_lld_unselect
 .text.spi_lld_start
                0x0000000000005468       0x84 build/obj/hal_spi_lld.o
                0x0000000000005468                spi_lld_start
 .text.spi_lld_send
                0x00000000000054ec       0x22 build/obj/hal_spi_lld.o
                0x00000000000054ec                spi_lld_send
 .text.spi_lld_polled_exchange
                0x000000000000550e       0x22 build/obj/hal_spi_lld.o
                0x000000000000550e                spi_lld_polled_exchange
 .text.rx_cb    0x0000000000005530       0x3e build/obj/hal_uart_lld.o
 .text.UCBRS    0x000000000000556e      0x1e6 build/obj/hal_uart_lld.o
 .text.tx_cb    0x0000000000005754       0x54 build/obj/hal_uart_lld.o
 .text.ISR_USCI_A0_VECTOR
                0x00000000000057a8       0xee build/obj/hal_uart_lld.o
                0x00000000000057a8                ISR_USCI_A0_VECTOR
 .text.uart_lld_init
                0x0000000000005896       0x5c build/obj/hal_uart_lld.o
                0x0000000000005896                uart_lld_init
 .text.uart_lld_start
                0x00000000000058f2      0x1cc build/obj/hal_uart_lld.o
                0x00000000000058f2                uart_lld_start
 .text.uart_lld_start_send
                0x0000000000005abe       0x4a build/obj/hal_uart_lld.o
                0x0000000000005abe                uart_lld_start_send
 .text.uart_lld_start_receive
                0x0000000000005b08       0x4e build/obj/hal_uart_lld.o
                0x0000000000005b08                uart_lld_start_receive
 .text.uart_lld_stop_receive
                0x0000000000005b56       0x36 build/obj/hal_uart_lld.o
                0x0000000000005b56                uart_lld_stop_receive
 .text.gpt_lld_init
                0x0000000000005b8c       0x10 build/obj/hal_gpt_lld.o
                0x0000000000005b8c                gpt_lld_init
 .text.gpt_lld_start
                0x0000000000005b9c       0x80 build/obj/hal_gpt_lld.o
                0x0000000000005b9c                gpt_lld_start
 .text.gpt_lld_start_timer
                0x0000000000005c1c       0x22 build/obj/hal_gpt_lld.o
                0x0000000000005c1c                gpt_lld_start_timer
 .text.gpt_lld_stop_timer
                0x0000000000005c3e        0xc build/obj/hal_gpt_lld.o
                0x0000000000005c3e                gpt_lld_stop_timer
 .text.ISR_TIMER1_A1_VECTOR
                0x0000000000005c4a       0x64 build/obj/hal_gpt_lld.o
                0x0000000000005c4a                ISR_TIMER1_A1_VECTOR
 .text.boardInit
                0x0000000000005cae        0x4 build/obj/board.o
                0x0000000000005cae                boardInit
 .text.sx1278SetRegister
                0x0000000000005cb2       0x6a build/obj/sx1278.o
                0x0000000000005cb2                sx1278SetRegister
 .text.sx1278SetBitrate
                0x0000000000005d1c       0x48 build/obj/sx1278.o
                0x0000000000005d1c                sx1278SetBitrate
 .text.sx1278SetDeviation
                0x0000000000005d64       0x3c build/obj/sx1278.o
                0x0000000000005d64                sx1278SetDeviation
 .text.sx1278SetFrequency
                0x0000000000005da0       0xc6 build/obj/sx1278.o
                0x0000000000005da0                sx1278SetFrequency
 .text.sx1278SetPower
                0x0000000000005e66        0xc build/obj/sx1278.o
                0x0000000000005e66                sx1278SetPower
 .text.sx1278SetSync
                0x0000000000005e72       0x58 build/obj/sx1278.o
                0x0000000000005e72                sx1278SetSync
 .text.sx1278ObjectInit
                0x0000000000005eca       0x10 build/obj/sx1278.o
                0x0000000000005eca                sx1278ObjectInit
 .text.spi_callback
                0x0000000000005eda       0x3a build/obj/sx1278.o
                0x0000000000005eda                spi_callback
 .text.sx1278Start
                0x0000000000005f14      0x13e build/obj/sx1278.o
                0x0000000000005f14                sx1278Start
 .text.sx1278FifoWriteAsync
                0x0000000000006052       0x9a build/obj/sx1278.o
                0x0000000000006052                sx1278FifoWriteAsync
 .text.sx1278FifoWriteAsyncS
                0x00000000000060ec       0xa8 build/obj/sx1278.o
                0x00000000000060ec                sx1278FifoWriteAsyncS
 .text.sx1278StartTransmit
                0x0000000000006194       0xb2 build/obj/sx1278.o
                0x0000000000006194                sx1278StartTransmit
 .text.sx1278Reset.isra.1
                0x0000000000006246       0x8a build/obj/sx1278.o
 .text.sx1278SetMode.constprop.5
                0x00000000000062d0       0x14 build/obj/sx1278.o
 .text.blockuntil_callback
                0x00000000000062e4       0x14 build/obj/sx1212.o
 .text.sx1212SetRegister.isra.0
                0x00000000000062f8       0x36 build/obj/sx1212.o
 .text.sx1212SetMode
                0x000000000000632e       0x16 build/obj/sx1212.o
 .text.sx1212Reset.isra.2
                0x0000000000006344       0x92 build/obj/sx1212.o
 .text.irq_block_with_timeout.isra.3
                0x00000000000063d6       0x64 build/obj/sx1212.o
 .text.spi_mode_config
                0x000000000000643a       0x18 build/obj/sx1212.o
                0x000000000000643a                spi_mode_config
 .text.sx1212SetBitrate
                0x0000000000006452       0xe4 build/obj/sx1212.o
                0x0000000000006452                sx1212SetBitrate
 .text.sx1212SetDeviation
                0x0000000000006536       0x24 build/obj/sx1212.o
                0x0000000000006536                sx1212SetDeviation
 .text.sx1212SetFrequency
                0x000000000000655a      0x2d8 build/obj/sx1212.o
                0x000000000000655a                sx1212SetFrequency
 .text.sx1212SetSync
                0x0000000000006832       0x3c build/obj/sx1212.o
                0x0000000000006832                sx1212SetSync
 .text.sx1212SetRxBw
                0x000000000000686e       0x18 build/obj/sx1212.o
                0x000000000000686e                sx1212SetRxBw
 .text.sx1212Start
                0x0000000000006886      0x15c build/obj/sx1212.o
                0x0000000000006886                sx1212Start
 .text.sx1212ReceiveI
                0x00000000000069e2       0x34 build/obj/sx1212.o
                0x00000000000069e2                sx1212ReceiveI
 .text.sx1212StartReceive
                0x0000000000006a16       0x8c build/obj/sx1212.o
                0x0000000000006a16                sx1212StartReceive
 .text.sx1212FifoRead
                0x0000000000006aa2       0x72 build/obj/sx1212.o
                0x0000000000006aa2                sx1212FifoRead
 .text.sx1212StopReceive
                0x0000000000006b14       0x1c build/obj/sx1212.o
                0x0000000000006b14                sx1212StopReceive
 .text.send_complete_cb
                0x0000000000006b30       0x3c build/obj/uart.o
                0x0000000000006b30                send_complete_cb
 .text.elyUARTCfgMarkDirty
                0x0000000000006b6c        0xe build/obj/uart.o
                0x0000000000006b6c                elyUARTCfgMarkDirty
 .text.elyUARTPostI
                0x0000000000006b7a       0x24 build/obj/uart.o
                0x0000000000006b7a                elyUARTPostI
 .text.elyUARTPost
                0x0000000000006b9e       0x38 build/obj/uart.o
                0x0000000000006b9e                elyUARTPost
 .text.UARTThd  0x0000000000006bd6      0x166 build/obj/uart.o
                0x0000000000006bd6                UARTThd
 .text.elyMainMBPost
                0x0000000000006d3c        0xe build/obj/main.o
                0x0000000000006d3c                elyMainMBPost
 .text.MainThd  0x0000000000006d4a       0xc0 build/obj/main.o
                0x0000000000006d4a                MainThd
 .text.port_lock
                0x0000000000006e0a        0x6 build/obj/cmds.o
 .text.port_unlock
                0x0000000000006e10        0x8 build/obj/cmds.o
 .text.reset    0x0000000000006e18       0x10 build/obj/cmds.o
 .text.gen_success
                0x0000000000006e28       0x52 build/obj/cmds.o
 .text.gen_failure
                0x0000000000006e7a       0x4c build/obj/cmds.o
 .text.store_telem
                0x0000000000006ec6       0x60 build/obj/cmds.o
 .text.store_telem_noreply_cb
                0x0000000000006f26       0x1a build/obj/cmds.o
 .text.upload_fw_noreply_cb
                0x0000000000006f40       0x1e build/obj/cmds.o
 .text.verify_fw
                0x0000000000006f5e       0x86 build/obj/cmds.o
 .text.get_gpo.part.14
                0x0000000000006fe4        0xa build/obj/cmds.o
 .text.cancel_fw_eeprom_cb
                0x0000000000006fee       0x24 build/obj/cmds.o
 .text.elyCmdParse
                0x0000000000007012       0x2c build/obj/cmds.o
                0x0000000000007012                elyCmdParse
 .text.elyCmdValidate
                0x000000000000703e      0x242 build/obj/cmds.o
                0x000000000000703e                elyCmdValidate
 .text.elyCmdDispatch
                0x0000000000007280       0x30 build/obj/cmds.o
                0x0000000000007280                elyCmdDispatch
 .text.elyCmdSendReplyI
                0x00000000000072b0       0x2c build/obj/cmds.o
                0x00000000000072b0                elyCmdSendReplyI
 .text.store_telem_reply_cb
                0x00000000000072dc       0x28 build/obj/cmds.o
 .text.install_fw
                0x0000000000007304       0x36 build/obj/cmds.o
 .text.cancel_fw
                0x000000000000733a       0xba build/obj/cmds.o
 .text.verify_fw_cb
                0x00000000000073f4       0x34 build/obj/cmds.o
 .text.upload_fw_reply_cb
                0x0000000000007428       0x2a build/obj/cmds.o
 .text.elyCmdSendReply
                0x0000000000007452       0x26 build/obj/cmds.o
                0x0000000000007452                elyCmdSendReply
 .text.get_telem
                0x0000000000007478      0x164 build/obj/cmds.o
 .text.upload_fw
                0x00000000000075dc      0x152 build/obj/cmds.o
 .text.set_log  0x000000000000772e       0x80 build/obj/cmds.o
 .text.get_log  0x00000000000077ae       0x5c build/obj/cmds.o
 .text.set_err  0x000000000000780a       0x80 build/obj/cmds.o
 .text.get_err  0x000000000000788a       0x5c build/obj/cmds.o
 .text.get_time
                0x00000000000078e6       0x70 build/obj/cmds.o
 .text.set_time
                0x0000000000007956       0x8c build/obj/cmds.o
 .text.reset_event
                0x00000000000079e2       0x34 build/obj/cmds.o
 .text.unlog_event
                0x0000000000007a16       0x96 build/obj/cmds.o
 .text.log_event
                0x0000000000007aac       0xb2 build/obj/cmds.o
 .text.event_unsub
                0x0000000000007b5e       0x96 build/obj/cmds.o
 .text.event_sub
                0x0000000000007bf4       0xe8 build/obj/cmds.o
 .text.reset_chan
                0x0000000000007cdc       0x34 build/obj/cmds.o
 .text.get_chan
                0x0000000000007d10       0xae build/obj/cmds.o
 .text.unlog_chan
                0x0000000000007dbe       0x9a build/obj/cmds.o
 .text.log_chan
                0x0000000000007e58      0x132 build/obj/cmds.o
 .text.channel_unsub
                0x0000000000007f8a       0x8e build/obj/cmds.o
 .text.channel_sub
                0x0000000000008018      0x13e build/obj/cmds.o
 .text.reload_config
                0x0000000000008156       0xa6 build/obj/cmds.o
 .text.set_baud
                0x00000000000081fc       0xbe build/obj/cmds.o
 .text.get_baud
                0x00000000000082ba       0x72 build/obj/cmds.o
 .text.set_tx_pow
                0x000000000000832c       0x72 build/obj/cmds.o
 .text.get_tx_pow
                0x000000000000839e       0x5c build/obj/cmds.o
 .text.set_rx_dev
                0x00000000000083fa       0xc4 build/obj/cmds.o
 .text.get_rx_dev
                0x00000000000084be       0x72 build/obj/cmds.o
 .text.set_tx_dev
                0x0000000000008530       0xc6 build/obj/cmds.o
 .text.get_tx_dev
                0x00000000000085f6       0x72 build/obj/cmds.o
 .text.set_rx_br
                0x0000000000008668       0xc2 build/obj/cmds.o
 .text.get_rx_br
                0x000000000000872a       0x72 build/obj/cmds.o
 .text.set_tx_br
                0x000000000000879c       0xc2 build/obj/cmds.o
 .text.get_tx_br
                0x000000000000885e       0x72 build/obj/cmds.o
 .text.set_rx_freq
                0x00000000000088d0       0xc6 build/obj/cmds.o
 .text.get_rx_freq
                0x0000000000008996       0x72 build/obj/cmds.o
 .text.set_tx_freq
                0x0000000000008a08       0xda build/obj/cmds.o
 .text.get_tx_freq
                0x0000000000008ae2       0x70 build/obj/cmds.o
 .text.set_block
                0x0000000000008b52       0x82 build/obj/cmds.o
 .text.get_block
                0x0000000000008bd4       0x98 build/obj/cmds.o
 .text.set_regs
                0x0000000000008c6c       0x8e build/obj/cmds.o
 .text.get_regs
                0x0000000000008cfa       0x98 build/obj/cmds.o
 .text.get_active_bank
                0x0000000000008d92       0x64 build/obj/cmds.o
 .text.set_gpo  0x0000000000008df6       0x88 build/obj/cmds.o
 .text.get_gpo  0x0000000000008e7e       0x64 build/obj/cmds.o
 .text.clamp    0x0000000000008ee2       0x2c build/obj/registers.o
 .text.fram_reg_cb
                0x0000000000008f0e       0x2e build/obj/registers.o
                0x0000000000008f0e                fram_reg_cb
 .text.fram_block_cb
                0x0000000000008f3c       0x20 build/obj/registers.o
                0x0000000000008f3c                fram_block_cb
 .text.fram_reg
                0x0000000000008f5c       0x8a build/obj/registers.o
                0x0000000000008f5c                fram_reg
 .text.fram_block
                0x0000000000008fe6       0xc4 build/obj/registers.o
                0x0000000000008fe6                fram_block
 .text.elyClampReg
                0x00000000000090aa      0x492 build/obj/registers.o
                0x00000000000090aa                elyClampReg
 .text.elyRegGet
                0x000000000000953c       0x90 build/obj/registers.o
                0x000000000000953c                elyRegGet
 .text.elyRegSet
                0x00000000000095cc       0x94 build/obj/registers.o
                0x00000000000095cc                elyRegSet
 .text.elyRegGetBlock
                0x0000000000009660       0x80 build/obj/registers.o
                0x0000000000009660                elyRegGetBlock
 .text.elyRegSetBlock
                0x00000000000096e0       0x8c build/obj/registers.o
                0x00000000000096e0                elyRegSetBlock
 .text.calc_next_buff
                0x000000000000976c       0xa4 build/obj/slip_uart_dll.o
                0x000000000000976c                calc_next_buff
 .text.elyUARTDLLTxCB
                0x0000000000009810       0x6a build/obj/slip_uart_dll.o
                0x0000000000009810                elyUARTDLLTxCB
 .text.elyUARTDLLStartTx
                0x000000000000987a       0x7e build/obj/slip_uart_dll.o
                0x000000000000987a                elyUARTDLLStartTx
 .text.elyUARTDLLRxInit
                0x00000000000098f8        0x8 build/obj/slip_uart_dll.o
                0x00000000000098f8                elyUARTDLLRxInit
 .text.elyUARTDLLRxHandleBuffer
                0x0000000000009900      0x15e build/obj/slip_uart_dll.o
                0x0000000000009900                elyUARTDLLRxHandleBuffer
 .text.elyUARTDLLTimeoutCB
                0x0000000000009a5e       0x28 build/obj/slip_uart_dll.o
                0x0000000000009a5e                elyUARTDLLTimeoutCB
 .text.elyUARTDLLRxCharCB
                0x0000000000009a86       0x44 build/obj/slip_uart_dll.o
                0x0000000000009a86                elyUARTDLLRxCharCB
 .text.elyUARTDLLRxCB
                0x0000000000009aca       0x5c build/obj/slip_uart_dll.o
                0x0000000000009aca                elyUARTDLLRxCB
 .text.crcGenX25
                0x0000000000009b26       0x36 build/obj/crc_x25.o
                0x0000000000009b26                crcGenX25
 .text.crcCheckX25
                0x0000000000009b5c       0x3c build/obj/crc_x25.o
                0x0000000000009b5c                crcCheckX25
 .text.crcStart
                0x0000000000009b98        0xa build/obj/crc_x25.o
                0x0000000000009b98                crcStart
 .text.crcStop  0x0000000000009ba2        0x8 build/obj/crc_x25.o
                0x0000000000009ba2                crcStop
 .text.crcGenSDLP
                0x0000000000009baa       0x2e build/obj/crc_sdlp.o
                0x0000000000009baa                crcGenSDLP
 .text.rxfifothresh_callback
                0x0000000000009bd8       0x18 build/obj/sdlp.o
                0x0000000000009bd8                rxfifothresh_callback
 .text.txlvl_callback
                0x0000000000009bf0       0x18 build/obj/sdlp.o
                0x0000000000009bf0                txlvl_callback
 .text.write_cb
                0x0000000000009c08       0x6e build/obj/sdlp.o
                0x0000000000009c08                write_cb
 .text.elyRFChangeTxSyncS
                0x0000000000009c76       0x42 build/obj/sdlp.o
                0x0000000000009c76                elyRFChangeTxSyncS
 .text.elyDLLClampReg
                0x0000000000009cb8      0x11e build/obj/sdlp.o
                0x0000000000009cb8                elyDLLClampReg
 .text.elyRFDLLBuildFrame
                0x0000000000009dd6      0x21a build/obj/sdlp.o
                0x0000000000009dd6                elyRFDLLBuildFrame
 .text.elyRFDLLRxInit
                0x0000000000009ff0       0x2c build/obj/sdlp.o
                0x0000000000009ff0                elyRFDLLRxInit
 .text.elyRFDLLHandleRxFifo
                0x000000000000a01c      0x13e build/obj/sdlp.o
                0x000000000000a01c                elyRFDLLHandleRxFifo
 .text.elyRFDLLTxInit
                0x000000000000a15a       0x56 build/obj/sdlp.o
                0x000000000000a15a                elyRFDLLTxInit
 .text.elyRFDLLInitiateTransmit
                0x000000000000a1b0       0x26 build/obj/sdlp.o
                0x000000000000a1b0                elyRFDLLInitiateTransmit
 .text.elyRFDLLHandleTxFifo
                0x000000000000a1d6       0x4a build/obj/sdlp.o
                0x000000000000a1d6                elyRFDLLHandleTxFifo
 .text.port_lock
                0x000000000000a220        0x6 build/obj/rf.o
 .text.port_unlock
                0x000000000000a226        0x8 build/obj/rf.o
 .text.elyRFPostI
                0x000000000000a22e       0x26 build/obj/rf.o
                0x000000000000a22e                elyRFPostI
 .text.elyRFPost
                0x000000000000a254       0x3c build/obj/rf.o
                0x000000000000a254                elyRFPost
 .text.elyRFCfgMarkDirty
                0x000000000000a290        0xe build/obj/rf.o
                0x000000000000a290                elyRFCfgMarkDirty
 .text.elyRFChangeTxFreqS
                0x000000000000a29e       0x4e build/obj/rf.o
                0x000000000000a29e                elyRFChangeTxFreqS
 .text.elyRFChangeRxFreqS
                0x000000000000a2ec       0x50 build/obj/rf.o
                0x000000000000a2ec                elyRFChangeRxFreqS
 .text.elyRFChangeTxBRS
                0x000000000000a33c       0x50 build/obj/rf.o
                0x000000000000a33c                elyRFChangeTxBRS
 .text.elyRFChangeRxBRS
                0x000000000000a38c       0x50 build/obj/rf.o
                0x000000000000a38c                elyRFChangeRxBRS
 .text.elyRFChangeTxDevS
                0x000000000000a3dc       0x50 build/obj/rf.o
                0x000000000000a3dc                elyRFChangeTxDevS
 .text.elyRFChangeRxDevS
                0x000000000000a42c       0x50 build/obj/rf.o
                0x000000000000a42c                elyRFChangeRxDevS
 .text.elyRFChangeRxSyncS
                0x000000000000a47c       0x50 build/obj/rf.o
                0x000000000000a47c                elyRFChangeRxSyncS
 .text.elyRFChangeTxPowerS
                0x000000000000a4cc       0x16 build/obj/rf.o
                0x000000000000a4cc                elyRFChangeTxPowerS
 .text.elyRFChangeRxFilterParamsS
                0x000000000000a4e2       0x22 build/obj/rf.o
                0x000000000000a4e2                elyRFChangeRxFilterParamsS
 .text.RFThd    0x000000000000a504      0x3b0 build/obj/rf.o
                0x000000000000a504                RFThd
 .text.nl_allocator
                0x000000000000a8b4       0x20 build/obj/spp.o
                0x000000000000a8b4                nl_allocator
 .text.clamp    0x000000000000a8d4       0x2c build/obj/spp.o
 .text.elyNLClampReg
                0x000000000000a900       0xd6 build/obj/spp.o
                0x000000000000a900                elyNLClampReg
 .text.elyNLGetBuffer
                0x000000000000a9d6        0xa build/obj/spp.o
                0x000000000000a9d6                elyNLGetBuffer
 .text.elyNLFreeBuffer
                0x000000000000a9e0        0xc build/obj/spp.o
                0x000000000000a9e0                elyNLFreeBuffer
 .text.elyNLGetBufferI
                0x000000000000a9ec        0xe build/obj/spp.o
                0x000000000000a9ec                elyNLGetBufferI
 .text.elyNLFreeBufferI
                0x000000000000a9fa       0x16 build/obj/spp.o
                0x000000000000a9fa                elyNLFreeBufferI
 .text.elyNLGetDest
                0x000000000000aa10       0x38 build/obj/spp.o
                0x000000000000aa10                elyNLGetDest
 .text.get_sh_len
                0x000000000000aa48       0x1e build/obj/spp.o
                0x000000000000aa48                get_sh_len
 .text.elyNLSetDest
                0x000000000000aa66       0x48 build/obj/spp.o
                0x000000000000aa66                elyNLSetDest
 .text.elyNLGetLength
                0x000000000000aaae       0x14 build/obj/spp.o
                0x000000000000aaae                elyNLGetLength
 .text.elyNLValidate
                0x000000000000aac2       0x5e build/obj/spp.o
                0x000000000000aac2                elyNLValidate
 .text.elyNLExtract
                0x000000000000ab20       0x12 build/obj/spp.o
                0x000000000000ab20                elyNLExtract
 .text.elyNLPack
                0x000000000000ab32       0xb2 build/obj/spp.o
                0x000000000000ab32                elyNLPack
 .text.Vector1  0x000000000000abe4        0x2 build/obj/msp_vectors.o
                0x000000000000abe4                Vector1
 .text.Vector2  0x000000000000abe6        0x2 build/obj/msp_vectors.o
                0x000000000000abe6                Vector2
 .text.Vector3  0x000000000000abe8        0x2 build/obj/msp_vectors.o
                0x000000000000abe8                Vector3
 .text.Vector4  0x000000000000abea        0x2 build/obj/msp_vectors.o
                0x000000000000abea                Vector4
 .text.Vector5  0x000000000000abec        0x2 build/obj/msp_vectors.o
                0x000000000000abec                Vector5
 .text.Vector6  0x000000000000abee        0x2 build/obj/msp_vectors.o
                0x000000000000abee                Vector6
 .text.Vector7  0x000000000000abf0        0x2 build/obj/msp_vectors.o
                0x000000000000abf0                Vector7
 .text.Vector8  0x000000000000abf2        0x2 build/obj/msp_vectors.o
                0x000000000000abf2                Vector8
 .text.Vector9  0x000000000000abf4        0x2 build/obj/msp_vectors.o
                0x000000000000abf4                Vector9
 .text.Vector10
                0x000000000000abf6        0x2 build/obj/msp_vectors.o
                0x000000000000abf6                Vector10
 .text.Vector11
                0x000000000000abf8        0x2 build/obj/msp_vectors.o
                0x000000000000abf8                Vector11
 .text.Vector12
                0x000000000000abfa        0x2 build/obj/msp_vectors.o
                0x000000000000abfa                Vector12
 .text.Vector13
                0x000000000000abfc        0x2 build/obj/msp_vectors.o
                0x000000000000abfc                Vector13
 .text.Vector14
                0x000000000000abfe        0x2 build/obj/msp_vectors.o
                0x000000000000abfe                Vector14
 .text.Vector15
                0x000000000000ac00        0x2 build/obj/msp_vectors.o
                0x000000000000ac00                Vector15
 .text.Vector16
                0x000000000000ac02        0x2 build/obj/msp_vectors.o
                0x000000000000ac02                Vector16
 .text.Vector17
                0x000000000000ac04        0x2 build/obj/msp_vectors.o
                0x000000000000ac04                Vector17
 .text.Vector18
                0x000000000000ac06        0x2 build/obj/msp_vectors.o
                0x000000000000ac06                Vector18
 .text.Vector19
                0x000000000000ac08        0x2 build/obj/msp_vectors.o
                0x000000000000ac08                Vector19
 .text.Vector20
                0x000000000000ac0a        0x2 build/obj/msp_vectors.o
                0x000000000000ac0a                Vector20
 .text.Vector21
                0x000000000000ac0c        0x2 build/obj/msp_vectors.o
                0x000000000000ac0c                Vector21
 .text.Vector22
                0x000000000000ac0e        0x2 build/obj/msp_vectors.o
                0x000000000000ac0e                Vector22
 .text.Vector23
                0x000000000000ac10        0x2 build/obj/msp_vectors.o
                0x000000000000ac10                Vector23
 .text.Vector24
                0x000000000000ac12        0x2 build/obj/msp_vectors.o
                0x000000000000ac12                Vector24
 .text.Vector25
                0x000000000000ac14        0x2 build/obj/msp_vectors.o
                0x000000000000ac14                Vector25
 .text.Vector26
                0x000000000000ac16        0x2 build/obj/msp_vectors.o
                0x000000000000ac16                Vector26
 .text.Vector27
                0x000000000000ac18        0x2 build/obj/msp_vectors.o
                0x000000000000ac18                Vector27
 .text.Vector28
                0x000000000000ac1a        0x2 build/obj/msp_vectors.o
                0x000000000000ac1a                Vector28
 .text.Vector29
                0x000000000000ac1c        0x2 build/obj/msp_vectors.o
                0x000000000000ac1c                Vector29
 .text.Vector30
                0x000000000000ac1e        0x2 build/obj/msp_vectors.o
                0x000000000000ac1e                Vector30
 .text.Vector31
                0x000000000000ac20        0x2 build/obj/msp_vectors.o
                0x000000000000ac20                Vector31
 .text.Vector32
                0x000000000000ac22        0x2 build/obj/msp_vectors.o
                0x000000000000ac22                Vector32
 .text.Vector35
                0x000000000000ac24        0x2 build/obj/msp_vectors.o
                0x000000000000ac24                Vector35
 .text.Vector36
                0x000000000000ac26        0x2 build/obj/msp_vectors.o
                0x000000000000ac26                Vector36
 .text.Vector38
                0x000000000000ac28        0x2 build/obj/msp_vectors.o
                0x000000000000ac28                Vector38
 .text.Vector39
                0x000000000000ac2a        0x2 build/obj/msp_vectors.o
                0x000000000000ac2a                Vector39
 .text.Vector42
                0x000000000000ac2c        0x2 build/obj/msp_vectors.o
                0x000000000000ac2c                Vector42
 .text.Vector45
                0x000000000000ac2e        0x2 build/obj/msp_vectors.o
                0x000000000000ac2e                Vector45
 .text.Vector46
                0x000000000000ac30        0x2 build/obj/msp_vectors.o
                0x000000000000ac30                Vector46
 .text.Vector47
                0x000000000000ac32        0x2 build/obj/msp_vectors.o
                0x000000000000ac32                Vector47
 .text.Vector48
                0x000000000000ac34        0x2 build/obj/msp_vectors.o
                0x000000000000ac34                Vector48
 .text.Vector50
                0x000000000000ac36        0x2 build/obj/msp_vectors.o
                0x000000000000ac36                Vector50
 .text.Vector51
                0x000000000000ac38        0x2 build/obj/msp_vectors.o
                0x000000000000ac38                Vector51
 .text.Vector53
                0x000000000000ac3a        0x2 build/obj/msp_vectors.o
                0x000000000000ac3a                Vector53
 .text.Vector54
                0x000000000000ac3c        0x2 build/obj/msp_vectors.o
                0x000000000000ac3c                Vector54
 .text.Vector55
                0x000000000000ac3e        0x2 build/obj/msp_vectors.o
                0x000000000000ac3e                Vector55
 .text.Thread2  0x000000000000ac40       0x1a build/obj/test.o
                0x000000000000ac40                Thread2
 .text.elyErrorSignal
                0x000000000000ac5a       0x12 build/obj/test.o
                0x000000000000ac5a                elyErrorSignal
 .text.elyErrorSetLogLvlS
                0x000000000000ac6c        0x2 build/obj/test.o
                0x000000000000ac6c                elyErrorSetLogLvlS
 .text.elyErrorSetRptLvlS
                0x000000000000ac6e        0x2 build/obj/test.o
                0x000000000000ac6e                elyErrorSetRptLvlS
 .text.elyEventSignal
                0x000000000000ac70       0x1e build/obj/test.o
                0x000000000000ac70                elyEventSignal
 .text.elyEventSubscribe
                0x000000000000ac8e       0x1e build/obj/test.o
                0x000000000000ac8e                elyEventSubscribe
 .text.elyEventUnsubscribe
                0x000000000000acac       0x1e build/obj/test.o
                0x000000000000acac                elyEventUnsubscribe
 .text.elyEventLog
                0x000000000000acca       0x1e build/obj/test.o
                0x000000000000acca                elyEventLog
 .text.elyEventUnlog
                0x000000000000ace8       0x1e build/obj/test.o
                0x000000000000ace8                elyEventUnlog
 .text.elyEventReset
                0x000000000000ad06       0x1e build/obj/test.o
                0x000000000000ad06                elyEventReset
 .text.elyChanSubscribe
                0x000000000000ad24       0x4a build/obj/test.o
                0x000000000000ad24                elyChanSubscribe
 .text.elyChanUnsubscribe
                0x000000000000ad6e       0x4a build/obj/test.o
                0x000000000000ad6e                elyChanUnsubscribe
 .text.elyChanLog
                0x000000000000adb8       0x4a build/obj/test.o
                0x000000000000adb8                elyChanLog
 .text.elyChanUnlog
                0x000000000000ae02       0x4a build/obj/test.o
                0x000000000000ae02                elyChanUnlog
 .text.elyChanGetValue
                0x000000000000ae4c        0x8 build/obj/test.o
                0x000000000000ae4c                elyChanGetValue
 .text.elyChanReset
                0x000000000000ae54       0x16 build/obj/test.o
                0x000000000000ae54                elyChanReset
 .text.elyTelemPostBufferS
                0x000000000000ae6a        0x4 build/obj/test.o
                0x000000000000ae6a                elyTelemPostBufferS
 .text.elyTelemUpdateConfigS
                0x000000000000ae6e        0x6 build/obj/test.o
                0x000000000000ae6e                elyTelemUpdateConfigS
 .text.elyFramGetRequest
                0x000000000000ae74       0x26 build/obj/test.o
                0x000000000000ae74                elyFramGetRequest
 .text.elyFramGetRequestTimeoutS
                0x000000000000ae9a       0x26 build/obj/test.o
                0x000000000000ae9a                elyFramGetRequestTimeoutS
 .text.elyFramPostRequest
                0x000000000000aec0       0x12 build/obj/test.o
                0x000000000000aec0                elyFramPostRequest
 .text.startup.main
                0x000000000000aed2       0x10 build/obj/test.o
                0x000000000000aed2                main
 .text.udivmodsi4
                0x000000000000aee2       0x80 /home/awygle/toolchain/install/bin/../lib/gcc/msp430-elf/6.2.0/libgcc.a(lib2divSI.o)
                0x000000000000aee2                udivmodsi4
 .text.__udivsi3
                0x000000000000af62        0xe /home/awygle/toolchain/install/bin/../lib/gcc/msp430-elf/6.2.0/libgcc.a(lib2divSI.o)
                0x000000000000af62                __mspabi_divul
                0x000000000000af62                __mspabi_divlu
 .text          0x000000000000af70       0x74 /home/awygle/toolchain/install/bin/../lib/gcc/msp430-elf/6.2.0/libgcc.a(slli.o)
                0x000000000000af70                __mspabi_slli_15
                0x000000000000af72                __mspabi_slli_14
                0x000000000000af74                __mspabi_slli_13
                0x000000000000af76                __mspabi_slli_12
                0x000000000000af78                __mspabi_slli_11
                0x000000000000af7a                __mspabi_slli_10
                0x000000000000af7c                __mspabi_slli_9
                0x000000000000af7e                __mspabi_slli_8
                0x000000000000af80                __mspabi_slli_7
                0x000000000000af82                __mspabi_slli_6
                0x000000000000af84                __mspabi_slli_5
                0x000000000000af86                __mspabi_slli_4
                0x000000000000af88                __mspabi_slli_3
                0x000000000000af8a                __mspabi_slli_2
                0x000000000000af8c                __mspabi_slli_1
                0x000000000000af94                __mspabi_slli
                0x000000000000af9a                __mspabi_slll_15
                0x000000000000af9e                __mspabi_slll_14
                0x000000000000afa2                __mspabi_slll_13
                0x000000000000afa6                __mspabi_slll_12
                0x000000000000afaa                __mspabi_slll_11
                0x000000000000afae                __mspabi_slll_10
                0x000000000000afb2                __mspabi_slll_9
                0x000000000000afb6                __mspabi_slll_8
                0x000000000000afba                __mspabi_slll_7
                0x000000000000afbe                __mspabi_slll_6
                0x000000000000afc2                __mspabi_slll_5
                0x000000000000afc6                __mspabi_slll_4
                0x000000000000afca                __mspabi_slll_3
                0x000000000000afce                __mspabi_slll_2
                0x000000000000afd2                __mspabi_slll_1
                0x000000000000afde                __mspabi_slll
 .text          0x000000000000afe4       0xb4 /home/awygle/toolchain/install/bin/../lib/gcc/msp430-elf/6.2.0/libgcc.a(srli.o)
                0x000000000000afe4                __mspabi_srli_15
                0x000000000000afe8                __mspabi_srli_14
                0x000000000000afec                __mspabi_srli_13
                0x000000000000aff0                __mspabi_srli_12
                0x000000000000aff4                __mspabi_srli_11
                0x000000000000aff8                __mspabi_srli_10
                0x000000000000affc                __mspabi_srli_9
                0x000000000000b000                __mspabi_srli_8
                0x000000000000b004                __mspabi_srli_7
                0x000000000000b008                __mspabi_srli_6
                0x000000000000b00c                __mspabi_srli_5
                0x000000000000b010                __mspabi_srli_4
                0x000000000000b014                __mspabi_srli_3
                0x000000000000b018                __mspabi_srli_2
                0x000000000000b01c                __mspabi_srli_1
                0x000000000000b028                __mspabi_srli
                0x000000000000b02e                __mspabi_srll_15
                0x000000000000b034                __mspabi_srll_14
                0x000000000000b03a                __mspabi_srll_13
                0x000000000000b040                __mspabi_srll_12
                0x000000000000b046                __mspabi_srll_11
                0x000000000000b04c                __mspabi_srll_10
                0x000000000000b052                __mspabi_srll_9
                0x000000000000b058                __mspabi_srll_8
                0x000000000000b05e                __mspabi_srll_7
                0x000000000000b064                __mspabi_srll_6
                0x000000000000b06a                __mspabi_srll_5
                0x000000000000b070                __mspabi_srll_4
                0x000000000000b076                __mspabi_srll_3
                0x000000000000b07c                __mspabi_srll_2
                0x000000000000b082                __mspabi_srll_1
                0x000000000000b092                __mspabi_srll
 .text          0x000000000000b098       0x28 /home/awygle/toolchain/install/bin/../lib/gcc/msp430-elf/6.2.0/libgcc.a(cmpsi2.o)
                0x000000000000b098                __cmpsi2
                0x000000000000b0b0                __ucmpsi2
 .text.__mulhi2_f5
                0x000000000000b0c0       0x14 /home/awygle/toolchain/install/bin/../lib/gcc/msp430-elf/6.2.0/libmul_f5.a(lib2hw_mul_f5.o)
                0x000000000000b0c0                __mulhi2_f5
                0x000000000000b0c0                __mspabi_mpyi_f5hw
                0x000000000000b0c0                __mspabi_mpyi
 .text.__mulsi2_f5
                0x000000000000b0d4       0x20 /home/awygle/toolchain/install/bin/../lib/gcc/msp430-elf/6.2.0/libmul_f5.a(lib2hw_mul_f5.o)
                0x000000000000b0d4                __mspabi_mpyl
                0x000000000000b0d4                __mspabi_mpyl_f5hw
                0x000000000000b0d4                __mulsi2_f5
 .text.memcpy   0x000000000000b0f4       0x14 /home/awygle/toolchain/install/bin/../lib/gcc/msp430-elf/6.2.0/../../../../msp430-elf/lib/libc.a(lib_a-memcpy.o)
                0x000000000000b0f4                memcpy
 .text.memmove  0x000000000000b108       0x3a /home/awygle/toolchain/install/bin/../lib/gcc/msp430-elf/6.2.0/../../../../msp430-elf/lib/libc.a(lib_a-memmove.o)
                0x000000000000b108                memmove
 .text.memset   0x000000000000b142       0x12 /home/awygle/toolchain/install/bin/../lib/gcc/msp430-elf/6.2.0/../../../../msp430-elf/lib/libc.a(lib_a-memset.o)
                0x000000000000b142                memset
 *(.text.*personality*)
 *(.gnu.warning)
 *(.interp .hash .dynsym .dynstr .gnu.version*)
                [!provide]                        PROVIDE (__etext, .)
                [!provide]                        PROVIDE (_etext, .)
                [!provide]                        PROVIDE (etext, .)
                0x000000000000b154                . = ALIGN (0x2)
 *(.init)
 *(.fini)
 *(.tm_clone_table)

.stack          0x000000000000b154      0xc00
                0x000000000000b154                __main_thread_stack_end__ = .
 *(.stack)
                0x000000000000bd54                . = (. + __idle_stack_size__)
 *fill*         0x000000000000b154      0xc00 
                0x000000000000bd54                PROVIDE (__stack, .)
                0x000000000000bd54                . = ALIGN (0x2)
                0x000000000000bd54                __main_thread_stack_base__ = .

.rodata         0x000000000000bd54       0xd4
                0x000000000000bd54                . = ALIGN (0x2)
 *(.plt)
 *(.rodata .rodata.* .gnu.linkonce.r.* .const .const:*)
 .rodata        0x000000000000bd54       0x39 build/obj/ch.o
 *fill*         0x000000000000bd8d        0x1 
 .rodata        0x000000000000bd8e       0x1e build/obj/board.o
                0x000000000000bd8e                pal_default_config
 .rodata        0x000000000000bdac       0x10 build/obj/sx1212.o
 .rodata        0x000000000000bdbc        0x4 build/obj/registers.o
                0x000000000000bdbc                bank0w
                0x000000000000bdbe                bank0p
 .rodata        0x000000000000bdc0        0x6 build/obj/slip_uart_dll.o
 .rodata        0x000000000000bdc6       0x62 build/obj/test.o
                0x000000000000bdf6                nil_thd_configs
 *(.rodata1)
 *(.lower.rodata.* .lower.rodata)
 *(.gcc_except_table)
 *(.gcc_except_table.*)
                [!provide]                        PROVIDE (__preinit_array_start, .)
 *(.preinit_array)
                [!provide]                        PROVIDE (__preinit_array_end, .)
                [!provide]                        PROVIDE (__init_array_start, .)
 *(SORT(.init_array.*))
 *(.init_array)
                [!provide]                        PROVIDE (__init_array_end, .)
                [!provide]                        PROVIDE (__fini_array_start, .)
 *(.fini_array)
 *(SORT(.fini_array.*))
                [!provide]                        PROVIDE (__fini_array_end, .)

.rodata2        0x000000000000be28       0x44
                0x000000000000be28                . = ALIGN (0x2)
 *(.eh_frame_hdr)
 *(.eh_frame)
 .eh_frame      0x000000000000be28       0x44 /home/awygle/toolchain/install/bin/../lib/gcc/msp430-elf/6.2.0/libgcc.a(_udivdi3.o)
 *crtbegin*.o(.ctors)
 *(EXCLUDE_FILE(*crtend*.o) .ctors)
 *(SORT(.ctors.*))
 *(.ctors)
 *crtbegin*.o(.dtors)
 *(EXCLUDE_FILE(*crtend*.o) .dtors)
 *(SORT(.dtors.*))
 *(.dtors)

.persistent     0x000000000000be6c      0xa24
                0x000000000000be6c                . = ALIGN (0x2)
                [!provide]                        PROVIDE (__persistent_start, .)
 *(.persistent)
 .persistent    0x000000000000be6c       0x22 build/obj/uart.o
                0x000000000000be72                A1_cfg
 .persistent    0x000000000000be8e        0xc build/obj/main.o
 .persistent    0x000000000000be9a       0x60 build/obj/cmds.o
 .persistent    0x000000000000befa      0x100 build/obj/registers.o
 .persistent    0x000000000000bffa      0x814 build/obj/sdlp.o
                0x000000000000bffa                DLLRxPktCfg
                0x000000000000bffb                DLLTxPktCfg
                0x000000000000c003                b_frames
                0x000000000000c004                a_frames
                0x000000000000c005                double_frames
                0x000000000000c006                missed_frames
                0x000000000000c007                seq_no
                0x000000000000c008                fecf
                0x000000000000c009                fec
 .persistent    0x000000000000c80e       0x6a build/obj/rf.o
                0x000000000000c860                rf_spi_cfg
                0x000000000000c86c                rf_mbox
 .persistent    0x000000000000c878        0xc build/obj/spp.o
                0x000000000000c882                elyNLMaxLen
 .persistent    0x000000000000c884        0xc build/obj/test.o
                0x000000000000c884                event_resets
                0x000000000000c886                reported_events
                0x000000000000c88a                logged_events
                0x000000000000c890                . = ALIGN (0x2)
                [!provide]                        PROVIDE (__persistent_end, .)

.data           0x0000000000001c00      0x48c load address 0x000000000000c890
                0x0000000000001c00                . = ALIGN (0x2)
                0x0000000000001c00                PROVIDE (__datastart, .)
 *(.jcr)
 *(.data.rel.ro.local)
 *(.data.rel.ro*)
 *(.dynamic)
 *(.data .data.* .gnu.linkonce.d.*)
 .data          0x0000000000001c00       0x5c build/obj/ch.o
                0x0000000000001c00                nil
 .data          0x0000000000001c5c        0x1 build/obj/chcore.o
                0x0000000000001c5c                __msp430x_in_isr
 *fill*         0x0000000000001c5d        0x1 
 .data          0x0000000000001c5e       0x40 build/obj/hal_pal_lld.o
                0x0000000000001c5e                port_callback_map
 .data          0x0000000000001c9e       0x3a build/obj/hal_spi_lld.o
                0x0000000000001c9e                SPIDA1
 .data          0x0000000000001cd8       0x46 build/obj/hal_uart_lld.o
                0x0000000000001cd8                UARTDA0
 .data          0x0000000000001d1e        0x6 build/obj/hal_gpt_lld.o
                0x0000000000001d1e                GPTDA1
 .data          0x0000000000001d24        0x8 build/obj/sx1278.o
                0x0000000000001d24                SX1278D1
 .data          0x0000000000001d2c       0x14 build/obj/sx1212.o
                0x0000000000001d2c                sending
                0x0000000000001d2e                tr
                0x0000000000001d30                SX1212D1
 .data          0x0000000000001d40       0xb0 build/obj/uart.o
                0x0000000000001d40                waUARTThd
 .data          0x0000000000001df0       0xb0 build/obj/main.o
                0x0000000000001df0                waMainThd
 .data          0x0000000000001ea0        0xa build/obj/slip_uart_dll.o
 .data          0x0000000000001eaa      0x132 build/obj/rf.o
                0x0000000000001eaa                waRFThd
                0x0000000000001fda                rf_thd
 .data          0x0000000000001fdc       0xb0 build/obj/test.o
                0x0000000000001fdc                waThread2
 *(.gnu.linkonce.d.*personality*)
 *(.data1)
 *(.got.plt)
 *(.got)
                0x000000000000208c                . = ALIGN (0x2)
 *(.sdata .sdata.* .gnu.linkonce.s.* D_2 D_1)
                0x000000000000208c                . = ALIGN (0x2)
 *(.lower.data.* .lower.data)
                0x000000000000208c                . = ALIGN (0x2)
                0x000000000000208c                _edata = .
                [!provide]                        PROVIDE (edata, .)
                [!provide]                        PROVIDE (__dataend, .)
                0x000000000000c890                PROVIDE (__romdatastart, LOADADDR (.data))
                0x000000000000048c                PROVIDE (__romdatacopysize, SIZEOF (.data))

.bss            0x000000000000cd1c     0x22c4
                0x000000000000cd1c                . = ALIGN (0x2)
                0x000000000000cd1c                PROVIDE (__bssstart, .)
 *(.dynbss)
 *(.sbss .sbss.*)
 *(.bss .bss.* .gnu.linkonce.b.*)
 .bss           0x000000000000cd1c        0xe build/obj/hal_dma_lld.o
 .bss           0x000000000000cd2a        0x2 build/obj/hal_spi_lld.o
 .bss           0x000000000000cd2c        0x2 build/obj/sx1212.o
 .bss           0x000000000000cd2e       0x1a build/obj/uart.o
 .bss           0x000000000000cd48       0x12 build/obj/main.o
 .bss           0x000000000000cd5a        0xc build/obj/cmds.o
 .bss           0x000000000000cd66        0x4 build/obj/registers.o
 .bss           0x000000000000cd6a      0x216 build/obj/slip_uart_dll.o
 .bss           0x000000000000cf80       0x1e build/obj/sdlp.o
 .bss           0x000000000000cf9e       0x14 build/obj/rf.o
 .bss           0x000000000000cfb2     0x2000 build/obj/spp.o
 .bss           0x000000000000efb2       0x2e build/obj/test.o
 *(.lower.bss.* .lower.bss)
                0x000000000000efe0                . = ALIGN (0x2)
 *(COMMON)
                [!provide]                        PROVIDE (__bssend, .)
                0x00000000000022c4                PROVIDE (__bsssize, SIZEOF (.bss))

.noinit         0x000000000000efe0        0x0
                0x000000000000efe0                . = ALIGN (0x2)
                [!provide]                        PROVIDE (__noinit_start, .)
 *(.noinit)
                0x000000000000efe0                . = ALIGN (0x2)
                [!provide]                        PROVIDE (__noinit_end, .)

.upper.rodata
 *(.upper.rodata.* .upper.rodata)

.upper.data     0x0000000000010000        0x2
                0x0000000000010000                __upper_data_init = LOADADDR (.upper.data)
                0x0000000000010000        0x2 SHORT 0x1
                0x0000000000010002                __high_datastart = .
 *(.upper.data.* .upper.data)
                0x0000000000010002                __high_dataend = .
                0x0000000000000000                __rom_highdatacopysize = (SIZEOF (.upper.data) - 0x2)
                0x0000000000010002                __rom_highdatastart = (LOADADDR (.upper.data) + 0x2)

.upper.bss      0x0000000000010002        0x0
                0x0000000000010002                . = ALIGN (0x2)
                0x0000000000010002                __high_bssstart = .
 *(.upper.bss.* .upper.bss)
                0x0000000000010002                . = ALIGN (0x2)
                0x0000000000010002                __high_bssend = .
                0x0000000000000000                __high_bsssize = SIZEOF (.upper.bss)

.upper.text     0x0000000000010002        0x0
                0x0000000000010002                . = ALIGN (0x2)
 *(.upper.text.* .upper.text)

.info           0x0000000000001800        0x0
                0x0000000000001800                . = ALIGN (0x2)
 *(.info)

.bootloader.flag
                0x00000000000019fc        0x2
                0x00000000000019fc                bootloader = .
                0x00000000000019fc        0x2 SHORT 0x0

.infoA

.infoB

.infoC

.infoD

.MP430.attributes
                0x0000000000000000      0x564
 *(.MSP430.attributes)
 .MSP430.attributes
                0x0000000000000000       0x17 /home/awygle/toolchain/install/bin/../lib/gcc/msp430-elf/6.2.0/../../../../msp430-elf/lib/crt0-minrt.o
 .MSP430.attributes
                0x0000000000000017       0x17 build/obj/ch.o
 .MSP430.attributes
                0x000000000000002e       0x17 build/obj/chmboxes.o
 .MSP430.attributes
                0x0000000000000045       0x17 build/obj/chmemcore.o
 .MSP430.attributes
                0x000000000000005c       0x17 build/obj/chmempools.o
 .MSP430.attributes
                0x0000000000000073       0x17 build/obj/chcore.o
 .MSP430.attributes
                0x000000000000008a       0x17 build/obj/osal.o
 .MSP430.attributes
                0x00000000000000a1       0x17 build/obj/hal.o
 .MSP430.attributes
                0x00000000000000b8       0x17 build/obj/hal_st.o
 .MSP430.attributes
                0x00000000000000cf       0x17 build/obj/hal_buffers.o
 .MSP430.attributes
                0x00000000000000e6       0x17 build/obj/hal_queues.o
 .MSP430.attributes
                0x00000000000000fd       0x17 build/obj/hal_mmcsd.o
 .MSP430.attributes
                0x0000000000000114       0x17 build/obj/hal_gpt.o
 .MSP430.attributes
                0x000000000000012b       0x17 build/obj/hal_pal.o
 .MSP430.attributes
                0x0000000000000142       0x17 build/obj/hal_spi.o
 .MSP430.attributes
                0x0000000000000159       0x17 build/obj/hal_uart.o
 .MSP430.attributes
                0x0000000000000170       0x17 build/obj/hal_lld.o
 .MSP430.attributes
                0x0000000000000187       0x17 build/obj/hal_st_lld.o
 .MSP430.attributes
                0x000000000000019e       0x17 build/obj/hal_serial_lld.o
 .MSP430.attributes
                0x00000000000001b5       0x17 build/obj/hal_pal_lld.o
 .MSP430.attributes
                0x00000000000001cc       0x17 build/obj/hal_dma_lld.o
 .MSP430.attributes
                0x00000000000001e3       0x17 build/obj/hal_spi_lld.o
 .MSP430.attributes
                0x00000000000001fa       0x17 build/obj/hal_i2c_lld.o
 .MSP430.attributes
                0x0000000000000211       0x17 build/obj/hal_uart_lld.o
 .MSP430.attributes
                0x0000000000000228       0x17 build/obj/hal_gpt_lld.o
 .MSP430.attributes
                0x000000000000023f       0x17 build/obj/hal_adc_lld.o
 .MSP430.attributes
                0x0000000000000256       0x17 build/obj/board.o
 .MSP430.attributes
                0x000000000000026d       0x17 build/obj/sx1278.o
 .MSP430.attributes
                0x0000000000000284       0x17 build/obj/sx1212.o
 .MSP430.attributes
                0x000000000000029b       0x17 build/obj/uart.o
 .MSP430.attributes
                0x00000000000002b2       0x17 build/obj/main.o
 .MSP430.attributes
                0x00000000000002c9       0x17 build/obj/mych.o
 .MSP430.attributes
                0x00000000000002e0       0x17 build/obj/cmds.o
 .MSP430.attributes
                0x00000000000002f7       0x17 build/obj/registers.o
 .MSP430.attributes
                0x000000000000030e       0x17 build/obj/slip_uart_dll.o
 .MSP430.attributes
                0x0000000000000325       0x17 build/obj/crc_x25.o
 .MSP430.attributes
                0x000000000000033c       0x17 build/obj/crc_sdlp.o
 .MSP430.attributes
                0x0000000000000353       0x17 build/obj/sdlp.o
 .MSP430.attributes
                0x000000000000036a       0x17 build/obj/rf.o
 .MSP430.attributes
                0x0000000000000381       0x17 build/obj/spp.o
 .MSP430.attributes
                0x0000000000000398       0x17 build/obj/msp_vectors.o
 .MSP430.attributes
                0x00000000000003af       0x17 build/obj/test.o
 .MSP430.attributes
                0x00000000000003c6       0x17 /home/awygle/toolchain/install/bin/../lib/gcc/msp430-elf/6.2.0/libgcc.a(lib2divSI.o)
 .MSP430.attributes
                0x00000000000003dd       0x17 /home/awygle/toolchain/install/bin/../lib/gcc/msp430-elf/6.2.0/libgcc.a(slli.o)
 .MSP430.attributes
                0x00000000000003f4       0x17 /home/awygle/toolchain/install/bin/../lib/gcc/msp430-elf/6.2.0/libgcc.a(srli.o)
 .MSP430.attributes
                0x000000000000040b       0x17 /home/awygle/toolchain/install/bin/../lib/gcc/msp430-elf/6.2.0/libgcc.a(cmpsi2.o)
 .MSP430.attributes
                0x0000000000000422       0x17 /home/awygle/toolchain/install/bin/../lib/gcc/msp430-elf/6.2.0/libgcc.a(_udivdi3.o)
 .MSP430.attributes
                0x0000000000000439       0x17 /home/awygle/toolchain/install/bin/../lib/gcc/msp430-elf/6.2.0/libgcc.a(_lshrdi3.o)
 .MSP430.attributes
                0x0000000000000450       0x17 /home/awygle/toolchain/install/bin/../lib/gcc/msp430-elf/6.2.0/libgcc.a(_ashldi3.o)
 .MSP430.attributes
                0x0000000000000467       0x17 /home/awygle/toolchain/install/bin/../lib/gcc/msp430-elf/6.2.0/libgcc.a(_clzdi2.o)
 .MSP430.attributes
                0x000000000000047e       0x17 /home/awygle/toolchain/install/bin/../lib/gcc/msp430-elf/6.2.0/libgcc.a(_clz.o)
 .MSP430.attributes
                0x0000000000000495       0x17 /home/awygle/toolchain/install/bin/../lib/gcc/msp430-elf/6.2.0/libmul_f5.a(lib2hw_mul_f5.o)
 .MSP430.attributes
                0x00000000000004ac       0x17 /home/awygle/toolchain/install/bin/../lib/gcc/msp430-elf/6.2.0/../../../../msp430-elf/lib/libc.a(lib_a-memcpy.o)
 .MSP430.attributes
                0x00000000000004c3       0x17 /home/awygle/toolchain/install/bin/../lib/gcc/msp430-elf/6.2.0/libgcc.a(_muldi3.o)
 .MSP430.attributes
                0x00000000000004da       0x17 /home/awygle/toolchain/install/bin/../lib/gcc/msp430-elf/6.2.0/../../../../msp430-elf/lib/libcrt.a(crt_bss.o)
 .MSP430.attributes
                0x00000000000004f1       0x17 /home/awygle/toolchain/install/bin/../lib/gcc/msp430-elf/6.2.0/../../../../msp430-elf/lib/libcrt.a(crt_movedata.o)
 .MSP430.attributes
                0x0000000000000508       0x17 /home/awygle/toolchain/install/bin/../lib/gcc/msp430-elf/6.2.0/../../../../msp430-elf/lib/libcrt.a(crt_main_minrt.o)
 .MSP430.attributes
                0x000000000000051f       0x17 /home/awygle/toolchain/install/bin/../lib/gcc/msp430-elf/6.2.0/../../../../msp430-elf/lib/libc.a(lib_a-memmove.o)
 .MSP430.attributes
                0x0000000000000536       0x17 /home/awygle/toolchain/install/bin/../lib/gcc/msp430-elf/6.2.0/../../../../msp430-elf/lib/libc.a(lib_a-memset.o)
 .MSP430.attributes
                0x000000000000054d       0x17 /home/awygle/toolchain/install/bin/../lib/gcc/msp430-elf/6.2.0/../../../../msp430-elf/lib/crtn-minrt.o
 *(.gnu.attributes)
 *(__TI_build_attributes)

.stab
 *(.stab)

.stabstr
 *(.stabstr)

.stab.excl
 *(.stab.excl)

.stab.exclstr
 *(.stab.exclstr)

.stab.index
 *(.stab.index)

.stab.indexstr
 *(.stab.indexstr)

.comment        0x0000000000000000       0x22
 *(.comment)
 .comment       0x0000000000000000       0x11 build/obj/ch.o
                                         0x12 (size before relaxing)
 .comment       0x0000000000000011       0x12 build/obj/chmboxes.o
 .comment       0x0000000000000011       0x12 build/obj/chmemcore.o
 .comment       0x0000000000000011       0x12 build/obj/chmempools.o
 .comment       0x0000000000000011       0x12 build/obj/chcore.o
 .comment       0x0000000000000011       0x12 build/obj/osal.o
 .comment       0x0000000000000011       0x12 build/obj/hal.o
 .comment       0x0000000000000011       0x12 build/obj/hal_st.o
 .comment       0x0000000000000011       0x12 build/obj/hal_buffers.o
 .comment       0x0000000000000011       0x12 build/obj/hal_queues.o
 .comment       0x0000000000000011       0x12 build/obj/hal_mmcsd.o
 .comment       0x0000000000000011       0x12 build/obj/hal_gpt.o
 .comment       0x0000000000000011       0x12 build/obj/hal_pal.o
 .comment       0x0000000000000011       0x12 build/obj/hal_spi.o
 .comment       0x0000000000000011       0x12 build/obj/hal_uart.o
 .comment       0x0000000000000011       0x12 build/obj/hal_lld.o
 .comment       0x0000000000000011       0x12 build/obj/hal_st_lld.o
 .comment       0x0000000000000011       0x12 build/obj/hal_serial_lld.o
 .comment       0x0000000000000011       0x12 build/obj/hal_pal_lld.o
 .comment       0x0000000000000011       0x12 build/obj/hal_dma_lld.o
 .comment       0x0000000000000011       0x12 build/obj/hal_spi_lld.o
 .comment       0x0000000000000011       0x12 build/obj/hal_i2c_lld.o
 .comment       0x0000000000000011       0x12 build/obj/hal_uart_lld.o
 .comment       0x0000000000000011       0x12 build/obj/hal_gpt_lld.o
 .comment       0x0000000000000011       0x12 build/obj/hal_adc_lld.o
 .comment       0x0000000000000011       0x12 build/obj/board.o
 .comment       0x0000000000000011       0x12 build/obj/sx1278.o
 .comment       0x0000000000000011       0x12 build/obj/sx1212.o
 .comment       0x0000000000000011       0x12 build/obj/uart.o
 .comment       0x0000000000000011       0x12 build/obj/main.o
 .comment       0x0000000000000011       0x12 build/obj/mych.o
 .comment       0x0000000000000011       0x12 build/obj/cmds.o
 .comment       0x0000000000000011       0x12 build/obj/registers.o
 .comment       0x0000000000000011       0x12 build/obj/slip_uart_dll.o
 .comment       0x0000000000000011       0x12 build/obj/crc_x25.o
 .comment       0x0000000000000011       0x12 build/obj/crc_sdlp.o
 .comment       0x0000000000000011       0x12 build/obj/sdlp.o
 .comment       0x0000000000000011       0x12 build/obj/rf.o
 .comment       0x0000000000000011       0x12 build/obj/spp.o
 .comment       0x0000000000000011       0x12 build/obj/msp_vectors.o
 .comment       0x0000000000000011       0x12 build/obj/test.o
 .comment       0x0000000000000011       0x12 /home/awygle/toolchain/install/bin/../lib/gcc/msp430-elf/6.2.0/libgcc.a(lib2divSI.o)
 .comment       0x0000000000000011       0x12 /home/awygle/toolchain/install/bin/../lib/gcc/msp430-elf/6.2.0/libgcc.a(_udivdi3.o)
 .comment       0x0000000000000011       0x12 /home/awygle/toolchain/install/bin/../lib/gcc/msp430-elf/6.2.0/libgcc.a(_lshrdi3.o)
 .comment       0x0000000000000011       0x12 /home/awygle/toolchain/install/bin/../lib/gcc/msp430-elf/6.2.0/libgcc.a(_ashldi3.o)
 .comment       0x0000000000000011       0x12 /home/awygle/toolchain/install/bin/../lib/gcc/msp430-elf/6.2.0/libgcc.a(_clzdi2.o)
 .comment       0x0000000000000011       0x12 /home/awygle/toolchain/install/bin/../lib/gcc/msp430-elf/6.2.0/libgcc.a(_clz.o)
 .comment       0x0000000000000011       0x11 /home/awygle/toolchain/install/bin/../lib/gcc/msp430-elf/6.2.0/../../../../msp430-elf/lib/libc.a(lib_a-memcpy.o)
                                         0x12 (size before relaxing)
 .comment       0x0000000000000022       0x12 /home/awygle/toolchain/install/bin/../lib/gcc/msp430-elf/6.2.0/libgcc.a(_muldi3.o)
 .comment       0x0000000000000022       0x12 /home/awygle/toolchain/install/bin/../lib/gcc/msp430-elf/6.2.0/../../../../msp430-elf/lib/libc.a(lib_a-memmove.o)
 .comment       0x0000000000000022       0x12 /home/awygle/toolchain/install/bin/../lib/gcc/msp430-elf/6.2.0/../../../../msp430-elf/lib/libc.a(lib_a-memset.o)

.debug
 *(.debug)

.line
 *(.line)

.debug_srcinfo
 *(.debug_srcinfo)

.debug_sfnames
 *(.debug_sfnames)

.debug_aranges  0x0000000000000000     0x1490
 *(.debug_aranges)
 .debug_aranges
                0x0000000000000000       0x20 /home/awygle/toolchain/install/bin/../lib/gcc/msp430-elf/6.2.0/../../../../msp430-elf/lib/crt0-minrt.o
 .debug_aranges
                0x0000000000000020      0x148 build/obj/ch.o
 .debug_aranges
                0x0000000000000168       0x78 build/obj/chmboxes.o
 .debug_aranges
                0x00000000000001e0       0x38 build/obj/chmemcore.o
 .debug_aranges
                0x0000000000000218       0x78 build/obj/chmempools.o
 .debug_aranges
                0x0000000000000290       0x28 build/obj/chcore.o
 .debug_aranges
                0x00000000000002b8       0x28 build/obj/osal.o
 .debug_aranges
                0x00000000000002e0       0x20 build/obj/hal.o
 .debug_aranges
                0x0000000000000300       0x40 build/obj/hal_st.o
 .debug_aranges
                0x0000000000000340       0xd8 build/obj/hal_buffers.o
 .debug_aranges
                0x0000000000000418       0x78 build/obj/hal_queues.o
 .debug_aranges
                0x0000000000000490       0x18 build/obj/hal_mmcsd.o
 .debug_aranges
                0x00000000000004a8       0x88 build/obj/hal_gpt.o
 .debug_aranges
                0x0000000000000530       0x30 build/obj/hal_pal.o
 .debug_aranges
                0x0000000000000560       0xa0 build/obj/hal_spi.o
 .debug_aranges
                0x0000000000000600       0xa0 build/obj/hal_uart.o
 .debug_aranges
                0x00000000000006a0       0x20 build/obj/hal_lld.o
 .debug_aranges
                0x00000000000006c0       0x28 build/obj/hal_st_lld.o
 .debug_aranges
                0x00000000000006e8       0x18 build/obj/hal_serial_lld.o
 .debug_aranges
                0x0000000000000700       0x58 build/obj/hal_pal_lld.o
 .debug_aranges
                0x0000000000000758       0x68 build/obj/hal_dma_lld.o
 .debug_aranges
                0x00000000000007c0       0x78 build/obj/hal_spi_lld.o
 .debug_aranges
                0x0000000000000838       0x18 build/obj/hal_i2c_lld.o
 .debug_aranges
                0x0000000000000850       0x70 build/obj/hal_uart_lld.o
 .debug_aranges
                0x00000000000008c0       0x50 build/obj/hal_gpt_lld.o
 .debug_aranges
                0x0000000000000910       0x18 build/obj/hal_adc_lld.o
 .debug_aranges
                0x0000000000000928       0x20 build/obj/board.o
 .debug_aranges
                0x0000000000000948       0xb8 build/obj/sx1278.o
 .debug_aranges
                0x0000000000000a00       0xe0 build/obj/sx1212.o
 .debug_aranges
                0x0000000000000ae0       0x50 build/obj/uart.o
 .debug_aranges
                0x0000000000000b30       0x38 build/obj/main.o
 .debug_aranges
                0x0000000000000b68       0x20 build/obj/mych.o
 .debug_aranges
                0x0000000000000b88      0x218 build/obj/cmds.o
 .debug_aranges
                0x0000000000000da0       0x68 build/obj/registers.o
 .debug_aranges
                0x0000000000000e08       0x58 build/obj/slip_uart_dll.o
 .debug_aranges
                0x0000000000000e60       0x38 build/obj/crc_x25.o
 .debug_aranges
                0x0000000000000e98       0x28 build/obj/crc_sdlp.o
 .debug_aranges
                0x0000000000000ec0       0x80 build/obj/sdlp.o
 .debug_aranges
                0x0000000000000f40       0xa8 build/obj/rf.o
 .debug_aranges
                0x0000000000000fe8       0x98 build/obj/spp.o
 .debug_aranges
                0x0000000000001080      0x188 build/obj/msp_vectors.o
 .debug_aranges
                0x0000000000001208       0xd0 build/obj/test.o
 .debug_aranges
                0x00000000000012d8       0x40 /home/awygle/toolchain/install/bin/../lib/gcc/msp430-elf/6.2.0/libgcc.a(lib2divSI.o)
 .debug_aranges
                0x0000000000001318       0x20 /home/awygle/toolchain/install/bin/../lib/gcc/msp430-elf/6.2.0/libgcc.a(_udivdi3.o)
 .debug_aranges
                0x0000000000001338       0x20 /home/awygle/toolchain/install/bin/../lib/gcc/msp430-elf/6.2.0/libgcc.a(_lshrdi3.o)
 .debug_aranges