Archive member included to satisfy reference by file (symbol)

/home/awygle/toolchain/install/lib/gcc/msp430-elf/6.1.0/libgcc.a(lib2divSI.o)
                              build/obj/hal_serial_lld.o (__mspabi_divul)
/home/awygle/toolchain/install/lib/gcc/msp430-elf/6.1.0/libgcc.a(slli.o)
                              build/obj/hal_serial_lld.o (__mspabi_slli_4)
/home/awygle/toolchain/install/lib/gcc/msp430-elf/6.1.0/libgcc.a(srli.o)
                              build/obj/hal_serial_lld.o (__mspabi_srli_4)
/home/awygle/toolchain/install/lib/gcc/msp430-elf/6.1.0/libgcc.a(_udivdi3.o)
                              /home/awygle/toolchain/install/lib/gcc/msp430-elf/6.1.0/libgcc.a(lib2divSI.o) (__mspabi_divull)
/home/awygle/toolchain/install/lib/gcc/msp430-elf/6.1.0/libgcc.a(_lshrdi3.o)
                              /home/awygle/toolchain/install/lib/gcc/msp430-elf/6.1.0/libgcc.a(_udivdi3.o) (__lshrdi3)
/home/awygle/toolchain/install/lib/gcc/msp430-elf/6.1.0/libgcc.a(_ashldi3.o)
                              /home/awygle/toolchain/install/lib/gcc/msp430-elf/6.1.0/libgcc.a(_udivdi3.o) (__ashldi3)
/home/awygle/toolchain/install/lib/gcc/msp430-elf/6.1.0/libgcc.a(_clzdi2.o)
                              /home/awygle/toolchain/install/lib/gcc/msp430-elf/6.1.0/libgcc.a(_udivdi3.o) (__clzdi2)
/home/awygle/toolchain/install/lib/gcc/msp430-elf/6.1.0/libgcc.a(_clz.o)
                              /home/awygle/toolchain/install/lib/gcc/msp430-elf/6.1.0/libgcc.a(_clzdi2.o) (__clz_tab)
/home/awygle/toolchain/install/lib/gcc/msp430-elf/6.1.0/libmul_f5.a(lib2hw_mul_f5.o)
                              build/obj/hal_buffers.o (__mulhi2_f5)
/home/awygle/toolchain/install/lib/gcc/msp430-elf/6.1.0/../../../../msp430-elf/lib/libc.a(lib_a-memcpy.o)
                              build/obj/hal_buffers.o (memcpy)
/home/awygle/toolchain/install/lib/gcc/msp430-elf/6.1.0/../../../../msp430-elf/lib/libc.a(lib_a-strlen.o)
                              build/obj/main.o (strlen)
/home/awygle/toolchain/install/lib/gcc/msp430-elf/6.1.0/libgcc.a(_muldi3.o)
                              /home/awygle/toolchain/install/lib/gcc/msp430-elf/6.1.0/libmul_f5.a(lib2hw_mul_f5.o) (__mspabi_mpyll)
/home/awygle/toolchain/install/lib/gcc/msp430-elf/6.1.0/../../../../msp430-elf/lib/libcrt.a(crt_bss.o)
                              build/obj/ch.o (__crt0_init_bss)
/home/awygle/toolchain/install/lib/gcc/msp430-elf/6.1.0/../../../../msp430-elf/lib/libcrt.a(crt_movedata.o)
                              build/obj/main.o (__crt0_movedata)
/home/awygle/toolchain/install/lib/gcc/msp430-elf/6.1.0/../../../../msp430-elf/lib/libcrt.a(crt_main_minrt.o)
                              /home/awygle/toolchain/install/lib/gcc/msp430-elf/6.1.0/../../../../msp430-elf/lib/crt0-minrt.o (__crt0_call_just_main)
/home/awygle/toolchain/install/lib/gcc/msp430-elf/6.1.0/../../../../msp430-elf/lib/libc.a(lib_a-memmove.o)
                              /home/awygle/toolchain/install/lib/gcc/msp430-elf/6.1.0/../../../../msp430-elf/lib/libcrt.a(crt_movedata.o) (memmove)
/home/awygle/toolchain/install/lib/gcc/msp430-elf/6.1.0/../../../../msp430-elf/lib/libc.a(lib_a-memset.o)
                              /home/awygle/toolchain/install/lib/gcc/msp430-elf/6.1.0/../../../../msp430-elf/lib/libcrt.a(crt_bss.o) (memset)

Discarded input sections

 .text          0x0000000000000000        0x0 /home/awygle/toolchain/install/lib/gcc/msp430-elf/6.1.0/../../../../msp430-elf/lib/crt0-minrt.o
 .data          0x0000000000000000        0x0 /home/awygle/toolchain/install/lib/gcc/msp430-elf/6.1.0/../../../../msp430-elf/lib/crt0-minrt.o
 .bss           0x0000000000000000        0x0 /home/awygle/toolchain/install/lib/gcc/msp430-elf/6.1.0/../../../../msp430-elf/lib/crt0-minrt.o
 .text          0x0000000000000000        0x0 build/obj/ch.o
 .data          0x0000000000000000        0x0 build/obj/ch.o
 .bss           0x0000000000000000        0x0 build/obj/ch.o
 .text.port_get_irq_status
                0x0000000000000000        0xe build/obj/ch.o
 .text.port_irq_enabled
                0x0000000000000000       0x1e build/obj/ch.o
 .text.port_is_isr_context
                0x0000000000000000       0x20 build/obj/ch.o
 .text._dbg_check_disable
                0x0000000000000000       0x1c build/obj/ch.o
 .text._dbg_check_enable
                0x0000000000000000       0x1c build/obj/ch.o
 .text.chSysUnconditionalLock
                0x0000000000000000       0x1c build/obj/ch.o
 .text.chSysUnconditionalUnlock
                0x0000000000000000       0x22 build/obj/ch.o
 .text.chSysGetStatusAndLockX
                0x0000000000000000       0x3e build/obj/ch.o
 .text.chSysRestoreStatusX
                0x0000000000000000       0x3e build/obj/ch.o
 .text.chSchRescheduleS
                0x0000000000000000       0x18 build/obj/ch.o
 .text.chThdSleepUntil
                0x0000000000000000       0x2c build/obj/ch.o
 .text.chSemWaitTimeout
                0x0000000000000000       0x34 build/obj/ch.o
 .text.chSemSignal
[...]
Memory Configuration

Name             Origin             Length             Attributes
SFR              0x0000000000000000 0x0000000000000010
PERIPHERAL_8BIT  0x0000000000000010 0x00000000000000f0
PERIPHERAL_16BIT 0x0000000000000100 0x0000000000000100
RAM              0x0000000000001c00 0x0000000000000800
INFOMEM          0x0000000000001800 0x0000000000000200
INFOA            0x0000000000001980 0x0000000000000080
INFOB            0x0000000000001900 0x0000000000000080
INFOC            0x0000000000001880 0x0000000000000080
INFOD            0x0000000000001800 0x0000000000000080
FRAM             0x0000000000004400 0x000000000000bb80 xrw
VECT1            0x000000000000ff90 0x0000000000000002
VECT2            0x000000000000ff92 0x0000000000000002
VECT3            0x000000000000ff94 0x0000000000000002
VECT4            0x000000000000ff96 0x0000000000000002
VECT5            0x000000000000ff98 0x0000000000000002
VECT6            0x000000000000ff9a 0x0000000000000002
VECT7            0x000000000000ff9c 0x0000000000000002
VECT8            0x000000000000ff9e 0x0000000000000002
VECT9            0x000000000000ffa0 0x0000000000000002
VECT10           0x000000000000ffa2 0x0000000000000002
VECT11           0x000000000000ffa4 0x0000000000000002
VECT12           0x000000000000ffa6 0x0000000000000002
VECT13           0x000000000000ffa8 0x0000000000000002
VECT14           0x000000000000ffaa 0x0000000000000002
VECT15           0x000000000000ffac 0x0000000000000002
VECT16           0x000000000000ffae 0x0000000000000002
VECT17           0x000000000000ffb0 0x0000000000000002
VECT18           0x000000000000ffb2 0x0000000000000002
VECT19           0x000000000000ffb4 0x0000000000000002
VECT20           0x000000000000ffb6 0x0000000000000002
VECT21           0x000000000000ffb8 0x0000000000000002
VECT22           0x000000000000ffba 0x0000000000000002
VECT23           0x000000000000ffbc 0x0000000000000002
VECT24           0x000000000000ffbe 0x0000000000000002
VECT25           0x000000000000ffc0 0x0000000000000002
VECT26           0x000000000000ffc2 0x0000000000000002
VECT27           0x000000000000ffc4 0x0000000000000002
VECT28           0x000000000000ffc6 0x0000000000000002
VECT29           0x000000000000ffc8 0x0000000000000002
VECT30           0x000000000000ffca 0x0000000000000002
VECT31           0x000000000000ffcc 0x0000000000000002
VECT32           0x000000000000ffce 0x0000000000000002
VECT33           0x000000000000ffd0 0x0000000000000002
VECT34           0x000000000000ffd2 0x0000000000000002
VECT35           0x000000000000ffd4 0x0000000000000002
VECT36           0x000000000000ffd6 0x0000000000000002
VECT37           0x000000000000ffd8 0x0000000000000002
VECT38           0x000000000000ffda 0x0000000000000002
VECT39           0x000000000000ffdc 0x0000000000000002
VECT40           0x000000000000ffde 0x0000000000000002
VECT41           0x000000000000ffe0 0x0000000000000002
VECT42           0x000000000000ffe2 0x0000000000000002
VECT43           0x000000000000ffe4 0x0000000000000002
VECT44           0x000000000000ffe6 0x0000000000000002
VECT45           0x000000000000ffe8 0x0000000000000002
VECT46           0x000000000000ffea 0x0000000000000002
VECT47           0x000000000000ffec 0x0000000000000002
VECT48           0x000000000000ffee 0x0000000000000002
VECT49           0x000000000000fff0 0x0000000000000002
VECT50           0x000000000000fff2 0x0000000000000002
VECT51           0x000000000000fff4 0x0000000000000002
VECT52           0x000000000000fff6 0x0000000000000002
VECT53           0x000000000000fff8 0x0000000000000002
VECT54           0x000000000000fffa 0x0000000000000002
VECT55           0x000000000000fffc 0x0000000000000002
RESETVEC         0x000000000000fffe 0x0000000000000002
BSL              0x0000000000001000 0x0000000000000800
HIFRAM           0x0000000000010000 0x0000000000003fff xrw
*default*        0x0000000000000000 0xffffffffffffffff

Linker script and memory map

LOAD /home/awygle/toolchain/install/lib/gcc/msp430-elf/6.1.0/../../../../msp430-elf/lib/crt0-minrt.o

__interrupt_vector_1
                0x000000000000ff90        0x2
 *(__interrupt_vector_1)
 __interrupt_vector_1
                0x000000000000ff90        0x2 build/obj/msp_vectors.o

__interrupt_vector_2
                0x000000000000ff92        0x2
 *(__interrupt_vector_2)
 __interrupt_vector_2
                0x000000000000ff92        0x2 build/obj/msp_vectors.o

__interrupt_vector_3
                0x000000000000ff94        0x2
 *(__interrupt_vector_3)
 __interrupt_vector_3
                0x000000000000ff94        0x2 build/obj/msp_vectors.o

__interrupt_vector_4
                0x000000000000ff96        0x2
 *(__interrupt_vector_4)
 __interrupt_vector_4
                0x000000000000ff96        0x2 build/obj/msp_vectors.o

__interrupt_vector_5
                0x000000000000ff98        0x2
 *(__interrupt_vector_5)
 __interrupt_vector_5
                0x000000000000ff98        0x2 build/obj/msp_vectors.o

__interrupt_vector_6
                0x000000000000ff9a        0x2
 *(__interrupt_vector_6)
 __interrupt_vector_6
                0x000000000000ff9a        0x2 build/obj/msp_vectors.o

__interrupt_vector_7
                0x000000000000ff9c        0x2
 *(__interrupt_vector_7)
 __interrupt_vector_7
                0x000000000000ff9c        0x2 build/obj/msp_vectors.o

__interrupt_vector_8
                0x000000000000ff9e        0x2
 *(__interrupt_vector_8)
 __interrupt_vector_8
                0x000000000000ff9e        0x2 build/obj/msp_vectors.o

__interrupt_vector_9
                0x000000000000ffa0        0x2
 *(__interrupt_vector_9)
 __interrupt_vector_9
                0x000000000000ffa0        0x2 build/obj/msp_vectors.o

__interrupt_vector_10
                0x000000000000ffa2        0x2
 *(__interrupt_vector_10)
 __interrupt_vector_10
                0x000000000000ffa2        0x2 build/obj/msp_vectors.o

__interrupt_vector_11
                0x000000000000ffa4        0x2
 *(__interrupt_vector_11)
 __interrupt_vector_11
                0x000000000000ffa4        0x2 build/obj/msp_vectors.o

__interrupt_vector_12
                0x000000000000ffa6        0x2
 *(__interrupt_vector_12)
 __interrupt_vector_12
                0x000000000000ffa6        0x2 build/obj/msp_vectors.o

__interrupt_vector_13
                0x000000000000ffa8        0x2
 *(__interrupt_vector_13)
 __interrupt_vector_13
                0x000000000000ffa8        0x2 build/obj/msp_vectors.o

__interrupt_vector_14
                0x000000000000ffaa        0x2
 *(__interrupt_vector_14)
 __interrupt_vector_14
                0x000000000000ffaa        0x2 build/obj/msp_vectors.o

__interrupt_vector_15
                0x000000000000ffac        0x2
 *(__interrupt_vector_15)
 __interrupt_vector_15
                0x000000000000ffac        0x2 build/obj/msp_vectors.o

__interrupt_vector_16
                0x000000000000ffae        0x2
 *(__interrupt_vector_16)
 __interrupt_vector_16
                0x000000000000ffae        0x2 build/obj/msp_vectors.o

__interrupt_vector_17
                0x000000000000ffb0        0x2
 *(__interrupt_vector_17)
 __interrupt_vector_17
                0x000000000000ffb0        0x2 build/obj/msp_vectors.o

__interrupt_vector_18
                0x000000000000ffb2        0x2
 *(__interrupt_vector_18)
 __interrupt_vector_18
                0x000000000000ffb2        0x2 build/obj/msp_vectors.o

__interrupt_vector_19
                0x000000000000ffb4        0x2
 *(__interrupt_vector_19)
 __interrupt_vector_19
                0x000000000000ffb4        0x2 build/obj/msp_vectors.o

__interrupt_vector_20
                0x000000000000ffb6        0x2
 *(__interrupt_vector_20)
 __interrupt_vector_20
                0x000000000000ffb6        0x2 build/obj/msp_vectors.o

__interrupt_vector_21
                0x000000000000ffb8        0x2
 *(__interrupt_vector_21)
 __interrupt_vector_21
                0x000000000000ffb8        0x2 build/obj/msp_vectors.o

__interrupt_vector_22
                0x000000000000ffba        0x2
 *(__interrupt_vector_22)
 __interrupt_vector_22
                0x000000000000ffba        0x2 build/obj/msp_vectors.o

__interrupt_vector_23
                0x000000000000ffbc        0x2
 *(__interrupt_vector_23)
 __interrupt_vector_23
                0x000000000000ffbc        0x2 build/obj/msp_vectors.o

__interrupt_vector_24
                0x000000000000ffbe        0x2
 *(__interrupt_vector_24)
 __interrupt_vector_24
                0x000000000000ffbe        0x2 build/obj/msp_vectors.o

__interrupt_vector_25
                0x000000000000ffc0        0x2
 *(__interrupt_vector_25)
 __interrupt_vector_25
                0x000000000000ffc0        0x2 build/obj/msp_vectors.o

__interrupt_vector_26
                0x000000000000ffc2        0x2
 *(__interrupt_vector_26)
 __interrupt_vector_26
                0x000000000000ffc2        0x2 build/obj/msp_vectors.o

__interrupt_vector_27
                0x000000000000ffc4        0x2
 *(__interrupt_vector_27)
 __interrupt_vector_27
                0x000000000000ffc4        0x2 build/obj/msp_vectors.o

__interrupt_vector_28
                0x000000000000ffc6        0x2
 *(__interrupt_vector_28)
 __interrupt_vector_28
                0x000000000000ffc6        0x2 build/obj/msp_vectors.o

__interrupt_vector_29
                0x000000000000ffc8        0x2
 *(__interrupt_vector_29)
 __interrupt_vector_29
                0x000000000000ffc8        0x2 build/obj/msp_vectors.o

__interrupt_vector_30
                0x000000000000ffca        0x2
 *(__interrupt_vector_30)
 __interrupt_vector_30
                0x000000000000ffca        0x2 build/obj/msp_vectors.o

__interrupt_vector_31
                0x000000000000ffcc        0x2
 *(__interrupt_vector_31)
 __interrupt_vector_31
                0x000000000000ffcc        0x2 build/obj/msp_vectors.o
 *(__interrupt_vector_aes256)

__interrupt_vector_32
                0x000000000000ffce        0x2
 *(__interrupt_vector_32)
 __interrupt_vector_32
                0x000000000000ffce        0x2 build/obj/msp_vectors.o
 *(__interrupt_vector_rtc)

__interrupt_vector_33
                0x000000000000ffd0        0x2
 *(__interrupt_vector_33)
 __interrupt_vector_33
                0x000000000000ffd0        0x2 build/obj/msp_vectors.o
 *(__interrupt_vector_port4)

__interrupt_vector_34
                0x000000000000ffd2        0x2
 *(__interrupt_vector_34)
 __interrupt_vector_34
                0x000000000000ffd2        0x2 build/obj/msp_vectors.o
 *(__interrupt_vector_port3)

__interrupt_vector_35
                0x000000000000ffd4        0x2
 *(__interrupt_vector_35)
 __interrupt_vector_35
                0x000000000000ffd4        0x2 build/obj/msp_vectors.o
 *(__interrupt_vector_timer3_a1)

__interrupt_vector_36
                0x000000000000ffd6        0x2
 *(__interrupt_vector_36)
 __interrupt_vector_36
                0x000000000000ffd6        0x2 build/obj/msp_vectors.o
 *(__interrupt_vector_timer3_a0)

__interrupt_vector_37
                0x000000000000ffd8        0x2
 *(__interrupt_vector_37)
 __interrupt_vector_37
                0x000000000000ffd8        0x2 build/obj/msp_vectors.o
 *(__interrupt_vector_port2)

__interrupt_vector_38
                0x000000000000ffda        0x2
 *(__interrupt_vector_38)
 __interrupt_vector_38
                0x000000000000ffda        0x2 build/obj/msp_vectors.o
 *(__interrupt_vector_timer2_a1)

__interrupt_vector_39
                0x000000000000ffdc        0x2
 *(__interrupt_vector_39)
 __interrupt_vector_39
                0x000000000000ffdc        0x2 build/obj/msp_vectors.o
 *(__interrupt_vector_timer2_a0)

__interrupt_vector_40
                0x000000000000ffde        0x2
 *(__interrupt_vector_40)
 __interrupt_vector_40
                0x000000000000ffde        0x2 build/obj/msp_vectors.o
 *(__interrupt_vector_port1)

__interrupt_vector_41
                0x000000000000ffe0        0x2
 *(__interrupt_vector_41)
 __interrupt_vector_41
                0x000000000000ffe0        0x2 build/obj/msp_vectors.o
 *(__interrupt_vector_timer1_a1)

__interrupt_vector_42
                0x000000000000ffe2        0x2
 *(__interrupt_vector_42)
 __interrupt_vector_42
                0x000000000000ffe2        0x2 build/obj/msp_vectors.o
 *(__interrupt_vector_timer1_a0)

__interrupt_vector_43
                0x000000000000ffe4        0x2
 *(__interrupt_vector_43)
 __interrupt_vector_43
                0x000000000000ffe4        0x2 build/obj/hal_dma_lld.o
 *(__interrupt_vector_dma)

__interrupt_vector_44
                0x000000000000ffe6        0x2
 *(__interrupt_vector_44)
 __interrupt_vector_44
                0x000000000000ffe6        0x2 build/obj/msp_vectors.o
 *(__interrupt_vector_usci_a1)

__interrupt_vector_45
                0x000000000000ffe8        0x2
 *(__interrupt_vector_45)
 __interrupt_vector_45
                0x000000000000ffe8        0x2 build/obj/msp_vectors.o
 *(__interrupt_vector_timer0_a1)

__interrupt_vector_46
                0x000000000000ffea        0x2
 *(__interrupt_vector_46)
 __interrupt_vector_46
                0x000000000000ffea        0x2 build/obj/msp_vectors.o
 *(__interrupt_vector_timer0_a0)

__interrupt_vector_47
                0x000000000000ffec        0x2
 *(__interrupt_vector_47)
 __interrupt_vector_47
                0x000000000000ffec        0x2 build/obj/msp_vectors.o
 *(__interrupt_vector_adc12)

__interrupt_vector_48
                0x000000000000ffee        0x2
 *(__interrupt_vector_48)
 __interrupt_vector_48
                0x000000000000ffee        0x2 build/obj/msp_vectors.o
 *(__interrupt_vector_usci_b0)

__interrupt_vector_49
                0x000000000000fff0        0x2
 *(__interrupt_vector_49)
 __interrupt_vector_49
                0x000000000000fff0        0x2 build/obj/hal_serial_lld.o
 *(__interrupt_vector_usci_a0)

__interrupt_vector_50
                0x000000000000fff2        0x2
 *(__interrupt_vector_50)
 __interrupt_vector_50
                0x000000000000fff2        0x2 build/obj/msp_vectors.o
 *(__interrupt_vector_wdt)

__interrupt_vector_51
                0x000000000000fff4        0x2
 *(__interrupt_vector_51)
 __interrupt_vector_51
                0x000000000000fff4        0x2 build/obj/msp_vectors.o
 *(__interrupt_vector_timer0_b1)

__interrupt_vector_52
                0x000000000000fff6        0x2
 *(__interrupt_vector_52)
 __interrupt_vector_52
                0x000000000000fff6        0x2 build/obj/hal_st_lld.o
 *(__interrupt_vector_timer0_b0)

__interrupt_vector_53
                0x000000000000fff8        0x2
 *(__interrupt_vector_53)
 __interrupt_vector_53
                0x000000000000fff8        0x2 build/obj/msp_vectors.o
 *(__interrupt_vector_comp_e)

__interrupt_vector_54
                0x000000000000fffa        0x2
 *(__interrupt_vector_54)
 __interrupt_vector_54
                0x000000000000fffa        0x2 build/obj/msp_vectors.o
 *(__interrupt_vector_unmi)

__interrupt_vector_55
                0x000000000000fffc        0x2
 *(__interrupt_vector_55)
 __interrupt_vector_55
                0x000000000000fffc        0x2 build/obj/msp_vectors.o
 *(__interrupt_vector_sysnmi)

__reset_vector  0x000000000000fffe        0x2
 *(__interrupt_vector_56)
 *(__interrupt_vector_reset)
 *(.resetvec)
 .resetvec      0x000000000000fffe        0x2 /home/awygle/toolchain/install/lib/gcc/msp430-elf/6.1.0/../../../../msp430-elf/lib/crt0-minrt.o

.stack          0x0000000000004400      0xc00
                0x0000000000004400                __main_thread_stack_base__ = .
 *(.stack)
                0x0000000000005000                . = (. + __idle_stack_size__)
 *fill*         0x0000000000004400      0xc00 
                0x0000000000005000                PROVIDE (__stack, .)
                0x0000000000005000                . = ALIGN (0x2)
                0x0000000000005000                __main_thread_stack_end__ = .

.rodata         0x0000000000005000      0x168
                0x0000000000005000                . = ALIGN (0x2)
 *(.plt)
 *(.rodata .rodata.* .gnu.linkonce.r.* .const .const:*)
 .rodata        0x0000000000005000       0x39 build/obj/ch.o
 *fill*         0x0000000000005039        0x1 
 .rodata.vmt    0x000000000000503a       0x10 build/obj/hal_serial.o
 .rodata.default_config
                0x000000000000504a        0x4 build/obj/hal_serial_lld.o
 .rodata.dummytx
                0x000000000000504e        0x2 build/obj/hal_spi_lld.o
 .rodata.pal_default_config
                0x0000000000005050       0x2a build/obj/board.o
                0x0000000000005050                pal_default_config
 .rodata        0x000000000000507a       0x91 build/obj/main.o
 *fill*         0x000000000000510b        0x1 
 .rodata.nil_thd_configs
                0x000000000000510c       0x14 build/obj/main.o
                0x000000000000510c                nil_thd_configs
 *(.rodata1)
 *(.lower.rodata.* .lower.rodata)
 *(.eh_frame_hdr)
 *(.eh_frame)
 .eh_frame      0x0000000000005120       0x44 /home/awygle/toolchain/install/lib/gcc/msp430-elf/6.1.0/libgcc.a(_udivdi3.o)
 *(.gcc_except_table)
 *(.gcc_except_table.*)
                [!provide]                        PROVIDE (__preinit_array_start, .)
 *(.preinit_array)
                [!provide]                        PROVIDE (__preinit_array_end, .)
                [!provide]                        PROVIDE (__init_array_start, .)
 *(SORT(.init_array.*))
 *(.init_array)
                [!provide]                        PROVIDE (__init_array_end, .)
                [!provide]                        PROVIDE (__fini_array_start, .)
 *(.fini_array)
 *(SORT(.fini_array.*))
                [!provide]                        PROVIDE (__fini_array_end, .)
                0x0000000000005164        0x4 LONG 0x0
 *crtbegin*.o(.ctors)
 *(EXCLUDE_FILE(*crtend*.o) .ctors)
 *(SORT(.ctors.*))
 *(.ctors)
 *crtbegin*.o(.dtors)
 *(EXCLUDE_FILE(*crtend*.o) .dtors)
 *(SORT(.dtors.*))
 *(.dtors)

.data           0x0000000000005168       0x14
                0x0000000000005168                . = ALIGN (0x2)
                0x0000000000005168                PROVIDE (__datastart, .)
 *(.jcr)
 *(.data.rel.ro.local)
 *(.data.rel.ro*)
 *(.dynamic)
 *(.data .data.* .gnu.linkonce.d.*)
 .data.start_msg
                0x0000000000005168        0x2 build/obj/main.o
                0x0000000000005168                start_msg
 .data.test_2_msg
                0x000000000000516a        0x2 build/obj/main.o
                0x000000000000516a                test_2_msg
 .data.succeed_string
                0x000000000000516c        0x2 build/obj/main.o
                0x000000000000516c                succeed_string
 .data.fail_string
                0x000000000000516e        0x2 build/obj/main.o
                0x000000000000516e                fail_string
 .data.SPIDA1_config
                0x0000000000005170        0xc build/obj/main.o
                0x0000000000005170                SPIDA1_config
 *(.gnu.linkonce.d.*personality*)
 *(.data1)
 *(.got.plt)
 *(.got)
                0x000000000000517c                . = ALIGN (0x2)
 *(.sdata .sdata.* .gnu.linkonce.s.* D_2 D_1)
                0x000000000000517c                . = ALIGN (0x2)
 *(.lower.data.* .lower.data)
                0x000000000000517c                . = ALIGN (0x2)
                0x000000000000517c                _edata = .
                [!provide]                        PROVIDE (edata, .)
                [!provide]                        PROVIDE (__dataend, .)
                0x0000000000005168                PROVIDE (__romdatastart, LOADADDR (.data))
                0x0000000000000014                PROVIDE (__romdatacopysize, SIZEOF (.data))

.bss            0x000000000000517c      0x91a
                0x000000000000517c                . = ALIGN (0x2)
                0x000000000000517c                PROVIDE (__bssstart, .)
 *(.dynbss)
 *(.sbss .sbss.*)
 *(.bss .bss.* .gnu.linkonce.b.*)
 .bss.nil       0x000000000000517c       0x24 build/obj/ch.o
                0x000000000000517c                nil
 .bss.nextmem   0x00000000000051a0        0x2 build/obj/chmemcore.o
 .bss.endmem    0x00000000000051a2        0x2 build/obj/chmemcore.o
 .bss.default_heap
                0x00000000000051a4        0x8 build/obj/chheap.o
 .bss.SD0       0x00000000000051ac       0x4c build/obj/hal_serial_lld.o
                0x00000000000051ac                SD0
 .bss.callbacks
                0x00000000000051f8        0xc build/obj/hal_dma_lld.o
 .bss.dma_lock  0x0000000000005204        0x2 build/obj/hal_dma_lld.o
 .bss.SPIDA1    0x0000000000005206       0x2e build/obj/hal_spi_lld.o
                0x0000000000005206                SPIDA1
 .bss.SPIDB0    0x0000000000005234       0x2e build/obj/hal_spi_lld.o
                0x0000000000005234                SPIDB0
 .bss.dummyrx   0x0000000000005262        0x2 build/obj/hal_spi_lld.o
 .bss.waThread2
                0x0000000000005264      0x830 build/obj/main.o
                0x0000000000005264                waThread2
 .bss.buf.3718  0x0000000000005a94        0x1 build/obj/main.o
 *(.lower.bss.* .lower.bss)
                0x0000000000005a96                . = ALIGN (0x2)
 *fill*         0x0000000000005a95        0x1 
 *(COMMON)
                [!provide]                        PROVIDE (__bssend, .)
                0x000000000000091a                PROVIDE (__bsssize, SIZEOF (.bss))

.noinit         0x0000000000005a96        0x0
                0x0000000000005a96                . = ALIGN (0x2)
                [!provide]                        PROVIDE (__noinit_start, .)
 *(.noinit)
                0x0000000000005a96                . = ALIGN (0x2)
                [!provide]                        PROVIDE (__noinit_end, .)
                0x0000000000005a96                _end = .
                [!provide]                        PROVIDE (end, .)

.text           0x0000000000005a96     0x25e2
                0x0000000000005a96                PROVIDE (_start, .)
                0x0000000000005a96                . = ALIGN (0x2)
 *(SORT(.crt_*))
 .crt_0000start
                0x0000000000005a96        0x4 /home/awygle/toolchain/install/lib/gcc/msp430-elf/6.1.0/../../../../msp430-elf/lib/crt0-minrt.o
                0x0000000000005a96                __crt0_start
 .crt_0100init_bss
                0x0000000000005a9a        0xe /home/awygle/toolchain/install/lib/gcc/msp430-elf/6.1.0/../../../../msp430-elf/lib/libcrt.a(crt_bss.o)
                0x0000000000005a9a                __crt0_init_bss
 .crt_0300movedata
                0x0000000000005aa8       0x14 /home/awygle/toolchain/install/lib/gcc/msp430-elf/6.1.0/../../../../msp430-elf/lib/libcrt.a(crt_movedata.o)
                0x0000000000005aa8                __crt0_movedata
 .crt_0600call_just_main
                0x0000000000005abc        0x6 /home/awygle/toolchain/install/lib/gcc/msp430-elf/6.1.0/../../../../msp430-elf/lib/libcrt.a(crt_main_minrt.o)
                0x0000000000005abc                __crt0_call_just_main
                0x0000000000005ac2                . = ALIGN (0x2)
 *(.lowtext)
                0x0000000000005ac2                . = ALIGN (0x2)
 *(.lower.text.* .lower.text)
                0x0000000000005ac2                . = ALIGN (0x2)
 *(.text .stub .text.* .gnu.linkonce.t.* .text:*)
 .text.port_init
                0x0000000000005ac2        0x4 build/obj/ch.o
 .text.port_lock
                0x0000000000005ac6        0x8 build/obj/ch.o
 .text.port_unlock
                0x0000000000005ace        0xa build/obj/ch.o
 .text.port_lock_from_isr
                0x0000000000005ad8        0x4 build/obj/ch.o
 .text.port_unlock_from_isr
                0x0000000000005adc        0x4 build/obj/ch.o
 .text.port_disable
                0x0000000000005ae0        0x8 build/obj/ch.o
 .text.port_suspend
                0x0000000000005ae8        0x8 build/obj/ch.o
 .text._dbg_check_suspend
                0x0000000000005af0       0x1c build/obj/ch.o
                0x0000000000005af0                _dbg_check_suspend
 .text._dbg_check_lock
                0x0000000000005b0c       0x20 build/obj/ch.o
                0x0000000000005b0c                _dbg_check_lock
 .text._dbg_check_unlock
                0x0000000000005b2c       0x22 build/obj/ch.o
                0x0000000000005b2c                _dbg_check_unlock
 .text._dbg_check_lock_from_isr
                0x0000000000005b4e       0x22 build/obj/ch.o
                0x0000000000005b4e                _dbg_check_lock_from_isr
 .text._dbg_check_unlock_from_isr
                0x0000000000005b70       0x24 build/obj/ch.o
                0x0000000000005b70                _dbg_check_unlock_from_isr
 .text._dbg_check_enter_isr
                0x0000000000005b94       0x2e build/obj/ch.o
                0x0000000000005b94                _dbg_check_enter_isr
 .text._dbg_check_leave_isr
                0x0000000000005bc2       0x30 build/obj/ch.o
                0x0000000000005bc2                _dbg_check_leave_isr
 .text.chDbgCheckClassI
                0x0000000000005bf2       0x1e build/obj/ch.o
                0x0000000000005bf2                chDbgCheckClassI
 .text.chDbgCheckClassS
                0x0000000000005c10       0x1e build/obj/ch.o
                0x0000000000005c10                chDbgCheckClassS
 .text.chSysInit
                0x0000000000005c2e       0xc0 build/obj/ch.o
                0x0000000000005c2e                chSysInit
 .text.chSysHalt
                0x0000000000005cee       0x10 build/obj/ch.o
                0x0000000000005cee                chSysHalt
 .text.chSysTimerHandlerI
                0x0000000000005cfe       0x8e build/obj/ch.o
                0x0000000000005cfe                chSysTimerHandlerI
 .text.chSchReadyI
                0x0000000000005d8c       0x3e build/obj/ch.o
                0x0000000000005d8c                chSchReadyI
 .text.chSchIsPreemptionRequired
                0x0000000000005dca       0x1c build/obj/ch.o
                0x0000000000005dca                chSchIsPreemptionRequired
 .text.chSchDoReschedule
                0x0000000000005de6       0x20 build/obj/ch.o
                0x0000000000005de6                chSchDoReschedule
 .text.chSchGoSleepTimeoutS
                0x0000000000005e06       0x68 build/obj/ch.o
                0x0000000000005e06                chSchGoSleepTimeoutS
 .text.chThdSuspendTimeoutS
                0x0000000000005e6e       0x2c build/obj/ch.o
                0x0000000000005e6e                chThdSuspendTimeoutS
 .text.chThdResumeI
                0x0000000000005e9a       0x38 build/obj/ch.o
                0x0000000000005e9a                chThdResumeI
 .text.chThdSleep
                0x0000000000005ed2       0x24 build/obj/ch.o
                0x0000000000005ed2                chThdSleep
 .text.chSemWaitTimeoutS
                0x0000000000005ef6       0x64 build/obj/ch.o
                0x0000000000005ef6                chSemWaitTimeoutS
 .text.chSemSignalI
                0x0000000000005f5a       0x46 build/obj/ch.o
                0x0000000000005f5a                chSemSignalI
 .text.port_lock
                0x0000000000005fa0        0x8 build/obj/chmemcore.o
 .text.port_unlock
                0x0000000000005fa8        0xa build/obj/chmemcore.o
 .text.chCoreAllocAlignedI
                0x0000000000005fb2       0x64 build/obj/chmemcore.o
                0x0000000000005fb2                chCoreAllocAlignedI
 .text.chCoreAllocAligned
                0x0000000000006016       0x34 build/obj/chmemcore.o
                0x0000000000006016                chCoreAllocAligned
 .text._heap_init
                0x000000000000604a       0x16 build/obj/chheap.o
                0x000000000000604a                _heap_init
 .text.port_unlock
                0x0000000000006060        0xa build/obj/chcore.o
 .text._port_switch
                0x000000000000606a        0xe build/obj/chcore.o
                0x000000000000606a                _port_switch
 .text._port_thread_start
                0x0000000000006078       0x16 build/obj/chcore.o
                0x0000000000006078                _port_thread_start
 .text.osalThreadDequeueNextI
                0x000000000000608e       0x58 build/obj/osal.o
                0x000000000000608e                osalThreadDequeueNextI
 .text.osalInit
                0x00000000000060e6        0x4 build/obj/hal.o
 .text.halInit  0x00000000000060ea       0x24 build/obj/hal.o
                0x00000000000060ea                halInit
 .text.stInit   0x000000000000610e        0x8 build/obj/hal_st.o
                0x000000000000610e                stInit
 .text.port_lock
                0x0000000000006116        0x8 build/obj/hal_queues.o
 .text.port_unlock
                0x000000000000611e        0xa build/obj/hal_queues.o
 .text.osalSysLock
                0x0000000000006128        0xc build/obj/hal_queues.o
 .text.osalSysUnlock
                0x0000000000006134        0xc build/obj/hal_queues.o
 .text.osalOsGetSystemTimeX
                0x0000000000006140        0x6 build/obj/hal_queues.o
 .text.osalThreadQueueObjectInit
                0x0000000000006146       0x12 build/obj/hal_queues.o
 .text.osalThreadEnqueueTimeoutS
                0x0000000000006158       0x18 build/obj/hal_queues.o
 .text.iqObjectInit
                0x0000000000006170       0x68 build/obj/hal_queues.o
                0x0000000000006170                iqObjectInit
 .text.iqPutI   0x00000000000061d8       0xa4 build/obj/hal_queues.o
                0x00000000000061d8                iqPutI
 .text.iqGetTimeout
                0x000000000000627c       0xb0 build/obj/hal_queues.o
                0x000000000000627c                iqGetTimeout
 .text.iqReadTimeout
                0x000000000000632c      0x12e build/obj/hal_queues.o
                0x000000000000632c                iqReadTimeout
 .text.oqObjectInit
                0x000000000000645a       0x6a build/obj/hal_queues.o
                0x000000000000645a                oqObjectInit
 .text.oqPutTimeout
                0x00000000000064c4       0xb4 build/obj/hal_queues.o
                0x00000000000064c4                oqPutTimeout
 .text.oqGetI   0x0000000000006578       0x88 build/obj/hal_queues.o
                0x0000000000006578                oqGetI
 .text.oqWriteTimeout
                0x0000000000006600      0x12e build/obj/hal_queues.o
                0x0000000000006600                oqWriteTimeout
 .text.port_lock
                0x000000000000672e        0x8 build/obj/hal_serial.o
 .text.port_unlock
                0x0000000000006736        0xa build/obj/hal_serial.o
 .text.osalSysLock
                0x0000000000006740        0xc build/obj/hal_serial.o
 .text.osalSysUnlock
                0x000000000000674c        0xc build/obj/hal_serial.o
 .text.osalEventObjectInit
                0x0000000000006758       0x22 build/obj/hal_serial.o
 .text.osalEventBroadcastFlagsI
                0x000000000000677a       0x56 build/obj/hal_serial.o
 .text.write    0x00000000000067d0       0x2a build/obj/hal_serial.o
 .text.read     0x00000000000067fa       0x2a build/obj/hal_serial.o
 .text.put      0x0000000000006824       0x20 build/obj/hal_serial.o
 .text.get      0x0000000000006844       0x16 build/obj/hal_serial.o
 .text.putt     0x000000000000685a       0x28 build/obj/hal_serial.o
 .text.gett     0x0000000000006882       0x1c build/obj/hal_serial.o
 .text.writet   0x000000000000689e       0x2c build/obj/hal_serial.o
 .text.readt    0x00000000000068ca       0x2c build/obj/hal_serial.o
 .text.sdInit   0x00000000000068f6        0x8 build/obj/hal_serial.o
                0x00000000000068f6                sdInit
 .text.sdObjectInit
                0x00000000000068fe       0x74 build/obj/hal_serial.o
                0x00000000000068fe                sdObjectInit
 .text.sdStart  0x0000000000006972       0x2a build/obj/hal_serial.o
                0x0000000000006972                sdStart
 .text.sdIncomingDataI
                0x000000000000699c       0x52 build/obj/hal_serial.o
                0x000000000000699c                sdIncomingDataI
 .text.sdRequestDataI
                0x00000000000069ee       0x32 build/obj/hal_serial.o
                0x00000000000069ee                sdRequestDataI
 .text.port_lock
                0x0000000000006a20        0x8 build/obj/hal_spi.o
 .text.port_unlock
                0x0000000000006a28        0xa build/obj/hal_spi.o
 .text.osalSysLock
                0x0000000000006a32        0xc build/obj/hal_spi.o
 .text.osalSysUnlock
                0x0000000000006a3e        0xc build/obj/hal_spi.o
 .text.osalThreadSuspendS
                0x0000000000006a4a       0x12 build/obj/hal_spi.o
 .text.spiInit  0x0000000000006a5c        0x8 build/obj/hal_spi.o
                0x0000000000006a5c                spiInit
 .text.spiObjectInit
                0x0000000000006a64       0x1e build/obj/hal_spi.o
                0x0000000000006a64                spiObjectInit
 .text.spiStart
                0x0000000000006a82       0x30 build/obj/hal_spi.o
                0x0000000000006a82                spiStart
 .text.spiSelect
                0x0000000000006ab2       0x1a build/obj/hal_spi.o
                0x0000000000006ab2                spiSelect
 .text.spiUnselect
                0x0000000000006acc       0x1a build/obj/hal_spi.o
                0x0000000000006acc                spiUnselect
 .text.spiSend  0x0000000000006ae6       0x42 build/obj/hal_spi.o
                0x0000000000006ae6                spiSend
 .text.spiReceive
                0x0000000000006b28       0x42 build/obj/hal_spi.o
                0x0000000000006b28                spiReceive
 .text.hal_lld_init
                0x0000000000006b6a       0x30 build/obj/hal_lld.o
                0x0000000000006b6a                hal_lld_init
 .text.port_lock_from_isr
                0x0000000000006b9a        0x4 build/obj/hal_st_lld.o
 .text.port_unlock_from_isr
                0x0000000000006b9e        0x4 build/obj/hal_st_lld.o
 .text.osalSysLockFromISR
                0x0000000000006ba2        0xc build/obj/hal_st_lld.o
 .text.osalSysUnlockFromISR
                0x0000000000006bae        0xc build/obj/hal_st_lld.o
 .text.osalOsTimerHandlerI
                0x0000000000006bba        0x8 build/obj/hal_st_lld.o
 .text.ISR_MSP430X_ST_ISR
                0x0000000000006bc2       0x34 build/obj/hal_st_lld.o
                0x0000000000006bc2                ISR_MSP430X_ST_ISR
 .text.st_lld_init
                0x0000000000006bf6       0x1a build/obj/hal_st_lld.o
                0x0000000000006bf6                st_lld_init
 .text.port_lock_from_isr
                0x0000000000006c10        0x4 build/obj/hal_serial_lld.o
 .text.port_unlock_from_isr
                0x0000000000006c14        0x4 build/obj/hal_serial_lld.o
 .text.osalSysLockFromISR
                0x0000000000006c18        0xc build/obj/hal_serial_lld.o
 .text.osalSysUnlockFromISR
                0x0000000000006c24        0xc build/obj/hal_serial_lld.o
 .text.osalEventBroadcastFlagsI
                0x0000000000006c30       0x56 build/obj/hal_serial_lld.o
 .text.UCBRS    0x0000000000006c86      0x1ee build/obj/hal_serial_lld.o
 .text.UCAxMCTLW
                0x0000000000006e74       0xbc build/obj/hal_serial_lld.o
 .text.UCAxBRW  0x0000000000006f30       0x48 build/obj/hal_serial_lld.o
 .text.usart0_init
                0x0000000000006f78       0x52 build/obj/hal_serial_lld.o
 .text.notify0  0x0000000000006fca       0x16 build/obj/hal_serial_lld.o
 .text.set_error
                0x0000000000006fe0       0x72 build/obj/hal_serial_lld.o
 .text.ISR_USCI_A0_VECTOR
                0x0000000000007052      0x100 build/obj/hal_serial_lld.o
                0x0000000000007052                ISR_USCI_A0_VECTOR
 .text.sd_lld_init
                0x0000000000007152       0x12 build/obj/hal_serial_lld.o
                0x0000000000007152                sd_lld_init
 .text.sd_lld_start
                0x0000000000007164       0x36 build/obj/hal_serial_lld.o
                0x0000000000007164                sd_lld_start
 .text._pal_lld_init
                0x000000000000719a       0xda build/obj/hal_pal_lld.o
                0x000000000000719a                _pal_lld_init
 .text._pal_lld_setgroupmode
                0x0000000000007274      0x3b2 build/obj/hal_pal_lld.o
                0x0000000000007274                _pal_lld_setgroupmode
 .text.port_lock_from_isr
                0x0000000000007626        0x4 build/obj/hal_dma_lld.o
 .text.port_unlock_from_isr
                0x000000000000762a        0x4 build/obj/hal_dma_lld.o
 .text.dma_trigger_set
                0x000000000000762e       0x74 build/obj/hal_dma_lld.o
 .text.init_request
                0x00000000000076a2       0xbe build/obj/hal_dma_lld.o
 .text.ISR_DMA_VECTOR
                0x0000000000007760       0x86 build/obj/hal_dma_lld.o
                0x0000000000007760                ISR_DMA_VECTOR
 .text.dmaInit  0x00000000000077e6        0xa build/obj/hal_dma_lld.o
                0x00000000000077e6                dmaInit
 .text.dmaRequest
                0x00000000000077f0       0x6c build/obj/hal_dma_lld.o
                0x00000000000077f0                dmaRequest
 .text.port_lock_from_isr
                0x000000000000785c        0x4 build/obj/hal_spi_lld.o
 .text.port_unlock_from_isr
                0x0000000000007860        0x4 build/obj/hal_spi_lld.o
 .text.osalSysLockFromISR
                0x0000000000007864        0xc build/obj/hal_spi_lld.o
 .text.osalSysUnlockFromISR
                0x0000000000007870        0xc build/obj/hal_spi_lld.o
 .text.osalThreadResumeI
                0x000000000000787c       0x1a build/obj/hal_spi_lld.o
 .text.init_transfer
                0x0000000000007896       0x38 build/obj/hal_spi_lld.o
 .text.spi_lld_end_of_transfer
                0x00000000000078ce       0x66 build/obj/hal_spi_lld.o
 .text.spi_lld_init
                0x0000000000007934       0xc4 build/obj/hal_spi_lld.o
                0x0000000000007934                spi_lld_init
 .text.spi_lld_start
                0x00000000000079f8      0x10a build/obj/hal_spi_lld.o
                0x00000000000079f8                spi_lld_start
 .text.spi_lld_select
                0x0000000000007b02       0x60 build/obj/hal_spi_lld.o
                0x0000000000007b02                spi_lld_select
 .text.spi_lld_unselect
                0x0000000000007b62       0x5e build/obj/hal_spi_lld.o
                0x0000000000007b62                spi_lld_unselect
 .text.spi_lld_send
                0x0000000000007bc0       0x58 build/obj/hal_spi_lld.o
                0x0000000000007bc0                spi_lld_send
 .text.spi_lld_receive
                0x0000000000007c18       0x58 build/obj/hal_spi_lld.o
                0x0000000000007c18                spi_lld_receive
 .text.boardInit
                0x0000000000007c70        0x6 build/obj/board.o
                0x0000000000007c70                boardInit
 .text.Vector1  0x0000000000007c76        0x2 build/obj/msp_vectors.o
                0x0000000000007c76                Vector1
 .text.Vector2  0x0000000000007c78        0x2 build/obj/msp_vectors.o
                0x0000000000007c78                Vector2
 .text.Vector3  0x0000000000007c7a        0x2 build/obj/msp_vectors.o
                0x0000000000007c7a                Vector3
 .text.Vector4  0x0000000000007c7c        0x2 build/obj/msp_vectors.o
                0x0000000000007c7c                Vector4
 .text.Vector5  0x0000000000007c7e        0x2 build/obj/msp_vectors.o
                0x0000000000007c7e                Vector5
 .text.Vector6  0x0000000000007c80        0x2 build/obj/msp_vectors.o
                0x0000000000007c80                Vector6
 .text.Vector7  0x0000000000007c82        0x2 build/obj/msp_vectors.o
                0x0000000000007c82                Vector7
 .text.Vector8  0x0000000000007c84        0x2 build/obj/msp_vectors.o
                0x0000000000007c84                Vector8
 .text.Vector9  0x0000000000007c86        0x2 build/obj/msp_vectors.o
                0x0000000000007c86                Vector9
 .text.Vector10
                0x0000000000007c88        0x2 build/obj/msp_vectors.o
                0x0000000000007c88                Vector10
 .text.Vector11
                0x0000000000007c8a        0x2 build/obj/msp_vectors.o
                0x0000000000007c8a                Vector11
 .text.Vector12
                0x0000000000007c8c        0x2 build/obj/msp_vectors.o
                0x0000000000007c8c                Vector12
 .text.Vector13
                0x0000000000007c8e        0x2 build/obj/msp_vectors.o
                0x0000000000007c8e                Vector13
 .text.Vector14
                0x0000000000007c90        0x2 build/obj/msp_vectors.o
                0x0000000000007c90                Vector14
 .text.Vector15
                0x0000000000007c92        0x2 build/obj/msp_vectors.o
                0x0000000000007c92                Vector15
 .text.Vector16
                0x0000000000007c94        0x2 build/obj/msp_vectors.o
                0x0000000000007c94                Vector16
 .text.Vector17
                0x0000000000007c96        0x2 build/obj/msp_vectors.o
                0x0000000000007c96                Vector17
 .text.Vector18
                0x0000000000007c98        0x2 build/obj/msp_vectors.o
                0x0000000000007c98                Vector18
 .text.Vector19
                0x0000000000007c9a        0x2 build/obj/msp_vectors.o
                0x0000000000007c9a                Vector19
 .text.Vector20
                0x0000000000007c9c        0x2 build/obj/msp_vectors.o
                0x0000000000007c9c                Vector20
 .text.Vector21
                0x0000000000007c9e        0x2 build/obj/msp_vectors.o
                0x0000000000007c9e                Vector21
 .text.Vector22
                0x0000000000007ca0        0x2 build/obj/msp_vectors.o
                0x0000000000007ca0                Vector22
 .text.Vector23
                0x0000000000007ca2        0x2 build/obj/msp_vectors.o
                0x0000000000007ca2                Vector23
 .text.Vector24
                0x0000000000007ca4        0x2 build/obj/msp_vectors.o
                0x0000000000007ca4                Vector24
 .text.Vector25
                0x0000000000007ca6        0x2 build/obj/msp_vectors.o
                0x0000000000007ca6                Vector25
 .text.Vector26
                0x0000000000007ca8        0x2 build/obj/msp_vectors.o
                0x0000000000007ca8                Vector26
 .text.Vector27
                0x0000000000007caa        0x2 build/obj/msp_vectors.o
                0x0000000000007caa                Vector27
 .text.Vector28
                0x0000000000007cac        0x2 build/obj/msp_vectors.o
                0x0000000000007cac                Vector28
 .text.Vector29
                0x0000000000007cae        0x2 build/obj/msp_vectors.o
                0x0000000000007cae                Vector29
 .text.Vector30
                0x0000000000007cb0        0x2 build/obj/msp_vectors.o
                0x0000000000007cb0                Vector30
 .text.Vector31
                0x0000000000007cb2        0x2 build/obj/msp_vectors.o
                0x0000000000007cb2                Vector31
 .text.Vector32
                0x0000000000007cb4        0x2 build/obj/msp_vectors.o
                0x0000000000007cb4                Vector32
 .text.Vector33
                0x0000000000007cb6        0x2 build/obj/msp_vectors.o
                0x0000000000007cb6                Vector33
 .text.Vector34
                0x0000000000007cb8        0x2 build/obj/msp_vectors.o
                0x0000000000007cb8                Vector34
 .text.Vector35
                0x0000000000007cba        0x2 build/obj/msp_vectors.o
                0x0000000000007cba                Vector35
 .text.Vector36
                0x0000000000007cbc        0x2 build/obj/msp_vectors.o
                0x0000000000007cbc                Vector36
 .text.Vector37
                0x0000000000007cbe        0x2 build/obj/msp_vectors.o
                0x0000000000007cbe                Vector37
 .text.Vector38
                0x0000000000007cc0        0x2 build/obj/msp_vectors.o
                0x0000000000007cc0                Vector38
 .text.Vector39
                0x0000000000007cc2        0x2 build/obj/msp_vectors.o
                0x0000000000007cc2                Vector39
 .text.Vector40
                0x0000000000007cc4        0x2 build/obj/msp_vectors.o
                0x0000000000007cc4                Vector40
 .text.Vector41
                0x0000000000007cc6        0x2 build/obj/msp_vectors.o
                0x0000000000007cc6                Vector41
 .text.Vector42
                0x0000000000007cc8        0x2 build/obj/msp_vectors.o
                0x0000000000007cc8                Vector42
 .text.Vector44
                0x0000000000007cca        0x2 build/obj/msp_vectors.o
                0x0000000000007cca                Vector44
 .text.Vector45
                0x0000000000007ccc        0x2 build/obj/msp_vectors.o
                0x0000000000007ccc                Vector45
 .text.Vector46
                0x0000000000007cce        0x2 build/obj/msp_vectors.o
                0x0000000000007cce                Vector46
 .text.Vector47
                0x0000000000007cd0        0x2 build/obj/msp_vectors.o
                0x0000000000007cd0                Vector47
 .text.Vector48
                0x0000000000007cd2        0x2 build/obj/msp_vectors.o
                0x0000000000007cd2                Vector48
 .text.Vector50
                0x0000000000007cd4        0x2 build/obj/msp_vectors.o
                0x0000000000007cd4                Vector50
 .text.Vector51
                0x0000000000007cd6        0x2 build/obj/msp_vectors.o
                0x0000000000007cd6                Vector51
 .text.Vector53
                0x0000000000007cd8        0x2 build/obj/msp_vectors.o
                0x0000000000007cd8                Vector53
 .text.Vector54
                0x0000000000007cda        0x2 build/obj/msp_vectors.o
                0x0000000000007cda                Vector54
 .text.Vector55
                0x0000000000007cdc        0x2 build/obj/msp_vectors.o
                0x0000000000007cdc                Vector55
 .text.sx1278_read_register
                0x0000000000007cde       0x52 build/obj/main.o
 .text.sx1278_reset
                0x0000000000007d30       0x5a build/obj/main.o
 .text.Thread2  0x0000000000007d8a       0xa6 build/obj/main.o
                0x0000000000007d8a                Thread2
 .text.main     0x0000000000007e30       0x14 build/obj/main.o
                0x0000000000007e30                main
 .text.udivmodsi4
                0x0000000000007e44       0x80 /home/awygle/toolchain/install/lib/gcc/msp430-elf/6.1.0/libgcc.a(lib2divSI.o)
                0x0000000000007e44                udivmodsi4
 .text.__udivsi3
                0x0000000000007ec4        0xe /home/awygle/toolchain/install/lib/gcc/msp430-elf/6.1.0/libgcc.a(lib2divSI.o)
                0x0000000000007ec4                __mspabi_divul
                0x0000000000007ec4                __mspabi_divlu
 .text          0x0000000000007ed2       0x74 /home/awygle/toolchain/install/lib/gcc/msp430-elf/6.1.0/libgcc.a(slli.o)
                0x0000000000007ed2                __mspabi_slli_15
                0x0000000000007ed4                __mspabi_slli_14
                0x0000000000007ed6                __mspabi_slli_13
                0x0000000000007ed8                __mspabi_slli_12
                0x0000000000007eda                __mspabi_slli_11
                0x0000000000007edc                __mspabi_slli_10
                0x0000000000007ede                __mspabi_slli_9
                0x0000000000007ee0                __mspabi_slli_8
                0x0000000000007ee2                __mspabi_slli_7
                0x0000000000007ee4                __mspabi_slli_6
                0x0000000000007ee6                __mspabi_slli_5
                0x0000000000007ee8                __mspabi_slli_4
                0x0000000000007eea                __mspabi_slli_3
                0x0000000000007eec                __mspabi_slli_2
                0x0000000000007eee                __mspabi_slli_1
                0x0000000000007ef6                __mspabi_slli
                0x0000000000007efc                __mspabi_slll_15
                0x0000000000007f00                __mspabi_slll_14
                0x0000000000007f04                __mspabi_slll_13
                0x0000000000007f08                __mspabi_slll_12
                0x0000000000007f0c                __mspabi_slll_11
                0x0000000000007f10                __mspabi_slll_10
                0x0000000000007f14                __mspabi_slll_9
                0x0000000000007f18                __mspabi_slll_8
                0x0000000000007f1c                __mspabi_slll_7
                0x0000000000007f20                __mspabi_slll_6
                0x0000000000007f24                __mspabi_slll_5
                0x0000000000007f28                __mspabi_slll_4
                0x0000000000007f2c                __mspabi_slll_3
                0x0000000000007f30                __mspabi_slll_2
                0x0000000000007f34                __mspabi_slll_1
                0x0000000000007f40                __mspabi_slll
 .text          0x0000000000007f46       0xb4 /home/awygle/toolchain/install/lib/gcc/msp430-elf/6.1.0/libgcc.a(srli.o)
                0x0000000000007f46                __mspabi_srli_15
                0x0000000000007f4a                __mspabi_srli_14
                0x0000000000007f4e                __mspabi_srli_13
                0x0000000000007f52                __mspabi_srli_12
                0x0000000000007f56                __mspabi_srli_11
                0x0000000000007f5a                __mspabi_srli_10
                0x0000000000007f5e                __mspabi_srli_9
                0x0000000000007f62                __mspabi_srli_8
                0x0000000000007f66                __mspabi_srli_7
                0x0000000000007f6a                __mspabi_srli_6
                0x0000000000007f6e                __mspabi_srli_5
                0x0000000000007f72                __mspabi_srli_4
                0x0000000000007f76                __mspabi_srli_3
                0x0000000000007f7a                __mspabi_srli_2
                0x0000000000007f7e                __mspabi_srli_1
                0x0000000000007f8a                __mspabi_srli
                0x0000000000007f90                __mspabi_srll_15
                0x0000000000007f96                __mspabi_srll_14
                0x0000000000007f9c                __mspabi_srll_13
                0x0000000000007fa2                __mspabi_srll_12
                0x0000000000007fa8                __mspabi_srll_11
                0x0000000000007fae                __mspabi_srll_10
                0x0000000000007fb4                __mspabi_srll_9
                0x0000000000007fba                __mspabi_srll_8
                0x0000000000007fc0                __mspabi_srll_7
                0x0000000000007fc6                __mspabi_srll_6
                0x0000000000007fcc                __mspabi_srll_5
                0x0000000000007fd2                __mspabi_srll_4
                0x0000000000007fd8                __mspabi_srll_3
                0x0000000000007fde                __mspabi_srll_2
                0x0000000000007fe4                __mspabi_srll_1
                0x0000000000007ff4                __mspabi_srll
 .text.__mulsi2_f5
                0x0000000000007ffa       0x20 /home/awygle/toolchain/install/lib/gcc/msp430-elf/6.1.0/libmul_f5.a(lib2hw_mul_f5.o)
                0x0000000000007ffa                __mspabi_mpyl
                0x0000000000007ffa                __mspabi_mpyl_f5hw
                0x0000000000007ffa                __mulsi2_f5
 .text.strlen   0x000000000000801a       0x12 /home/awygle/toolchain/install/lib/gcc/msp430-elf/6.1.0/../../../../msp430-elf/lib/libc.a(lib_a-strlen.o)
                0x000000000000801a                strlen
 .text.memmove  0x000000000000802c       0x3a /home/awygle/toolchain/install/lib/gcc/msp430-elf/6.1.0/../../../../msp430-elf/lib/libc.a(lib_a-memmove.o)
                0x000000000000802c                memmove
 .text.memset   0x0000000000008066       0x12 /home/awygle/toolchain/install/lib/gcc/msp430-elf/6.1.0/../../../../msp430-elf/lib/libc.a(lib_a-memset.o)
                0x0000000000008066                memset
 *(.text.*personality*)
 *(.gnu.warning)
 *(.interp .hash .dynsym .dynstr .gnu.version*)
                [!provide]                        PROVIDE (__etext, .)
                [!provide]                        PROVIDE (_etext, .)
                [!provide]                        PROVIDE (etext, .)
                0x0000000000008078                . = ALIGN (0x2)
 *(.init)
 *(.fini)
 *(.tm_clone_table)

.upper.rodata
 *(.upper.rodata.* .upper.rodata)

.upper.data     0x0000000000010000        0x2
                0x0000000000010000                __upper_data_init = LOADADDR (.upper.data)
                0x0000000000010000        0x2 SHORT 0x1
                0x0000000000010002                __high_datastart = .
 *(.upper.data.* .upper.data)
                0x0000000000010002                __high_dataend = .
                0x0000000000000000                __rom_highdatacopysize = (SIZEOF (.upper.data) - 0x2)
                0x0000000000010002                __rom_highdatastart = (LOADADDR (.upper.data) + 0x2)

.upper.bss      0x0000000000010002        0x0
                0x0000000000010002                . = ALIGN (0x2)
                0x0000000000010002                __high_bssstart = .
 *(.upper.bss.* .upper.bss)
                0x0000000000010002                . = ALIGN (0x2)
                0x0000000000010002                __high_bssend = .

.upper.text     0x0000000000010002        0x0
                0x0000000000010002                . = ALIGN (0x2)
 *(.upper.text.* .upper.text)

.infoA

.infoB

.infoC

.infoD

.MP430.attributes
                0x0000000000000000      0x3dd
 *(.MSP430.attributes)
 .MSP430.attributes
                0x0000000000000000       0x17 /home/awygle/toolchain/install/lib/gcc/msp430-elf/6.1.0/../../../../msp430-elf/lib/crt0-minrt.o
 .MSP430.attributes
                0x0000000000000017       0x17 build/obj/ch.o
 .MSP430.attributes
                0x000000000000002e       0x17 build/obj/chmboxes.o
 .MSP430.attributes
                0x0000000000000045       0x17 build/obj/chmemcore.o
 .MSP430.attributes
                0x000000000000005c       0x17 build/obj/chheap.o
 .MSP430.attributes
                0x0000000000000073       0x17 build/obj/chmempools.o
 .MSP430.attributes
                0x000000000000008a       0x17 build/obj/chcore.o
 .MSP430.attributes
                0x00000000000000a1       0x17 build/obj/osal.o
 .MSP430.attributes
                0x00000000000000b8       0x17 build/obj/hal.o
 .MSP430.attributes
                0x00000000000000cf       0x17 build/obj/hal_st.o
 .MSP430.attributes
                0x00000000000000e6       0x17 build/obj/hal_buffers.o
 .MSP430.attributes
                0x00000000000000fd       0x17 build/obj/hal_queues.o
 .MSP430.attributes
                0x0000000000000114       0x17 build/obj/hal_mmcsd.o
 .MSP430.attributes
                0x000000000000012b       0x17 build/obj/hal_pal.o
 .MSP430.attributes
                0x0000000000000142       0x17 build/obj/hal_serial.o
 .MSP430.attributes
                0x0000000000000159       0x17 build/obj/hal_spi.o
 .MSP430.attributes
                0x0000000000000170       0x17 build/obj/hal_lld.o
 .MSP430.attributes
                0x0000000000000187       0x17 build/obj/hal_st_lld.o
 .MSP430.attributes
                0x000000000000019e       0x17 build/obj/hal_serial_lld.o
 .MSP430.attributes
                0x00000000000001b5       0x17 build/obj/hal_pal_lld.o
 .MSP430.attributes
                0x00000000000001cc       0x17 build/obj/hal_dma_lld.o
 .MSP430.attributes
                0x00000000000001e3       0x17 build/obj/hal_spi_lld.o
 .MSP430.attributes
                0x00000000000001fa       0x17 build/obj/board.o
 .MSP430.attributes
                0x0000000000000211       0x17 build/obj/msp_vectors.o
 .MSP430.attributes
                0x0000000000000228       0x17 build/obj/main.o
 .MSP430.attributes
                0x000000000000023f       0x17 /home/awygle/toolchain/install/lib/gcc/msp430-elf/6.1.0/libgcc.a(lib2divSI.o)
 .MSP430.attributes
                0x0000000000000256       0x17 /home/awygle/toolchain/install/lib/gcc/msp430-elf/6.1.0/libgcc.a(slli.o)
 .MSP430.attributes
                0x000000000000026d       0x17 /home/awygle/toolchain/install/lib/gcc/msp430-elf/6.1.0/libgcc.a(srli.o)
 .MSP430.attributes
                0x0000000000000284       0x17 /home/awygle/toolchain/install/lib/gcc/msp430-elf/6.1.0/libgcc.a(_udivdi3.o)
 .MSP430.attributes
                0x000000000000029b       0x17 /home/awygle/toolchain/install/lib/gcc/msp430-elf/6.1.0/libgcc.a(_lshrdi3.o)
 .MSP430.attributes
                0x00000000000002b2       0x17 /home/awygle/toolchain/install/lib/gcc/msp430-elf/6.1.0/libgcc.a(_ashldi3.o)
 .MSP430.attributes
                0x00000000000002c9       0x17 /home/awygle/toolchain/install/lib/gcc/msp430-elf/6.1.0/libgcc.a(_clzdi2.o)
 .MSP430.attributes
                0x00000000000002e0       0x17 /home/awygle/toolchain/install/lib/gcc/msp430-elf/6.1.0/libgcc.a(_clz.o)
 .MSP430.attributes
                0x00000000000002f7       0x17 /home/awygle/toolchain/install/lib/gcc/msp430-elf/6.1.0/libmul_f5.a(lib2hw_mul_f5.o)
 .MSP430.attributes
                0x000000000000030e       0x17 /home/awygle/toolchain/install/lib/gcc/msp430-elf/6.1.0/../../../../msp430-elf/lib/libc.a(lib_a-memcpy.o)
 .MSP430.attributes
                0x0000000000000325       0x17 /home/awygle/toolchain/install/lib/gcc/msp430-elf/6.1.0/../../../../msp430-elf/lib/libc.a(lib_a-strlen.o)
 .MSP430.attributes
                0x000000000000033c       0x17 /home/awygle/toolchain/install/lib/gcc/msp430-elf/6.1.0/libgcc.a(_muldi3.o)
 .MSP430.attributes
                0x0000000000000353       0x17 /home/awygle/toolchain/install/lib/gcc/msp430-elf/6.1.0/../../../../msp430-elf/lib/libcrt.a(crt_bss.o)
 .MSP430.attributes
                0x000000000000036a       0x17 /home/awygle/toolchain/install/lib/gcc/msp430-elf/6.1.0/../../../../msp430-elf/lib/libcrt.a(crt_movedata.o)
 .MSP430.attributes
                0x0000000000000381       0x17 /home/awygle/toolchain/install/lib/gcc/msp430-elf/6.1.0/../../../../msp430-elf/lib/libcrt.a(crt_main_minrt.o)
 .MSP430.attributes
                0x0000000000000398       0x17 /home/awygle/toolchain/install/lib/gcc/msp430-elf/6.1.0/../../../../msp430-elf/lib/libc.a(lib_a-memmove.o)
 .MSP430.attributes
                0x00000000000003af       0x17 /home/awygle/toolchain/install/lib/gcc/msp430-elf/6.1.0/../../../../msp430-elf/lib/libc.a(lib_a-memset.o)
 .MSP430.attributes
                0x00000000000003c6       0x17 /home/awygle/toolchain/install/lib/gcc/msp430-elf/6.1.0/../../../../msp430-elf/lib/crtn-minrt.o
 *(.gnu.attributes)
 *(__TI_build_attributes)

.stab
 *(.stab)

.stabstr
 *(.stabstr)

.stab.excl
 *(.stab.excl)

.stab.exclstr
 *(.stab.exclstr)

.stab.index
 *(.stab.index)

.stab.indexstr
 *(.stab.indexstr)

.comment        0x0000000000000000       0x11
 *(.comment)
 .comment       0x0000000000000000       0x11 build/obj/ch.o
                                         0x12 (size before relaxing)
 .comment       0x0000000000000011       0x12 build/obj/chmboxes.o
 .comment       0x0000000000000011       0x12 build/obj/chmemcore.o
 .comment       0x0000000000000011       0x12 build/obj/chheap.o
 .comment       0x0000000000000011       0x12 build/obj/chmempools.o
 .comment       0x0000000000000011       0x12 build/obj/chcore.o
 .comment       0x0000000000000011       0x12 build/obj/osal.o
 .comment       0x0000000000000011       0x12 build/obj/hal.o
 .comment       0x0000000000000011       0x12 build/obj/hal_st.o
 .comment       0x0000000000000011       0x12 build/obj/hal_buffers.o
 .comment       0x0000000000000011       0x12 build/obj/hal_queues.o
 .comment       0x0000000000000011       0x12 build/obj/hal_mmcsd.o
 .comment       0x0000000000000011       0x12 build/obj/hal_pal.o
 .comment       0x0000000000000011       0x12 build/obj/hal_serial.o
 .comment       0x0000000000000011       0x12 build/obj/hal_spi.o
 .comment       0x0000000000000011       0x12 build/obj/hal_lld.o
 .comment       0x0000000000000011       0x12 build/obj/hal_st_lld.o
 .comment       0x0000000000000011       0x12 build/obj/hal_serial_lld.o
 .comment       0x0000000000000011       0x12 build/obj/hal_pal_lld.o
 .comment       0x0000000000000011       0x12 build/obj/hal_dma_lld.o
 .comment       0x0000000000000011       0x12 build/obj/hal_spi_lld.o
 .comment       0x0000000000000011       0x12 build/obj/board.o
 .comment       0x0000000000000011       0x12 build/obj/msp_vectors.o
 .comment       0x0000000000000011       0x12 build/obj/main.o
 .comment       0x0000000000000011       0x12 /home/awygle/toolchain/install/lib/gcc/msp430-elf/6.1.0/libgcc.a(lib2divSI.o)
 .comment       0x0000000000000011       0x12 /home/awygle/toolchain/install/lib/gcc/msp430-elf/6.1.0/libgcc.a(_udivdi3.o)
 .comment       0x0000000000000011       0x12 /home/awygle/toolchain/install/lib/gcc/msp430-elf/6.1.0/libgcc.a(_lshrdi3.o)
 .comment       0x0000000000000011       0x12 /home/awygle/toolchain/install/lib/gcc/msp430-elf/6.1.0/libgcc.a(_ashldi3.o)
 .comment       0x0000000000000011       0x12 /home/awygle/toolchain/install/lib/gcc/msp430-elf/6.1.0/libgcc.a(_clzdi2.o)
 .comment       0x0000000000000011       0x12 /home/awygle/toolchain/install/lib/gcc/msp430-elf/6.1.0/libgcc.a(_clz.o)
 .comment       0x0000000000000011       0x12 /home/awygle/toolchain/install/lib/gcc/msp430-elf/6.1.0/../../../../msp430-elf/lib/libc.a(lib_a-memcpy.o)
 .comment       0x0000000000000011       0x12 /home/awygle/toolchain/install/lib/gcc/msp430-elf/6.1.0/../../../../msp430-elf/lib/libc.a(lib_a-strlen.o)
 .comment       0x0000000000000011       0x12 /home/awygle/toolchain/install/lib/gcc/msp430-elf/6.1.0/libgcc.a(_muldi3.o)
 .comment       0x0000000000000011       0x12 /home/awygle/toolchain/install/lib/gcc/msp430-elf/6.1.0/../../../../msp430-elf/lib/libc.a(lib_a-memmove.o)
 .comment       0x0000000000000011       0x12 /home/awygle/toolchain/install/lib/gcc/msp430-elf/6.1.0/../../../../msp430-elf/lib/libc.a(lib_a-memset.o)

.debug
 *(.debug)

.line
 *(.line)

.debug_srcinfo
 *(.debug_srcinfo)

.debug_sfnames
 *(.debug_sfnames)

.debug_aranges  0x0000000000000000      0xdd0
 *(.debug_aranges)
 .debug_aranges
                0x0000000000000000       0x20 /home/awygle/toolchain/install/lib/gcc/msp430-elf/6.1.0/../../../../msp430-elf/lib/crt0-minrt.o
 .debug_aranges
                0x0000000000000020      0x188 build/obj/ch.o
 .debug_aranges
                0x00000000000001a8       0x88 build/obj/chmboxes.o
 .debug_aranges
                0x0000000000000230       0x48 build/obj/chmemcore.o
 .debug_aranges
                0x0000000000000278       0x40 build/obj/chheap.o
 .debug_aranges
                0x00000000000002b8       0x98 build/obj/chmempools.o
 .debug_aranges
                0x0000000000000350       0x30 build/obj/chcore.o
 .debug_aranges
                0x0000000000000380       0x28 build/obj/osal.o
 .debug_aranges
                0x00000000000003a8       0x28 build/obj/hal.o
 .debug_aranges
                0x00000000000003d0       0x60 build/obj/hal_st.o
 .debug_aranges
                0x0000000000000430      0x100 build/obj/hal_buffers.o
 .debug_aranges
                0x0000000000000530       0xa0 build/obj/hal_queues.o
 .debug_aranges
                0x00000000000005d0       0x18 build/obj/hal_mmcsd.o
 .debug_aranges
                0x00000000000005e8       0x30 build/obj/hal_pal.o
 .debug_aranges
                0x0000000000000618       0xd0 build/obj/hal_serial.o
 .debug_aranges
                0x00000000000006e8       0xb0 build/obj/hal_spi.o
 .debug_aranges
                0x0000000000000798       0x20 build/obj/hal_lld.o
 .debug_aranges
                0x00000000000007b8       0x50 build/obj/hal_st_lld.o
 .debug_aranges
                0x0000000000000808       0x90 build/obj/hal_serial_lld.o
 .debug_aranges
                0x0000000000000898       0x28 build/obj/hal_pal_lld.o
 .debug_aranges
                0x00000000000008c0       0x78 build/obj/hal_dma_lld.o
 .debug_aranges
                0x0000000000000938       0xa0 build/obj/hal_spi_lld.o
 .debug_aranges
                0x00000000000009d8       0x20 build/obj/board.o
 .debug_aranges
                0x00000000000009f8      0x1b8 build/obj/msp_vectors.o
 .debug_aranges
                0x0000000000000bb0       0x48 build/obj/main.o
 .debug_aranges
                0x0000000000000bf8       0x40 /home/awygle/toolchain/install/lib/gcc/msp430-elf/6.1.0/libgcc.a(lib2divSI.o)
 .debug_aranges
                0x0000000000000c38       0x20 /home/awygle/toolchain/install/lib/gcc/msp430-elf/6.1.0/libgcc.a(_udivdi3.o)
 .debug_aranges
                0x0000000000000c58       0x20 /home/awygle/toolchain/install/lib/gcc/msp430-elf/6.1.0/libgcc.a(_lshrdi3.o)
 .debug_aranges
                0x0000000000000c78       0x20 /home/awygle/toolchain/install/lib/gcc/msp430-elf/6.1.0/libgcc.a(_ashldi3.o)
 .debug_aranges
                0x0000000000000c98       0x20 /home/awygle/toolchain/install/lib/gcc/msp430-elf/6.1.0/libgcc.a(_clzdi2.o)
 .debug_aranges
                0x0000000000000cb8       0x18 /home/awygle/toolchain/install/lib/gcc/msp430-elf/6.1.0/libgcc.a(_clz.o)
 .debug_aranges
                0x0000000000000cd0       0x20 /home/awygle/toolchain/install/lib/gcc/msp430-elf/6.1.0/../../../../msp430-elf/lib/libc.a(lib_a-memcpy.o)
 .debug_aranges
                0x0000000000000cf0       0x20 /home/awygle/toolchain/install/lib/gcc/msp430-elf/6.1.0/../../../../msp430-elf/lib/libc.a(lib_a-strlen.o)
 .debug_aranges
                0x0000000000000d10       0x20 /home/awygle/toolchain/install/lib/gcc/msp430-elf/6.1.0/libgcc.a(_muldi3.o)
 .debug_aranges
                0x0000000000000d30       0x20 /home/awygle/toolchain/install/lib/gcc/msp430-elf/6.1.0/../../../../msp430-elf/lib/libcrt.a(crt_bss.o)
 .debug_aranges
                0x0000000000000d50       0x20 /home/awygle/toolchain/install/lib/gcc/msp430-elf/6.1.0/../../../../msp430-elf/lib/libcrt.a(crt_movedata.o)
 .debug_aranges
                0x0000000000000d70       0x20 /home/awygle/toolchain/install/lib/gcc/msp430-elf/6.1.0/../../../../msp430-elf/lib/libcrt.a(crt_main_minrt.o)
 .debug_aranges
                0x0000000000000d90       0x20 /home/awygle/toolchain/install/lib/gcc/msp430-elf/6.1.0/../../../../msp430-elf/lib/libc.a(lib_a-memmove.o)
 .debug_aranges
                0x0000000000000db0       0x20 /home/awygle/toolchain/install/lib/gcc/msp430-elf/6.1.0/../../../../msp430-elf/lib/libc.a(lib_a-memset.o)

.debug_pubnames
 *(.debug_pubnames)

.debug_info     0x0000000000000000    0x4cf4d
 *(.debug_info .gnu.linkonce.wi.*)
 .debug_info    0x0000000000000000       0x83 /home/awygle/toolchain/install/lib/gcc/msp430-elf/6.1.0/../../../../msp430-elf/lib/crt0-minrt.o
 .debug_info    0x0000000000000083     0x306c build/obj/ch.o
 .debug_info    0x00000000000030ef     0x2d32 build/obj/chmboxes.o
 .debug_info    0x0000000000005e21     0x2a3a build/obj/chmemcore.o
 .debug_info    0x000000000000885b     0x2c6e build/obj/chheap.o
 .debug_info    0x000000000000b4c9     0x2d8b build/obj/chmempools.o
 .debug_info    0x000000000000e254     0x2948 build/obj/chcore.o
 .debug_info    0x0000000000010b9c     0x2a07 build/obj/osal.o
 .debug_info    0x00000000000135a3     0x3046 build/obj/hal.o
 .debug_info    0x00000000000165e9     0x3156 build/obj/hal_st.o
 .debug_info    0x000000000001973f     0x410f build/obj/hal_buffers.o
 .debug_info    0x000000000001d84e     0x34b0 build/obj/hal_queues.o
 .debug_info    0x0000000000020cfe     0x301b build/obj/hal_mmcsd.o
 .debug_info    0x0000000000023d19     0x323f build/obj/hal_pal.o
 .debug_info    0x0000000000026f58     0x3533 build/obj/hal_serial.o
 .debug_info    0x000000000002a48b     0x3491 build/obj/hal_spi.o
 .debug_info    0x000000000002d91c     0x3034 build/obj/hal_lld.o
 .debug_info    0x0000000000030950     0x309f build/obj/hal_st_lld.o
 .debug_info    0x00000000000339ef     0x32e8 build/obj/hal_serial_lld.o
 .debug_info    0x0000000000036cd7     0x317a build/obj/hal_pal_lld.o
 .debug_info    0x0000000000039e51     0x3363 build/obj/hal_dma_lld.o
 .debug_info    0x000000000003d1b4     0x3402 build/obj/hal_spi_lld.o
 .debug_info    0x00000000000405b6     0x3041 build/obj/board.o
 .debug_info    0x00000000000435f7     0x28c0 build/obj/msp_vectors.o
 .debug_info    0x0000000000045eb7     0x3a8f build/obj/main.o
 .debug_info    0x0000000000049946      0x276 /home/awygle/toolchain/install/lib/gcc/msp430-elf/6.1.0/libgcc.a(lib2divSI.o)
 .debug_info    0x0000000000049bbc      0x2ad /home/awygle/toolchain/install/lib/gcc/msp430-elf/6.1.0/libgcc.a(_udivdi3.o)
 .debug_info    0x0000000000049e69      0x25f /home/awygle/toolchain/install/lib/gcc/msp430-elf/6.1.0/libgcc.a(_lshrdi3.o)
 .debug_info    0x000000000004a0c8      0x25f /home/awygle/toolchain/install/lib/gcc/msp430-elf/6.1.0/libgcc.a(_ashldi3.o)
 .debug_info    0x000000000004a327      0x26a /home/awygle/toolchain/install/lib/gcc/msp430-elf/6.1.0/libgcc.a(_clzdi2.o)
 .debug_info    0x000000000004a591      0x16a /home/awygle/toolchain/install/lib/gcc/msp430-elf/6.1.0/libgcc.a(_clz.o)
 .debug_info    0x000000000004a6fb      0x918 /home/awygle/toolchain/install/lib/gcc/msp430-elf/6.1.0/../../../../msp430-elf/lib/libc.a(lib_a-memcpy.o)
 .debug_info    0x000000000004b013      0x8cb /home/awygle/toolchain/install/lib/gcc/msp430-elf/6.1.0/../../../../msp430-elf/lib/libc.a(lib_a-strlen.o)
 .debug_info    0x000000000004b8de      0x308 /home/awygle/toolchain/install/lib/gcc/msp430-elf/6.1.0/libgcc.a(_muldi3.o)
 .debug_info    0x000000000004bbe6       0x83 /home/awygle/toolchain/install/lib/gcc/msp430-elf/6.1.0/../../../../msp430-elf/lib/libcrt.a(crt_bss.o)
 .debug_info    0x000000000004bc69       0x83 /home/awygle/toolchain/install/lib/gcc/msp430-elf/6.1.0/../../../../msp430-elf/lib/libcrt.a(crt_movedata.o)
 .debug_info    0x000000000004bcec       0x83 /home/awygle/toolchain/install/lib/gcc/msp430-elf/6.1.0/../../../../msp430-elf/lib/libcrt.a(crt_main_minrt.o)
 .debug_info    0x000000000004bd6f      0x901 /home/awygle/toolchain/install/lib/gcc/msp430-elf/6.1.0/../../../../msp430-elf/lib/libc.a(lib_a-memmove.o)
 .debug_info    0x000000000004c670      0x8dd /home/awygle/toolchain/install/lib/gcc/msp430-elf/6.1.0/../../../../msp430-elf/lib/libc.a(lib_a-memset.o)

.debug_abbrev   0x0000000000000000     0x40c5
 *(.debug_abbrev)
 .debug_abbrev  0x0000000000000000       0x14 /home/awygle/toolchain/install/lib/gcc/msp430-elf/6.1.0/../../../../msp430-elf/lib/crt0-minrt.o
 .debug_abbrev  0x0000000000000014      0x250 build/obj/ch.o
 .debug_abbrev  0x0000000000000264      0x22c build/obj/chmboxes.o
 .debug_abbrev  0x0000000000000490      0x1cc build/obj/chmemcore.o
 .debug_abbrev  0x000000000000065c      0x287 build/obj/chheap.o
 .debug_abbrev  0x00000000000008e3      0x278 build/obj/chmempools.o
 .debug_abbrev  0x0000000000000b5b      0x180 build/obj/chcore.o
 .debug_abbrev  0x0000000000000cdb      0x182 build/obj/osal.o
 .debug_abbrev  0x0000000000000e5d      0x1b7 build/obj/hal.o
 .debug_abbrev  0x0000000000001014      0x24d build/obj/hal_st.o
 .debug_abbrev  0x0000000000001261      0x309 build/obj/hal_buffers.o
 .debug_abbrev  0x000000000000156a      0x2f7 build/obj/hal_queues.o
 .debug_abbrev  0x0000000000001861      0x185 build/obj/hal_mmcsd.o
 .debug_abbrev  0x00000000000019e6      0x1e8 build/obj/hal_pal.o
 .debug_abbrev  0x0000000000001bce      0x2e8 build/obj/hal_serial.o
 .debug_abbrev  0x0000000000001eb6      0x27c build/obj/hal_spi.o
 .debug_abbrev  0x0000000000002132      0x1a1 build/obj/hal_lld.o
 .debug_abbrev  0x00000000000022d3      0x1e5 build/obj/hal_st_lld.o
 .debug_abbrev  0x00000000000024b8      0x2ef build/obj/hal_serial_lld.o
 .debug_abbrev  0x00000000000027a7      0x1b2 build/obj/hal_pal_lld.o
 .debug_abbrev  0x0000000000002959      0x246 build/obj/hal_dma_lld.o
 .debug_abbrev  0x0000000000002b9f      0x2b4 build/obj/hal_spi_lld.o
 .debug_abbrev  0x0000000000002e53      0x1ae build/obj/board.o
 .debug_abbrev  0x0000000000003001       0x89 build/obj/msp_vectors.o
 .debug_abbrev  0x000000000000308a      0x27f build/obj/main.o
 .debug_abbrev  0x0000000000003309       0xbe /home/awygle/toolchain/install/lib/gcc/msp430-elf/6.1.0/libgcc.a(lib2divSI.o)
 .debug_abbrev  0x00000000000033c7      0x120 /home/awygle/toolchain/install/lib/gcc/msp430-elf/6.1.0/libgcc.a(_udivdi3.o)
 .debug_abbrev  0x00000000000034e7      0x146 /home/awygle/toolchain/install/lib/gcc/msp430-elf/6.1.0/libgcc.a(_lshrdi3.o)
 .debug_abbrev  0x000000000000362d      0x146 /home/awygle/toolchain/install/lib/gcc/msp430-elf/6.1.0/libgcc.a(_ashldi3.o)
 .debug_abbrev  0x0000000000003773      0x146 /home/awygle/toolchain/install/lib/gcc/msp430-elf/6.1.0/libgcc.a(_clzdi2.o)
 .debug_abbrev  0x00000000000038b9       0xa0 /home/awygle/toolchain/install/lib/gcc/msp430-elf/6.1.0/libgcc.a(_clz.o)
 .debug_abbrev  0x0000000000003959      0x185 /home/awygle/toolchain/install/lib/gcc/msp430-elf/6.1.0/../../../../msp430-elf/lib/libc.a(lib_a-memcpy.o)
 .debug_abbrev  0x0000000000003ade      0x159 /home/awygle/toolchain/install/lib/gcc/msp430-elf/6.1.0/../../../../msp430-elf/lib/libc.a(lib_a-strlen.o)
 .debug_abbrev  0x0000000000003c37      0x17b /home/awygle/toolchain/install/lib/gcc/msp430-elf/6.1.0/libgcc.a(_muldi3.o)
 .debug_abbrev  0x0000000000003db2       0x14 /home/awygle/toolchain/install/lib/gcc/msp430-elf/6.1.0/../../../../msp430-elf/lib/libcrt.a(crt_bss.o)
 .debug_abbrev  0x0000000000003dc6       0x14 /home/awygle/toolchain/install/lib/gcc/msp430-elf/6.1.0/../../../../msp430-elf/lib/libcrt.a(crt_movedata.o)
 .debug_abbrev  0x0000000000003dda       0x14 /home/awygle/toolchain/install/lib/gcc/msp430-elf/6.1.0/../../../../msp430-elf/lib/libcrt.a(crt_main_minrt.o)
 .debug_abbrev  0x0000000000003dee      0x16f /home/awygle/toolchain/install/lib/gcc/msp430-elf/6.1.0/../../../../msp430-elf/lib/libc.a(lib_a-memmove.o)
 .debug_abbrev  0x0000000000003f5d      0x168 /home/awygle/toolchain/install/lib/gcc/msp430-elf/6.1.0/../../../../msp430-elf/lib/libc.a(lib_a-memset.o)

.debug_line     0x0000000000000000     0x70b7
 *(.debug_line .debug_line.* .debug_line_end)
 .debug_line    0x0000000000000000       0x60 /home/awygle/toolchain/install/lib/gcc/msp430-elf/6.1.0/../../../../msp430-elf/lib/crt0-minrt.o
 .debug_line    0x0000000000000060      0x1cd build/obj/ch.o
 .debug_line.text.port_init
                0x000000000000022d       0x17 build/obj/ch.o
 .debug_line.text.port_lock
                0x0000000000000244       0x23 build/obj/ch.o
 .debug_line.text.port_unlock
                0x0000000000000267       0x23 build/obj/ch.o
 .debug_line.text.port_lock_from_isr
                0x000000000000028a       0x17 build/obj/ch.o
 .debug_line.text.port_unlock_from_isr
                0x00000000000002a1       0x17 build/obj/ch.o
 .debug_line.text.port_disable
                0x00000000000002b8       0x23 build/obj/ch.o
 .debug_line.text.port_suspend
                0x00000000000002db       0x23 build/obj/ch.o
 .debug_line.text._dbg_check_suspend
                0x00000000000002fe       0x31 build/obj/ch.o
 .debug_line.text._dbg_check_lock
                0x000000000000032f       0x37 build/obj/ch.o
 .debug_line.text._dbg_check_unlock
                0x0000000000000366       0x37 build/obj/ch.o
 .debug_line.text._dbg_check_lock_from_isr
                0x000000000000039d       0x37 build/obj/ch.o
 .debug_line.text._dbg_check_unlock_from_isr
                0x00000000000003d4       0x37 build/obj/ch.o
 .debug_line.text._dbg_check_enter_isr
                0x000000000000040b       0x43 build/obj/ch.o
 .debug_line.text._dbg_check_leave_isr
                0x000000000000044e       0x43 build/obj/ch.o
 .debug_line.text.chDbgCheckClassI
                0x0000000000000491       0x31 build/obj/ch.o
 .debug_line.text.chDbgCheckClassS
                0x00000000000004c2       0x31 build/obj/ch.o
 .debug_line.text.chSysInit
                0x00000000000004f3       0x85 build/obj/ch.o
 .debug_line.text.chSysHalt
                0x0000000000000578       0x29 build/obj/ch.o
 .debug_line.text.chSysTimerHandlerI
                0x00000000000005a1       0x6d build/obj/ch.o
 .debug_line.text.chSchReadyI
                0x000000000000060e       0x43 build/obj/ch.o
 .debug_line.text.chSchIsPreemptionRequired
                0x0000000000000651       0x1f build/obj/ch.o
 .debug_line.text.chSchDoReschedule
                0x0000000000000670       0x2b build/obj/ch.o
 .debug_line.text.chSchGoSleepTimeoutS
                0x000000000000069b       0x5f build/obj/ch.o
 .debug_line.text.chThdSuspendTimeoutS
                0x00000000000006fa       0x2b build/obj/ch.o
 .debug_line.text.chThdResumeI
                0x0000000000000725       0x31 build/obj/ch.o
 .debug_line.text.chThdSleep
                0x0000000000000756       0x2b build/obj/ch.o
 .debug_line.text.chSemWaitTimeoutS
                0x0000000000000781       0x55 build/obj/ch.o
 .debug_line.text.chSemSignalI
                0x00000000000007d6       0x49 build/obj/ch.o
 .debug_line_end
                0x000000000000081f        0x0 build/obj/ch.o
 .debug_line    0x000000000000081f      0x216 build/obj/chmboxes.o
 .debug_line_end
                0x0000000000000a35        0x0 build/obj/chmboxes.o
 .debug_line    0x0000000000000a35      0x229 build/obj/chmemcore.o
 .debug_line.text.port_lock
                0x0000000000000c5e       0x23 build/obj/chmemcore.o
 .debug_line.text.port_unlock
                0x0000000000000c81       0x23 build/obj/chmemcore.o
 .debug_line.text.chCoreAllocAlignedI
                0x0000000000000ca4       0x43 build/obj/chmemcore.o
 .debug_line.text.chCoreAllocAligned
                0x0000000000000ce7       0x31 build/obj/chmemcore.o
 .debug_line_end
                0x0000000000000d18        0x0 build/obj/chmemcore.o
 .debug_line    0x0000000000000d18      0x26d build/obj/chheap.o
 .debug_line.text._heap_init
                0x0000000000000f85       0x2f build/obj/chheap.o
 .debug_line_end
                0x0000000000000fb4        0x0 build/obj/chheap.o
 .debug_line    0x0000000000000fb4      0x275 build/obj/chmempools.o
 .debug_line_end
                0x0000000000001229        0x0 build/obj/chmempools.o
 .debug_line    0x0000000000001229      0x1b2 build/obj/chcore.o
 .debug_line.text.port_unlock
                0x00000000000013db       0x23 build/obj/chcore.o
 .debug_line.text._port_switch
                0x00000000000013fe       0x36 build/obj/chcore.o
 .debug_line.text._port_thread_start
                0x0000000000001434       0x31 build/obj/chcore.o
 .debug_line_end
                0x0000000000001465        0x0 build/obj/chcore.o
 .debug_line    0x0000000000001465      0x1de build/obj/osal.o
 .debug_line.text.osalThreadDequeueNextI
                0x0000000000001643       0x4c build/obj/osal.o
 .debug_line_end
                0x000000000000168f        0x0 build/obj/osal.o
 .debug_line    0x000000000000168f      0x30d build/obj/hal.o
 .debug_line.text.osalInit
                0x000000000000199c       0x17 build/obj/hal.o
 .debug_line.text.halInit
                0x00000000000019b3       0x42 build/obj/hal.o
 .debug_line_end
                0x00000000000019f5        0x0 build/obj/hal.o
 .debug_line    0x00000000000019f5      0x320 build/obj/hal_st.o
 .debug_line.text.stInit
                0x0000000000001d15       0x1e build/obj/hal_st.o
 .debug_line_end
                0x0000000000001d33        0x0 build/obj/hal_st.o
 .debug_line    0x0000000000001d33      0x347 build/obj/hal_buffers.o
 .debug_line_end
                0x000000000000207a        0x0 build/obj/hal_buffers.o
 .debug_line    0x000000000000207a      0x314 build/obj/hal_queues.o
 .debug_line.text.port_lock
                0x000000000000238e       0x23 build/obj/hal_queues.o
 .debug_line.text.port_unlock
                0x00000000000023b1       0x23 build/obj/hal_queues.o
 .debug_line.text.osalSysLock
                0x00000000000023d4       0x1f build/obj/hal_queues.o
 .debug_line.text.osalSysUnlock
                0x00000000000023f3       0x1f build/obj/hal_queues.o
 .debug_line.text.osalOsGetSystemTimeX
                0x0000000000002412       0x1f build/obj/hal_queues.o
 .debug_line.text.osalThreadQueueObjectInit
                0x0000000000002431       0x1f build/obj/hal_queues.o
 .debug_line.text.osalThreadEnqueueTimeoutS
                0x0000000000002450       0x1f build/obj/hal_queues.o
 .debug_line.text.iqObjectInit
                0x000000000000246f       0x48 build/obj/hal_queues.o
 .debug_line.text.iqPutI
                0x00000000000024b7       0x79 build/obj/hal_queues.o
 .debug_line.text.iqGetTimeout
                0x0000000000002530       0x73 build/obj/hal_queues.o
 .debug_line.text.iqReadTimeout
                0x00000000000025a3       0xcd build/obj/hal_queues.o
 .debug_line.text.oqObjectInit
                0x0000000000002670       0x49 build/obj/hal_queues.o
 .debug_line.text.oqPutTimeout
                0x00000000000026b9       0x73 build/obj/hal_queues.o
 .debug_line.text.oqGetI
                0x000000000000272c       0x79 build/obj/hal_queues.o
 .debug_line.text.oqWriteTimeout
                0x00000000000027a5       0xcd build/obj/hal_queues.o
 .debug_line_end
                0x0000000000002872        0x0 build/obj/hal_queues.o
 .debug_line    0x0000000000002872      0x2e5 build/obj/hal_mmcsd.o
 .debug_line_end
                0x0000000000002b57        0x0 build/obj/hal_mmcsd.o
 .debug_line    0x0000000000002b57      0x32a build/obj/hal_pal.o
 .debug_line_end
                0x0000000000002e81        0x0 build/obj/hal_pal.o
 .debug_line    0x0000000000002e81      0x314 build/obj/hal_serial.o
 .debug_line.text.port_lock
                0x0000000000003195       0x23 build/obj/hal_serial.o
 .debug_line.text.port_unlock
                0x00000000000031b8       0x23 build/obj/hal_serial.o
 .debug_line.text.osalSysLock
                0x00000000000031db       0x1f build/obj/hal_serial.o
 .debug_line.text.osalSysUnlock
                0x00000000000031fa       0x1f build/obj/hal_serial.o
 .debug_line.text.osalEventObjectInit
                0x0000000000003219       0x2b build/obj/hal_serial.o
 .debug_line.text.osalEventBroadcastFlagsI
                0x0000000000003244       0x2b build/obj/hal_serial.o
 .debug_line.text.write
                0x000000000000326f       0x1e build/obj/hal_serial.o
 .debug_line.text.read
                0x000000000000328d       0x1e build/obj/hal_serial.o
 .debug_line.text.put
                0x00000000000032ab       0x1e build/obj/hal_serial.o
 .debug_line.text.get
                0x00000000000032c9       0x1f build/obj/hal_serial.o
 .debug_line.text.putt
                0x00000000000032e8       0x1f build/obj/hal_serial.o
 .debug_line.text.gett
                0x0000000000003307       0x1f build/obj/hal_serial.o
 .debug_line.text.writet
                0x0000000000003326       0x1f build/obj/hal_serial.o
 .debug_line.text.readt
                0x0000000000003345       0x1f build/obj/hal_serial.o
 .debug_line.text.sdInit
                0x0000000000003364       0x1f build/obj/hal_serial.o
 .debug_line.text.sdObjectInit
                0x0000000000003383       0x37 build/obj/hal_serial.o
 .debug_line.text.sdStart
                0x00000000000033ba       0x31 build/obj/hal_serial.o
 .debug_line.text.sdIncomingDataI
                0x00000000000033eb       0x37 build/obj/hal_serial.o
 .debug_line.text.sdRequestDataI
                0x0000000000003422       0x37 build/obj/hal_serial.o
 .debug_line_end
                0x0000000000003459        0x0 build/obj/hal_serial.o
 .debug_line    0x0000000000003459      0x311 build/obj/hal_spi.o
 .debug_line.text.port_lock
                0x000000000000376a       0x23 build/obj/hal_spi.o
 .debug_line.text.port_unlock
                0x000000000000378d       0x23 build/obj/hal_spi.o
 .debug_line.text.osalSysLock
                0x00000000000037b0       0x1f build/obj/hal_spi.o
 .debug_line.text.osalSysUnlock
                0x00000000000037cf       0x1f build/obj/hal_spi.o
 .debug_line.text.osalThreadSuspendS
                0x00000000000037ee       0x1f build/obj/hal_spi.o
 .debug_line.text.spiInit
                0x000000000000380d       0x1e build/obj/hal_spi.o
 .debug_line.text.spiObjectInit
                0x000000000000382b       0x2b build/obj/hal_spi.o
 .debug_line.text.spiStart
                0x0000000000003856       0x37 build/obj/hal_spi.o
 .debug_line.text.spiSelect
                0x000000000000388d       0x2b build/obj/hal_spi.o
 .debug_line.text.spiUnselect
                0x00000000000038b8       0x2b build/obj/hal_spi.o
 .debug_line.text.spiSend
                0x00000000000038e3       0x31 build/obj/hal_spi.o
 .debug_line.text.spiReceive
                0x0000000000003914       0x31 build/obj/hal_spi.o
 .debug_line_end
                0x0000000000003945        0x0 build/obj/hal_spi.o
 .debug_line    0x0000000000003945      0x2f2 build/obj/hal_lld.o
 .debug_line.text.hal_lld_init
                0x0000000000003c37       0x46 build/obj/hal_lld.o
 .debug_line_end
                0x0000000000003c7d        0x0 build/obj/hal_lld.o
 .debug_line    0x0000000000003c7d      0x2f5 build/obj/hal_st_lld.o
 .debug_line.text.port_lock_from_isr
                0x0000000000003f72       0x17 build/obj/hal_st_lld.o
 .debug_line.text.port_unlock_from_isr
                0x0000000000003f89       0x17 build/obj/hal_st_lld.o
 .debug_line.text.osalSysLockFromISR
                0x0000000000003fa0       0x1f build/obj/hal_st_lld.o
 .debug_line.text.osalSysUnlockFromISR
                0x0000000000003fbf       0x1f build/obj/hal_st_lld.o
 .debug_line.text.osalOsTimerHandlerI
                0x0000000000003fde       0x1f build/obj/hal_st_lld.o
 .debug_line.text.ISR_MSP430X_ST_ISR
                0x0000000000003ffd       0x51 build/obj/hal_st_lld.o
 .debug_line.text.st_lld_init
                0x000000000000404e       0x31 build/obj/hal_st_lld.o
 .debug_line_end
                0x000000000000407f        0x0 build/obj/hal_st_lld.o
 .debug_line    0x000000000000407f      0x2f9 build/obj/hal_serial_lld.o
 .debug_line.text.port_lock_from_isr
                0x0000000000004378       0x17 build/obj/hal_serial_lld.o
 .debug_line.text.port_unlock_from_isr
                0x000000000000438f       0x17 build/obj/hal_serial_lld.o
 .debug_line.text.osalSysLockFromISR
                0x00000000000043a6       0x1f build/obj/hal_serial_lld.o
 .debug_line.text.osalSysUnlockFromISR
                0x00000000000043c5       0x1f build/obj/hal_serial_lld.o
 .debug_line.text.osalEventBroadcastFlagsI
                0x00000000000043e4       0x2b build/obj/hal_serial_lld.o
 .debug_line.text.UCBRS
                0x000000000000440f      0x1c3 build/obj/hal_serial_lld.o
 .debug_line.text.UCAxMCTLW
                0x00000000000045d2       0x49 build/obj/hal_serial_lld.o
 .debug_line.text.UCAxBRW
                0x000000000000461b       0x31 build/obj/hal_serial_lld.o
 .debug_line.text.usart0_init
                0x000000000000464c       0x43 build/obj/hal_serial_lld.o
 .debug_line.text.notify0
                0x000000000000468f       0x1f build/obj/hal_serial_lld.o
 .debug_line.text.set_error
                0x00000000000046ae       0x55 build/obj/hal_serial_lld.o
 .debug_line.text.ISR_USCI_A0_VECTOR
                0x0000000000004703       0xf7 build/obj/hal_serial_lld.o
 .debug_line.text.sd_lld_init
                0x00000000000047fa       0x1f build/obj/hal_serial_lld.o
 .debug_line.text.sd_lld_start
                0x0000000000004819       0x37 build/obj/hal_serial_lld.o
 .debug_line_end
                0x0000000000004850        0x0 build/obj/hal_serial_lld.o
 .debug_line    0x0000000000004850      0x2f6 build/obj/hal_pal_lld.o
 .debug_line.text._pal_lld_init
                0x0000000000004b46       0x9a build/obj/hal_pal_lld.o
 .debug_line.text._pal_lld_setgroupmode
                0x0000000000004be0      0x1c7 build/obj/hal_pal_lld.o
 .debug_line_end
                0x0000000000004da7        0x0 build/obj/hal_pal_lld.o
 .debug_line    0x0000000000004da7      0x2f6 build/obj/hal_dma_lld.o
 .debug_line.text.port_lock_from_isr
                0x000000000000509d       0x17 build/obj/hal_dma_lld.o
 .debug_line.text.port_unlock_from_isr
                0x00000000000050b4       0x17 build/obj/hal_dma_lld.o
 .debug_line.text.dma_trigger_set
                0x00000000000050cb       0x2a build/obj/hal_dma_lld.o
 .debug_line.text.init_request
                0x00000000000050f5       0x4f build/obj/hal_dma_lld.o
 .debug_line.text.ISR_DMA_VECTOR
                0x0000000000005144       0x6f build/obj/hal_dma_lld.o
 .debug_line.text.dmaInit
                0x00000000000051b3       0x1f build/obj/hal_dma_lld.o
 .debug_line.text.dmaRequest
                0x00000000000051d2       0x65 build/obj/hal_dma_lld.o
 .debug_line_end
                0x0000000000005237        0x0 build/obj/hal_dma_lld.o
 .debug_line    0x0000000000005237      0x2f6 build/obj/hal_spi_lld.o
 .debug_line.text.port_lock_from_isr
                0x000000000000552d       0x17 build/obj/hal_spi_lld.o
 .debug_line.text.port_unlock_from_isr
                0x0000000000005544       0x17 build/obj/hal_spi_lld.o
 .debug_line.text.osalSysLockFromISR
                0x000000000000555b       0x1f build/obj/hal_spi_lld.o
 .debug_line.text.osalSysUnlockFromISR
                0x000000000000557a       0x1f build/obj/hal_spi_lld.o
 .debug_line.text.osalThreadResumeI
                0x0000000000005599       0x1f build/obj/hal_spi_lld.o
 .debug_line.text.init_transfer
                0x00000000000055b8       0x2b build/obj/hal_spi_lld.o
 .debug_line.text.spi_lld_end_of_transfer
                0x00000000000055e3       0x53 build/obj/hal_spi_lld.o
 .debug_line.text.spi_lld_init
                0x0000000000005636       0xcd build/obj/hal_spi_lld.o
 .debug_line.text.spi_lld_start
                0x0000000000005703       0xad build/obj/hal_spi_lld.o
 .debug_line.text.spi_lld_select
                0x00000000000057b0       0x25 build/obj/hal_spi_lld.o
 .debug_line.text.spi_lld_unselect
                0x00000000000057d5       0x25 build/obj/hal_spi_lld.o
 .debug_line.text.spi_lld_send
                0x00000000000057fa       0x43 build/obj/hal_spi_lld.o
 .debug_line.text.spi_lld_receive
                0x000000000000583d       0x43 build/obj/hal_spi_lld.o
 .debug_line_end
                0x0000000000005880        0x0 build/obj/hal_spi_lld.o
 .debug_line    0x0000000000005880      0x2fd build/obj/board.o
 .debug_line.text.boardInit
                0x0000000000005b7d       0x1c build/obj/board.o
 .debug_line_end
                0x0000000000005b99        0x0 build/obj/board.o
 .debug_line    0x0000000000005b99       0x72 build/obj/msp_vectors.o
 .debug_line.text.Vector1
                0x0000000000005c0b       0x18 build/obj/msp_vectors.o
 .debug_line.text.Vector2
                0x0000000000005c23       0x1a build/obj/msp_vectors.o
 .debug_line.text.Vector3
                0x0000000000005c3d       0x1a build/obj/msp_vectors.o
 .debug_line.text.Vector4
                0x0000000000005c57       0x1a build/obj/msp_vectors.o
 .debug_line.text.Vector5
                0x0000000000005c71       0x1a build/obj/msp_vectors.o
 .debug_line.text.Vector6
                0x0000000000005c8b       0x1a build/obj/msp_vectors.o
 .debug_line.text.Vector7
                0x0000000000005ca5       0x1a build/obj/msp_vectors.o
 .debug_line.text.Vector8
                0x0000000000005cbf       0x1a build/obj/msp_vectors.o
 .debug_line.text.Vector9
                0x0000000000005cd9       0x1a build/obj/msp_vectors.o
 .debug_line.text.Vector10
                0x0000000000005cf3       0x1a build/obj/msp_vectors.o
 .debug_line.text.Vector11
                0x0000000000005d0d       0x1a build/obj/msp_vectors.o
 .debug_line.text.Vector12
                0x0000000000005d27       0x1b build/obj/msp_vectors.o
 .debug_line.text.Vector13
                0x0000000000005d42       0x1b build/obj/msp_vectors.o
 .debug_line.text.Vector14
                0x0000000000005d5d       0x1b build/obj/msp_vectors.o
 .debug_line.text.Vector15
                0x0000000000005d78       0x1b build/obj/msp_vectors.o
 .debug_line.text.Vector16
                0x0000000000005d93       0x1b build/obj/msp_vectors.o
 .debug_line.text.Vector17
                0x0000000000005dae       0x1b build/obj/msp_vectors.o
 .debug_line.text.Vector18
                0x0000000000005dc9       0x1b build/obj/msp_vectors.o
 .debug_line.text.Vector19
                0x0000000000005de4       0x1b build/obj/msp_vectors.o
 .debug_line.text.Vector20
                0x0000000000005dff       0x1b build/obj/msp_vectors.o
 .debug_line.text.Vector21
                0x0000000000005e1a       0x1b build/obj/msp_vectors.o
 .debug_line.text.Vector22
                0x0000000000005e35       0x1b build/obj/msp_vectors.o
 .debug_line.text.Vector23
                0x0000000000005e50       0x1b build/obj/msp_vectors.o
 .debug_line.text.Vector24
                0x0000000000005e6b       0x1b build/obj/msp_vectors.o
 .debug_line.text.Vector25
                0x0000000000005e86       0x1b build/obj/msp_vectors.o
 .debug_line.text.Vector26
                0x0000000000005ea1       0x1b build/obj/msp_vectors.o
 .debug_line.text.Vector27
                0x0000000000005ebc       0x1b build/obj/msp_vectors.o
 .debug_line.text.Vector28
                0x0000000000005ed7       0x1b build/obj/msp_vectors.o
 .debug_line.text.Vector29
                0x0000000000005ef2       0x1b build/obj/msp_vectors.o
 .debug_line.text.Vector30
                0x0000000000005f0d       0x1b build/obj/msp_vectors.o
 .debug_line.text.Vector31
                0x0000000000005f28       0x1b build/obj/msp_vectors.o
 .debug_line.text.Vector32
                0x0000000000005f43       0x1b build/obj/msp_vectors.o
 .debug_line.text.Vector33
                0x0000000000005f5e       0x1b build/obj/msp_vectors.o
 .debug_line.text.Vector34
                0x0000000000005f79       0x1b build/obj/msp_vectors.o
 .debug_line.text.Vector35
                0x0000000000005f94       0x1b build/obj/msp_vectors.o
 .debug_line.text.Vector36
                0x0000000000005faf       0x1b build/obj/msp_vectors.o
 .debug_line.text.Vector37