Archive member included to satisfy reference by file (symbol)

/home/awygle/toolchain/install/lib/gcc/msp430-elf/6.2.0/large/libgcc.a(_muldi3.o)
                              build/obj/faults.o (__mspabi_mpyll)
/home/awygle/toolchain/install/lib/gcc/msp430-elf/6.2.0/large/libgcc.a(_ashrdi3.o)
                              build/obj/faults.o (__ashrdi3)
/home/awygle/toolchain/install/lib/gcc/msp430-elf/6.2.0/large/libgcc.a(lib2divSI.o)
                              build/obj/hal_serial_lld.o (__mspabi_divul)
/home/awygle/toolchain/install/lib/gcc/msp430-elf/6.2.0/large/libgcc.a(slli.o)
                              build/obj/hal_pal.o (__mspabi_slli)
/home/awygle/toolchain/install/lib/gcc/msp430-elf/6.2.0/large/libgcc.a(srai.o)
                              build/obj/hal_pal_lld.o (__mspabi_sral_4)
/home/awygle/toolchain/install/lib/gcc/msp430-elf/6.2.0/large/libgcc.a(srli.o)
                              build/obj/sx1278.o (__mspabi_srli_8)
/home/awygle/toolchain/install/lib/gcc/msp430-elf/6.2.0/large/libgcc.a(cmpsi2.o)
                              build/obj/rf.o (__ucmpsi2)
/home/awygle/toolchain/install/lib/gcc/msp430-elf/6.2.0/large/libgcc.a(_udivdi3.o)
                              /home/awygle/toolchain/install/lib/gcc/msp430-elf/6.2.0/large/libgcc.a(lib2divSI.o) (__mspabi_divull)
/home/awygle/toolchain/install/lib/gcc/msp430-elf/6.2.0/large/libgcc.a(_lshrdi3.o)
                              /home/awygle/toolchain/install/lib/gcc/msp430-elf/6.2.0/large/libgcc.a(_udivdi3.o) (__lshrdi3)
/home/awygle/toolchain/install/lib/gcc/msp430-elf/6.2.0/large/libgcc.a(_ashldi3.o)
                              /home/awygle/toolchain/install/lib/gcc/msp430-elf/6.2.0/large/libgcc.a(_udivdi3.o) (__ashldi3)
/home/awygle/toolchain/install/lib/gcc/msp430-elf/6.2.0/large/libgcc.a(_clzdi2.o)
                              /home/awygle/toolchain/install/lib/gcc/msp430-elf/6.2.0/large/libgcc.a(_udivdi3.o) (__clzdi2)
/home/awygle/toolchain/install/lib/gcc/msp430-elf/6.2.0/large/libgcc.a(_clz.o)
                              /home/awygle/toolchain/install/lib/gcc/msp430-elf/6.2.0/large/libgcc.a(_clzdi2.o) (__clz_tab)
/home/awygle/toolchain/install/lib/gcc/msp430-elf/6.2.0/large/libmul_f5.a(lib2hw_mul_f5.o)
                              build/obj/sx1212.o (__mulhi2_f5)
/home/awygle/toolchain/install/lib/gcc/msp430-elf/6.2.0/../../../../msp430-elf/lib/large/libc.a(lib_a-memcpy.o)
                              build/obj/hal_buffers.o (memcpy)
/home/awygle/toolchain/install/lib/gcc/msp430-elf/6.2.0/../../../../msp430-elf/lib/large/libc.a(lib_a-memset.o)
                              build/obj/cmds.o (memset)
/home/awygle/toolchain/install/lib/gcc/msp430-elf/6.2.0/../../../../msp430-elf/lib/large/libcrt.a(crt_high_bss.o)
                              build/obj/ch.o (__crt0_init_highbss)
/home/awygle/toolchain/install/lib/gcc/msp430-elf/6.2.0/../../../../msp430-elf/lib/large/libcrt.a(crt_move_highdata.o)
                              build/obj/uart.o (__crt0_move_highdata)
/home/awygle/toolchain/install/lib/gcc/msp430-elf/6.2.0/../../../../msp430-elf/lib/large/libcrt.a(crt_main_minrt.o)
                              /home/awygle/toolchain/install/lib/gcc/msp430-elf/6.2.0/../../../../msp430-elf/lib/large/crt0-minrt.o (__crt0_call_just_main)
/home/awygle/toolchain/install/lib/gcc/msp430-elf/6.2.0/../../../../msp430-elf/lib/large/libc.a(lib_a-memmove.o)
                              /home/awygle/toolchain/install/lib/gcc/msp430-elf/6.2.0/../../../../msp430-elf/lib/large/libcrt.a(crt_move_highdata.o) (memmove)

Discarded input sections

 .text          0x0000000000000000        0x0 /home/awygle/toolchain/install/lib/gcc/msp430-elf/6.2.0/../../../../msp430-elf/lib/large/crt0-minrt.o
 .data          0x0000000000000000        0x0 /home/awygle/toolchain/install/lib/gcc/msp430-elf/6.2.0/../../../../msp430-elf/lib/large/crt0-minrt.o
 .bss           0x0000000000000000        0x0 /home/awygle/toolchain/install/lib/gcc/msp430-elf/6.2.0/../../../../msp430-elf/lib/large/crt0-minrt.o
 .resetvec      0x0000000000000000        0x2 /home/awygle/toolchain/install/lib/gcc/msp430-elf/6.2.0/../../../../msp430-elf/lib/large/crt0-minrt.o
 .text          0x0000000000000000        0x0 build/obj/bootloader.o
 .data          0x0000000000000000        0x0 build/obj/bootloader.o
 .bss           0x0000000000000000        0x0 build/obj/bootloader.o
 .text          0x0000000000000000        0x0 build/obj/ch.o
 .data          0x0000000000000000        0x0 build/obj/ch.o
 .bss           0x0000000000000000        0x0 build/obj/ch.o
 .lower.text.chSysUnconditionalLock
                0x0000000000000000        0xe build/obj/ch.o
 .lower.text.chSysUnconditionalUnlock
                0x0000000000000000        0xc build/obj/ch.o
 .lower.text.chThdSleepUntil
                0x0000000000000000       0x20 build/obj/ch.o
 .lower.text.chSemSignal
                0x0000000000000000       0x20 build/obj/ch.o
 .lower.text.chSemReset
[...]
Memory Configuration

Name             Origin             Length             Attributes
SFR              0x0000000000000000 0x0000000000000010
BSL              0x0000000000001000 0x0000000000000800
PERIPHERAL_8BIT  0x0000000000000010 0x00000000000000f0
PERIPHERAL_16BIT 0x0000000000000100 0x0000000000000100
RAM              0x0000000000001c00 0x0000000000000800
INFOMEM          0x0000000000001800 0x0000000000000200
INFOA            0x0000000000001980 0x0000000000000080
INFOB            0x0000000000001900 0x0000000000000080
INFOC            0x0000000000001880 0x0000000000000080
INFOD            0x0000000000001800 0x0000000000000080
FRAM             0x0000000000004400 0x000000000000bb80 xrw
JTAGSIGNATURE    0x000000000000ff80 0x0000000000000004
BSLSIGNATURE     0x000000000000ff84 0x0000000000000004
IPESIGNATURE     0x000000000000ff88 0x0000000000000008
VECT1            0x000000000000ff90 0x0000000000000002
VECT2            0x000000000000ff92 0x0000000000000002
VECT3            0x000000000000ff94 0x0000000000000002
VECT4            0x000000000000ff96 0x0000000000000002
VECT5            0x000000000000ff98 0x0000000000000002
VECT6            0x000000000000ff9a 0x0000000000000002
VECT7            0x000000000000ff9c 0x0000000000000002
VECT8            0x000000000000ff9e 0x0000000000000002
VECT9            0x000000000000ffa0 0x0000000000000002
VECT10           0x000000000000ffa2 0x0000000000000002
VECT11           0x000000000000ffa4 0x0000000000000002
VECT12           0x000000000000ffa6 0x0000000000000002
VECT13           0x000000000000ffa8 0x0000000000000002
VECT14           0x000000000000ffaa 0x0000000000000002
VECT15           0x000000000000ffac 0x0000000000000002
VECT16           0x000000000000ffae 0x0000000000000002
VECT17           0x000000000000ffb0 0x0000000000000002
VECT18           0x000000000000ffb2 0x0000000000000002
VECT19           0x000000000000ffb4 0x0000000000000002
VECT20           0x000000000000ffb6 0x0000000000000002
VECT21           0x000000000000ffb8 0x0000000000000002
VECT22           0x000000000000ffba 0x0000000000000002
VECT23           0x000000000000ffbc 0x0000000000000002
VECT24           0x000000000000ffbe 0x0000000000000002
VECT25           0x000000000000ffc0 0x0000000000000002
VECT26           0x000000000000ffc2 0x0000000000000002
VECT27           0x000000000000ffc4 0x0000000000000002
VECT28           0x000000000000ffc6 0x0000000000000002
VECT29           0x000000000000ffc8 0x0000000000000002
VECT30           0x000000000000ffca 0x0000000000000002
VECT31           0x000000000000ffcc 0x0000000000000002
VECT32           0x000000000000ffce 0x0000000000000002
VECT33           0x000000000000ffd0 0x0000000000000002
VECT34           0x000000000000ffd2 0x0000000000000002
VECT35           0x000000000000ffd4 0x0000000000000002
VECT36           0x000000000000ffd6 0x0000000000000002
VECT37           0x000000000000ffd8 0x0000000000000002
VECT38           0x000000000000ffda 0x0000000000000002
VECT39           0x000000000000ffdc 0x0000000000000002
VECT40           0x000000000000ffde 0x0000000000000002
VECT41           0x000000000000ffe0 0x0000000000000002
VECT42           0x000000000000ffe2 0x0000000000000002
VECT43           0x000000000000ffe4 0x0000000000000002
VECT44           0x000000000000ffe6 0x0000000000000002
VECT45           0x000000000000ffe8 0x0000000000000002
VECT46           0x000000000000ffea 0x0000000000000002
VECT47           0x000000000000ffec 0x0000000000000002
VECT48           0x000000000000ffee 0x0000000000000002
VECT49           0x000000000000fff0 0x0000000000000002
VECT50           0x000000000000fff2 0x0000000000000002
VECT51           0x000000000000fff4 0x0000000000000002
VECT52           0x000000000000fff6 0x0000000000000002
VECT53           0x000000000000fff8 0x0000000000000002
VECT54           0x000000000000fffa 0x0000000000000002
VECT55           0x000000000000fffc 0x0000000000000002
RESETVEC         0x000000000000fffe 0x0000000000000002
HIFRAM           0x0000000000010000 0x0000000000003fff xrw
*default*        0x0000000000000000 0xffffffffffffffff

Linker script and memory map

LOAD /home/awygle/toolchain/install/lib/gcc/msp430-elf/6.2.0/../../../../msp430-elf/lib/large/crt0-minrt.o

.jtagsignature

.bslsignature

.ipe
 *(.ipesignature)
 *(.jtagpassword)

__interrupt_vector_1
                0x000000000000ff90        0x2
 *(__interrupt_vector_1)
 __interrupt_vector_1
                0x000000000000ff90        0x2 build/obj/msp_vectors.o

__interrupt_vector_2
                0x000000000000ff92        0x2
 *(__interrupt_vector_2)
 __interrupt_vector_2
                0x000000000000ff92        0x2 build/obj/msp_vectors.o

__interrupt_vector_3
                0x000000000000ff94        0x2
 *(__interrupt_vector_3)
 __interrupt_vector_3
                0x000000000000ff94        0x2 build/obj/msp_vectors.o

__interrupt_vector_4
                0x000000000000ff96        0x2
 *(__interrupt_vector_4)
 __interrupt_vector_4
                0x000000000000ff96        0x2 build/obj/msp_vectors.o

__interrupt_vector_5
                0x000000000000ff98        0x2
 *(__interrupt_vector_5)
 __interrupt_vector_5
                0x000000000000ff98        0x2 build/obj/msp_vectors.o

__interrupt_vector_6
                0x000000000000ff9a        0x2
 *(__interrupt_vector_6)
 __interrupt_vector_6
                0x000000000000ff9a        0x2 build/obj/msp_vectors.o

__interrupt_vector_7
                0x000000000000ff9c        0x2
 *(__interrupt_vector_7)
 __interrupt_vector_7
                0x000000000000ff9c        0x2 build/obj/msp_vectors.o

__interrupt_vector_8
                0x000000000000ff9e        0x2
 *(__interrupt_vector_8)
 __interrupt_vector_8
                0x000000000000ff9e        0x2 build/obj/msp_vectors.o

__interrupt_vector_9
                0x000000000000ffa0        0x2
 *(__interrupt_vector_9)
 __interrupt_vector_9
                0x000000000000ffa0        0x2 build/obj/msp_vectors.o

__interrupt_vector_10
                0x000000000000ffa2        0x2
 *(__interrupt_vector_10)
 __interrupt_vector_10
                0x000000000000ffa2        0x2 build/obj/msp_vectors.o

__interrupt_vector_11
                0x000000000000ffa4        0x2
 *(__interrupt_vector_11)
 __interrupt_vector_11
                0x000000000000ffa4        0x2 build/obj/msp_vectors.o

__interrupt_vector_12
                0x000000000000ffa6        0x2
 *(__interrupt_vector_12)
 __interrupt_vector_12
                0x000000000000ffa6        0x2 build/obj/msp_vectors.o

__interrupt_vector_13
                0x000000000000ffa8        0x2
 *(__interrupt_vector_13)
 __interrupt_vector_13
                0x000000000000ffa8        0x2 build/obj/msp_vectors.o

__interrupt_vector_14
                0x000000000000ffaa        0x2
 *(__interrupt_vector_14)
 __interrupt_vector_14
                0x000000000000ffaa        0x2 build/obj/msp_vectors.o

__interrupt_vector_15
                0x000000000000ffac        0x2
 *(__interrupt_vector_15)
 __interrupt_vector_15
                0x000000000000ffac        0x2 build/obj/msp_vectors.o

__interrupt_vector_16
                0x000000000000ffae        0x2
 *(__interrupt_vector_16)
 __interrupt_vector_16
                0x000000000000ffae        0x2 build/obj/msp_vectors.o

__interrupt_vector_17
                0x000000000000ffb0        0x2
 *(__interrupt_vector_17)
 __interrupt_vector_17
                0x000000000000ffb0        0x2 build/obj/msp_vectors.o

__interrupt_vector_18
                0x000000000000ffb2        0x2
 *(__interrupt_vector_18)
 __interrupt_vector_18
                0x000000000000ffb2        0x2 build/obj/msp_vectors.o

__interrupt_vector_19
                0x000000000000ffb4        0x2
 *(__interrupt_vector_19)
 __interrupt_vector_19
                0x000000000000ffb4        0x2 build/obj/msp_vectors.o

__interrupt_vector_20
                0x000000000000ffb6        0x2
 *(__interrupt_vector_20)
 __interrupt_vector_20
                0x000000000000ffb6        0x2 build/obj/msp_vectors.o

__interrupt_vector_21
                0x000000000000ffb8        0x2
 *(__interrupt_vector_21)
 __interrupt_vector_21
                0x000000000000ffb8        0x2 build/obj/msp_vectors.o

__interrupt_vector_22
                0x000000000000ffba        0x2
 *(__interrupt_vector_22)
 __interrupt_vector_22
                0x000000000000ffba        0x2 build/obj/msp_vectors.o

__interrupt_vector_23
                0x000000000000ffbc        0x2
 *(__interrupt_vector_23)
 __interrupt_vector_23
                0x000000000000ffbc        0x2 build/obj/msp_vectors.o

__interrupt_vector_24
                0x000000000000ffbe        0x2
 *(__interrupt_vector_24)
 __interrupt_vector_24
                0x000000000000ffbe        0x2 build/obj/msp_vectors.o

__interrupt_vector_25
                0x000000000000ffc0        0x2
 *(__interrupt_vector_25)
 __interrupt_vector_25
                0x000000000000ffc0        0x2 build/obj/msp_vectors.o

__interrupt_vector_26
                0x000000000000ffc2        0x2
 *(__interrupt_vector_26)
 __interrupt_vector_26
                0x000000000000ffc2        0x2 build/obj/msp_vectors.o

__interrupt_vector_27
                0x000000000000ffc4        0x2
 *(__interrupt_vector_27)
 __interrupt_vector_27
                0x000000000000ffc4        0x2 build/obj/msp_vectors.o

__interrupt_vector_28
                0x000000000000ffc6        0x2
 *(__interrupt_vector_28)
 __interrupt_vector_28
                0x000000000000ffc6        0x2 build/obj/msp_vectors.o

__interrupt_vector_29
                0x000000000000ffc8        0x2
 *(__interrupt_vector_29)
 __interrupt_vector_29
                0x000000000000ffc8        0x2 build/obj/msp_vectors.o

__interrupt_vector_30
                0x000000000000ffca        0x2
 *(__interrupt_vector_30)
 __interrupt_vector_30
                0x000000000000ffca        0x2 build/obj/msp_vectors.o

__interrupt_vector_31
                0x000000000000ffcc        0x2
 *(__interrupt_vector_31)
 __interrupt_vector_31
                0x000000000000ffcc        0x2 build/obj/msp_vectors.o
 *(__interrupt_vector_aes256)

__interrupt_vector_32
                0x000000000000ffce        0x2
 *(__interrupt_vector_32)
 __interrupt_vector_32
                0x000000000000ffce        0x2 build/obj/msp_vectors.o
 *(__interrupt_vector_rtc)

__interrupt_vector_33
                0x000000000000ffd0        0x2
 *(__interrupt_vector_33)
 __interrupt_vector_33
                0x000000000000ffd0        0x2 build/obj/hal_pal_lld.o
 *(__interrupt_vector_port4)

__interrupt_vector_34
                0x000000000000ffd2        0x2
 *(__interrupt_vector_34)
 __interrupt_vector_34
                0x000000000000ffd2        0x2 build/obj/hal_pal_lld.o
 *(__interrupt_vector_port3)

__interrupt_vector_35
                0x000000000000ffd4        0x2
 *(__interrupt_vector_35)
 __interrupt_vector_35
                0x000000000000ffd4        0x2 build/obj/hal_gpt_lld.o
 *(__interrupt_vector_timer3_a1)

__interrupt_vector_36
                0x000000000000ffd6        0x2
 *(__interrupt_vector_36)
 __interrupt_vector_36
                0x000000000000ffd6        0x2 build/obj/msp_vectors.o
 *(__interrupt_vector_timer3_a0)

__interrupt_vector_37
                0x000000000000ffd8        0x2
 *(__interrupt_vector_37)
 __interrupt_vector_37
                0x000000000000ffd8        0x2 build/obj/hal_pal_lld.o
 *(__interrupt_vector_port2)

__interrupt_vector_38
                0x000000000000ffda        0x2
 *(__interrupt_vector_38)
 __interrupt_vector_38
                0x000000000000ffda        0x2 build/obj/msp_vectors.o
 *(__interrupt_vector_timer2_a1)

__interrupt_vector_39
                0x000000000000ffdc        0x2
 *(__interrupt_vector_39)
 __interrupt_vector_39
                0x000000000000ffdc        0x2 build/obj/msp_vectors.o
 *(__interrupt_vector_timer2_a0)

__interrupt_vector_40
                0x000000000000ffde        0x2
 *(__interrupt_vector_40)
 __interrupt_vector_40
                0x000000000000ffde        0x2 build/obj/hal_pal_lld.o
 *(__interrupt_vector_port1)

__interrupt_vector_41
                0x000000000000ffe0        0x2
 *(__interrupt_vector_41)
 __interrupt_vector_41
                0x000000000000ffe0        0x2 build/obj/hal_gpt_lld.o
 *(__interrupt_vector_timer1_a1)

__interrupt_vector_42
                0x000000000000ffe2        0x2
 *(__interrupt_vector_42)
 __interrupt_vector_42
                0x000000000000ffe2        0x2 build/obj/msp_vectors.o
 *(__interrupt_vector_timer1_a0)

__interrupt_vector_43
                0x000000000000ffe4        0x2
 *(__interrupt_vector_43)
 __interrupt_vector_43
                0x000000000000ffe4        0x2 build/obj/hal_dma_lld.o
 *(__interrupt_vector_dma)

__interrupt_vector_44
                0x000000000000ffe6        0x2
 *(__interrupt_vector_44)
 __interrupt_vector_44
                0x000000000000ffe6        0x2 build/obj/hal_serial_lld.o
 *(__interrupt_vector_usci_a1)

__interrupt_vector_45
                0x000000000000ffe8        0x2
 *(__interrupt_vector_45)
 __interrupt_vector_45
                0x000000000000ffe8        0x2 build/obj/hal_gpt_lld.o
 *(__interrupt_vector_timer0_a1)

__interrupt_vector_46
                0x000000000000ffea        0x2
 *(__interrupt_vector_46)
 __interrupt_vector_46
                0x000000000000ffea        0x2 build/obj/msp_vectors.o
 *(__interrupt_vector_timer0_a0)

__interrupt_vector_47
                0x000000000000ffec        0x2
 *(__interrupt_vector_47)
 __interrupt_vector_47
                0x000000000000ffec        0x2 build/obj/hal_adc_lld.o
 *(__interrupt_vector_adc12)

__interrupt_vector_48
                0x000000000000ffee        0x2
 *(__interrupt_vector_48)
 __interrupt_vector_48
                0x000000000000ffee        0x2 build/obj/hal_i2c_lld.o
 *(__interrupt_vector_usci_b0)

__interrupt_vector_49
 *(__interrupt_vector_49)
 *(__interrupt_vector_usci_a0)

__interrupt_vector_50
                0x000000000000fff2        0x2
 *(__interrupt_vector_50)
 __interrupt_vector_50
                0x000000000000fff2        0x2 build/obj/msp_vectors.o
 *(__interrupt_vector_wdt)

__interrupt_vector_51
                0x000000000000fff4        0x2
 *(__interrupt_vector_51)
 __interrupt_vector_51
                0x000000000000fff4        0x2 build/obj/msp_vectors.o
 *(__interrupt_vector_timer0_b1)

__interrupt_vector_52
                0x000000000000fff6        0x2
 *(__interrupt_vector_52)
 __interrupt_vector_52
                0x000000000000fff6        0x2 build/obj/hal_st_lld.o
 *(__interrupt_vector_timer0_b0)

__interrupt_vector_53
                0x000000000000fff8        0x2
 *(__interrupt_vector_53)
 __interrupt_vector_53
                0x000000000000fff8        0x2 build/obj/msp_vectors.o
 *(__interrupt_vector_comp_e)

__interrupt_vector_54
                0x000000000000fffa        0x2
 *(__interrupt_vector_54)
 __interrupt_vector_54
                0x000000000000fffa        0x2 build/obj/msp_vectors.o
 *(__interrupt_vector_unmi)

__interrupt_vector_55
                0x000000000000fffc        0x2
 *(__interrupt_vector_55)
 __interrupt_vector_55
                0x000000000000fffc        0x2 build/obj/msp_vectors.o
 *(__interrupt_vector_sysnmi)

__reset_vector  0x000000000000fffe        0x2
 *(__interrupt_vector_56)
 *(__interrupt_vector_reset)
 *(.bootloader)
 .bootloader    0x000000000000fffe        0x2 build/obj/bootloader.o
                0x0000000000010000                _end = .
                [!provide]                        PROVIDE (end, .)

.text           0x0000000000004400     0x8fd0
                0x0000000000004400                PROVIDE (_start, .)
                0x0000000000004400                . = ALIGN (0x2)
 *(SORT(.crt_*))
 .crt_0000start
                0x0000000000004400        0x4 /home/awygle/toolchain/install/lib/gcc/msp430-elf/6.2.0/../../../../msp430-elf/lib/large/crt0-minrt.o
                0x0000000000004400                __crt0_start
 .crt_0042disable_watchdog
                0x0000000000004404        0x8 build/obj/init.o
 .crt_0200init_highbss
                0x000000000000440c       0x12 /home/awygle/toolchain/install/lib/gcc/msp430-elf/6.2.0/../../../../msp430-elf/lib/large/libcrt.a(crt_high_bss.o)
                0x000000000000440c                __crt0_init_highbss
 .crt_0400move_highdata
                0x000000000000441e       0x30 /home/awygle/toolchain/install/lib/gcc/msp430-elf/6.2.0/../../../../msp430-elf/lib/large/libcrt.a(crt_move_highdata.o)
                0x000000000000441e                __crt0_move_highdata
 .crt_0600call_just_main
                0x000000000000444e        0x6 /home/awygle/toolchain/install/lib/gcc/msp430-elf/6.2.0/../../../../msp430-elf/lib/large/libcrt.a(crt_main_minrt.o)
                0x000000000000444e                __crt0_call_just_main
                0x0000000000004454                . = ALIGN (0x2)
 *(.lowtext)
                0x0000000000004454                . = ALIGN (0x2)
 *(.lower.text.* .lower.text)
 .lower.text.port_init
                0x0000000000004454        0x8 build/obj/ch.o
 .lower.text.port_unlock
                0x000000000000445c        0xa build/obj/ch.o
 .lower.text.port_suspend
                0x0000000000004466        0x8 build/obj/ch.o
 .lower.text.chSysInit
                0x000000000000446e      0x10c build/obj/ch.o
                0x000000000000446e                chSysInit
 .lower.text.chSysHalt
                0x000000000000457a        0x8 build/obj/ch.o
                0x000000000000457a                chSysHalt
 .lower.text.chSysTimerHandlerI
                0x0000000000004582       0x78 build/obj/ch.o
                0x0000000000004582                chSysTimerHandlerI
 .lower.text.chSysGetStatusAndLockX
                0x00000000000045fa       0x1c build/obj/ch.o
                0x00000000000045fa                chSysGetStatusAndLockX
 .lower.text.chSysRestoreStatusX
                0x0000000000004616       0x18 build/obj/ch.o
                0x0000000000004616                chSysRestoreStatusX
 .lower.text.chSchReadyI
                0x000000000000462e       0x3e build/obj/ch.o
                0x000000000000462e                chSchReadyI
 .lower.text.chSchIsPreemptionRequired
                0x000000000000466c       0x10 build/obj/ch.o
                0x000000000000466c                chSchIsPreemptionRequired
 .lower.text.chSchDoReschedule
                0x000000000000467c       0x14 build/obj/ch.o
                0x000000000000467c                chSchDoReschedule
 .lower.text.chSchRescheduleS
                0x0000000000004690       0x10 build/obj/ch.o
                0x0000000000004690                chSchRescheduleS
 .lower.text.chSchGoSleepTimeoutS
                0x00000000000046a0       0x42 build/obj/ch.o
                0x00000000000046a0                chSchGoSleepTimeoutS
 .lower.text.chThdSuspendTimeoutS
                0x00000000000046e2       0x18 build/obj/ch.o
                0x00000000000046e2                chThdSuspendTimeoutS
 .lower.text.chThdResumeI
                0x00000000000046fa       0x16 build/obj/ch.o
                0x00000000000046fa                chThdResumeI
 .lower.text.chThdSleep
                0x0000000000004710       0x18 build/obj/ch.o
                0x0000000000004710                chThdSleep
 .lower.text.chSemWaitTimeout
                0x0000000000004728       0x2a build/obj/ch.o
                0x0000000000004728                chSemWaitTimeout
 .lower.text.chSemWaitTimeoutS
                0x0000000000004752       0x3c build/obj/ch.o
                0x0000000000004752                chSemWaitTimeoutS
 .lower.text.chSemSignalI
                0x000000000000478e       0x32 build/obj/ch.o
                0x000000000000478e                chSemSignalI
 .lower.text.chEvtSignal
                0x00000000000047c0       0x2c build/obj/ch.o
                0x00000000000047c0                chEvtSignal
 .lower.text.chEvtSignalI
                0x00000000000047ec       0x32 build/obj/ch.o
                0x00000000000047ec                chEvtSignalI
 .lower.text.chEvtWaitAnyTimeout
                0x000000000000481e       0x64 build/obj/ch.o
                0x000000000000481e                chEvtWaitAnyTimeout
 .lower.text.chMBPostS
                0x0000000000004882       0x54 build/obj/chmboxes.o
                0x0000000000004882                chMBPostS
 .lower.text.chMBPost
                0x00000000000048d6       0x14 build/obj/chmboxes.o
                0x00000000000048d6                chMBPost
 .lower.text.chMBPostI
                0x00000000000048ea       0x46 build/obj/chmboxes.o
                0x00000000000048ea                chMBPostI
 .lower.text.chMBFetchS
                0x0000000000004930       0x56 build/obj/chmboxes.o
                0x0000000000004930                chMBFetchS
 .lower.text.chMBFetch
                0x0000000000004986       0x14 build/obj/chmboxes.o
                0x0000000000004986                chMBFetch
 .lower.text.chPoolObjectInit
                0x000000000000499a       0x34 build/obj/chmempools.o
                0x000000000000499a                chPoolObjectInit
 .lower.text.chPoolAllocI
                0x00000000000049ce       0x2c build/obj/chmempools.o
                0x00000000000049ce                chPoolAllocI
 .lower.text.chPoolAlloc
                0x00000000000049fa       0x14 build/obj/chmempools.o
                0x00000000000049fa                chPoolAlloc
 .lower.text.chPoolFreeI
                0x0000000000004a0e        0xc build/obj/chmempools.o
                0x0000000000004a0e                chPoolFreeI
 .lower.text.chPoolFree
                0x0000000000004a1a       0x1a build/obj/chmempools.o
                0x0000000000004a1a                chPoolFree
 .lower.text._port_switch
                0x0000000000004a34       0x10 build/obj/chcore.o
                0x0000000000004a34                _port_switch
 .lower.text._port_thread_start
                0x0000000000004a44       0x14 build/obj/chcore.o
                0x0000000000004a44                _port_thread_start
 .lower.text.osalThreadDequeueNextI
                0x0000000000004a58       0x2e build/obj/osal.o
                0x0000000000004a58                osalThreadDequeueNextI
 .lower.text.osalThreadDequeueAllI
                0x0000000000004a86       0x3e build/obj/osal.o
                0x0000000000004a86                osalThreadDequeueAllI
 .lower.text.halInit
                0x0000000000004ac4       0x2a build/obj/hal.o
                0x0000000000004ac4                halInit
 .lower.text.stInit
                0x0000000000004aee        0x6 build/obj/hal_st.o
                0x0000000000004aee                stInit
 .lower.text.port_lock
                0x0000000000004af4        0x8 build/obj/hal_queues.o
 .lower.text.port_unlock
                0x0000000000004afc        0xa build/obj/hal_queues.o
 .lower.text.iqObjectInit
                0x0000000000004b06       0x34 build/obj/hal_queues.o
                0x0000000000004b06                iqObjectInit
 .lower.text.iqResetI
                0x0000000000004b3a       0x24 build/obj/hal_queues.o
                0x0000000000004b3a                iqResetI
 .lower.text.iqPutI
                0x0000000000004b5e       0x7e build/obj/hal_queues.o
                0x0000000000004b5e                iqPutI
 .lower.text.iqGetTimeout
                0x0000000000004bdc       0x9a build/obj/hal_queues.o
                0x0000000000004bdc                iqGetTimeout
 .lower.text.iqReadTimeout
                0x0000000000004c76       0xe6 build/obj/hal_queues.o
                0x0000000000004c76                iqReadTimeout
 .lower.text.oqObjectInit
                0x0000000000004d5c       0x52 build/obj/hal_queues.o
                0x0000000000004d5c                oqObjectInit
 .lower.text.oqResetI
                0x0000000000004dae       0x46 build/obj/hal_queues.o
                0x0000000000004dae                oqResetI
 .lower.text.oqPutTimeout
                0x0000000000004df4       0x9e build/obj/hal_queues.o
                0x0000000000004df4                oqPutTimeout
 .lower.text.oqGetI
                0x0000000000004e92       0x7c build/obj/hal_queues.o
                0x0000000000004e92                oqGetI
 .lower.text.oqWriteTimeout
                0x0000000000004f0e       0xe6 build/obj/hal_queues.o
                0x0000000000004f0e                oqWriteTimeout
 .lower.text.adcInit
                0x0000000000004ff4        0x6 build/obj/hal_adc.o
                0x0000000000004ff4                adcInit
 .lower.text.adcObjectInit
                0x0000000000004ffa       0x22 build/obj/hal_adc.o
                0x0000000000004ffa                adcObjectInit
 .lower.text.port_lock
                0x000000000000501c        0x8 build/obj/hal_gpt.o
 .lower.text.port_unlock
                0x0000000000005024        0xa build/obj/hal_gpt.o
 .lower.text.gptInit
                0x000000000000502e        0x6 build/obj/hal_gpt.o
                0x000000000000502e                gptInit
 .lower.text.gptObjectInit
                0x0000000000005034        0xc build/obj/hal_gpt.o
                0x0000000000005034                gptObjectInit
 .lower.text.gptStart
                0x0000000000005040       0x24 build/obj/hal_gpt.o
                0x0000000000005040                gptStart
 .lower.text.gptStartContinuousI
                0x0000000000005064        0xc build/obj/hal_gpt.o
                0x0000000000005064                gptStartContinuousI
 .lower.text.gptStartContinuous
                0x0000000000005070       0x24 build/obj/hal_gpt.o
                0x0000000000005070                gptStartContinuous
 .lower.text.i2cInit
                0x0000000000005094        0x6 build/obj/hal_i2c.o
                0x0000000000005094                i2cInit
 .lower.text.i2cObjectInit
                0x000000000000509a        0xc build/obj/hal_i2c.o
                0x000000000000509a                i2cObjectInit
 .lower.text.i2cStart
                0x00000000000050a6       0x22 build/obj/hal_i2c.o
                0x00000000000050a6                i2cStart
 .lower.text.osalEventBroadcastFlagsI
                0x00000000000050c8       0x2a build/obj/hal_serial.o
 .lower.text.readt
                0x00000000000050f2        0xa build/obj/hal_serial.o
 .lower.text.read
                0x00000000000050fc        0xc build/obj/hal_serial.o
 .lower.text.writet
                0x0000000000005108        0xa build/obj/hal_serial.o
 .lower.text.write
                0x0000000000005112        0xc build/obj/hal_serial.o
 .lower.text.gett
                0x000000000000511e        0xa build/obj/hal_serial.o
 .lower.text.get
                0x0000000000005128        0xc build/obj/hal_serial.o
 .lower.text.putt
                0x0000000000005134        0xa build/obj/hal_serial.o
 .lower.text.put
                0x000000000000513e        0xc build/obj/hal_serial.o
 .lower.text.sdInit
                0x000000000000514a        0x6 build/obj/hal_serial.o
                0x000000000000514a                sdInit
 .lower.text.sdObjectInit
                0x0000000000005150       0x6c build/obj/hal_serial.o
                0x0000000000005150                sdObjectInit
 .lower.text.sdStart
                0x00000000000051bc       0x1e build/obj/hal_serial.o
                0x00000000000051bc                sdStart
 .lower.text.sdStop
                0x00000000000051da       0x36 build/obj/hal_serial.o
                0x00000000000051da                sdStop
 .lower.text.sdIncomingDataI
                0x0000000000005210       0x44 build/obj/hal_serial.o
                0x0000000000005210                sdIncomingDataI
 .lower.text.sdRequestDataI
                0x0000000000005254       0x2c build/obj/hal_serial.o
                0x0000000000005254                sdRequestDataI
 .lower.text.port_lock
                0x0000000000005280        0x8 build/obj/hal_spi.o
 .lower.text.port_unlock
                0x0000000000005288        0xa build/obj/hal_spi.o
 .lower.text.spiInit
                0x0000000000005292        0x6 build/obj/hal_spi.o
                0x0000000000005292                spiInit
 .lower.text.spiObjectInit
                0x0000000000005298       0x16 build/obj/hal_spi.o
                0x0000000000005298                spiObjectInit
 .lower.text.spiStart
                0x00000000000052ae       0x24 build/obj/hal_spi.o
                0x00000000000052ae                spiStart
 .lower.text.spiStartSend
                0x00000000000052d2       0x32 build/obj/hal_spi.o
                0x00000000000052d2                spiStartSend
 .lower.text.hal_lld_init
                0x0000000000005304       0x50 build/obj/hal_lld.o
                0x0000000000005304                hal_lld_init
 .lower.text.st_lld_init
                0x0000000000005354       0x20 build/obj/hal_st_lld.o
                0x0000000000005354                st_lld_init
 .lower.text.osalEventBroadcastFlagsI
                0x0000000000005374       0x2a build/obj/hal_serial_lld.o
 .lower.text.notify1
                0x000000000000539e        0x8 build/obj/hal_serial_lld.o
 .lower.text.UCBRS
                0x00000000000053a6      0x22c build/obj/hal_serial_lld.o
 .lower.text.sd_lld_init
                0x00000000000055d2       0x10 build/obj/hal_serial_lld.o
                0x00000000000055d2                sd_lld_init
 .lower.text.sd_lld_start
                0x00000000000055e2       0xe2 build/obj/hal_serial_lld.o
                0x00000000000055e2                sd_lld_start
 .lower.text.sd_lld_stop
                0x00000000000056c4       0x14 build/obj/hal_serial_lld.o
                0x00000000000056c4                sd_lld_stop
 .lower.text._pal_lld_init
                0x00000000000056d8       0x7e build/obj/hal_pal_lld.o
                0x00000000000056d8                _pal_lld_init
 .lower.text._pal_lld_setgroupmode
                0x0000000000005756       0xf0 build/obj/hal_pal_lld.o
                0x0000000000005756                _pal_lld_setgroupmode
 .lower.text._pal_lld_enablepadevent
                0x0000000000005846       0xee build/obj/hal_pal_lld.o
                0x0000000000005846                _pal_lld_enablepadevent
 .lower.text._pal_lld_disablepadevent
                0x0000000000005934       0x1c build/obj/hal_pal_lld.o
                0x0000000000005934                _pal_lld_disablepadevent
 .lower.text.dma_trigger_set
                0x0000000000005950       0x3c build/obj/hal_dma_lld.o
 .lower.text.dmaInit
                0x000000000000598c        0x8 build/obj/hal_dma_lld.o
                0x000000000000598c                dmaInit
 .lower.text.dmaAcquireI
                0x0000000000005994       0x6e build/obj/hal_dma_lld.o
                0x0000000000005994                dmaAcquireI
 .lower.text.dmaTransferI
                0x0000000000005a02       0x7c build/obj/hal_dma_lld.o
                0x0000000000005a02                dmaTransferI
 .lower.text.dmaReleaseX
                0x0000000000005a7e       0x3a build/obj/hal_dma_lld.o
                0x0000000000005a7e                dmaReleaseX
 .lower.text.dmaCancelI
                0x0000000000005ab8       0x30 build/obj/hal_dma_lld.o
                0x0000000000005ab8                dmaCancelI
 .lower.text.init_transfer
                0x0000000000005ae8       0x7c build/obj/hal_spi_lld.o
 .lower.text.spi_lld_end_of_transfer
                0x0000000000005b64       0x56 build/obj/hal_spi_lld.o
 .lower.text.spi_lld_init
                0x0000000000005bba       0x68 build/obj/hal_spi_lld.o
                0x0000000000005bba                spi_lld_init
 .lower.text.spi_lld_select
                0x0000000000005c22       0x44 build/obj/hal_spi_lld.o
                0x0000000000005c22                spi_lld_select
 .lower.text.spi_lld_unselect
                0x0000000000005c66       0x44 build/obj/hal_spi_lld.o
                0x0000000000005c66                spi_lld_unselect
 .lower.text.spi_lld_start
                0x0000000000005caa       0x8e build/obj/hal_spi_lld.o
                0x0000000000005caa                spi_lld_start
 .lower.text.spi_lld_send
                0x0000000000005d38       0x2a build/obj/hal_spi_lld.o
                0x0000000000005d38                spi_lld_send
 .lower.text.spi_lld_polled_exchange
                0x0000000000005d62       0x24 build/obj/hal_spi_lld.o
                0x0000000000005d62                spi_lld_polled_exchange
 .lower.text.tx_complete
                0x0000000000005d86        0xa build/obj/hal_i2c_lld.o
                0x0000000000005d86                tx_complete
 .lower.text.i2c_lld_init
                0x0000000000005d90       0x38 build/obj/hal_i2c_lld.o
                0x0000000000005d90                i2c_lld_init
 .lower.text.i2c_lld_start
                0x0000000000005dc8       0xb2 build/obj/hal_i2c_lld.o
                0x0000000000005dc8                i2c_lld_start
 .lower.text.i2cMSP430XStartReceiveToRegI
                0x0000000000005e7a       0xc2 build/obj/hal_i2c_lld.o
                0x0000000000005e7a                i2cMSP430XStartReceiveToRegI
 .lower.text.i2cMSP430XStartReceiveI
                0x0000000000005f3c       0xc4 build/obj/hal_i2c_lld.o
                0x0000000000005f3c                i2cMSP430XStartReceiveI
 .lower.text.i2cMSP430XStartTransmitMSBI
                0x0000000000006000       0x94 build/obj/hal_i2c_lld.o
                0x0000000000006000                i2cMSP430XStartTransmitMSBI
 .lower.text.i2cMSP430XContinueTransmitMemsetI
                0x0000000000006094       0x54 build/obj/hal_i2c_lld.o
                0x0000000000006094                i2cMSP430XContinueTransmitMemsetI
 .lower.text.i2cMSP430XContinueTransmitI
                0x00000000000060e8       0x56 build/obj/hal_i2c_lld.o
                0x00000000000060e8                i2cMSP430XContinueTransmitI
 .lower.text.i2cMSP430XEndTransferI
                0x000000000000613e       0x7e build/obj/hal_i2c_lld.o
                0x000000000000613e                i2cMSP430XEndTransferI
 .lower.text.rx_async_callback
                0x00000000000061bc       0x28 build/obj/hal_i2c_lld.o
                0x00000000000061bc                rx_async_callback
 .lower.text.gpt_lld_init
                0x00000000000061e4       0x34 build/obj/hal_gpt_lld.o
                0x00000000000061e4                gpt_lld_init
 .lower.text.gpt_lld_start
                0x0000000000006218       0xa6 build/obj/hal_gpt_lld.o
                0x0000000000006218                gpt_lld_start
 .lower.text.gpt_lld_start_timer
                0x00000000000062be       0x24 build/obj/hal_gpt_lld.o
                0x00000000000062be                gpt_lld_start_timer
 .lower.text.gpt_lld_stop_timer
                0x00000000000062e2        0xc build/obj/hal_gpt_lld.o
                0x00000000000062e2                gpt_lld_stop_timer
 .lower.text.adc_lld_init
                0x00000000000062ee       0x62 build/obj/hal_adc_lld.o
                0x00000000000062ee                adc_lld_init
 .lower.text.adc_lld_stop_conversion
                0x0000000000006350        0xc build/obj/hal_adc_lld.o
                0x0000000000006350                adc_lld_stop_conversion
 .lower.text.adcMSP430XAdjustResult
                0x000000000000635c       0x7a build/obj/hal_adc_lld.o
                0x000000000000635c                adcMSP430XAdjustResult
 .lower.text.adcMSP430XAdjustTemp
                0x00000000000063d6       0x5a build/obj/hal_adc_lld.o
                0x00000000000063d6                adcMSP430XAdjustTemp
 .lower.text.boardInit
                0x0000000000006430        0x6 build/obj/board.o
                0x0000000000006430                boardInit
 .lower.text.spi_callback
                0x0000000000006436       0x54 build/obj/sx1278.o
                0x0000000000006436                spi_callback
 .lower.text.sx1278Reset.isra.0
                0x000000000000648a       0xb8 build/obj/sx1278.o
 .lower.text.sx1278SetRegister
                0x0000000000006542       0x92 build/obj/sx1278.o
                0x0000000000006542                sx1278SetRegister
 .lower.text.sx1278SetMode.constprop.4
                0x00000000000065d4       0x1a build/obj/sx1278.o
 .lower.text.sx1278SetBitrate
                0x00000000000065ee       0x48 build/obj/sx1278.o
                0x00000000000065ee                sx1278SetBitrate
 .lower.text.sx1278SetDeviation
                0x0000000000006636       0x3c build/obj/sx1278.o
                0x0000000000006636                sx1278SetDeviation
 .lower.text.sx1278SetFrequency
                0x0000000000006672       0xc8 build/obj/sx1278.o
                0x0000000000006672                sx1278SetFrequency
 .lower.text.sx1278SetPower
                0x000000000000673a        0xc build/obj/sx1278.o
                0x000000000000673a                sx1278SetPower
 .lower.text.sx1278SetSync
                0x0000000000006746       0x58 build/obj/sx1278.o
                0x0000000000006746                sx1278SetSync
 .lower.text.sx1278ObjectInit
                0x000000000000679e       0x10 build/obj/sx1278.o
                0x000000000000679e                sx1278ObjectInit
 .lower.text.sx1278Start
                0x00000000000067ae      0x142 build/obj/sx1278.o
                0x00000000000067ae                sx1278Start
 .lower.text.sx1278Stop
                0x00000000000068f0       0x28 build/obj/sx1278.o
                0x00000000000068f0                sx1278Stop
 .lower.text.sx1278FifoWriteAsync
                0x0000000000006918       0x7a build/obj/sx1278.o
                0x0000000000006918                sx1278FifoWriteAsync
 .lower.text.sx1278FifoWriteAsyncS
                0x0000000000006992       0x80 build/obj/sx1278.o
                0x0000000000006992                sx1278FifoWriteAsyncS
 .lower.text.sx1278StartTransmit
                0x0000000000006a12       0xe4 build/obj/sx1278.o
                0x0000000000006a12                sx1278StartTransmit
 .lower.text.blockuntil_callback
                0x0000000000006af6        0xc build/obj/sx1212.o
 .lower.text.sx1212SetRegister.isra.0
                0x0000000000006b02       0x36 build/obj/sx1212.o
 .lower.text.sx1212SetMode
                0x0000000000006b38       0x1c build/obj/sx1212.o
 .lower.text.sx1212Reset.isra.2
                0x0000000000006b54       0xd4 build/obj/sx1212.o
 .lower.text.irq_block_with_timeout.isra.3
                0x0000000000006c28       0x80 build/obj/sx1212.o
 .lower.text.spi_mode_config
                0x0000000000006ca8       0x1a build/obj/sx1212.o
                0x0000000000006ca8                spi_mode_config
 .lower.text.sx1212SetBitrate
                0x0000000000006cc2       0xe2 build/obj/sx1212.o
                0x0000000000006cc2                sx1212SetBitrate
 .lower.text.sx1212SetDeviation
                0x0000000000006da4       0x36 build/obj/sx1212.o
                0x0000000000006da4                sx1212SetDeviation
 .lower.text.sx1212SetFrequency
                0x0000000000006dda      0x2f0 build/obj/sx1212.o
                0x0000000000006dda                sx1212SetFrequency
 .lower.text.sx1212SetSync
                0x00000000000070ca       0x3c build/obj/sx1212.o
                0x00000000000070ca                sx1212SetSync
 .lower.text.sx1212SetRxBw
                0x0000000000007106       0x26 build/obj/sx1212.o
                0x0000000000007106                sx1212SetRxBw
 .lower.text.sx1212Start
                0x000000000000712c      0x16e build/obj/sx1212.o
                0x000000000000712c                sx1212Start
 .lower.text.sx1212ReceiveI
                0x000000000000729a       0x32 build/obj/sx1212.o
                0x000000000000729a                sx1212ReceiveI
 .lower.text.sx1212StartReceive
                0x00000000000072cc       0x96 build/obj/sx1212.o
                0x00000000000072cc                sx1212StartReceive
 .lower.text.sx1212FifoRead
                0x0000000000007362       0xa4 build/obj/sx1212.o
                0x0000000000007362                sx1212FifoRead
 .lower.text.sx1212StopReceive
                0x0000000000007406       0x1c build/obj/sx1212.o
                0x0000000000007406                sx1212StopReceive
 .lower.text.serial_callback
                0x0000000000007422       0x1e build/obj/uart.o
 .lower.text.elyUARTCfgMarkDirty
                0x0000000000007440       0x10 build/obj/uart.o
                0x0000000000007440                elyUARTCfgMarkDirty
 .lower.text.elyUARTPostI
                0x0000000000007450       0x34 build/obj/uart.o
                0x0000000000007450                elyUARTPostI
 .lower.text.elyUARTPost
                0x0000000000007484       0x32 build/obj/uart.o
                0x0000000000007484                elyUARTPost
 .lower.text.UARTThd
                0x00000000000074b6      0x2b6 build/obj/uart.o
                0x00000000000074b6                UARTThd
 .lower.text.fw_allocator
                0x000000000000776c       0x26 build/obj/main.o
                0x000000000000776c                fw_allocator
 .lower.text.elyFWGetBufferI
                0x0000000000007792       0x20 build/obj/main.o
                0x0000000000007792                elyFWGetBufferI
 .lower.text.elyFWGetBuffer
                0x00000000000077b2       0x14 build/obj/main.o
                0x00000000000077b2                elyFWGetBuffer
 .lower.text.elyFWFreeBufferI
                0x00000000000077c6       0x14 build/obj/main.o
                0x00000000000077c6                elyFWFreeBufferI
 .lower.text.elyFWFreeBuffer
                0x00000000000077da       0x18 build/obj/main.o
                0x00000000000077da                elyFWFreeBuffer
 .lower.text.chEvtWaitAnyTimeoutS
                0x00000000000077f2       0x54 build/obj/mych.o
                0x00000000000077f2                chEvtWaitAnyTimeoutS
 .lower.text.port_lock
                0x0000000000007846        0x8 build/obj/cmds.o
 .lower.text.port_unlock
                0x000000000000784e        0xa build/obj/cmds.o
 .lower.text.reset
                0x0000000000007858       0x18 build/obj/cmds.o
 .lower.text.write_failure
                0x0000000000007870       0x3e build/obj/cmds.o
 .lower.text.store_telem
                0x00000000000078ae       0xe0 build/obj/cmds.o
 .lower.text.store_telem_noreply_cb
                0x000000000000798e        0xa build/obj/cmds.o
 .lower.text.upload_fw_noreply_cb
                0x0000000000007998        0x6 build/obj/cmds.o
 .lower.text.verify_fw
                0x000000000000799e       0xb4 build/obj/cmds.o
 .lower.text.write_success
                0x0000000000007a52       0x44 build/obj/cmds.o
 .lower.text.cancel_fw_eeprom_cb
                0x0000000000007a96       0x16 build/obj/cmds.o
 .lower.text.elyMainMBPost
                0x0000000000007aac        0xe build/obj/cmds.o
                0x0000000000007aac                elyMainMBPost
 .lower.text.elyCmdParse
                0x0000000000007aba       0x54 build/obj/cmds.o
                0x0000000000007aba                elyCmdParse
 .lower.text.elyCmdValidate
                0x0000000000007b0e      0x268 build/obj/cmds.o
                0x0000000000007b0e                elyCmdValidate
 .lower.text.elyCmdDispatch
                0x0000000000007d76       0x56 build/obj/cmds.o
                0x0000000000007d76                elyCmdDispatch
 .lower.text.elyCmdSendReplyI
                0x0000000000007dcc       0x48 build/obj/cmds.o
                0x0000000000007dcc                elyCmdSendReplyI
 .lower.text.store_telem_reply_cb
                0x0000000000007e14       0x20 build/obj/cmds.o
 .lower.text.verify_fw_cb
                0x0000000000007e34       0x44 build/obj/cmds.o
 .lower.text.upload_fw_reply_cb
                0x0000000000007e78       0x20 build/obj/cmds.o
 .lower.text.elyCmdSendReply
                0x0000000000007e98       0x24 build/obj/cmds.o
                0x0000000000007e98                elyCmdSendReply
 .lower.text.gen_success
                0x0000000000007ebc       0x36 build/obj/cmds.o
 .lower.text.get_telem
                0x0000000000007ef2      0x196 build/obj/cmds.o
 .lower.text.install_fw
                0x0000000000008088       0x54 build/obj/cmds.o
 .lower.text.cancel_fw
                0x00000000000080dc       0xb2 build/obj/cmds.o
 .lower.text.reset_event
                0x000000000000818e       0x3a build/obj/cmds.o
 .lower.text.reset_chan
                0x00000000000081c8       0x3a build/obj/cmds.o
 .lower.text.gen_failure
                0x0000000000008202       0x36 build/obj/cmds.o
 .lower.text.upload_fw
                0x0000000000008238      0x1c0 build/obj/cmds.o
 .lower.text.set_log
                0x00000000000083f8       0x8a build/obj/cmds.o
 .lower.text.set_err
                0x0000000000008482       0x8a build/obj/cmds.o
 .lower.text.unlog_event
                0x000000000000850c       0xea build/obj/cmds.o
 .lower.text.log_event
                0x00000000000085f6      0x114 build/obj/cmds.o
 .lower.text.event_unsub
                0x000000000000870a       0xea build/obj/cmds.o
 .lower.text.event_sub
                0x00000000000087f4      0x136 build/obj/cmds.o
 .lower.text.unlog_chan
                0x000000000000892a       0xe0 build/obj/cmds.o
 .lower.text.log_chan
                0x0000000000008a0a      0x188 build/obj/cmds.o
 .lower.text.channel_unsub
                0x0000000000008b92       0xc4 build/obj/cmds.o
 .lower.text.channel_sub
                0x0000000000008c56      0x188 build/obj/cmds.o
 .lower.text.reload_config
                0x0000000000008dde       0xb0 build/obj/cmds.o
 .lower.text.set_u32
                0x0000000000008e8e      0x11e build/obj/cmds.o
 .lower.text.set_baud
                0x0000000000008fac       0x4a build/obj/cmds.o
 .lower.text.set_rx_dev
                0x0000000000008ff6       0x5a build/obj/cmds.o
 .lower.text.set_tx_dev
                0x0000000000009050       0x58 build/obj/cmds.o
 .lower.text.set_rx_br
                0x00000000000090a8       0x56 build/obj/cmds.o
 .lower.text.set_tx_br
                0x00000000000090fe       0x56 build/obj/cmds.o
 .lower.text.set_rx_freq
                0x0000000000009154       0x58 build/obj/cmds.o
 .lower.text.set_tx_freq
                0x00000000000091ac       0x58 build/obj/cmds.o
 .lower.text.set_tx_pow
                0x0000000000009204       0x8e build/obj/cmds.o
 .lower.text.set_gpo
                0x0000000000009292       0xa4 build/obj/cmds.o
 .lower.text.get_log
                0x0000000000009336       0x88 build/obj/cmds.o
 .lower.text.get_err
                0x00000000000093be       0x86 build/obj/cmds.o
 .lower.text.get_time
                0x0000000000009444       0x98 build/obj/cmds.o
 .lower.text.set_time
                0x00000000000094dc       0xc4 build/obj/cmds.o
 .lower.text.get_chan
                0x00000000000095a0       0xec build/obj/cmds.o
 .lower.text.get_u32
                0x000000000000968c      0x174 build/obj/cmds.o
 .lower.text.get_baud
                0x0000000000009800       0x42 build/obj/cmds.o
 .lower.text.get_rx_dev
                0x0000000000009842       0x44 build/obj/cmds.o
 .lower.text.get_tx_dev
                0x0000000000009886       0x42 build/obj/cmds.o
 .lower.text.get_rx_br
                0x00000000000098c8       0x42 build/obj/cmds.o
 .lower.text.get_tx_br
                0x000000000000990a       0x42 build/obj/cmds.o
 .lower.text.get_rx_freq
                0x000000000000994c       0x44 build/obj/cmds.o
 .lower.text.get_tx_freq
                0x0000000000009990       0x44 build/obj/cmds.o
 .lower.text.get_tx_pow
                0x00000000000099d4       0x7c build/obj/cmds.o
 .lower.text.set_block
                0x0000000000009a50      0x180 build/obj/cmds.o
 .lower.text.get_block
                0x0000000000009bd0      0x136 build/obj/cmds.o
 .lower.text.set_regs
                0x0000000000009d06      0x17e build/obj/cmds.o
 .lower.text.get_regs
                0x0000000000009e84      0x178 build/obj/cmds.o
 .lower.text.get_active_bank
                0x0000000000009ffc       0x7e build/obj/cmds.o
 .lower.text.get_gpo
                0x000000000000a07a       0x7e build/obj/cmds.o
 .lower.text.CmdThd
                0x000000000000a0f8       0x6e build/obj/cmds.o
                0x000000000000a0f8                CmdThd
 .lower.text.time_timer_cb
                0x000000000000a166       0x76 build/obj/registers.o
                0x000000000000a166                time_timer_cb
 .lower.text.clamp
                0x000000000000a1dc       0x2e build/obj/registers.o
 .lower.text.fram_reg_cb
                0x000000000000a20a       0x28 build/obj/registers.o
                0x000000000000a20a                fram_reg_cb
 .lower.text.fram_block_cb
                0x000000000000a232       0x16 build/obj/registers.o
                0x000000000000a232                fram_block_cb
 .lower.text.fram_reg
                0x000000000000a248       0x98 build/obj/registers.o
                0x000000000000a248                fram_reg
 .lower.text.fram_block
                0x000000000000a2e0       0xd0 build/obj/registers.o
                0x000000000000a2e0                fram_block
 .lower.text.elyClampReg
                0x000000000000a3b0      0x1fa build/obj/registers.o
                0x000000000000a3b0                elyClampReg
 .lower.text.elyRegGet
                0x000000000000a5aa       0x5c build/obj/registers.o
                0x000000000000a5aa                elyRegGet
 .lower.text.elyRegSet
                0x000000000000a606       0x6c build/obj/registers.o
                0x000000000000a606                elyRegSet
 .lower.text.elyRegGetBlock
                0x000000000000a672       0x46 build/obj/registers.o
                0x000000000000a672                elyRegGetBlock
 .lower.text.elyRegSetBlock
                0x000000000000a6b8       0x52 build/obj/registers.o
                0x000000000000a6b8                elyRegSetBlock
 .lower.text.elyRegInit
                0x000000000000a70a       0x1e build/obj/registers.o
                0x000000000000a70a                elyRegInit
 .lower.text.elyErrorSignal
                0x000000000000a728        0x2 build/obj/errors_stub.o
                0x000000000000a728                elyErrorSignal
 .lower.text.elyErrorSignalI
                0x000000000000a72a        0x2 build/obj/errors_stub.o
                0x000000000000a72a                elyErrorSignalI
 .lower.text.elyErrorSetRptLvlS
                0x000000000000a72c        0x2 build/obj/errors_stub.o
                0x000000000000a72c                elyErrorSetRptLvlS
 .lower.text.elyErrorSetLogLvlS
                0x000000000000a72e        0x2 build/obj/errors_stub.o
                0x000000000000a72e                elyErrorSetLogLvlS
 .lower.text.elyEventSignal
                0x000000000000a730        0x2 build/obj/events_stub.o
                0x000000000000a730                elyEventSignal
 .lower.text.elyEventSubscribe
                0x000000000000a732        0x2 build/obj/events_stub.o
                0x000000000000a732                elyEventSubscribe
 .lower.text.elyEventUnsubscribe
                0x000000000000a734        0x2 build/obj/events_stub.o
                0x000000000000a734                elyEventUnsubscribe
 .lower.text.elyEventLog
                0x000000000000a736        0x2 build/obj/events_stub.o
                0x000000000000a736                elyEventLog
 .lower.text.elyEventUnlog
                0x000000000000a738        0x2 build/obj/events_stub.o
                0x000000000000a738                elyEventUnlog
 .lower.text.elyEventReset
                0x000000000000a73a        0x2 build/obj/events_stub.o
                0x000000000000a73a                elyEventReset
 .lower.text.elyChanSubscribe
                0x000000000000a73c        0x2 build/obj/channels_stub.o
                0x000000000000a73c                elyChanSubscribe
 .lower.text.elyChanUnsubscribe
                0x000000000000a73e        0x2 build/obj/channels_stub.o
                0x000000000000a73e                elyChanUnsubscribe
 .lower.text.elyChanLog
                0x000000000000a740        0x2 build/obj/channels_stub.o
                0x000000000000a740                elyChanLog
 .lower.text.elyChanUnlog
                0x000000000000a742        0x2 build/obj/channels_stub.o
                0x000000000000a742                elyChanUnlog
 .lower.text.elyChanGetValue
                0x000000000000a744        0x4 build/obj/channels_stub.o
                0x000000000000a744                elyChanGetValue
 .lower.text.elyChanReset
                0x000000000000a748        0x2 build/obj/channels_stub.o
                0x000000000000a748                elyChanReset
 .lower.text.elyTelemUpdateConfigS
                0x000000000000a74a        0x2 build/obj/telem_stub.o
                0x000000000000a74a                elyTelemUpdateConfigS
 .lower.text.elyTelemPostBufferS
                0x000000000000a74c       0x1c build/obj/telem_stub.o
                0x000000000000a74c                elyTelemPostBufferS
 .lower.text.elyUARTDLLTxStateMachine
                0x000000000000a768       0xb0 build/obj/slip_uart_dll.o
                0x000000000000a768                elyUARTDLLTxStateMachine
 .lower.text.elyUARTDLLTxSetBuffer
                0x000000000000a818       0x12 build/obj/slip_uart_dll.o
                0x000000000000a818                elyUARTDLLTxSetBuffer
 .lower.text.elyUARTDLLRxInit
                0x000000000000a82a        0x2 build/obj/slip_uart_dll.o
                0x000000000000a82a                elyUARTDLLRxInit
 .lower.text.elyUARTDLLRxStateMachine
                0x000000000000a82c      0x1ca build/obj/slip_uart_dll.o
                0x000000000000a82c                elyUARTDLLRxStateMachine
 .lower.text.crcGenX25
                0x000000000000a9f6       0x4e build/obj/crc_x25.o
                0x000000000000a9f6                crcGenX25
 .lower.text.crcCheckX25
                0x000000000000aa44       0x52 build/obj/crc_x25.o
                0x000000000000aa44                crcCheckX25
 .lower.text.crcStart
                0x000000000000aa96        0xc build/obj/crc_x25.o
                0x000000000000aa96                crcStart
 .lower.text.crcStop
                0x000000000000aaa2        0xa build/obj/crc_x25.o
                0x000000000000aaa2                crcStop
 .lower.text.crcGenSDLP
                0x000000000000aaac       0x46 build/obj/crc_sdlp.o
                0x000000000000aaac                crcGenSDLP
 .lower.text.rxfifothresh_callback
                0x000000000000aaf2       0x10 build/obj/sdlp.o
                0x000000000000aaf2                rxfifothresh_callback
 .lower.text.txlvl_callback
                0x000000000000ab02       0x10 build/obj/sdlp.o
                0x000000000000ab02                txlvl_callback
 .lower.text.write_cb
                0x000000000000ab12       0x80 build/obj/sdlp.o
                0x000000000000ab12                write_cb
 .lower.text.elyRFChangeTxSyncS
                0x000000000000ab92       0x3c build/obj/sdlp.o
                0x000000000000ab92                elyRFChangeTxSyncS
 .lower.text.elyRFDLLClampReg
                0x000000000000abce      0x13c build/obj/sdlp.o
                0x000000000000abce                elyRFDLLClampReg
 .lower.text.elyRFDLLBuildFrame
                0x000000000000ad0a      0x27a build/obj/sdlp.o
                0x000000000000ad0a                elyRFDLLBuildFrame
 .lower.text.elyRFDLLRxInit
                0x000000000000af84       0x2e build/obj/sdlp.o
                0x000000000000af84                elyRFDLLRxInit
 .lower.text.elyRFDLLHandleRxFifo
                0x000000000000afb2      0x18a build/obj/sdlp.o
                0x000000000000afb2                elyRFDLLHandleRxFifo
 .lower.text.elyRFDLLTxInit
                0x000000000000b13c       0x50 build/obj/sdlp.o
                0x000000000000b13c                elyRFDLLTxInit
 .lower.text.elyRFDLLInitiateTransmit
                0x000000000000b18c       0x32 build/obj/sdlp.o
                0x000000000000b18c                elyRFDLLInitiateTransmit
 .lower.text.elyRFDLLHandleTxFifo
                0x000000000000b1be       0x46 build/obj/sdlp.o
                0x000000000000b1be                elyRFDLLHandleTxFifo
 .lower.text.elyRFDLLBuildBeacon
                0x000000000000b204       0xaa build/obj/sdlp.o
                0x000000000000b204                elyRFDLLBuildBeacon
 .lower.text.fram_mpool_alloc
                0x000000000000b2ae       0x26 build/obj/fram.o
                0x000000000000b2ae                fram_mpool_alloc
 .lower.text.addr_cb
                0x000000000000b2d4      0x102 build/obj/fram.o
                0x000000000000b2d4                addr_cb
 .lower.text.fram_handle_request
                0x000000000000b3d6       0x40 build/obj/fram.o
                0x000000000000b3d6                fram_handle_request
 .lower.text.end_cb
                0x000000000000b416       0x74 build/obj/fram.o
                0x000000000000b416                end_cb
 .lower.text.elyFramPostRequestI
                0x000000000000b48a       0x40 build/obj/fram.o
                0x000000000000b48a                elyFramPostRequestI
 .lower.text.elyFramPostRequestS
                0x000000000000b4ca       0x24 build/obj/fram.o
                0x000000000000b4ca                elyFramPostRequestS
 .lower.text.elyFramGetRequestTimeoutS
                0x000000000000b4ee       0x2e build/obj/fram.o
                0x000000000000b4ee                elyFramGetRequestTimeoutS
 .lower.text.elyFramInit
                0x000000000000b51c        0xe build/obj/fram.o
                0x000000000000b51c                elyFramInit
 .lower.text.port_lock
                0x000000000000b52a        0x8 build/obj/rf.o
 .lower.text.port_unlock
                0x000000000000b532        0xa build/obj/rf.o
 .lower.text.elyRFPostI
                0x000000000000b53c       0x28 build/obj/rf.o
                0x000000000000b53c                elyRFPostI
 .lower.text.elyRFPost
                0x000000000000b564       0x36 build/obj/rf.o
                0x000000000000b564                elyRFPost
 .lower.text.elyRFCfgMarkDirty
                0x000000000000b59a        0xe build/obj/rf.o
                0x000000000000b59a                elyRFCfgMarkDirty
 .lower.text.elyRFChangeTxFreqS
                0x000000000000b5a8      0x118 build/obj/rf.o
                0x000000000000b5a8                elyRFChangeTxFreqS
 .lower.text.elyRFChangeRxFreqS
                0x000000000000b6c0      0x11a build/obj/rf.o
                0x000000000000b6c0                elyRFChangeRxFreqS
 .lower.text.elyRFChangeTxBRS
                0x000000000000b7da      0x10a build/obj/rf.o
                0x000000000000b7da                elyRFChangeTxBRS
 .lower.text.elyRFChangeRxBRS
                0x000000000000b8e4      0x10a build/obj/rf.o
                0x000000000000b8e4                elyRFChangeRxBRS
 .lower.text.elyRFChangeTxDevS
                0x000000000000b9ee      0x10e build/obj/rf.o
                0x000000000000b9ee                elyRFChangeTxDevS
 .lower.text.elyRFChangeRxDevS
                0x000000000000bafc      0x10e build/obj/rf.o
                0x000000000000bafc                elyRFChangeRxDevS
 .lower.text.elyRFChangeRxSyncS
                0x000000000000bc0a       0x48 build/obj/rf.o
                0x000000000000bc0a                elyRFChangeRxSyncS
 .lower.text.elyRFChangeTxPowerS
                0x000000000000bc52       0x2c build/obj/rf.o
                0x000000000000bc52                elyRFChangeTxPowerS
 .lower.text.elyRFChangeRxFilterParamsS
                0x000000000000bc7e       0x22 build/obj/rf.o
                0x000000000000bc7e                elyRFChangeRxFilterParamsS
 .lower.text.RFThd
                0x000000000000bca0      0x476 build/obj/rf.o
                0x000000000000bca0                RFThd
 .lower.text.nl_allocator
                0x000000000000c116       0x26 build/obj/spp.o
                0x000000000000c116                nl_allocator
 .lower.text.clamp
                0x000000000000c13c       0x2e build/obj/spp.o
 .lower.text.uart_pass
                0x000000000000c16a        0x8 build/obj/spp.o
 .lower.text.fw
                0x000000000000c172        0x8 build/obj/spp.o
 .lower.text.rf_pass
                0x000000000000c17a        0x8 build/obj/spp.o
 .lower.text.elyNLClampReg
                0x000000000000c182       0xf4 build/obj/spp.o
                0x000000000000c182                elyNLClampReg
 .lower.text.elyNLGetBuffer
                0x000000000000c276        0xa build/obj/spp.o
                0x000000000000c276                elyNLGetBuffer
 .lower.text.elyNLFreeBuffer
                0x000000000000c280        0xc build/obj/spp.o
                0x000000000000c280                elyNLFreeBuffer
 .lower.text.nl_route
                0x000000000000c28c       0x60 build/obj/spp.o
 .lower.text.elyNLGetBufferI
                0x000000000000c2ec        0xa build/obj/spp.o
                0x000000000000c2ec                elyNLGetBufferI
 .lower.text.elyNLRouteUART
                0x000000000000c2f6       0x12 build/obj/spp.o
                0x000000000000c2f6                elyNLRouteUART
 .lower.text.elyNLRouteRF
                0x000000000000c308       0x12 build/obj/spp.o
                0x000000000000c308                elyNLRouteRF
 .lower.text.elyNLGetDest
                0x000000000000c31a       0x1c build/obj/spp.o
                0x000000000000c31a                elyNLGetDest
 .lower.text.is_fw_buf
                0x000000000000c336       0x3c build/obj/spp.o
                0x000000000000c336                is_fw_buf
 .lower.text.elyNLFreeBufferChecked
                0x000000000000c372       0x20 build/obj/spp.o
                0x000000000000c372                elyNLFreeBufferChecked
 .lower.text.elyNLInit
                0x000000000000c392       0x18 build/obj/spp.o
                0x000000000000c392                elyNLInit
 .lower.text.elyNLSetHeader
                0x000000000000c3aa       0xee build/obj/spp.o
                0x000000000000c3aa                elyNLSetHeader
 .lower.text.elyNLGetLength
                0x000000000000c498       0x18 build/obj/spp.o
                0x000000000000c498                elyNLGetLength
 .lower.text.elyNLValidate
                0x000000000000c4b0       0x5a build/obj/spp.o
                0x000000000000c4b0                elyNLValidate
 .lower.text.elyNLToFW
                0x000000000000c50a        0xc build/obj/spp.o
                0x000000000000c50a                elyNLToFW
 .lower.text.elyNLFromFW
                0x000000000000c516        0xe build/obj/spp.o
                0x000000000000c516                elyNLFromFW
 .lower.text.elyPA_OC_fault_CB
                0x000000000000c524       0x3e build/obj/faults.o
                0x000000000000c524                elyPA_OC_fault_CB
 .lower.text.LNA_OC_Fault_Handler
                0x000000000000c562       0xa6 build/obj/faults.o
                0x000000000000c562                LNA_OC_Fault_Handler
 .lower.text.PA_OC_Fault_Handler
                0x000000000000c608       0xb2 build/obj/faults.o
                0x000000000000c608                PA_OC_Fault_Handler
 .lower.text.SCC_Fault_Handler
                0x000000000000c6ba      0x136 build/obj/faults.o
                0x000000000000c6ba                SCC_Fault_Handler
 .lower.text.reload_config_GF
                0x000000000000c7f0       0x52 build/obj/faults.o
                0x000000000000c7f0                reload_config_GF
 .lower.text.GC_Fault_Handler
                0x000000000000c842       0xf0 build/obj/faults.o
                0x000000000000c842                GC_Fault_Handler
 .lower.text.convert_ntc
                0x000000000000c932      0x128 build/obj/faults.o
                0x000000000000c932                convert_ntc
 .lower.text.OT_Fault_Handler
                0x000000000000ca5a      0x31c build/obj/faults.o
                0x000000000000ca5a                OT_Fault_Handler
 .lower.text.elyonesecondtimerCB
                0x000000000000cd76       0x38 build/obj/faults.o
                0x000000000000cd76                elyonesecondtimerCB
                0x000000000000cdae                . = ALIGN (0x2)
 *(.text .stub .text.* .gnu.linkonce.t.* .text:*)
 .text.startup.main
                0x000000000000cdae       0x86 build/obj/init.o
                0x000000000000cdae                main
 .text.__muldi3
                0x000000000000ce34      0x142 /home/awygle/toolchain/install/lib/gcc/msp430-elf/6.2.0/large/libgcc.a(_muldi3.o)
                0x000000000000ce34                __mspabi_mpyll
 .text.__ashrdi3
                0x000000000000cf76       0xa8 /home/awygle/toolchain/install/lib/gcc/msp430-elf/6.2.0/large/libgcc.a(_ashrdi3.o)
                0x000000000000cf76                __ashrdi3
 .text.udivmodsi4
                0x000000000000d01e       0x8a /home/awygle/toolchain/install/lib/gcc/msp430-elf/6.2.0/large/libgcc.a(lib2divSI.o)
                0x000000000000d01e                udivmodsi4
 .text.__divsi3
                0x000000000000d0a8       0x8c /home/awygle/toolchain/install/lib/gcc/msp430-elf/6.2.0/large/libgcc.a(lib2divSI.o)
                0x000000000000d0a8                __mspabi_divli
 .text.__udivsi3
                0x000000000000d134       0x12 /home/awygle/toolchain/install/lib/gcc/msp430-elf/6.2.0/large/libgcc.a(lib2divSI.o)
                0x000000000000d134                __mspabi_divul
                0x000000000000d134                __mspabi_divlu
 .text          0x000000000000d146       0x74 /home/awygle/toolchain/install/lib/gcc/msp430-elf/6.2.0/large/libgcc.a(slli.o)
                0x000000000000d146                __mspabi_slli_15
                0x000000000000d148                __mspabi_slli_14
                0x000000000000d14a                __mspabi_slli_13
                0x000000000000d14c                __mspabi_slli_12
                0x000000000000d14e                __mspabi_slli_11
                0x000000000000d150                __mspabi_slli_10
                0x000000000000d152                __mspabi_slli_9
                0x000000000000d154                __mspabi_slli_8
                0x000000000000d156                __mspabi_slli_7
                0x000000000000d158                __mspabi_slli_6
                0x000000000000d15a                __mspabi_slli_5
                0x000000000000d15c                __mspabi_slli_4
                0x000000000000d15e                __mspabi_slli_3
                0x000000000000d160                __mspabi_slli_2
                0x000000000000d162                __mspabi_slli_1
                0x000000000000d16a                __mspabi_slli
                0x000000000000d170                __mspabi_slll_15
                0x000000000000d174                __mspabi_slll_14
                0x000000000000d178                __mspabi_slll_13
                0x000000000000d17c                __mspabi_slll_12
                0x000000000000d180                __mspabi_slll_11
                0x000000000000d184                __mspabi_slll_10
                0x000000000000d188                __mspabi_slll_9
                0x000000000000d18c                __mspabi_slll_8
                0x000000000000d190                __mspabi_slll_7
                0x000000000000d194                __mspabi_slll_6
                0x000000000000d198                __mspabi_slll_5
                0x000000000000d19c                __mspabi_slll_4
                0x000000000000d1a0                __mspabi_slll_3
                0x000000000000d1a4                __mspabi_slll_2
                0x000000000000d1a8                __mspabi_slll_1
                0x000000000000d1b4                __mspabi_slll
 .text          0x000000000000d1ba       0x74 /home/awygle/toolchain/install/lib/gcc/msp430-elf/6.2.0/large/libgcc.a(srai.o)
                0x000000000000d1ba                __mspabi_srai_15
                0x000000000000d1bc                __mspabi_srai_14
                0x000000000000d1be                __mspabi_srai_13
                0x000000000000d1c0                __mspabi_srai_12
                0x000000000000d1c2                __mspabi_srai_11
                0x000000000000d1c4                __mspabi_srai_10
                0x000000000000d1c6                __mspabi_srai_9
                0x000000000000d1c8                __mspabi_srai_8
                0x000000000000d1ca                __mspabi_srai_7
                0x000000000000d1cc                __mspabi_srai_6
                0x000000000000d1ce                __mspabi_srai_5
                0x000000000000d1d0                __mspabi_srai_4
                0x000000000000d1d2                __mspabi_srai_3
                0x000000000000d1d4                __mspabi_srai_2
                0x000000000000d1d6                __mspabi_srai_1
                0x000000000000d1de                __mspabi_srai
                0x000000000000d1e4                __mspabi_sral_15
                0x000000000000d1e8                __mspabi_sral_14
                0x000000000000d1ec                __mspabi_sral_13
                0x000000000000d1f0                __mspabi_sral_12
                0x000000000000d1f4                __mspabi_sral_11
                0x000000000000d1f8                __mspabi_sral_10
                0x000000000000d1fc                __mspabi_sral_9
                0x000000000000d200                __mspabi_sral_8
                0x000000000000d204                __mspabi_sral_7
                0x000000000000d208                __mspabi_sral_6
                0x000000000000d20c                __mspabi_sral_5
                0x000000000000d210                __mspabi_sral_4
                0x000000000000d214                __mspabi_sral_3
                0x000000000000d218                __mspabi_sral_2
                0x000000000000d21c                __mspabi_sral_1
                0x000000000000d228                __mspabi_sral
 .text          0x000000000000d22e       0xb4 /home/awygle/toolchain/install/lib/gcc/msp430-elf/6.2.0/large/libgcc.a(srli.o)
                0x000000000000d22e                __mspabi_srli_15
                0x000000000000d232                __mspabi_srli_14
                0x000000000000d236                __mspabi_srli_13
                0x000000000000d23a                __mspabi_srli_12
                0x000000000000d23e                __mspabi_srli_11
                0x000000000000d242                __mspabi_srli_10
                0x000000000000d246                __mspabi_srli_9
                0x000000000000d24a                __mspabi_srli_8
                0x000000000000d24e                __mspabi_srli_7
                0x000000000000d252                __mspabi_srli_6
                0x000000000000d256                __mspabi_srli_5
                0x000000000000d25a                __mspabi_srli_4
                0x000000000000d25e                __mspabi_srli_3
                0x000000000000d262                __mspabi_srli_2
                0x000000000000d266                __mspabi_srli_1
                0x000000000000d272                __mspabi_srli
                0x000000000000d278                __mspabi_srll_15
                0x000000000000d27e                __mspabi_srll_14
                0x000000000000d284                __mspabi_srll_13
                0x000000000000d28a                __mspabi_srll_12
                0x000000000000d290                __mspabi_srll_11
                0x000000000000d296                __mspabi_srll_10
                0x000000000000d29c                __mspabi_srll_9
                0x000000000000d2a2                __mspabi_srll_8
                0x000000000000d2a8                __mspabi_srll_7
                0x000000000000d2ae                __mspabi_srll_6
                0x000000000000d2b4                __mspabi_srll_5
                0x000000000000d2ba                __mspabi_srll_4
                0x000000000000d2c0                __mspabi_srll_3
                0x000000000000d2c6                __mspabi_srll_2
                0x000000000000d2cc                __mspabi_srll_1
                0x000000000000d2dc                __mspabi_srll
 .text          0x000000000000d2e2       0x28 /home/awygle/toolchain/install/lib/gcc/msp430-elf/6.2.0/large/libgcc.a(cmpsi2.o)
                0x000000000000d2e2                __cmpsi2
                0x000000000000d2fa                __ucmpsi2
 .text.__mulhi2_f5
                0x000000000000d30a       0x16 /home/awygle/toolchain/install/lib/gcc/msp430-elf/6.2.0/large/libmul_f5.a(lib2hw_mul_f5.o)
                0x000000000000d30a                __mulhi2_f5
                0x000000000000d30a                __mspabi_mpyi_f5hw
                0x000000000000d30a                __mspabi_mpyi
 .text.__mulsi2_f5
                0x000000000000d320       0x22 /home/awygle/toolchain/install/lib/gcc/msp430-elf/6.2.0/large/libmul_f5.a(lib2hw_mul_f5.o)
                0x000000000000d320                __mspabi_mpyl
                0x000000000000d320                __mspabi_mpyl_f5hw
                0x000000000000d320                __mulsi2_f5
 .text.memcpy   0x000000000000d342       0x1e /home/awygle/toolchain/install/lib/gcc/msp430-elf/6.2.0/../../../../msp430-elf/lib/large/libc.a(lib_a-memcpy.o)
                0x000000000000d342                memcpy
 .text.memset   0x000000000000d360       0x1a /home/awygle/toolchain/install/lib/gcc/msp430-elf/6.2.0/../../../../msp430-elf/lib/large/libc.a(lib_a-memset.o)
                0x000000000000d360                memset
 .text.memmove  0x000000000000d37a       0x56 /home/awygle/toolchain/install/lib/gcc/msp430-elf/6.2.0/../../../../msp430-elf/lib/large/libc.a(lib_a-memmove.o)
                0x000000000000d37a                memmove
 *(.text.*personality*)
 *(.gnu.warning)
 *(.interp .hash .dynsym .dynstr .gnu.version*)
                [!provide]                        PROVIDE (__etext, .)
                [!provide]                        PROVIDE (_etext, .)
                [!provide]                        PROVIDE (etext, .)
                0x000000000000d3d0                . = ALIGN (0x2)
 *(.init)
 *(.fini)
 *(.tm_clone_table)

.stack          0x000000000000d3d0      0x100
                0x000000000000d3d0                __main_thread_stack_end__ = .
 *(.stack)
                0x000000000000d4d0                . = (. + __idle_stack_size__)
 *fill*         0x000000000000d3d0      0x100 
                0x000000000000d4d0                PROVIDE (__stack, .)
                0x000000000000d4d0                . = ALIGN (0x2)
                0x000000000000d4d0                __main_thread_stack_base__ = .

.rodata         0x000000000000d4d0       0x38
                0x000000000000d4d0                . = ALIGN (0x2)
 *(.plt)
 *(.rodata .rodata.* .gnu.linkonce.r.* .const .const:*)
 .rodata        0x000000000000d4d0        0x9 build/obj/uart.o
 .rodata        0x000000000000d4d9        0xc build/obj/slip_uart_dll.o
 .rodata        0x000000000000d4e5       0x23 build/obj/init.o
 *(.rodata1)
 *(.lower.rodata.* .lower.rodata)
 *(.gcc_except_table)
 *(.gcc_except_table.*)
                [!provide]                        PROVIDE (__preinit_array_start, .)
 *(.preinit_array)
                [!provide]                        PROVIDE (__preinit_array_end, .)
                [!provide]                        PROVIDE (__init_array_start, .)
 *(SORT(.init_array.*))
 *(.init_array)
                [!provide]                        PROVIDE (__init_array_end, .)
                [!provide]                        PROVIDE (__fini_array_start, .)
 *(.fini_array)
 *(SORT(.fini_array.*))
                [!provide]                        PROVIDE (__fini_array_end, .)

.rodata2        0x000000000000d508       0x48
                0x000000000000d508                . = ALIGN (0x2)
 *(.eh_frame_hdr)
 *(.eh_frame)
 .eh_frame      0x000000000000d508       0x48 /home/awygle/toolchain/install/lib/gcc/msp430-elf/6.2.0/large/libgcc.a(_udivdi3.o)
 *crtbegin*.o(.ctors)
 *(EXCLUDE_FILE(*crtend*.o) .ctors)
 *(SORT(.ctors.*))
 *(.ctors)
 *crtbegin*.o(.dtors)
 *(EXCLUDE_FILE(*crtend*.o) .dtors)
 *(SORT(.dtors.*))
 *(.dtors)

.persistent     0x000000000000d550      0x21e
                0x000000000000d550                . = ALIGN (0x2)
                [!provide]                        PROVIDE (__persistent_start, .)
 *(.persistent)
 .persistent    0x000000000000d550        0x4 build/obj/uart.o
                0x000000000000d550                A1_cfg
 .persistent    0x000000000000d554      0x100 build/obj/registers.o
 .persistent    0x000000000000d654       0x1a build/obj/sdlp.o
                0x000000000000d654                DLLRxPktCfg
                0x000000000000d655                DLLTxPktCfg
                0x000000000000d65d                b_frames
                0x000000000000d65e                a_frames
                0x000000000000d65f                double_frames
                0x000000000000d660                missed_frames
                0x000000000000d661                seq_no
                0x000000000000d662                fecf
                0x000000000000d663                fec
 .persistent    0x000000000000d66e       0x6c build/obj/fram.o
 .persistent    0x000000000000d6da       0x82 build/obj/rf.o
                0x000000000000d74c                rf_spi_cfg
 .persistent    0x000000000000d75c        0xa build/obj/spp.o
                0x000000000000d75c                packets_relayed
                0x000000000000d75e                packets_sent
                0x000000000000d760                packets_received
                0x000000000000d762                elyNLMaxLen
 .persistent    0x000000000000d766        0x5 build/obj/faults.o
                0x000000000000d769                RFValidPacketFlag
                0x000000000000d76a                UARTValidPacketFlag
 *fill*         0x000000000000d76b        0x1 
 .persistent    0x000000000000d76c        0x2 build/obj/init.o
                0x000000000000d76e                . = ALIGN (0x2)
                [!provide]                        PROVIDE (__persistent_end, .)

.data           0x0000000000001c00        0x2 load address 0x000000000000d76e
                0x0000000000001c00                . = ALIGN (0x2)
                [!provide]                        PROVIDE (__datastart, .)
                0x0000000000001c00        0x2 SHORT 0x0
 *(.jcr)
 *(.data.rel.ro.local)
 *(.data.rel.ro*)
 *(.dynamic)
 *(.data .data.* .gnu.linkonce.d.*)
 *(.gnu.linkonce.d.*personality*)
 *(.data1)
 *(.got.plt)
 *(.got)
                0x0000000000001c02                . = ALIGN (0x2)
 *(.sdata .sdata.* .gnu.linkonce.s.* D_2 D_1)
                0x0000000000001c02                . = ALIGN (0x2)
 *(.lower.data.* .lower.data)
                0x0000000000001c02                . = ALIGN (0x2)
                0x0000000000001c02                _edata = .
                [!provide]                        PROVIDE (edata, .)
                [!provide]                        PROVIDE (__dataend, .)
                [!provide]                        PROVIDE (__romdatastart, LOADADDR (.data))
                [!provide]                        PROVIDE (__romdatacopysize, SIZEOF (.data))

.bss            0x000000000000d770        0x0
                0x000000000000d770                . = ALIGN (0x2)
                [!provide]                        PROVIDE (__bssstart, .)
 *(.dynbss)
 *(.sbss .sbss.*)
 *(.bss .bss.* .gnu.linkonce.b.*)
 *(.lower.bss.* .lower.bss)
                0x000000000000d770                . = ALIGN (0x2)
 *(COMMON)
                [!provide]                        PROVIDE (__bssend, .)
                [!provide]                        PROVIDE (__bsssize, SIZEOF (.bss))

.noinit         0x000000000000d770        0x0
                0x000000000000d770                . = ALIGN (0x2)
                [!provide]                        PROVIDE (__noinit_start, .)
 *(.noinit)
                0x000000000000d770                . = ALIGN (0x2)
                [!provide]                        PROVIDE (__noinit_end, .)

.upper.rodata   0x0000000000010000      0x1da
 *(.upper.rodata.* .upper.rodata)
 .either.rodata.vmt
                0x0000000000010000       0x20 build/obj/hal_serial.o
 .either.rodata.pal_default_config
                0x0000000000010020       0x1e build/obj/board.o
                0x0000000000010020                pal_default_config
 .either.rodata.passive.5174
                0x000000000001003e       0x10 build/obj/sx1212.o
 .either.rodata.gp_timer_cfg
                0x000000000001004e        0x8 build/obj/uart.o
 .either.rodata.fault_timer_cfg
                0x0000000000010056        0x8 build/obj/uart.o
 .either.rodata.handlers
                0x000000000001005e       0xc0 build/obj/cmds.o
 .either.rodata.time_timer_cfg
                0x000000000001011e        0x8 build/obj/registers.o
 .either.rodata.bank0w
                0x0000000000010126        0x4 build/obj/registers.o
                0x0000000000010126                bank0w
 .either.rodata.bank0p
                0x000000000001012a        0x4 build/obj/registers.o
                0x000000000001012a                bank0p
 .either.rodata.lut.4919
                0x000000000001012e       0x5c build/obj/rf.o
 .either.rodata.nil_thd_configs
                0x000000000001018a       0x50 build/obj/init.o
                0x000000000001018a                nil_thd_configs

.upper.data     0x00000000000101da      0x88a
                0x00000000000101da                __upper_data_init = LOADADDR (.upper.data)
                0x00000000000101da        0x2 SHORT 0x0
                0x00000000000101dc                __high_datastart = .
 *(.upper.data.* .upper.data)
                0x00000000000101dc                __high_dataend = .
 .either.data.UARTEvtMask
                0x00000000000101dc        0x2 build/obj/uart.o
 .either.data.uart_mbox
                0x00000000000101de       0x14 build/obj/uart.o
 .either.data.fw_sem
                0x00000000000101f2        0x2 build/obj/main.o
 .either.data.fw_mpool
                0x00000000000101f4        0xc build/obj/main.o
 .either.data.main_mbox
                0x0000000000010200       0x14 build/obj/cmds.o
 .either.data.rx_n.4838
                0x0000000000010214        0x4 build/obj/slip_uart_dll.o
 .either.data.header.4839
                0x0000000000010218        0x1 build/obj/slip_uart_dll.o
 .either.data.tx_state.4817
                0x0000000000010219        0x1 build/obj/slip_uart_dll.o
 .either.data.tf_buffer
                0x000000000001021a      0x800 build/obj/sdlp.o
 .either.data.cfg
                0x0000000000010a1a        0x4 build/obj/fram.o
 .either.data.rf_mbox
                0x0000000000010a1e       0x14 build/obj/rf.o
                0x0000000000010a1e                rf_mbox
 .either.data.adc_group
                0x0000000000010a32       0x32 build/obj/adc.o
                0x0000000000010a32                adc_group
                0x0000000000000888                __rom_highdatacopysize = (SIZEOF (.upper.data) - 0x2)

.upper.rom      0x0000000000010a64      0x888
                0x0000000000010a64                __rom_highdatastart = .
                0x00000000000112ec                . = (. + __rom_highdatacopysize)
 *fill*         0x0000000000010a64      0x888 

.upper.bss      0x00000000000112ec     0x26b8
                0x00000000000112ec                . = ALIGN (0x2)
                0x00000000000112ec                __high_bssstart = .
 *(.upper.bss.* .upper.bss)
                0x00000000000112ec                . = ALIGN (0x2)
                0x00000000000112ec                __high_bssend = .
                0x00000000000026b8                __high_bsssize = SIZEOF (.upper.bss)
 .either.bss.nil
                0x00000000000112ec       0x4a build/obj/ch.o
                0x00000000000112ec                nil
 .either.bss.__msp430x_in_isr
                0x0000000000011336        0x1 build/obj/chcore.o
                0x0000000000011336                __msp430x_in_isr
 *fill*         0x0000000000011337        0x1 
 .either.bss.SD1
                0x0000000000011338       0x8e build/obj/hal_serial_lld.o
                0x0000000000011338                SD1
 .either.bss.port_callback_map
                0x00000000000113c6       0x80 build/obj/hal_pal_lld.o
                0x00000000000113c6                port_callback_map
 .either.bss.dma_queue
                0x0000000000011446        0x2 build/obj/hal_dma_lld.o
 .either.bss.callbacks
                0x0000000000011448       0x18 build/obj/hal_dma_lld.o
 .either.bss.dummyrx
                0x0000000000011460        0x2 build/obj/hal_spi_lld.o
 .either.bss.SPIDA0
                0x0000000000011462       0x5c build/obj/hal_spi_lld.o
                0x0000000000011462                SPIDA0
 .either.bss.I2CDB0
                0x00000000000114be       0x3e build/obj/hal_i2c_lld.o
                0x00000000000114be                I2CDB0
 .either.bss.GPTDA3
                0x00000000000114fc        0xa build/obj/hal_gpt_lld.o
                0x00000000000114fc                GPTDA3
 .either.bss.GPTDA1
                0x0000000000011506        0xa build/obj/hal_gpt_lld.o
                0x0000000000011506                GPTDA1
 .either.bss.GPTDA0
                0x0000000000011510        0xa build/obj/hal_gpt_lld.o
                0x0000000000011510                GPTDA0
 .either.bss.ADCD1
                0x000000000001151a       0x44 build/obj/hal_adc_lld.o
                0x000000000001151a                ADCD1
 .either.bss.SX1278D1
                0x000000000001155e        0xc build/obj/sx1278.o
                0x000000000001155e                SX1278D1
 .either.bss.suspend_result
                0x000000000001156a        0x4 build/obj/sx1212.o
 .either.bss.tr
                0x000000000001156e        0x4 build/obj/sx1212.o
                0x000000000001156e                tr
 .either.bss.SX1212D1
                0x0000000000011572       0x1c build/obj/sx1212.o
                0x0000000000011572                SX1212D1
 .either.bss.tx_char.4898
                0x000000000001158e        0x4 build/obj/uart.o
 .either.bss.waUARTThd
                0x0000000000011592      0x240 build/obj/uart.o
                0x0000000000011592                waUARTThd
 .either.bss.uart_thd
                0x00000000000117d2        0x4 build/obj/uart.o
                0x00000000000117d2                uart_thd
 .either.bss.tx_active_buffer
                0x00000000000117d6        0x4 build/obj/uart.o
 .either.bss.events
                0x00000000000117da        0x4 build/obj/uart.o
 .either.bss.uart_buffer
                0x00000000000117de       0x1c build/obj/uart.o
 .either.bss.curr_index.4802
                0x00000000000117fa        0x4 build/obj/main.o
 .either.bss.fw_storage
                0x00000000000117fe      0x424 build/obj/main.o
 .either.bss.fill_value.5609
                0x0000000000011c22        0x1 build/obj/cmds.o
 *fill*         0x0000000000011c23        0x1 
 .either.bss.waCmdThd
                0x0000000000011c24      0x240 build/obj/cmds.o
                0x0000000000011c24                waCmdThd
 .either.bss.cancel_sem
                0x0000000000011e64        0x2 build/obj/cmds.o
 .either.bss.verify_crc
                0x0000000000011e66        0x2 build/obj/cmds.o
 .either.bss.telem_stored_hdr
                0x0000000000011e68        0x4 build/obj/cmds.o
 .either.bss.verify_stored_hdr
                0x0000000000011e6c        0x4 build/obj/cmds.o
 .either.bss.stored_hdr
                0x0000000000011e70        0x4 build/obj/cmds.o
 .either.bss.active_buffer
                0x0000000000011e74        0x4 build/obj/cmds.o
 .either.bss.main_buffer
                0x0000000000011e78       0x1c build/obj/cmds.o
 .either.bss.regs_in_progress
                0x0000000000011e94        0x1 build/obj/registers.o
 *fill*         0x0000000000011e95        0x1 
 .either.bss.regs_sem
                0x0000000000011e96        0x2 build/obj/registers.o
 .either.bss.rx_write_ptr.4837
                0x0000000000011e98        0x4 build/obj/slip_uart_dll.o
 .either.bss.escaped_char.4818
                0x0000000000011e9c        0x4 build/obj/slip_uart_dll.o
 .either.bss.tx_n
                0x0000000000011ea0        0x4 build/obj/slip_uart_dll.o
 .either.bss.tx_read_ptr
                0x0000000000011ea4        0x4 build/obj/slip_uart_dll.o
 .either.bss.tx_active_buffer
                0x0000000000011ea8        0x4 build/obj/slip_uart_dll.o
 .either.bss.rx_state
                0x0000000000011eac        0x1 build/obj/slip_uart_dll.o
 *fill*         0x0000000000011ead        0x1 
 .either.bss.rx_active_buffer
                0x0000000000011eae        0x4 build/obj/slip_uart_dll.o
 .either.bss.pkt_idx.5311
                0x0000000000011eb2        0x4 build/obj/sdlp.o
 .either.bss.idle_idx.5306
                0x0000000000011eb6        0x4 build/obj/sdlp.o
 .either.bss.idle_len.5305
                0x0000000000011eba        0x4 build/obj/sdlp.o
 .either.bss.pkt_len.5310
                0x0000000000011ebe        0x4 build/obj/sdlp.o
 .either.bss.active_packet.5309
                0x0000000000011ec2        0x4 build/obj/sdlp.o
 .either.bss.state.5304
                0x0000000000011ec6        0x1 build/obj/sdlp.o
 .either.bss.curr_threshold
                0x0000000000011ec7        0x1 build/obj/sdlp.o
 .either.bss.rx_pkt_len
                0x0000000000011ec8        0x2 build/obj/sdlp.o
 .either.bss.rx_idx
                0x0000000000011eca        0x2 build/obj/sdlp.o
 .either.bss.rx_active_buffer
                0x0000000000011ecc        0x4 build/obj/sdlp.o
 .either.bss.tc_hdr_buff
                0x0000000000011ed0        0x5 build/obj/sdlp.o
 .either.bss.dll_state
                0x0000000000011ed5        0x1 build/obj/sdlp.o
 .either.bss.transmit_tf_idx
                0x0000000000011ed6        0x2 build/obj/sdlp.o
 .either.bss.active_req
                0x0000000000011ed8        0x4 build/obj/fram.o
 .either.bss.waRFThd
                0x0000000000011edc      0x240 build/obj/rf.o
                0x0000000000011edc                waRFThd
 .either.bss.tx_cfg_ptr
                0x000000000001211c        0x4 build/obj/rf.o
                0x000000000001211c                tx_cfg_ptr
 .either.bss.events
                0x0000000000012120        0x4 build/obj/rf.o
 .either.bss.rf_thd
                0x0000000000012124        0x4 build/obj/rf.o
                0x0000000000012124                rf_thd
 .either.bss.rf_buffer
                0x0000000000012128       0x1c build/obj/rf.o
 .either.bss.curr_index.4851
                0x0000000000012144        0x4 build/obj/spp.o
 .either.bss.main_mpool
                0x0000000000012148        0xc build/obj/spp.o
 .either.bss.sh_len
                0x0000000000012154        0x4 build/obj/spp.o
 .either.bss.mpool_storage
                0x0000000000012158     0x1800 build/obj/spp.o
                0x0000000000012158                mpool_storage
 .either.bss.cooldown.4894
                0x0000000000013958        0x1 build/obj/faults.o
 .either.bss.debounce_mcuovertemp.4890
                0x0000000000013959        0x1 build/obj/faults.o
 .either.bss.mcuovertemp.4893
                0x000000000001395a        0x1 build/obj/faults.o
 .either.bss.debounce_hsovertemp.4889
                0x000000000001395b        0x1 build/obj/faults.o
 .either.bss.hsovertemp.4892
                0x000000000001395c        0x1 build/obj/faults.o
 .either.bss.debounce_paovertemp.4888
                0x000000000001395d        0x1 build/obj/faults.o
 .either.bss.paovertemp.4891
                0x000000000001395e        0x1 build/obj/faults.o
 .either.bss.LNA_OC_faults
                0x000000000001395f        0x1 build/obj/faults.o
                0x000000000001395f                LNA_OC_faults
 .either.bss.PA_OC_faults
                0x0000000000013960        0x1 build/obj/faults.o
                0x0000000000013960                PA_OC_faults
 .either.bss.LNA_OC_fault_state
                0x0000000000013961        0x1 build/obj/faults.o
                0x0000000000013961                LNA_OC_fault_state
 .either.bss.PA_OC_fault_state
                0x0000000000013962        0x1 build/obj/faults.o
                0x0000000000013962                PA_OC_fault_state
 *fill*         0x0000000000013963        0x1 
 .either.bss.RFLastValidPacketTimer
                0x0000000000013964        0x4 build/obj/faults.o
                0x0000000000013964                RFLastValidPacketTimer
 .either.bss.UARTLastValidPacketTimer
                0x0000000000013968        0x4 build/obj/faults.o
                0x0000000000013968                UARTLastValidPacketTimer
 .either.bss.MCUtemp
                0x000000000001396c        0x2 build/obj/faults.o
                0x000000000001396c                MCUtemp
 .either.bss.LNAVSENSE
                0x000000000001396e        0x2 build/obj/faults.o
                0x000000000001396e                LNAVSENSE
 .either.bss.debug_hs_temp
                0x0000000000013970        0x2 build/obj/faults.o
                0x0000000000013970                debug_hs_temp
 .either.bss.debug_pa_temp
                0x0000000000013972        0x2 build/obj/faults.o
                0x0000000000013972                debug_pa_temp
 .either.bss.cause.4849
                0x0000000000013974       0x30 build/obj/init.o

.upper.text     0x00000000000139a4        0x2
                0x00000000000139a4                . = ALIGN (0x2)
                0x00000000000139a4        0x2 SHORT 0x0
 *(.upper.text.* .upper.text)

.info           0x0000000000001800       0xc8
                0x0000000000001800                . = ALIGN (0x2)
 *(.info)
 .info          0x0000000000001800       0xc8 build/obj/bootloader.o

.bootloader.flag
                0x00000000000019fc        0x2
                0x00000000000019fc                bootloader = .
                0x00000000000019fc        0x2 SHORT 0x0

.infoA

.infoB

.infoC

.infoD

.MP430.attributes
                0x0000000000000000      0x678
 *(.MSP430.attributes)
 .MSP430.attributes
                0x0000000000000000       0x17 /home/awygle/toolchain/install/lib/gcc/msp430-elf/6.2.0/../../../../msp430-elf/lib/large/crt0-minrt.o
 .MSP430.attributes
                0x0000000000000017       0x17 build/obj/bootloader.o
 .MSP430.attributes
                0x000000000000002e       0x17 build/obj/ch.o
 .MSP430.attributes